baseline           all    turningCrossing   8: frames 1544 (in encounter  17.2%) rho0   6.0% edge  92.7% anchorMeets   5.8% (a1 1.0016) candDown  32.1% optDown  37.4% (J ratio 1.0011) V1<V0  34.8% (V ratio 1.0014) recovered NaN
baseline           noRisk turningCrossing   8: frames 1278 (in encounter   0.0%) rho0   0.0% edge 100.0% anchorMeets   0.0% (a1 1.0015) candDown  31.2% optDown  36.3% (J ratio 1.0010) V1<V0  33.5% (V ratio 1.0013) recovered NaN
trackingThirdStage all    turningCrossing   8: frames   22 (in encounter 100.0%) rho0 100.0% edge   0.0% anchorMeets 100.0% (a1 0.8527) candDown  94.1% optDown 100.0% (J ratio 0.8518) V1<V0 100.0% (V ratio 0.8521) recovered 15.8
trackingThirdStage noRisk turningCrossing   8: frames    0 (in encounter   NaN%) rho0   NaN% edge   NaN% anchorMeets   NaN% (a1 NaN) candDown   NaN% optDown   NaN% (J ratio NaN) V1<V0   NaN% (V ratio NaN) recovered 15.8
baseline           all    curvedHeadOn      8: frames 1552 (in encounter   3.4%) rho0   9.6% edge  90.2% anchorMeets   7.6% (a1 1.0030) candDown  11.3% optDown  17.7% (J ratio 1.0019) V1<V0  16.7% (V ratio 1.0021) recovered NaN
baseline           noRisk curvedHeadOn      8: frames 1500 (in encounter   0.0%) rho0   9.9% edge  90.1% anchorMeets   7.9% (a1 1.0028) candDown  11.3% optDown  17.8% (J ratio 1.0017) V1<V0  16.0% (V ratio 1.0020) recovered NaN
trackingThirdStage all    curvedHeadOn      8: frames   77 (in encounter  92.2%) rho0  76.6% edge  20.8% anchorMeets  68.8% (a1 0.9064) candDown  89.2% optDown  95.9% (J ratio 0.8569) V1<V0  76.6% (V ratio 0.8967) recovered 13
trackingThirdStage noRisk curvedHeadOn      8: frames    6 (in encounter   0.0%) rho0 100.0% edge   0.0% anchorMeets 100.0% (a1 0.8516) candDown 100.0% optDown 100.0% (J ratio 0.8565) V1<V0 100.0% (V ratio 0.8511) recovered 13
baseline           all    curvedCrossing    8: frames 1560 (in encounter  35.6%) rho0  17.3% edge  82.6% anchorMeets  16.7% (a1 1.0015) candDown  51.3% optDown  50.0% (J ratio 1.0000) V1<V0  43.6% (V ratio 1.0012) recovered NaN
baseline           noRisk curvedCrossing    8: frames 1004 (in encounter   0.0%) rho0   9.0% edge  91.0% anchorMeets   8.6% (a1 1.0008) candDown  61.8% optDown  55.0% (J ratio 0.9989) V1<V0  45.7% (V ratio 1.0006) recovered NaN
trackingThirdStage all    curvedCrossing    8: frames   56 (in encounter 100.0%) rho0  37.5% edge   3.6% anchorMeets  37.5% (a1 1.2635) candDown  78.4% optDown  80.4% (J ratio 0.9508) V1<V0  39.3% (V ratio 1.0081) recovered 18.05
trackingThirdStage noRisk curvedCrossing    8: frames    0 (in encounter   NaN%) rho0   NaN% edge   NaN% anchorMeets   NaN% (a1 NaN) candDown   NaN% optDown   NaN% (J ratio NaN) V1<V0   NaN% (V ratio NaN) recovered 18.05
baseline           all    crossing          8: frames 1560 (in encounter 100.0%) rho0   0.1% edge  97.8% anchorMeets   0.0% (a1 1.0027) candDown   0.0% optDown   0.0% (J ratio 1.0024) V1<V0   0.1% (V ratio 1.0026) recovered NaN
baseline           noRisk crossing          8: frames    0 (in encounter   NaN%) rho0   NaN% edge   NaN% anchorMeets   NaN% (a1 NaN) candDown   NaN% optDown   NaN% (J ratio NaN) V1<V0   NaN% (V ratio NaN) recovered NaN
trackingThirdStage all    crossing          8: frames   24 (in encounter 100.0%) rho0 100.0% edge   0.0% anchorMeets 100.0% (a1 0.8552) candDown  90.5% optDown 100.0% (J ratio 0.8543) V1<V0 100.0% (V ratio 0.8548) recovered 13
trackingThirdStage noRisk crossing          8: frames    0 (in encounter   NaN%) rho0   NaN% edge   NaN% anchorMeets   NaN% (a1 NaN) candDown   NaN% optDown   NaN% (J ratio NaN) V1<V0   NaN% (V ratio NaN) recovered 13
baseline           all    headOn           15: frames  719 (in encounter   1.8%) rho0  75.4% edge   0.0% anchorMeets   0.0% (a1 1.1263) candDown   8.5% optDown  96.2% (J ratio 0.9845) V1<V0  78.7% (V ratio 0.9877) recovered NaN
baseline           noRisk headOn           15: frames  706 (in encounter   0.0%) rho0  74.9% edge   0.0% anchorMeets   0.0% (a1 1.1332) candDown   8.1% optDown  96.2% (J ratio 0.9844) V1<V0  78.3% (V ratio 0.9876) recovered NaN
trackingThirdStage all    headOn           15: frames   17 (in encounter  64.7%) rho0 100.0% edge   0.0% anchorMeets 100.0% (a1 0.7681) candDown 100.0% optDown 100.0% (J ratio 0.7637) V1<V0 100.0% (V ratio 0.7681) recovered 13
trackingThirdStage noRisk headOn           15: frames    6 (in encounter   0.0%) rho0 100.0% edge   0.0% anchorMeets 100.0% (a1 0.7624) candDown 100.0% optDown 100.0% (J ratio 0.7626) V1<V0 100.0% (V ratio 0.7624) recovered 13
baseline           all    turningCrossing  15: frames 1548 (in encounter  15.1%) rho0   3.2% edge  91.6% anchorMeets   3.1% (a1 1.0032) candDown  17.2% optDown  19.8% (J ratio 1.0029) V1<V0  18.4% (V ratio 1.0030) recovered NaN
baseline           noRisk turningCrossing  15: frames 1315 (in encounter   0.0%) rho0   0.0% edge  95.9% anchorMeets   0.0% (a1 1.0030) candDown  16.5% optDown  18.6% (J ratio 1.0026) V1<V0  15.4% (V ratio 1.0028) recovered NaN
trackingThirdStage all    turningCrossing  15: frames   24 (in encounter 100.0%) rho0 100.0% edge   0.0% anchorMeets 100.0% (a1 0.8257) candDown  66.7% optDown 100.0% (J ratio 0.8011) V1<V0 100.0% (V ratio 0.8258) recovered 13.25
trackingThirdStage noRisk turningCrossing  15: frames    0 (in encounter   NaN%) rho0   NaN% edge   NaN% anchorMeets   NaN% (a1 NaN) candDown   NaN% optDown   NaN% (J ratio NaN) V1<V0   NaN% (V ratio NaN) recovered 13.25
baseline           all    curvedHeadOn     15: frames 1551 (in encounter   6.3%) rho0   9.7% edge  90.3% anchorMeets   6.4% (a1 1.0047) candDown  25.3% optDown  38.1% (J ratio 1.0021) V1<V0  40.6% (V ratio 1.0021) recovered NaN
baseline           noRisk curvedHeadOn     15: frames 1454 (in encounter   0.0%) rho0   6.5% edge  93.5% anchorMeets   3.9% (a1 1.0048) candDown  24.9% optDown  37.7% (J ratio 1.0021) V1<V0  39.0% (V ratio 1.0022) recovered NaN
trackingThirdStage all    curvedHeadOn     15: frames   81 (in encounter  96.3%) rho0  77.8% edge  17.3% anchorMeets  74.1% (a1 0.8633) candDown  76.6% optDown  92.2% (J ratio 0.8297) V1<V0  77.8% (V ratio 0.8615) recovered 13
trackingThirdStage noRisk curvedHeadOn     15: frames    3 (in encounter   0.0%) rho0 100.0% edge   0.0% anchorMeets 100.0% (a1 0.7523) candDown  50.0% optDown 100.0% (J ratio 0.8377) V1<V0 100.0% (V ratio 0.7523) recovered 13
baseline           all    curvedCrossing   15: frames 1560 (in encounter  30.1%) rho0   8.4% edge  90.4% anchorMeets   7.6% (a1 1.0021) candDown  26.3% optDown  34.4% (J ratio 1.0013) V1<V0  31.5% (V ratio 1.0017) recovered NaN
baseline           noRisk curvedCrossing   15: frames 1090 (in encounter   0.0%) rho0   0.0% edge 100.0% anchorMeets   0.0% (a1 1.0018) candDown  26.5% optDown  32.6% (J ratio 1.0010) V1<V0  28.9% (V ratio 1.0014) recovered NaN
trackingThirdStage all    curvedCrossing   15: frames   27 (in encounter 100.0%) rho0 100.0% edge   0.0% anchorMeets  96.3% (a1 0.8149) candDown  44.0% optDown  80.0% (J ratio 0.7914) V1<V0 100.0% (V ratio 0.7900) recovered 13
trackingThirdStage noRisk curvedCrossing   15: frames    0 (in encounter   NaN%) rho0   NaN% edge   NaN% anchorMeets   NaN% (a1 NaN) candDown   NaN% optDown   NaN% (J ratio NaN) V1<V0   NaN% (V ratio NaN) recovered 13
baseline           all    crossing         15: frames 1560 (in encounter 100.0%) rho0   0.1% edge  98.6% anchorMeets   0.0% (a1 1.0027) candDown   0.0% optDown   0.0% (J ratio 1.0023) V1<V0   0.1% (V ratio 1.0025) recovered NaN
baseline           noRisk crossing         15: frames    0 (in encounter   NaN%) rho0   NaN% edge   NaN% anchorMeets   NaN% (a1 NaN) candDown   NaN% optDown   NaN% (J ratio NaN) V1<V0   NaN% (V ratio NaN) recovered NaN
trackingThirdStage all    crossing         15: frames   32 (in encounter 100.0%) rho0 100.0% edge   0.0% anchorMeets 100.0% (a1 0.8139) candDown  74.2% optDown 100.0% (J ratio 0.7814) V1<V0 100.0% (V ratio 0.8140) recovered 13
trackingThirdStage noRisk crossing         15: frames    0 (in encounter   NaN%) rho0   NaN% edge   NaN% anchorMeets   NaN% (a1 NaN) candDown   NaN% optDown   NaN% (J ratio NaN) V1<V0   NaN% (V ratio NaN) recovered 13
baseline           all    brakingLead      15: frames 1554 (in encounter  32.4%) rho0   8.8% edge  90.8% anchorMeets   4.6% (a1 1.0035) candDown  26.0% optDown  29.4% (J ratio 1.0028) V1<V0  33.2% (V ratio 1.0023) recovered NaN
baseline           noRisk brakingLead      15: frames 1051 (in encounter   0.0%) rho0   0.0% edge 100.0% anchorMeets   0.0% (a1 1.0020) candDown  33.0% optDown  35.4% (J ratio 1.0014) V1<V0  31.6% (V ratio 1.0018) recovered NaN
trackingThirdStage all    brakingLead      15: frames   40 (in encounter 100.0%) rho0  45.0% edge  27.5% anchorMeets  17.5% (a1 1.1319) candDown  51.3% optDown  41.0% (J ratio 1.0023) V1<V0  45.0% (V ratio 1.0127) recovered NaN
trackingThirdStage noRisk brakingLead      15: frames    0 (in encounter   NaN%) rho0   NaN% edge   NaN% anchorMeets   NaN% (a1 NaN) candDown   NaN% optDown   NaN% (J ratio NaN) V1<V0   NaN% (V ratio NaN) recovered NaN
