=== crossTerms (01-Oct-2026 18:38:40)
v=8 m/s: P (e_y m, e_psi rad, e_v m/s, v_y m/s, r rad/s) =
   1.0e+03 *

    0.0760    0.1487   -0.0000    0.0034    0.0015
    0.1487    1.5644    0.0000    0.0020    0.0276
   -0.0000    0.0000    0.0205    0.0000    0.0000
    0.0034    0.0020    0.0000    0.0051   -0.0006
    0.0015    0.0276    0.0000   -0.0006    0.0259

  V-minimizing heading for fixed e_y: -0.0951 e_y; reaches pi/2 at |e_y|=16.5 m and pi at 33.0 m
  required continuous decay rate 0.2010 1/s; kinematic radius 2v/lambda = 79.6 m (|de_y/dt|<=v, e_y term only)
v=15 m/s: P (e_y m, e_psi rad, e_v m/s, v_y m/s, r rad/s) =
   1.0e+03 *

    0.0573    0.2196    0.0000    0.0049    0.0009
    0.2196    2.2774    0.0000    0.0184    0.0333
    0.0000    0.0000    0.0205   -0.0000   -0.0000
    0.0049    0.0184   -0.0000    0.0075   -0.0027
    0.0009    0.0333   -0.0000   -0.0027    0.0282

  V-minimizing heading for fixed e_y: -0.0964 e_y; reaches pi/2 at |e_y|=16.3 m and pi at 32.6 m
  required continuous decay rate 0.2010 1/s; kinematic radius 2v/lambda = 149.2 m (|de_y/dt|<=v, e_y term only)
greedy-crossing-8: start e=[-61   -1.56  0.0532 -0.0271 -0.0251], V0=3.147e+05
   step  steer  brake | dV/V | first-order dV share by e_y e_psi e_v v_y r | speed  v_y
     1 +0.236 -0.100 | +0.0116 |    +3895     -118       -0      -86      -64 |  7.95 +0.18
     2 -0.700 -0.999 | +0.0107 |    +3800     -347       +1      -13      -44 |  7.58 +0.21
     3 -0.700 -0.999 | +0.0096 |    +3634     -548       +6      +12      -43 |  7.21 +0.18
     4 -0.700 -0.999 | +0.0084 |    +3463     -750      +12      +35      -41 |  6.84 +0.10
     5 -0.700 -0.999 | +0.0073 |    +3286     -950      +18      +55      -39 |  6.47 -0.03
     6 -0.700 -0.999 | +0.0061 |    +3104    -1149      +24      +72      -38 |  6.08 -0.20
     7 -0.700 -0.999 | +0.0050 |    +2917    -1345      +31      +87      -36 |  5.69 -0.39
     8 -0.700 -0.999 | +0.0039 |    +2725    -1538      +39      +99      -34 |  5.28 -0.61
     9 -0.700 -0.999 | +0.0028 |    +2529    -1726      +48     +107      -32 |  4.85 -0.85
    10 +0.700 +0.699 | +0.0017 |    +2429    -1861      -10      +18      -15 |  4.93 -0.89
    11 +0.700 +0.679 | +0.0015 |    +2415    -1939       -7      +28      -13 |  4.98 -0.95
    12 +0.700 +0.679 | +0.0012 |    +2380    -2012       -6      +40      -12 |  5.03 -1.04
greedy-curvedCrossing-8: start e=[38.9  2.68  1.45 0.291 0.394], V0=1.579e+05
   step  steer  brake | dV/V | first-order dV share by e_y e_psi e_v v_y r | speed  v_y
     1 -0.164 -0.080 | +0.0091 |    +1342     +286       -4      -79     -107 |  9.38 +0.06
     2 -0.228 -0.020 | +0.0078 |    +1393      -30       -4      -59      -67 |  9.31 -0.14
     3 +0.700 -0.999 | +0.0070 |    +1420     -239      -19       -4      -43 |  8.94 -0.16
     4 +0.700 -0.999 | +0.0059 |    +1406     -416      -14      +16      -42 |  8.56 -0.10
     5 +0.700 -0.999 | +0.0049 |    +1389     -593       -8      +35      -40 |  8.19 +0.01
     6 +0.700 -0.999 | +0.0038 |    +1368     -768       -2      +52      -38 |  7.81 +0.19
     7 +0.700 -0.999 | +0.0027 |    +1342     -941       +4      +67      -37 |  7.42 +0.42
     8 +0.700 -0.999 | +0.0016 |    +1309    -1112      +10      +81      -35 |  7.01 +0.69
     9 +0.700 -0.999 | +0.0005 |    +1268    -1279      +18      +92      -33 |  6.58 +0.99
    10 +0.700 -0.999 | -0.0007 |    +1219    -1441      +28     +102      -30 |  6.12 +1.32
    11 +0.700 -0.999 | -0.0018 |    +1159    -1598      +39     +108      -28 |  5.62 +1.67
    12 +0.700 -0.999 | -0.0031 |    +1090    -1749      +54     +110      -26 |  5.07 +2.01
greedy-turningCrossing-15: start e=[37.9   2.76  -1.61 -0.233  0.177], V0=1.457e+05
   step  steer  brake | dV/V | first-order dV share by e_y e_psi e_v v_y r | speed  v_y
     1 -0.280 +0.280 | +0.0085 |    +1455      -43       -3      -73     -104 | 13.44 -0.39
     2 -0.660 +0.619 | +0.0064 |    +1527     -512       -8      -10      -63 | 13.56 -0.41
     3 -0.700 +0.679 | +0.0054 |    +1621     -817       -8      +33      -39 | 13.71 -0.34
     4 -0.700 +0.739 | +0.0050 |    +1727    -1030       -9      +72      -28 | 13.88 -0.19
     5 -0.700 +0.919 | +0.0048 |    +1839    -1230      -12     +152      -32 | 14.15 +0.12
     6 -0.700 +0.879 | +0.0045 |    +1952    -1442       -8     +198      -28 | 14.38 +0.52
     7 +0.700 -0.999 | +0.0044 |    +2003    -1666      +11     +332      -32 | 13.95 +1.19
     8 -0.700 +0.839 | +0.0030 |    +2053    -1879       -5     +301      -21 | 14.08 +1.77
     9 -0.700 +0.819 | +0.0031 |    +2170    -2050       -2     +352      -19 | 14.13 +2.44
    10 -0.700 +0.779 | +0.0031 |    +2286    -2205       +1     +396      -15 | 14.10 +3.18
    11 -0.700 +0.759 | +0.0033 |    +2399    -2345       +4     +440      -13 | 13.99 +3.98
    12 -0.700 +0.719 | +0.0035 |    +2508    -2470       +9     +476      -10 | 13.76 +4.83
greedy-crossing-15: start e=[-69.4  -1.62  -7.06 0.0948  0.104], V0=3.318e+05
   step  steer  brake | dV/V | first-order dV share by e_y e_psi e_v v_y r | speed  v_y
     1 +0.700 +0.679 | +0.0085 |    +3465     -418      -40     -141      -52 |  8.07 +0.28
     2 +0.700 +0.699 | +0.0077 |    +3545     -783      -43     -106      -37 |  8.22 +0.43
     3 +0.700 +0.719 | +0.0072 |    +3627    -1074      -47      -70      -29 |  8.39 +0.52
     4 +0.700 +0.739 | +0.0067 |    +3709    -1319      -50      -33      -24 |  8.58 +0.56
     5 +0.700 +0.779 | +0.0064 |    +3793    -1539      -55      +10      -22 |  8.79 +0.55
     6 +0.700 +0.819 | +0.0061 |    +3880    -1760      -59      +64      -23 |  9.02 +0.47
     7 +0.700 +0.799 | +0.0058 |    +3963    -1982      -54     +108      -20 |  9.24 +0.33
     8 +0.700 +0.779 | +0.0056 |    +4032    -2192      -47     +152      -18 |  9.44 +0.13
     9 +0.700 +0.759 | +0.0053 |    +4086    -2389      -40     +196      -16 |  9.61 -0.13
    10 +0.700 +0.759 | +0.0050 |    +4126    -2578      -35     +245      -15 |  9.77 -0.44
    11 +0.700 +0.739 | +0.0047 |    +4151    -2760      -26     +289      -13 |  9.89 -0.81
    12 +0.700 +0.719 | +0.0043 |    +4157    -2929      -16     +331      -12 |  9.97 -1.22
=== crossTerms done in 0.1 s
