=== curvedDeparture (01-Oct-2026 18:38:54)
curvedHeadOn 8 m/s: curved trim steering 0.0157 rad, straight trim 0.0000 rad (difference 0.0157)
    t     e_y     e_psi    e_v   | issued-curved anchor-curved | rho>0  edge | free
   4.00    6.16  +0.393  -4.24 |    -0.1356       -0.0606    |     1     1 | 0
   6.00    9.94  +0.311  -0.15 |    -0.0226       +0.0524    |     1     1 | 1
   8.00   13.41  +0.169  -0.36 |    -0.0277       +0.0473    |     1     1 | 1
  10.00   14.78  +0.029  -0.20 |    -0.0275       +0.0475    |     1     1 | 1
  15.00   10.22  -0.173  -0.32 |    -0.0122       -0.0115    |     0     0 | 1
  20.00    0.13  -0.322  -0.18 |    +0.0441       -0.0309    |     1     1 | 1
  25.00   -9.53  -0.253  -0.40 |    -0.0031       -0.0781    |     1     1 | 1
  30.00  -19.40  -0.281  -0.77 |    -0.0029       -0.0779    |     1     1 | 1
  40.00  -38.36  -0.257  -1.17 |    +0.0004       -0.0746    |     1     1 | 1
  50.00  -53.70  -0.197  -1.19 |    -0.0014       -0.0764    |     1     1 | 1
  60.00  -64.59  -0.126  -1.18 |    -0.0002       -0.0752    |     1     1 | 1
  70.00  -70.65  -0.059  -1.07 |    -0.0017       -0.0767    |     1     1 | 1
  79.95  -72.26  +0.015  -0.88 |    -0.0023       -0.0773    |     1     1 | 1
  20-80 s free frames: median issued-curved -0.0011 rad, median anchor-curved -0.0761 rad, median e_psi -0.1974 rad, mean de_y/dt -1.208 m/s
curvedHeadOn 15 m/s: curved trim steering 0.0169 rad, straight trim 0.0000 rad (difference 0.0169)
    t     e_y     e_psi    e_v   | issued-curved anchor-curved | rho>0  edge | free
   4.00    4.01  -0.017  -3.61 |    -0.0025       +0.0015    |     0     0 | 1
   6.00    2.34  -0.131  -0.49 |    -0.0138       -0.0122    |     0     0 | 1
   8.00   -1.52  -0.107  -0.39 |    -0.0072       -0.0822    |     1     1 | 1
  10.00   -4.92  -0.127  -1.88 |    +0.0008       -0.0742    |     1     1 | 1
  15.00  -13.28  -0.112  -0.93 |    +0.0041       -0.0709    |     1     1 | 1
  20.00  -19.23  -0.083  -1.22 |    -0.0003       -0.0753    |     1     1 | 1
  25.00  -24.19  -0.066  -1.68 |    -0.0007       -0.0757    |     1     1 | 1
  30.00  -27.69  -0.043  -1.62 |    -0.0014       -0.0764    |     1     1 | 1
  40.00  -29.37  +0.014  -1.45 |    -0.0008       -0.0758    |     1     1 | 1
  50.00  -23.46  +0.064  -1.49 |    -0.0016       -0.0766    |     1     1 | 1
  60.00  -11.89  +0.093  -1.50 |    -0.0006       -0.0756    |     1     1 | 1
  70.00  -14.06  -0.134  -0.99 |    -0.0011       -0.0761    |     1     1 | 1
  79.95  -26.90  -0.078  -1.78 |    -0.0001       -0.0751    |     1     1 | 1
  20-80 s free frames: median issued-curved -0.0011 rad, median anchor-curved -0.0761 rad, median e_psi -0.0219 rad, mean de_y/dt -0.128 m/s
=== curvedDeparture done in 1.7 s
