v=8 m/s: one-step 1% CLF decrease attainable
  e_y=-100.0 m: 1% feasible for  1 of 72 headings (-180..-180 deg); any decrease for 37
  e_y= -60.0 m: 1% feasible for 20 of 72 headings (-180..135 deg); any decrease for 37
  e_y= -40.0 m: 1% feasible for 27 of 72 headings (-180..150 deg); any decrease for 37
  e_y= -30.0 m: 1% feasible for 29 of 72 headings (-180..155 deg); any decrease for 38
  e_y= -20.0 m: 1% feasible for 32 of 72 headings (-180..160 deg); any decrease for 38
  e_y= -15.0 m: 1% feasible for 33 of 72 headings (-180..165 deg); any decrease for 38
  e_y= -10.0 m: 1% feasible for 34 of 72 headings (-180..165 deg); any decrease for 38
  e_y=  -7.0 m: 1% feasible for 32 of 72 headings (-180..155 deg); any decrease for 38
  e_y=  -5.0 m: 1% feasible for 29 of 72 headings (-180..135 deg); any decrease for 38
  e_y=  -3.0 m: 1% feasible for 19 of 72 headings (-180..85 deg); any decrease for 33
  e_y=  -2.0 m: 1% feasible for 14 of 72 headings (-180..60 deg); any decrease for 23
  e_y=  -1.0 m: 1% feasible for  9 of 72 headings (-180..35 deg); any decrease for 16
  e_y=  -0.5 m: 1% feasible for  6 of 72 headings (-180..20 deg); any decrease for 13
  e_y=  -0.2 m: 1% feasible for  6 of 72 headings (-180..15 deg); any decrease for 12
v=15 m/s: one-step 1% CLF decrease attainable
  e_y=-100.0 m: 1% feasible for 23 of 72 headings (-180..145 deg); any decrease for 37
  e_y= -60.0 m: 1% feasible for 30 of 72 headings (-180..160 deg); any decrease for 37
  e_y= -40.0 m: 1% feasible for 32 of 72 headings (-180..165 deg); any decrease for 37
  e_y= -30.0 m: 1% feasible for 33 of 72 headings (-180..165 deg); any decrease for 37
  e_y= -20.0 m: 1% feasible for 35 of 72 headings (-180..170 deg); any decrease for 38
  e_y= -15.0 m: 1% feasible for 35 of 72 headings (-180..170 deg); any decrease for 38
  e_y= -10.0 m: 1% feasible for 30 of 72 headings (-180..145 deg); any decrease for 38
  e_y=  -7.0 m: 1% feasible for 22 of 72 headings (-180..100 deg); any decrease for 29
  e_y=  -5.0 m: 1% feasible for 16 of 72 headings (-180..70 deg); any decrease for 20
  e_y=  -3.0 m: 1% feasible for 11 of 72 headings (-180..45 deg); any decrease for 14
  e_y=  -2.0 m: 1% feasible for  8 of 72 headings (-180..30 deg); any decrease for 11
  e_y=  -1.0 m: 1% feasible for  5 of 72 headings (-180..15 deg); any decrease for  7
  e_y=  -0.5 m: 1% feasible for  4 of 72 headings (-180..10 deg); any decrease for  6
  e_y=  -0.2 m: 1% feasible for  3 of 72 headings (-180..5 deg); any decrease for  6
