=== greedySummary (01-Oct-2026 18:38:39)
         policy                scenario          speed    startLateral    recoveredAfter    firstInsideTolerance    minSpeed    maxAbsLateralVelocity    maxAbsSteering                                    outcome                                
    _________________    ____________________    _____    ____________    ______________    ____________________    ________    _____________________    ______________    _______________________________________________________________________

    "greedy"             "curvedHeadOn"            8         7.6771            9.75                  4.8             7.3138             1.1888                   0.7       "recovered"                                                            
    "greedySlew"         "curvedHeadOn"            8         7.6771             9.8                 4.85             7.3095            0.77259               0.45618       "recovered"                                                            
    "indifferent"        "curvedHeadOn"            8         7.6771            20.9                 15.2             6.1578             4.9216                   0.7       "recovered"                                                            
    "indifferentSlew"    "curvedHeadOn"            8         7.6771             NaN                  NaN             2.4824             2.0936                1.1532       "failed: plant: collisionAvoidanceController:invalidTireOperatingPoint"
    "greedy"             "acceleratingHeadOn"     15         4.0845             NaN                 2.55             11.929            0.51803                 0.588       "converged; 5-s dwell reset by grid-induced yaw-rate excursions"       
    "greedySlew"         "acceleratingHeadOn"     15         4.0845             7.5                 2.55             11.929            0.50715               0.17605       "recovered"                                                            
    "indifferent"        "acceleratingHeadOn"     15         4.0845           19.55                   14             11.929            0.16745                  0.04       "recovered"                                                            
    "indifferentSlew"    "acceleratingHeadOn"     15         4.0845            18.2                12.25             11.929           0.061252              0.021952       "recovered"                                                            
    "greedy"             "brakingLead"            15        -4.8297             NaN                  2.7             13.026             1.1581                  0.64       "converged; 5-s dwell reset by grid-induced yaw-rate excursions"       
    "greedySlew"         "brakingLead"            15        -4.8297             7.7                 2.75             13.026              1.073               0.22659       "recovered"                                                            
    "indifferent"        "brakingLead"            15        -4.8297             NaN                12.55             13.026             2.4873                  0.18       "converged; 5-s dwell reset by grid-induced yaw-rate excursions"       
    "indifferentSlew"    "brakingLead"            15        -4.8297           22.25                 12.7             13.026             1.6987               0.14141       "recovered"                                                            
    "greedy"             "curvedHeadOn"           15          4.023            7.55                  2.6             11.063            0.42485                 0.496       "recovered"                                                            
    "greedySlew"         "curvedHeadOn"           15          4.023            7.55                  2.6             11.063             0.4676               0.16273       "recovered"                                                            
    "indifferent"        "curvedHeadOn"           15          4.023           15.75                10.05             11.063             0.6463                   0.1       "recovered"                                                            
    "indifferentSlew"    "curvedHeadOn"           15          4.023            22.6                   17             11.063            0.44732              0.059268       "recovered"                                                            
    "greedy"             "headOn"                 15         4.2283           14.45                  2.6             11.545            0.55128                 0.564       "recovered"                                                            
    "greedySlew"         "headOn"                 15         4.2283            7.55                  2.6             11.545            0.55317                0.1749       "recovered"                                                            
    "indifferent"        "headOn"                 15         4.2283            27.6                 15.1             11.545            0.17139                  0.04       "recovered"                                                            
    "indifferentSlew"    "headOn"                 15         4.2283           22.15                14.85             11.545           0.061576              0.030902       "recovered"                                                            
    "greedy"             "crossing"                8        -60.967             NaN                  NaN             1.3875             4.1997                   0.7       "failed: no admissible input"                                          
    "greedySlew"         "crossing"                8        -60.967             NaN                  NaN             2.7303             7.9861                 0.976       "failed: no admissible input"                                          
    "indifferent"        "crossing"                8        -60.967             NaN                  NaN             1.3875             4.1997                   0.7       "failed: no admissible input"                                          
    "indifferentSlew"    "crossing"                8        -60.967             NaN                  NaN             3.5648             7.5668                 0.976       "failed: no admissible input"                                          
    "greedy"             "curvedCrossing"          8         38.928             NaN                  NaN             1.0739             3.9124                   0.7       "failed: no admissible input"                                          
    "greedySlew"         "curvedCrossing"          8         38.928             NaN                  NaN             8.5867             4.7272                1.3862       "failed: plant: collisionAvoidanceController:invalidTireOperatingPoint"
    "indifferent"        "curvedCrossing"          8         38.928             NaN                  NaN             1.0739             3.9124                   0.7       "failed: no admissible input"                                          
    "indifferentSlew"    "curvedCrossing"          8         38.928             NaN                  NaN             8.5867             4.7137                1.3872       "failed: plant: collisionAvoidanceController:invalidTireOperatingPoint"
    "greedy"             "turningCrossing"         8        -17.517            14.2                 9.25             2.3711             5.4323                   0.7       "recovered"                                                            
    "greedySlew"         "turningCrossing"         8        -17.517             NaN                  NaN             3.3615              3.307                1.8075       "failed: plant: collisionAvoidanceController:invalidTireOperatingPoint"
    "indifferent"        "turningCrossing"         8        -17.517            25.3                18.65             1.8613             9.3725                   0.7       "recovered"                                                            
    "indifferentSlew"    "turningCrossing"         8        -17.517             NaN                  NaN             1.4123             7.0216               0.44854       "failed: no admissible input"                                          
    "greedy"             "crossing"               15        -69.367             NaN                  NaN             1.4769             8.7232                   0.7       "failed: no admissible input"                                          
    "greedySlew"         "crossing"               15        -69.367             NaN                  NaN             6.3495             8.1761                1.3221       "failed: no admissible input"                                          
    "indifferent"        "crossing"               15        -69.367             NaN                  NaN             1.4769             8.7232                   0.7       "failed: no admissible input"                                          
    "indifferentSlew"    "crossing"               15        -69.367             NaN                  NaN             6.3536              8.173                1.3221       "failed: no admissible input"                                          
    "greedy"             "curvedCrossing"         15        -40.497            17.3                12.35             8.4537             9.2792                   0.7       "recovered"                                                            
    "greedySlew"         "curvedCrossing"         15        -40.497           16.95                   12             8.4125             9.3668               0.78867       "recovered"                                                            
    "indifferent"        "curvedCrossing"         15        -40.497             NaN                  NaN             1.0013              7.802                  0.42       "failed: no admissible input"                                          
    "indifferentSlew"    "curvedCrossing"         15        -40.497             NaN                  NaN             1.0833             7.4193               0.26933       "failed: no admissible input"                                          
    "greedy"             "turningCrossing"        15         37.903             NaN                  NaN             2.0808             12.512                   0.7       "failed: no admissible input"                                          
    "greedySlew"         "turningCrossing"        15         37.903             NaN                  NaN             1.9124             6.9371                 1.707       "failed: no admissible input"                                          
    "indifferent"        "turningCrossing"        15         37.903             NaN                  NaN             2.0808             12.512                   0.7       "failed: no admissible input"                                          
    "indifferentSlew"    "turningCrossing"        15         37.903             NaN                  NaN             1.7083             6.8798                 1.332       "failed: no admissible input"                                          

true starts: 5 cases; greedy 5/5 (recovery [7.55 9.75 14.45] s); greedySlew 5/5 (recovery [7.5 7.55 7.55 7.7 9.8] s); indifferent 5/5 (recovery [15.75 19.55 20.9 27.6] s); indifferentSlew 4/5 (recovery [18.2 22.15 22.25 22.6] s); 
false starts: 6 cases; greedy 2/6 (recovery [14.2 17.3] s); greedySlew 1/6 (recovery 16.95 s); indifferent 1/6 (recovery 25.3 s); indifferentSlew 0/6 (recovery zeros(1,0) s); 
=== greedySummary done in 0.1 s
