=== regimes (01-Oct-2026 18:38:04)
          scenario          speed    freeFrames    rhoZero    steeringEdge    brakingEdgeOnly    interior    medianRatioRhoZeroV0Above10    medianRatioRhoZeroV0Below10
    ____________________    _____    __________    _______    ____________    _______________    ________    ___________________________    ___________________________

    "acceleratingHeadOn"      8         1518         933           585                0              0                 0.98584                        0.94529          
    "brakingLead"             8         1179        1177             2                0              0                 0.98819                        0.95021          
    "crossing"                8            0           0             0                0              0                     NaN                            NaN          
    "curvedCrossing"          8         1004          89           915                0              0                 0.98519                            NaN          
    "curvedHeadOn"            8         1499         148          1351                0              0                 0.98041                            NaN          
    "headOn"                  8         1503        1007           496                0              0                 0.98536                         0.9474          
    "turningCrossing"         8         1272           0          1272                0              0                     NaN                            NaN          
    "acceleratingHeadOn"     15         1546        1139             0              407              0                 0.98812                        0.90227          
    "brakingLead"            15          933         710            33              190              0                 0.98843                        0.90062          
    "crossing"               15            0           0             0                0              0                     NaN                            NaN          
    "curvedCrossing"         15         1086           0          1086                0              0                     NaN                            NaN          
    "curvedHeadOn"           15         1453          98          1355                0              0                 0.97687                            Inf          
    "headOn"                 15         1541        1125             0              416              0                 0.98816                        0.90366          
    "turningCrossing"        15         1325           0          1254                0             71                     NaN                            NaN          

          scenario          speed    medianRatioSteeringEdge    medianSteeringMinusTrim    medianFutureSteeringSum    medianAbsLateralAtEdge    medianAbsHeadingAtEdge      maxV0        finalV0  
    ____________________    _____    _______________________    _______________________    _______________________    ______________________    ______________________    __________    __________

    "acceleratingHeadOn"      8               1.0026                   0.013953                    0.061003                   29.731                    0.18158           1.0208e+05    1.8845e-08
    "brakingLead"             8              0.98944                   0.075621                   -0.064452                   7.3261                   0.016825               4051.5    2.2995e-10
    "crossing"                8                  NaN                        NaN                         NaN                      NaN                        NaN                  NaN           NaN
    "curvedCrossing"          8               1.0011                   0.014791                    0.060098                   84.992                     2.7412           9.3219e+05         40952
    "curvedHeadOn"            8               1.0025                   0.014446                   -0.060456                   48.381                     0.1915           3.9864e+05    3.9703e+05
    "headOn"                  8               1.0027                   0.013154                    0.061621                    25.33                    0.16339                70111    8.9384e-09
    "turningCrossing"         8               1.0011                   0.014755                   -0.060142                   145.42                       0.56           2.3939e+06    7.0426e+05
    "acceleratingHeadOn"     15                  NaN                        NaN                         NaN                      NaN                        NaN               1085.9        1.1532
    "brakingLead"            15               1.0011                   0.011175                   -0.058501                   5.1388                   0.022067               1591.2       0.98106
    "crossing"               15                  NaN                        NaN                         NaN                      NaN                        NaN                  NaN           NaN
    "curvedCrossing"         15               1.0014                   0.013434                   -0.061839                   150.02                    0.24462           1.6973e+06    1.1153e+06
    "curvedHeadOn"           15                1.003                   0.015826                    -0.05917                   21.781                   0.079828                51448         43086
    "headOn"                 15                  NaN                        NaN                         NaN                      NaN                        NaN               1205.4         2.391
    "turningCrossing"        15               1.0035                   0.013082                    0.062008                   327.06                     1.3941            1.625e+07    1.5549e+07

=== regimes done in 13.5 s
