MATLAB 26.1.0.3276743 (R2026a) Update 3, partition 3 of 4
CASE-START speed=8 scenario=crossing
crossing: 4/1600 holds, last 0.181 s, source twoStageRealTimeIteration
crossing: 8/1600 holds, last 0.143 s, source twoStageRealTimeIteration
crossing: 12/1600 holds, last 0.113 s, source twoStageRealTimeIteration
crossing: 16/1600 holds, last 0.102 s, source twoStageRealTimeIteration
crossing: 20/1600 holds, last 0.101 s, source twoStageRealTimeIteration
crossing: 24/1600 holds, last 0.099 s, source twoStageRealTimeIteration
crossing: 28/1600 holds, last 0.100 s, source twoStageRealTimeIteration
crossing: 32/1600 holds, last 0.083 s, source twoStageRealTimeIteration
crossing: 36/1600 holds, last 0.083 s, source twoStageRealTimeIteration
crossing: 40/1600 holds, last 0.093 s, source twoStageRealTimeIteration
crossing: 44/1600 holds, last 0.102 s, source twoStageRealTimeIteration
crossing: 48/1600 holds, last 0.098 s, source twoStageRealTimeIteration
crossing: 52/1600 holds, last 0.110 s, source twoStageRealTimeIteration
crossing: 56/1600 holds, last 0.094 s, source twoStageRealTimeIteration
crossing: 60/1600 holds, last 0.105 s, source twoStageRealTimeIteration
crossing: 64/1600 holds, last 0.083 s, source twoStageRealTimeIteration
crossing: 68/1600 holds, last 0.099 s, source twoStageRealTimeIteration
crossing: 72/1600 holds, last 0.084 s, source twoStageRealTimeIteration
crossing: 76/1600 holds, last 0.093 s, source twoStageRealTimeIteration
crossing: 80/1600 holds, last 0.098 s, source twoStageRealTimeIteration
crossing: 84/1600 holds, last 0.085 s, source twoStageRealTimeIteration
crossing: 88/1600 holds, last 0.087 s, source twoStageRealTimeIteration
crossing: 92/1600 holds, last 0.099 s, source twoStageRealTimeIteration
crossing: 96/1600 holds, last 0.096 s, source twoStageRealTimeIteration
crossing: 100/1600 holds, last 0.095 s, source twoStageRealTimeIteration
Recovery at 5.00 s: e = [-19.8919   -1.51363    0.19912 -0.0940912 -0.0798075], W = 42663.4
crossing: 104/1600 holds, last 0.098 s, source twoStageRealTimeIteration
crossing: 108/1600 holds, last 0.101 s, source twoStageRealTimeIteration
crossing: 112/1600 holds, last 0.099 s, source twoStageRealTimeIteration
crossing: 116/1600 holds, last 0.088 s, source twoStageRealTimeIteration
crossing: 120/1600 holds, last 0.098 s, source twoStageRealTimeIteration
crossing: 124/1600 holds, last 0.097 s, source twoStageRealTimeIteration
crossing: 128/1600 holds, last 0.115 s, source twoStageRealTimeIteration
crossing: 132/1600 holds, last 0.245 s, source twoStageRealTimeIteration
crossing: 136/1600 holds, last 0.111 s, source twoStageRealTimeIteration
crossing: 140/1600 holds, last 0.110 s, source twoStageRealTimeIteration
crossing: 144/1600 holds, last 0.107 s, source twoStageRealTimeIteration
crossing: 148/1600 holds, last 0.100 s, source twoStageRealTimeIteration
crossing: 152/1600 holds, last 0.080 s, source twoStageRealTimeIteration
crossing: 156/1600 holds, last 0.097 s, source twoStageRealTimeIteration
crossing: 160/1600 holds, last 0.112 s, source twoStageRealTimeIteration
crossing: 164/1600 holds, last 0.105 s, source twoStageRealTimeIteration
crossing: 168/1600 holds, last 0.115 s, source twoStageRealTimeIteration
crossing: 172/1600 holds, last 0.099 s, source twoStageRealTimeIteration
crossing: 176/1600 holds, last 0.098 s, source twoStageRealTimeIteration
crossing: 180/1600 holds, last 0.109 s, source twoStageRealTimeIteration
crossing: 184/1600 holds, last 0.199 s, source twoStageRealTimeIteration
crossing: 188/1600 holds, last 0.108 s, source twoStageRealTimeIteration
crossing: 192/1600 holds, last 0.112 s, source twoStageRealTimeIteration
crossing: 196/1600 holds, last 0.107 s, source twoStageRealTimeIteration
crossing: 200/1600 holds, last 0.107 s, source twoStageRealTimeIteration
Recovery at 10.00 s: e = [-60.9963    -1.56951   0.0296938  -0.0121467 -0.00983529], W = 315209
crossing: 204/1600 holds, last 0.105 s, source twoStageRealTimeIteration
crossing: 208/1600 holds, last 0.111 s, source twoStageRealTimeIteration
crossing: 212/1600 holds, last 0.113 s, source twoStageRealTimeIteration
crossing: 216/1600 holds, last 0.120 s, source twoStageRealTimeIteration
crossing: 220/1600 holds, last 0.101 s, source twoStageRealTimeIteration
crossing: 224/1600 holds, last 0.106 s, source twoStageRealTimeIteration
crossing: 228/1600 holds, last 0.130 s, source twoStageRealTimeIteration
crossing: 232/1600 holds, last 0.108 s, source twoStageRealTimeIteration
crossing: 236/1600 holds, last 0.123 s, source twoStageRealTimeIteration
crossing: 240/1600 holds, last 0.110 s, source twoStageRealTimeIteration
crossing: 244/1600 holds, last 0.113 s, source twoStageRealTimeIteration
crossing: 248/1600 holds, last 0.086 s, source twoStageRealTimeIteration
crossing: 252/1600 holds, last 0.124 s, source twoStageRealTimeIteration
crossing: 256/1600 holds, last 0.129 s, source twoStageRealTimeIteration
crossing: 260/1600 holds, last 0.117 s, source twoStageRealTimeIteration
crossing: 264/1600 holds, last 0.110 s, source twoStageRealTimeIteration
crossing: 268/1600 holds, last 0.112 s, source twoStageRealTimeIteration
crossing: 272/1600 holds, last 0.114 s, source twoStageRealTimeIteration
crossing: 276/1600 holds, last 0.128 s, source twoStageRealTimeIteration
crossing: 280/1600 holds, last 0.112 s, source twoStageRealTimeIteration
crossing: 284/1600 holds, last 0.108 s, source twoStageRealTimeIteration
crossing: 288/1600 holds, last 0.105 s, source twoStageRealTimeIteration
crossing: 292/1600 holds, last 0.111 s, source twoStageRealTimeIteration
crossing: 296/1600 holds, last 0.109 s, source twoStageRealTimeIteration
crossing: 300/1600 holds, last 0.113 s, source twoStageRealTimeIteration
Recovery at 15.00 s: e = [-101.042   -1.57233 0.00399502 0.00105963 0.00067506], W = 827295
crossing: 304/1600 holds, last 0.219 s, source twoStageRealTimeIteration
crossing: 308/1600 holds, last 0.112 s, source twoStageRealTimeIteration
crossing: 312/1600 holds, last 0.104 s, source twoStageRealTimeIteration
crossing: 316/1600 holds, last 0.100 s, source twoStageRealTimeIteration
crossing: 320/1600 holds, last 0.098 s, source twoStageRealTimeIteration
crossing: 324/1600 holds, last 0.136 s, source twoStageRealTimeIteration
crossing: 328/1600 holds, last 0.082 s, source twoStageRealTimeIteration
crossing: 332/1600 holds, last 0.111 s, source twoStageRealTimeIteration
crossing: 336/1600 holds, last 0.112 s, source twoStageRealTimeIteration
crossing: 340/1600 holds, last 0.114 s, source twoStageRealTimeIteration
crossing: 344/1600 holds, last 0.138 s, source twoStageRealTimeIteration
crossing: 348/1600 holds, last 0.110 s, source twoStageRealTimeIteration
crossing: 352/1600 holds, last 0.107 s, source twoStageRealTimeIteration
crossing: 356/1600 holds, last 0.103 s, source twoStageRealTimeIteration
crossing: 360/1600 holds, last 0.132 s, source twoStageRealTimeIteration
crossing: 364/1600 holds, last 0.112 s, source twoStageRealTimeIteration
crossing: 368/1600 holds, last 0.104 s, source twoStageRealTimeIteration
crossing: 372/1600 holds, last 0.102 s, source twoStageRealTimeIteration
crossing: 376/1600 holds, last 0.134 s, source twoStageRealTimeIteration
crossing: 380/1600 holds, last 0.120 s, source twoStageRealTimeIteration
crossing: 384/1600 holds, last 0.100 s, source twoStageRealTimeIteration
crossing: 388/1600 holds, last 0.104 s, source twoStageRealTimeIteration
crossing: 392/1600 holds, last 0.122 s, source twoStageRealTimeIteration
crossing: 396/1600 holds, last 0.103 s, source twoStageRealTimeIteration
crossing: 400/1600 holds, last 0.128 s, source twoStageRealTimeIteration
Recovery at 20.00 s: e = [-141.071   -1.56437 0.00596058 0.00676732 0.00555263], W = 1.5824e+06
crossing: 404/1600 holds, last 0.113 s, source twoStageRealTimeIteration
crossing: 408/1600 holds, last 0.128 s, source twoStageRealTimeIteration
crossing: 412/1600 holds, last 0.107 s, source twoStageRealTimeIteration
crossing: 416/1600 holds, last 0.109 s, source twoStageRealTimeIteration
crossing: 420/1600 holds, last 0.113 s, source twoStageRealTimeIteration
crossing: 424/1600 holds, last 0.083 s, source twoStageRealTimeIteration
crossing: 428/1600 holds, last 0.126 s, source twoStageRealTimeIteration
crossing: 432/1600 holds, last 0.126 s, source twoStageRealTimeIteration
crossing: 436/1600 holds, last 0.127 s, source twoStageRealTimeIteration
crossing: 440/1600 holds, last 0.135 s, source twoStageRealTimeIteration
crossing: 444/1600 holds, last 0.179 s, source twoStageRealTimeIteration
crossing: 448/1600 holds, last 0.109 s, source twoStageRealTimeIteration
crossing: 452/1600 holds, last 0.130 s, source twoStageRealTimeIteration
crossing: 456/1600 holds, last 0.109 s, source twoStageRealTimeIteration
crossing: 460/1600 holds, last 0.129 s, source twoStageRealTimeIteration
crossing: 464/1600 holds, last 0.122 s, source twoStageRealTimeIteration
crossing: 468/1600 holds, last 0.132 s, source twoStageRealTimeIteration
crossing: 472/1600 holds, last 0.137 s, source twoStageRealTimeIteration
crossing: 476/1600 holds, last 0.112 s, source twoStageRealTimeIteration
crossing: 480/1600 holds, last 0.099 s, source twoStageRealTimeIteration
crossing: 484/1600 holds, last 0.128 s, source twoStageRealTimeIteration
crossing: 488/1600 holds, last 0.129 s, source twoStageRealTimeIteration
crossing: 492/1600 holds, last 0.108 s, source twoStageRealTimeIteration
crossing: 496/1600 holds, last 0.131 s, source twoStageRealTimeIteration
crossing: 500/1600 holds, last 0.135 s, source twoStageRealTimeIteration
Recovery at 25.00 s: e = [-181.123    -1.57332   0.0172613   -0.010329 -0.00840095], W = 2.58259e+06
crossing: 504/1600 holds, last 0.118 s, source twoStageRealTimeIteration
crossing: 508/1600 holds, last 0.107 s, source twoStageRealTimeIteration
crossing: 512/1600 holds, last 0.097 s, source twoStageRealTimeIteration
crossing: 516/1600 holds, last 0.118 s, source twoStageRealTimeIteration
crossing: 520/1600 holds, last 0.114 s, source twoStageRealTimeIteration
crossing: 524/1600 holds, last 0.128 s, source twoStageRealTimeIteration
crossing: 528/1600 holds, last 0.139 s, source twoStageRealTimeIteration
crossing: 532/1600 holds, last 0.105 s, source twoStageRealTimeIteration
crossing: 536/1600 holds, last 0.129 s, source twoStageRealTimeIteration
crossing: 540/1600 holds, last 0.115 s, source twoStageRealTimeIteration
crossing: 544/1600 holds, last 0.121 s, source twoStageRealTimeIteration
crossing: 548/1600 holds, last 0.128 s, source twoStageRealTimeIteration
crossing: 552/1600 holds, last 0.125 s, source twoStageRealTimeIteration
crossing: 556/1600 holds, last 0.124 s, source twoStageRealTimeIteration
crossing: 560/1600 holds, last 0.202 s, source twoStageRealTimeIteration
crossing: 564/1600 holds, last 0.116 s, source twoStageRealTimeIteration
crossing: 568/1600 holds, last 0.138 s, source twoStageRealTimeIteration
crossing: 572/1600 holds, last 0.127 s, source twoStageRealTimeIteration
crossing: 576/1600 holds, last 0.128 s, source twoStageRealTimeIteration
crossing: 580/1600 holds, last 0.129 s, source twoStageRealTimeIteration
crossing: 584/1600 holds, last 0.128 s, source twoStageRealTimeIteration
crossing: 588/1600 holds, last 0.111 s, source twoStageRealTimeIteration
crossing: 592/1600 holds, last 0.097 s, source twoStageRealTimeIteration
crossing: 596/1600 holds, last 0.124 s, source twoStageRealTimeIteration
crossing: 600/1600 holds, last 0.119 s, source twoStageRealTimeIteration
Recovery at 30.00 s: e = [-221.155     -1.5708 0.000659967  -0.0012487 -0.00329533], W = 3.82536e+06
crossing: 604/1600 holds, last 0.128 s, source twoStageRealTimeIteration
crossing: 608/1600 holds, last 0.131 s, source twoStageRealTimeIteration
crossing: 612/1600 holds, last 0.223 s, source twoStageRealTimeIteration
crossing: 616/1600 holds, last 0.138 s, source twoStageRealTimeIteration
crossing: 620/1600 holds, last 0.137 s, source twoStageRealTimeIteration
crossing: 624/1600 holds, last 0.124 s, source twoStageRealTimeIteration
crossing: 628/1600 holds, last 0.123 s, source twoStageRealTimeIteration
crossing: 632/1600 holds, last 0.128 s, source twoStageRealTimeIteration
crossing: 636/1600 holds, last 0.171 s, source twoStageRealTimeIteration
crossing: 640/1600 holds, last 0.132 s, source twoStageRealTimeIteration
crossing: 644/1600 holds, last 0.127 s, source twoStageRealTimeIteration
crossing: 648/1600 holds, last 0.125 s, source twoStageRealTimeIteration
crossing: 652/1600 holds, last 0.123 s, source twoStageRealTimeIteration
crossing: 656/1600 holds, last 0.122 s, source twoStageRealTimeIteration
crossing: 660/1600 holds, last 0.118 s, source twoStageRealTimeIteration
crossing: 664/1600 holds, last 0.128 s, source twoStageRealTimeIteration
crossing: 668/1600 holds, last 0.116 s, source twoStageRealTimeIteration
crossing: 672/1600 holds, last 0.122 s, source twoStageRealTimeIteration
crossing: 676/1600 holds, last 0.112 s, source twoStageRealTimeIteration
crossing: 680/1600 holds, last 0.108 s, source twoStageRealTimeIteration
crossing: 684/1600 holds, last 0.124 s, source twoStageRealTimeIteration
crossing: 688/1600 holds, last 0.122 s, source twoStageRealTimeIteration
crossing: 692/1600 holds, last 0.124 s, source twoStageRealTimeIteration
crossing: 696/1600 holds, last 0.122 s, source twoStageRealTimeIteration
crossing: 700/1600 holds, last 0.140 s, source twoStageRealTimeIteration
Recovery at 35.00 s: e = [-261.132    -1.57242  -0.0135513 3.88325e-05 0.000365325], W = 5.30987e+06
crossing: 704/1600 holds, last 0.101 s, source twoStageRealTimeIteration
crossing: 708/1600 holds, last 0.103 s, source twoStageRealTimeIteration
crossing: 712/1600 holds, last 0.118 s, source twoStageRealTimeIteration
crossing: 716/1600 holds, last 0.108 s, source twoStageRealTimeIteration
crossing: 720/1600 holds, last 0.114 s, source twoStageRealTimeIteration
crossing: 724/1600 holds, last 0.125 s, source twoStageRealTimeIteration
crossing: 728/1600 holds, last 0.140 s, source twoStageRealTimeIteration
crossing: 732/1600 holds, last 0.128 s, source twoStageRealTimeIteration
crossing: 736/1600 holds, last 0.122 s, source twoStageRealTimeIteration
crossing: 740/1600 holds, last 0.113 s, source twoStageRealTimeIteration
crossing: 744/1600 holds, last 0.124 s, source twoStageRealTimeIteration
crossing: 748/1600 holds, last 0.137 s, source twoStageRealTimeIteration
crossing: 752/1600 holds, last 0.108 s, source twoStageRealTimeIteration
crossing: 756/1600 holds, last 0.122 s, source twoStageRealTimeIteration
crossing: 760/1600 holds, last 0.123 s, source twoStageRealTimeIteration
crossing: 764/1600 holds, last 0.128 s, source twoStageRealTimeIteration
crossing: 768/1600 holds, last 0.086 s, source twoStageRealTimeIteration
crossing: 772/1600 holds, last 0.109 s, source twoStageRealTimeIteration
crossing: 776/1600 holds, last 0.114 s, source twoStageRealTimeIteration
crossing: 780/1600 holds, last 0.121 s, source twoStageRealTimeIteration
crossing: 784/1600 holds, last 0.129 s, source twoStageRealTimeIteration
crossing: 788/1600 holds, last 0.125 s, source twoStageRealTimeIteration
crossing: 792/1600 holds, last 0.118 s, source twoStageRealTimeIteration
crossing: 796/1600 holds, last 0.100 s, source twoStageRealTimeIteration
crossing: 800/1600 holds, last 0.100 s, source twoStageRealTimeIteration
Recovery at 40.00 s: e = [-301.1    -1.57795 -0.00278941  -0.0106245 -0.00771787], W = 7.03737e+06
crossing: 804/1600 holds, last 0.112 s, source twoStageRealTimeIteration
crossing: 808/1600 holds, last 0.129 s, source twoStageRealTimeIteration
crossing: 812/1600 holds, last 0.116 s, source twoStageRealTimeIteration
crossing: 816/1600 holds, last 0.127 s, source twoStageRealTimeIteration
crossing: 820/1600 holds, last 0.106 s, source twoStageRealTimeIteration
crossing: 824/1600 holds, last 0.104 s, source twoStageRealTimeIteration
crossing: 828/1600 holds, last 0.107 s, source twoStageRealTimeIteration
crossing: 832/1600 holds, last 0.108 s, source twoStageRealTimeIteration
crossing: 836/1600 holds, last 0.106 s, source twoStageRealTimeIteration
crossing: 840/1600 holds, last 0.108 s, source twoStageRealTimeIteration
crossing: 844/1600 holds, last 0.132 s, source twoStageRealTimeIteration
crossing: 848/1600 holds, last 0.128 s, source twoStageRealTimeIteration
crossing: 852/1600 holds, last 0.108 s, source twoStageRealTimeIteration
crossing: 856/1600 holds, last 0.130 s, source twoStageRealTimeIteration
crossing: 860/1600 holds, last 0.112 s, source twoStageRealTimeIteration
crossing: 864/1600 holds, last 0.109 s, source twoStageRealTimeIteration
crossing: 868/1600 holds, last 0.112 s, source twoStageRealTimeIteration
crossing: 872/1600 holds, last 0.096 s, source twoStageRealTimeIteration
crossing: 876/1600 holds, last 0.128 s, source twoStageRealTimeIteration
crossing: 880/1600 holds, last 0.113 s, source twoStageRealTimeIteration
crossing: 884/1600 holds, last 0.126 s, source twoStageRealTimeIteration
crossing: 888/1600 holds, last 0.121 s, source twoStageRealTimeIteration
crossing: 892/1600 holds, last 0.102 s, source twoStageRealTimeIteration
crossing: 896/1600 holds, last 0.124 s, source twoStageRealTimeIteration
crossing: 900/1600 holds, last 0.123 s, source twoStageRealTimeIteration
Recovery at 45.00 s: e = [-341.022     -1.5669   0.0291895 -0.00836131 -0.00751126], W = 9.00368e+06
crossing: 904/1600 holds, last 0.106 s, source twoStageRealTimeIteration
crossing: 908/1600 holds, last 0.105 s, source twoStageRealTimeIteration
crossing: 912/1600 holds, last 0.125 s, source twoStageRealTimeIteration
crossing: 916/1600 holds, last 0.118 s, source twoStageRealTimeIteration
crossing: 920/1600 holds, last 0.114 s, source twoStageRealTimeIteration
crossing: 924/1600 holds, last 0.114 s, source twoStageRealTimeIteration
crossing: 928/1600 holds, last 0.123 s, source twoStageRealTimeIteration
crossing: 932/1600 holds, last 0.108 s, source twoStageRealTimeIteration
crossing: 936/1600 holds, last 0.107 s, source twoStageRealTimeIteration
crossing: 940/1600 holds, last 0.104 s, source twoStageRealTimeIteration
crossing: 944/1600 holds, last 0.118 s, source twoStageRealTimeIteration
crossing: 948/1600 holds, last 0.106 s, source twoStageRealTimeIteration
crossing: 952/1600 holds, last 0.107 s, source twoStageRealTimeIteration
crossing: 956/1600 holds, last 0.103 s, source twoStageRealTimeIteration
crossing: 960/1600 holds, last 0.160 s, source twoStageRealTimeIteration
crossing: 964/1600 holds, last 0.105 s, source twoStageRealTimeIteration
crossing: 968/1600 holds, last 0.091 s, source twoStageRealTimeIteration
crossing: 972/1600 holds, last 0.098 s, source twoStageRealTimeIteration
crossing: 976/1600 holds, last 0.099 s, source twoStageRealTimeIteration
crossing: 980/1600 holds, last 0.109 s, source twoStageRealTimeIteration
crossing: 984/1600 holds, last 0.114 s, source twoStageRealTimeIteration
crossing: 988/1600 holds, last 0.111 s, source twoStageRealTimeIteration
crossing: 992/1600 holds, last 0.120 s, source twoStageRealTimeIteration
crossing: 996/1600 holds, last 0.123 s, source twoStageRealTimeIteration
crossing: 1000/1600 holds, last 0.112 s, source twoStageRealTimeIteration
Recovery at 50.00 s: e = [-381.032   -1.56476 -0.0163274 0.00791042 0.00337252], W = 1.12182e+07
crossing: 1004/1600 holds, last 0.130 s, source twoStageRealTimeIteration
crossing: 1008/1600 holds, last 0.143 s, source twoStageRealTimeIteration
crossing: 1012/1600 holds, last 0.130 s, source twoStageRealTimeIteration
crossing: 1016/1600 holds, last 0.110 s, source twoStageRealTimeIteration
crossing: 1020/1600 holds, last 0.111 s, source twoStageRealTimeIteration
crossing: 1024/1600 holds, last 0.128 s, source twoStageRealTimeIteration
crossing: 1028/1600 holds, last 0.121 s, source twoStageRealTimeIteration
crossing: 1032/1600 holds, last 0.124 s, source twoStageRealTimeIteration
crossing: 1036/1600 holds, last 0.104 s, source twoStageRealTimeIteration
crossing: 1040/1600 holds, last 0.111 s, source twoStageRealTimeIteration
crossing: 1044/1600 holds, last 0.109 s, source twoStageRealTimeIteration
crossing: 1048/1600 holds, last 0.124 s, source twoStageRealTimeIteration
crossing: 1052/1600 holds, last 0.107 s, source twoStageRealTimeIteration
crossing: 1056/1600 holds, last 0.107 s, source twoStageRealTimeIteration
crossing: 1060/1600 holds, last 0.112 s, source twoStageRealTimeIteration
crossing: 1064/1600 holds, last 0.098 s, source twoStageRealTimeIteration
crossing: 1068/1600 holds, last 0.114 s, source twoStageRealTimeIteration
crossing: 1072/1600 holds, last 0.122 s, source twoStageRealTimeIteration
crossing: 1076/1600 holds, last 0.108 s, source twoStageRealTimeIteration
crossing: 1080/1600 holds, last 0.107 s, source twoStageRealTimeIteration
crossing: 1084/1600 holds, last 0.109 s, source twoStageRealTimeIteration
crossing: 1088/1600 holds, last 0.110 s, source twoStageRealTimeIteration
crossing: 1092/1600 holds, last 0.107 s, source twoStageRealTimeIteration
crossing: 1096/1600 holds, last 0.103 s, source twoStageRealTimeIteration
crossing: 1100/1600 holds, last 0.119 s, source twoStageRealTimeIteration
Recovery at 55.00 s: e = [-421.042    -1.56989   0.0034348 -0.00313071  -0.0043857], W = 1.36771e+07
crossing: 1104/1600 holds, last 0.108 s, source twoStageRealTimeIteration
crossing: 1108/1600 holds, last 0.098 s, source twoStageRealTimeIteration
crossing: 1112/1600 holds, last 0.110 s, source twoStageRealTimeIteration
crossing: 1116/1600 holds, last 0.113 s, source twoStageRealTimeIteration
crossing: 1120/1600 holds, last 0.111 s, source twoStageRealTimeIteration
crossing: 1124/1600 holds, last 0.109 s, source twoStageRealTimeIteration
crossing: 1128/1600 holds, last 0.119 s, source twoStageRealTimeIteration
crossing: 1132/1600 holds, last 0.105 s, source twoStageRealTimeIteration
crossing: 1136/1600 holds, last 0.102 s, source twoStageRealTimeIteration
crossing: 1140/1600 holds, last 0.113 s, source twoStageRealTimeIteration
crossing: 1144/1600 holds, last 0.109 s, source twoStageRealTimeIteration
crossing: 1148/1600 holds, last 0.114 s, source twoStageRealTimeIteration
crossing: 1152/1600 holds, last 0.111 s, source twoStageRealTimeIteration
crossing: 1156/1600 holds, last 0.110 s, source twoStageRealTimeIteration
crossing: 1160/1600 holds, last 0.117 s, source twoStageRealTimeIteration
crossing: 1164/1600 holds, last 0.101 s, source twoStageRealTimeIteration
crossing: 1168/1600 holds, last 0.112 s, source twoStageRealTimeIteration
crossing: 1172/1600 holds, last 0.110 s, source twoStageRealTimeIteration
crossing: 1176/1600 holds, last 0.114 s, source twoStageRealTimeIteration
crossing: 1180/1600 holds, last 0.109 s, source twoStageRealTimeIteration
crossing: 1184/1600 holds, last 0.113 s, source twoStageRealTimeIteration
crossing: 1188/1600 holds, last 0.107 s, source twoStageRealTimeIteration
crossing: 1192/1600 holds, last 0.105 s, source twoStageRealTimeIteration
crossing: 1196/1600 holds, last 0.103 s, source twoStageRealTimeIteration
crossing: 1200/1600 holds, last 0.107 s, source twoStageRealTimeIteration
Recovery at 60.00 s: e = [-461.034    -1.57348 0.000625719 0.000934888 7.80637e-06], W = 1.63779e+07
crossing: 1204/1600 holds, last 0.110 s, source twoStageRealTimeIteration
crossing: 1208/1600 holds, last 0.111 s, source twoStageRealTimeIteration
crossing: 1212/1600 holds, last 0.109 s, source twoStageRealTimeIteration
crossing: 1216/1600 holds, last 0.111 s, source twoStageRealTimeIteration
crossing: 1220/1600 holds, last 0.116 s, source twoStageRealTimeIteration
crossing: 1224/1600 holds, last 0.112 s, source twoStageRealTimeIteration
crossing: 1228/1600 holds, last 0.116 s, source twoStageRealTimeIteration
crossing: 1232/1600 holds, last 0.133 s, source twoStageRealTimeIteration
crossing: 1236/1600 holds, last 0.205 s, source twoStageRealTimeIteration
crossing: 1240/1600 holds, last 0.113 s, source twoStageRealTimeIteration
crossing: 1244/1600 holds, last 0.105 s, source twoStageRealTimeIteration
crossing: 1248/1600 holds, last 0.106 s, source twoStageRealTimeIteration
crossing: 1252/1600 holds, last 0.207 s, source twoStageRealTimeIteration
crossing: 1256/1600 holds, last 0.113 s, source twoStageRealTimeIteration
crossing: 1260/1600 holds, last 0.127 s, source twoStageRealTimeIteration
crossing: 1264/1600 holds, last 0.099 s, source twoStageRealTimeIteration
crossing: 1268/1600 holds, last 0.128 s, source twoStageRealTimeIteration
crossing: 1272/1600 holds, last 0.124 s, source twoStageRealTimeIteration
crossing: 1276/1600 holds, last 0.122 s, source twoStageRealTimeIteration
crossing: 1280/1600 holds, last 0.120 s, source twoStageRealTimeIteration
crossing: 1284/1600 holds, last 0.121 s, source twoStageRealTimeIteration
crossing: 1288/1600 holds, last 0.114 s, source twoStageRealTimeIteration
crossing: 1292/1600 holds, last 0.119 s, source twoStageRealTimeIteration
crossing: 1296/1600 holds, last 0.114 s, source twoStageRealTimeIteration
crossing: 1300/1600 holds, last 0.121 s, source twoStageRealTimeIteration
Recovery at 65.00 s: e = [-501.035   -1.56959 0.00248568 -0.0126847 -0.0115702], W = 1.93216e+07
crossing: 1304/1600 holds, last 0.150 s, source twoStageRealTimeIteration
crossing: 1308/1600 holds, last 0.117 s, source twoStageRealTimeIteration
crossing: 1312/1600 holds, last 0.111 s, source twoStageRealTimeIteration
crossing: 1316/1600 holds, last 0.119 s, source twoStageRealTimeIteration
crossing: 1320/1600 holds, last 0.117 s, source twoStageRealTimeIteration
crossing: 1324/1600 holds, last 0.115 s, source twoStageRealTimeIteration
crossing: 1328/1600 holds, last 0.113 s, source twoStageRealTimeIteration
crossing: 1332/1600 holds, last 0.130 s, source twoStageRealTimeIteration
crossing: 1336/1600 holds, last 0.120 s, source twoStageRealTimeIteration
crossing: 1340/1600 holds, last 0.122 s, source twoStageRealTimeIteration
crossing: 1344/1600 holds, last 0.121 s, source twoStageRealTimeIteration
crossing: 1348/1600 holds, last 0.119 s, source twoStageRealTimeIteration
crossing: 1352/1600 holds, last 0.117 s, source twoStageRealTimeIteration
crossing: 1356/1600 holds, last 0.103 s, source twoStageRealTimeIteration
crossing: 1360/1600 holds, last 0.109 s, source twoStageRealTimeIteration
crossing: 1364/1600 holds, last 0.111 s, source twoStageRealTimeIteration
crossing: 1368/1600 holds, last 0.132 s, source twoStageRealTimeIteration
crossing: 1372/1600 holds, last 0.118 s, source twoStageRealTimeIteration
crossing: 1376/1600 holds, last 0.089 s, source twoStageRealTimeIteration
crossing: 1380/1600 holds, last 0.115 s, source twoStageRealTimeIteration
crossing: 1384/1600 holds, last 0.102 s, source twoStageRealTimeIteration
crossing: 1388/1600 holds, last 0.106 s, source twoStageRealTimeIteration
crossing: 1392/1600 holds, last 0.112 s, source twoStageRealTimeIteration
crossing: 1396/1600 holds, last 0.114 s, source twoStageRealTimeIteration
crossing: 1400/1600 holds, last 0.115 s, source twoStageRealTimeIteration
Recovery at 70.00 s: e = [-541.058    -1.57173 -0.00177383   0.0144181   0.0156262], W = 2.25111e+07
crossing: 1404/1600 holds, last 0.123 s, source twoStageRealTimeIteration
crossing: 1408/1600 holds, last 0.105 s, source twoStageRealTimeIteration
crossing: 1412/1600 holds, last 0.130 s, source twoStageRealTimeIteration
crossing: 1416/1600 holds, last 0.113 s, source twoStageRealTimeIteration
crossing: 1420/1600 holds, last 0.110 s, source twoStageRealTimeIteration
crossing: 1424/1600 holds, last 0.129 s, source twoStageRealTimeIteration
crossing: 1428/1600 holds, last 0.116 s, source twoStageRealTimeIteration
crossing: 1432/1600 holds, last 0.114 s, source twoStageRealTimeIteration
crossing: 1436/1600 holds, last 0.114 s, source twoStageRealTimeIteration
crossing: 1440/1600 holds, last 0.108 s, source twoStageRealTimeIteration
crossing: 1444/1600 holds, last 0.106 s, source twoStageRealTimeIteration
crossing: 1448/1600 holds, last 0.107 s, source twoStageRealTimeIteration
crossing: 1452/1600 holds, last 0.111 s, source twoStageRealTimeIteration
crossing: 1456/1600 holds, last 0.100 s, source twoStageRealTimeIteration
crossing: 1460/1600 holds, last 0.102 s, source twoStageRealTimeIteration
crossing: 1464/1600 holds, last 0.114 s, source twoStageRealTimeIteration
crossing: 1468/1600 holds, last 0.115 s, source twoStageRealTimeIteration
crossing: 1472/1600 holds, last 0.123 s, source twoStageRealTimeIteration
crossing: 1476/1600 holds, last 0.087 s, source twoStageRealTimeIteration
crossing: 1480/1600 holds, last 0.096 s, source twoStageRealTimeIteration
crossing: 1484/1600 holds, last 0.112 s, source twoStageRealTimeIteration
crossing: 1488/1600 holds, last 0.112 s, source twoStageRealTimeIteration
crossing: 1492/1600 holds, last 0.117 s, source twoStageRealTimeIteration
crossing: 1496/1600 holds, last 0.110 s, source twoStageRealTimeIteration
crossing: 1500/1600 holds, last 0.126 s, source twoStageRealTimeIteration
Recovery at 75.00 s: e = [-581.05    -1.56774 -0.00942429   0.0237071   0.0223261], W = 2.59404e+07
crossing: 1504/1600 holds, last 0.116 s, source twoStageRealTimeIteration
crossing: 1508/1600 holds, last 0.108 s, source twoStageRealTimeIteration
crossing: 1512/1600 holds, last 0.107 s, source twoStageRealTimeIteration
crossing: 1516/1600 holds, last 0.103 s, source twoStageRealTimeIteration
crossing: 1520/1600 holds, last 0.113 s, source twoStageRealTimeIteration
crossing: 1524/1600 holds, last 0.112 s, source twoStageRealTimeIteration
crossing: 1528/1600 holds, last 0.115 s, source twoStageRealTimeIteration
crossing: 1532/1600 holds, last 0.113 s, source twoStageRealTimeIteration
crossing: 1536/1600 holds, last 0.123 s, source twoStageRealTimeIteration
crossing: 1540/1600 holds, last 0.098 s, source twoStageRealTimeIteration
crossing: 1544/1600 holds, last 0.110 s, source twoStageRealTimeIteration
crossing: 1548/1600 holds, last 0.126 s, source twoStageRealTimeIteration
crossing: 1552/1600 holds, last 0.113 s, source twoStageRealTimeIteration
crossing: 1556/1600 holds, last 0.105 s, source twoStageRealTimeIteration
crossing: 1560/1600 holds, last 0.109 s, source twoStageRealTimeIteration
crossing: 1564/1600 holds, last 0.099 s, source twoStageRealTimeIteration
crossing: 1568/1600 holds, last 0.101 s, source twoStageRealTimeIteration
crossing: 1572/1600 holds, last 0.094 s, source twoStageRealTimeIteration
crossing: 1576/1600 holds, last 0.085 s, source twoStageRealTimeIteration
crossing: 1580/1600 holds, last 0.104 s, source twoStageRealTimeIteration
crossing: 1584/1600 holds, last 0.121 s, source twoStageRealTimeIteration
crossing: 1588/1600 holds, last 0.113 s, source twoStageRealTimeIteration
crossing: 1592/1600 holds, last 0.107 s, source twoStageRealTimeIteration
crossing: 1596/1600 holds, last 0.101 s, source twoStageRealTimeIteration
crossing: 1600/1600 holds, last 0.101 s, source twoStageRealTimeIteration
Recovery at 80.00 s: e = [-621.055     -1.57091 -0.000115356   0.00409923   0.00400978], W = 2.96156e+07
crossing: 1600/1600 frames, max 1.296 s, failure
CASE-END speed=8 scenario=crossing frames=1600 wall=200.563 recovered=0 max=1.295865 gap=0.698885177 failure=
CASE-START speed=15 scenario=headOn
headOn: 4/1600 holds, last 0.091 s, source twoStageRealTimeIteration
headOn: 8/1600 holds, last 0.091 s, source twoStageRealTimeIteration
headOn: 12/1600 holds, last 0.106 s, source twoStageRealTimeIteration
headOn: 16/1600 holds, last 0.097 s, source twoStageRealTimeIteration
headOn: 20/1600 holds, last 0.098 s, source twoStageRealTimeIteration
headOn: 24/1600 holds, last 0.119 s, source twoStageRealTimeIteration
headOn: 28/1600 holds, last 0.087 s, source twoStageRealTimeIteration
headOn: 32/1600 holds, last 0.080 s, source twoStageRealTimeIteration
headOn: 36/1600 holds, last 0.089 s, source twoStageRealTimeIteration
headOn: 40/1600 holds, last 0.079 s, source twoStageRealTimeIteration
headOn: 44/1600 holds, last 0.083 s, source twoStageRealTimeIteration
headOn: 48/1600 holds, last 0.068 s, source twoStageRealTimeIteration
headOn: 52/1600 holds, last 0.069 s, source twoStageRealTimeIteration
headOn: 56/1600 holds, last 0.069 s, source twoStageRealTimeIteration
headOn: 60/1600 holds, last 0.068 s, source twoStageRealTimeIteration
headOn: 64/1600 holds, last 0.059 s, source twoStageRealTimeIteration
headOn: 68/1600 holds, last 0.054 s, source twoStageRealTimeIteration
headOn: 72/1600 holds, last 0.064 s, source twoStageRealTimeIteration
headOn: 76/1600 holds, last 0.065 s, source twoStageRealTimeIteration
headOn: 80/1600 holds, last 0.057 s, source twoStageRealTimeIteration
headOn: 84/1600 holds, last 0.057 s, source twoStageRealTimeIteration
headOn: 88/1600 holds, last 0.058 s, source twoStageRealTimeIteration
headOn: 92/1600 holds, last 0.060 s, source twoStageRealTimeIteration
headOn: 96/1600 holds, last 0.057 s, source twoStageRealTimeIteration
headOn: 100/1600 holds, last 0.073 s, source twoStageRealTimeIteration
Recovery at 5.00 s: e = [3.66201 -0.0308363    -1.0019 0.00349487  0.0092327], W = 742.249
headOn: 104/1600 holds, last 0.061 s, source twoStageRealTimeIteration
headOn: 108/1600 holds, last 0.064 s, source twoStageRealTimeIteration
headOn: 112/1600 holds, last 0.060 s, source twoStageRealTimeIteration
headOn: 116/1600 holds, last 0.057 s, source twoStageRealTimeIteration
headOn: 120/1600 holds, last 0.056 s, source twoStageRealTimeIteration
headOn: 124/1600 holds, last 0.059 s, source twoStageRealTimeIteration
headOn: 128/1600 holds, last 0.060 s, source twoStageRealTimeIteration
headOn: 132/1600 holds, last 0.057 s, source twoStageRealTimeIteration
headOn: 136/1600 holds, last 0.062 s, source twoStageRealTimeIteration
headOn: 140/1600 holds, last 0.059 s, source twoStageRealTimeIteration
headOn: 144/1600 holds, last 0.058 s, source twoStageRealTimeIteration
headOn: 148/1600 holds, last 0.055 s, source twoStageRealTimeIteration
headOn: 152/1600 holds, last 0.056 s, source twoStageRealTimeIteration
headOn: 156/1600 holds, last 0.054 s, source twoStageRealTimeIteration
headOn: 160/1600 holds, last 0.057 s, source twoStageRealTimeIteration
headOn: 164/1600 holds, last 0.060 s, source twoStageRealTimeIteration
headOn: 168/1600 holds, last 0.054 s, source twoStageRealTimeIteration
headOn: 172/1600 holds, last 0.054 s, source twoStageRealTimeIteration
headOn: 176/1600 holds, last 0.054 s, source twoStageRealTimeIteration
headOn: 180/1600 holds, last 0.053 s, source twoStageRealTimeIteration
headOn: 184/1600 holds, last 0.056 s, source twoStageRealTimeIteration
headOn: 188/1600 holds, last 0.055 s, source twoStageRealTimeIteration
headOn: 192/1600 holds, last 0.054 s, source twoStageRealTimeIteration
headOn: 196/1600 holds, last 0.060 s, source twoStageRealTimeIteration
headOn: 200/1600 holds, last 0.062 s, source twoStageRealTimeIteration
Recovery at 10.00 s: e = [2.10317  -0.0160045   -0.461749 -0.00018819  0.00183687], W = 243.735
headOn: 204/1600 holds, last 0.050 s, source twoStageRealTimeIteration
headOn: 208/1600 holds, last 0.058 s, source twoStageRealTimeIteration
headOn: 212/1600 holds, last 0.050 s, source twoStageRealTimeIteration
headOn: 216/1600 holds, last 0.050 s, source twoStageRealTimeIteration
headOn: 220/1600 holds, last 0.053 s, source twoStageRealTimeIteration
headOn: 224/1600 holds, last 0.061 s, source twoStageRealTimeIteration
headOn: 228/1600 holds, last 0.060 s, source twoStageRealTimeIteration
headOn: 232/1600 holds, last 0.059 s, source twoStageRealTimeIteration
headOn: 236/1600 holds, last 0.064 s, source twoStageRealTimeIteration
headOn: 240/1600 holds, last 0.061 s, source twoStageRealTimeIteration
headOn: 244/1600 holds, last 0.060 s, source twoStageRealTimeIteration
headOn: 248/1600 holds, last 0.063 s, source twoStageRealTimeIteration
headOn: 252/1600 holds, last 0.062 s, source twoStageRealTimeIteration
headOn: 256/1600 holds, last 0.062 s, source twoStageRealTimeIteration
headOn: 260/1600 holds, last 0.064 s, source twoStageRealTimeIteration
headOn: 264/1600 holds, last 0.061 s, source twoStageRealTimeIteration
headOn: 268/1600 holds, last 0.065 s, source twoStageRealTimeIteration
headOn: 272/1600 holds, last 0.062 s, source twoStageRealTimeIteration
headOn: 276/1600 holds, last 0.061 s, source twoStageRealTimeIteration
headOn: 280/1600 holds, last 0.066 s, source twoStageRealTimeIteration
headOn: 284/1600 holds, last 0.061 s, source twoStageRealTimeIteration
headOn: 288/1600 holds, last 0.064 s, source twoStageRealTimeIteration
headOn: 292/1600 holds, last 0.066 s, source twoStageRealTimeIteration
headOn: 296/1600 holds, last 0.069 s, source twoStageRealTimeIteration
headOn: 300/1600 holds, last 0.067 s, source twoStageRealTimeIteration
Recovery at 15.00 s: e = [1.0497  -0.0154935   -0.372067 7.79219e-05 -0.00135449], W = 59.4174
headOn: 304/1600 holds, last 0.063 s, source twoStageRealTimeIteration
headOn: 308/1600 holds, last 0.069 s, source twoStageRealTimeIteration
headOn: 312/1600 holds, last 0.063 s, source twoStageRealTimeIteration
headOn: 316/1600 holds, last 0.058 s, source twoStageRealTimeIteration
headOn: 320/1600 holds, last 0.061 s, source twoStageRealTimeIteration
headOn: 324/1600 holds, last 0.057 s, source twoStageRealTimeIteration
headOn: 328/1600 holds, last 0.064 s, source twoStageRealTimeIteration
headOn: 332/1600 holds, last 0.061 s, source twoStageRealTimeIteration
headOn: 336/1600 holds, last 0.059 s, source twoStageRealTimeIteration
headOn: 340/1600 holds, last 0.047 s, source twoStageRealTimeIteration
headOn: 344/1600 holds, last 0.049 s, source twoStageRealTimeIteration
headOn: 348/1600 holds, last 0.052 s, source twoStageRealTimeIteration
headOn: 352/1600 holds, last 0.059 s, source twoStageRealTimeIteration
headOn: 356/1600 holds, last 0.063 s, source twoStageRealTimeIteration
headOn: 360/1600 holds, last 0.064 s, source twoStageRealTimeIteration
headOn: 364/1600 holds, last 0.056 s, source twoStageRealTimeIteration
headOn: 368/1600 holds, last 0.060 s, source twoStageRealTimeIteration
headOn: 372/1600 holds, last 0.063 s, source twoStageRealTimeIteration
headOn: 376/1600 holds, last 0.059 s, source twoStageRealTimeIteration
headOn: 380/1600 holds, last 0.053 s, source twoStageRealTimeIteration
headOn: 384/1600 holds, last 0.054 s, source twoStageRealTimeIteration
headOn: 388/1600 holds, last 0.056 s, source twoStageRealTimeIteration
headOn: 392/1600 holds, last 0.057 s, source twoStageRealTimeIteration
headOn: 396/1600 holds, last 0.062 s, source twoStageRealTimeIteration
headOn: 400/1600 holds, last 0.056 s, source twoStageRealTimeIteration
Recovery at 20.00 s: e = [0.026641  -0.00388512   -0.0779809 -0.000963574   0.00593854], W = 0.153111
headOn: 404/1600 holds, last 0.061 s, source twoStageRealTimeIteration
headOn: 408/1600 holds, last 0.064 s, source twoStageRealTimeIteration
headOn: 412/1600 holds, last 0.060 s, source twoStageRealTimeIteration
headOn: 416/1600 holds, last 0.063 s, source twoStageRealTimeIteration
headOn: 420/1600 holds, last 0.062 s, source twoStageRealTimeIteration
headOn: 424/1600 holds, last 0.063 s, source twoStageRealTimeIteration
headOn: 428/1600 holds, last 0.065 s, source twoStageRealTimeIteration
headOn: 432/1600 holds, last 0.075 s, source twoStageRealTimeIteration
headOn: 436/1600 holds, last 0.083 s, source twoStageRealTimeIteration
headOn: 440/1600 holds, last 0.087 s, source twoStageRealTimeIteration
headOn: 444/1600 holds, last 0.070 s, source twoStageRealTimeIteration
headOn: 448/1600 holds, last 0.064 s, source twoStageRealTimeIteration
headOn: 452/1600 holds, last 0.102 s, source twoStageRealTimeIteration
headOn: 456/1600 holds, last 0.078 s, source twoStageRealTimeIteration
headOn: 460/1600 holds, last 0.080 s, source twoStageRealTimeIteration
headOn: 464/1600 holds, last 0.075 s, source twoStageRealTimeIteration
headOn: 468/1600 holds, last 0.068 s, source twoStageRealTimeIteration
headOn: 472/1600 holds, last 0.059 s, source twoStageRealTimeIteration
headOn: 476/1600 holds, last 0.057 s, source twoStageRealTimeIteration
headOn: 480/1600 holds, last 0.068 s, source twoStageRealTimeIteration
headOn: 484/1600 holds, last 0.063 s, source twoStageRealTimeIteration
headOn: 488/1600 holds, last 0.061 s, source twoStageRealTimeIteration
headOn: 492/1600 holds, last 0.061 s, source twoStageRealTimeIteration
headOn: 496/1600 holds, last 0.063 s, source twoStageRealTimeIteration
headOn: 500/1600 holds, last 0.086 s, source twoStageRealTimeIteration
Recovery at 25.00 s: e = [0.00391606   0.00051818    -0.122529 -0.000337928  -0.00190837], W = 0.309442
headOn: 504/1600 holds, last 0.075 s, source twoStageRealTimeIteration
headOn: 508/1600 holds, last 0.073 s, source twoStageRealTimeIteration
headOn: 512/1600 holds, last 0.075 s, source twoStageRealTimeIteration
headOn: 516/1600 holds, last 0.071 s, source twoStageRealTimeIteration
headOn: 520/1600 holds, last 0.067 s, source twoStageRealTimeIteration
headOn: 524/1600 holds, last 0.063 s, source twoStageRealTimeIteration
headOn: 528/1600 holds, last 0.063 s, source twoStageRealTimeIteration
headOn: 532/1600 holds, last 0.099 s, source twoStageRealTimeIteration
headOn: 536/1600 holds, last 0.081 s, source twoStageRealTimeIteration
headOn: 540/1600 holds, last 0.086 s, source twoStageRealTimeIteration
headOn: 544/1600 holds, last 0.122 s, source twoStageRealTimeIteration
headOn: 548/1600 holds, last 0.069 s, source twoStageRealTimeIteration
headOn: 552/1600 holds, last 0.099 s, source twoStageRealTimeIteration
headOn: 556/1600 holds, last 0.069 s, source twoStageRealTimeIteration
headOn: 560/1600 holds, last 0.068 s, source twoStageRealTimeIteration
headOn: 564/1600 holds, last 0.068 s, source twoStageRealTimeIteration
headOn: 568/1600 holds, last 0.059 s, source twoStageRealTimeIteration
headOn: 572/1600 holds, last 0.072 s, source twoStageRealTimeIteration
headOn: 576/1600 holds, last 0.066 s, source twoStageRealTimeIteration
headOn: 580/1600 holds, last 0.061 s, source twoStageRealTimeIteration
headOn: 584/1600 holds, last 0.054 s, source twoStageRealTimeIteration
headOn: 588/1600 holds, last 0.055 s, source twoStageRealTimeIteration
headOn: 592/1600 holds, last 0.059 s, source twoStageRealTimeIteration
headOn: 596/1600 holds, last 0.065 s, source twoStageRealTimeIteration
headOn: 600/1600 holds, last 0.067 s, source twoStageRealTimeIteration
Recovery at 30.00 s: e = [0.00397692 0.000240138   -0.113841 0.000187786 -0.00202962], W = 0.266394
headOn: 604/1600 holds, last 0.053 s, source twoStageRealTimeIteration
headOn: 608/1600 holds, last 0.057 s, source twoStageRealTimeIteration
headOn: 612/1600 holds, last 0.057 s, source twoStageRealTimeIteration
headOn: 616/1600 holds, last 0.070 s, source twoStageRealTimeIteration
headOn: 620/1600 holds, last 0.075 s, source twoStageRealTimeIteration
headOn: 624/1600 holds, last 0.066 s, source twoStageRealTimeIteration
headOn: 628/1600 holds, last 0.073 s, source twoStageRealTimeIteration
headOn: 632/1600 holds, last 0.125 s, source twoStageRealTimeIteration
headOn: 636/1600 holds, last 0.090 s, source twoStageRealTimeIteration
headOn: 640/1600 holds, last 0.057 s, source twoStageRealTimeIteration
headOn: 644/1600 holds, last 0.078 s, source twoStageRealTimeIteration
headOn: 648/1600 holds, last 0.059 s, source twoStageRealTimeIteration
headOn: 652/1600 holds, last 0.084 s, source twoStageRealTimeIteration
headOn: 656/1600 holds, last 0.069 s, source twoStageRealTimeIteration
headOn: 660/1600 holds, last 0.067 s, source twoStageRealTimeIteration
headOn: 664/1600 holds, last 0.074 s, source twoStageRealTimeIteration
headOn: 668/1600 holds, last 0.068 s, source twoStageRealTimeIteration
headOn: 672/1600 holds, last 0.071 s, source twoStageRealTimeIteration
headOn: 676/1600 holds, last 0.069 s, source twoStageRealTimeIteration
headOn: 680/1600 holds, last 0.055 s, source twoStageRealTimeIteration
headOn: 684/1600 holds, last 0.060 s, source twoStageRealTimeIteration
headOn: 688/1600 holds, last 0.058 s, source twoStageRealTimeIteration
headOn: 692/1600 holds, last 0.064 s, source twoStageRealTimeIteration
headOn: 696/1600 holds, last 0.053 s, source twoStageRealTimeIteration
headOn: 700/1600 holds, last 0.058 s, source twoStageRealTimeIteration
Recovery at 35.00 s: e = [0.00358514 0.000314451  -0.0998441 -6.3755e-05  -0.0023063], W = 0.205114
headOn: 704/1600 holds, last 0.066 s, source twoStageRealTimeIteration
headOn: 708/1600 holds, last 0.063 s, source twoStageRealTimeIteration
headOn: 712/1600 holds, last 0.055 s, source twoStageRealTimeIteration
headOn: 716/1600 holds, last 0.066 s, source twoStageRealTimeIteration
headOn: 720/1600 holds, last 0.078 s, source twoStageRealTimeIteration
headOn: 724/1600 holds, last 0.080 s, source twoStageRealTimeIteration
headOn: 728/1600 holds, last 0.072 s, source twoStageRealTimeIteration
headOn: 732/1600 holds, last 0.076 s, source twoStageRealTimeIteration
headOn: 736/1600 holds, last 0.084 s, source twoStageRealTimeIteration
headOn: 740/1600 holds, last 0.067 s, source twoStageRealTimeIteration
headOn: 744/1600 holds, last 0.074 s, source twoStageRealTimeIteration
headOn: 748/1600 holds, last 0.072 s, source twoStageRealTimeIteration
headOn: 752/1600 holds, last 0.060 s, source twoStageRealTimeIteration
headOn: 756/1600 holds, last 0.069 s, source twoStageRealTimeIteration
headOn: 760/1600 holds, last 0.061 s, source twoStageRealTimeIteration
headOn: 764/1600 holds, last 0.168 s, source twoStageRealTimeIteration
headOn: 768/1600 holds, last 0.065 s, source twoStageRealTimeIteration
headOn: 772/1600 holds, last 0.072 s, source twoStageRealTimeIteration
headOn: 776/1600 holds, last 0.052 s, source twoStageRealTimeIteration
headOn: 780/1600 holds, last 0.064 s, source twoStageRealTimeIteration
headOn: 784/1600 holds, last 0.048 s, source twoStageRealTimeIteration
headOn: 788/1600 holds, last 0.049 s, source twoStageRealTimeIteration
headOn: 792/1600 holds, last 0.064 s, source twoStageRealTimeIteration
headOn: 796/1600 holds, last 0.057 s, source twoStageRealTimeIteration
headOn: 800/1600 holds, last 0.063 s, source twoStageRealTimeIteration
Recovery at 40.00 s: e = [0.00525643 -3.93049e-05   -0.0812013  0.000331098  -0.00126099], W = 0.136094
headOn: 804/1600 holds, last 0.068 s, source twoStageRealTimeIteration
headOn: 808/1600 holds, last 0.057 s, source twoStageRealTimeIteration
headOn: 812/1600 holds, last 0.066 s, source twoStageRealTimeIteration
headOn: 816/1600 holds, last 0.064 s, source twoStageRealTimeIteration
headOn: 820/1600 holds, last 0.060 s, source twoStageRealTimeIteration
headOn: 824/1600 holds, last 0.078 s, source twoStageRealTimeIteration
headOn: 828/1600 holds, last 0.091 s, source twoStageRealTimeIteration
headOn: 832/1600 holds, last 0.098 s, source twoStageRealTimeIteration
headOn: 836/1600 holds, last 0.069 s, source twoStageRealTimeIteration
headOn: 840/1600 holds, last 0.065 s, source twoStageRealTimeIteration
headOn: 844/1600 holds, last 0.059 s, source twoStageRealTimeIteration
headOn: 848/1600 holds, last 0.081 s, source twoStageRealTimeIteration
headOn: 852/1600 holds, last 0.062 s, source twoStageRealTimeIteration
headOn: 856/1600 holds, last 0.070 s, source twoStageRealTimeIteration
headOn: 860/1600 holds, last 0.068 s, source twoStageRealTimeIteration
headOn: 864/1600 holds, last 0.065 s, source twoStageRealTimeIteration
headOn: 868/1600 holds, last 0.065 s, source twoStageRealTimeIteration
headOn: 872/1600 holds, last 0.071 s, source twoStageRealTimeIteration
headOn: 876/1600 holds, last 0.053 s, source twoStageRealTimeIteration
headOn: 880/1600 holds, last 0.060 s, source twoStageRealTimeIteration
headOn: 884/1600 holds, last 0.061 s, source twoStageRealTimeIteration
headOn: 888/1600 holds, last 0.066 s, source twoStageRealTimeIteration
headOn: 892/1600 holds, last 0.054 s, source twoStageRealTimeIteration
headOn: 896/1600 holds, last 0.058 s, source twoStageRealTimeIteration
headOn: 900/1600 holds, last 0.061 s, source twoStageRealTimeIteration
Recovery at 45.00 s: e = [0.00613631 -8.57324e-06   -0.0923028  0.000342351  -0.00158903], W = 0.176089
headOn: 904/1600 holds, last 0.066 s, source twoStageRealTimeIteration
headOn: 908/1600 holds, last 0.057 s, source twoStageRealTimeIteration
headOn: 912/1600 holds, last 0.062 s, source twoStageRealTimeIteration
headOn: 916/1600 holds, last 0.070 s, source twoStageRealTimeIteration
headOn: 920/1600 holds, last 0.067 s, source twoStageRealTimeIteration
headOn: 924/1600 holds, last 0.057 s, source twoStageRealTimeIteration
headOn: 928/1600 holds, last 0.081 s, source twoStageRealTimeIteration
headOn: 932/1600 holds, last 0.085 s, source twoStageRealTimeIteration
headOn: 936/1600 holds, last 0.077 s, source twoStageRealTimeIteration
headOn: 940/1600 holds, last 0.068 s, source twoStageRealTimeIteration
headOn: 944/1600 holds, last 0.068 s, source twoStageRealTimeIteration
headOn: 948/1600 holds, last 0.065 s, source twoStageRealTimeIteration
headOn: 952/1600 holds, last 0.059 s, source twoStageRealTimeIteration
headOn: 956/1600 holds, last 0.060 s, source twoStageRealTimeIteration
headOn: 960/1600 holds, last 0.064 s, source twoStageRealTimeIteration
headOn: 964/1600 holds, last 0.060 s, source twoStageRealTimeIteration
headOn: 968/1600 holds, last 0.070 s, source twoStageRealTimeIteration
headOn: 972/1600 holds, last 0.071 s, source twoStageRealTimeIteration
headOn: 976/1600 holds, last 0.067 s, source twoStageRealTimeIteration
headOn: 980/1600 holds, last 0.067 s, source twoStageRealTimeIteration
headOn: 984/1600 holds, last 0.064 s, source twoStageRealTimeIteration
headOn: 988/1600 holds, last 0.067 s, source twoStageRealTimeIteration
headOn: 992/1600 holds, last 0.063 s, source twoStageRealTimeIteration
headOn: 996/1600 holds, last 0.059 s, source twoStageRealTimeIteration
headOn: 1000/1600 holds, last 0.081 s, source twoStageRealTimeIteration
Recovery at 50.00 s: e = [0.00930563    0.0013968    -0.303084  0.000171162 -0.000128279], W = 1.89545
headOn: 1004/1600 holds, last 0.058 s, source twoStageRealTimeIteration
headOn: 1008/1600 holds, last 0.057 s, source twoStageRealTimeIteration
headOn: 1012/1600 holds, last 0.061 s, source twoStageRealTimeIteration
headOn: 1016/1600 holds, last 0.052 s, source twoStageRealTimeIteration
headOn: 1020/1600 holds, last 0.065 s, source twoStageRealTimeIteration
headOn: 1024/1600 holds, last 0.059 s, source twoStageRealTimeIteration
headOn: 1028/1600 holds, last 0.070 s, source twoStageRealTimeIteration
headOn: 1032/1600 holds, last 0.063 s, source twoStageRealTimeIteration
headOn: 1036/1600 holds, last 0.069 s, source twoStageRealTimeIteration
headOn: 1040/1600 holds, last 0.054 s, source twoStageRealTimeIteration
headOn: 1044/1600 holds, last 0.066 s, source twoStageRealTimeIteration
headOn: 1048/1600 holds, last 0.082 s, source twoStageRealTimeIteration
headOn: 1052/1600 holds, last 0.096 s, source twoStageRealTimeIteration
headOn: 1056/1600 holds, last 0.073 s, source twoStageRealTimeIteration
headOn: 1060/1600 holds, last 0.327 s, source twoStageRealTimeIteration
headOn: 1064/1600 holds, last 0.094 s, source twoStageRealTimeIteration
headOn: 1068/1600 holds, last 0.061 s, source twoStageRealTimeIteration
headOn: 1072/1600 holds, last 0.065 s, source twoStageRealTimeIteration
headOn: 1076/1600 holds, last 0.061 s, source twoStageRealTimeIteration
headOn: 1080/1600 holds, last 0.057 s, source twoStageRealTimeIteration
headOn: 1084/1600 holds, last 0.068 s, source twoStageRealTimeIteration
headOn: 1088/1600 holds, last 0.056 s, source twoStageRealTimeIteration
headOn: 1092/1600 holds, last 0.061 s, source twoStageRealTimeIteration
headOn: 1096/1600 holds, last 0.060 s, source twoStageRealTimeIteration
headOn: 1100/1600 holds, last 0.062 s, source twoStageRealTimeIteration
Recovery at 55.00 s: e = [-0.00477579   0.00125791    -0.284469 -0.000336372  0.000942032], W = 1.65845
headOn: 1104/1600 holds, last 0.071 s, source twoStageRealTimeIteration
headOn: 1108/1600 holds, last 0.056 s, source twoStageRealTimeIteration
headOn: 1112/1600 holds, last 0.052 s, source twoStageRealTimeIteration
headOn: 1116/1600 holds, last 0.060 s, source twoStageRealTimeIteration
headOn: 1120/1600 holds, last 0.069 s, source twoStageRealTimeIteration
headOn: 1124/1600 holds, last 0.057 s, source twoStageRealTimeIteration
headOn: 1128/1600 holds, last 0.057 s, source twoStageRealTimeIteration
headOn: 1132/1600 holds, last 0.061 s, source twoStageRealTimeIteration
headOn: 1136/1600 holds, last 0.068 s, source twoStageRealTimeIteration
headOn: 1140/1600 holds, last 0.072 s, source twoStageRealTimeIteration
headOn: 1144/1600 holds, last 0.059 s, source twoStageRealTimeIteration
headOn: 1148/1600 holds, last 0.098 s, source twoStageRealTimeIteration
headOn: 1152/1600 holds, last 0.084 s, source twoStageRealTimeIteration
headOn: 1156/1600 holds, last 0.071 s, source twoStageRealTimeIteration
headOn: 1160/1600 holds, last 0.315 s, source twoStageRealTimeIteration
headOn: 1164/1600 holds, last 0.088 s, source twoStageRealTimeIteration
headOn: 1168/1600 holds, last 0.074 s, source twoStageRealTimeIteration
headOn: 1172/1600 holds, last 0.070 s, source twoStageRealTimeIteration
headOn: 1176/1600 holds, last 0.081 s, source twoStageRealTimeIteration
headOn: 1180/1600 holds, last 0.063 s, source twoStageRealTimeIteration
headOn: 1184/1600 holds, last 0.061 s, source twoStageRealTimeIteration
headOn: 1188/1600 holds, last 0.077 s, source twoStageRealTimeIteration
headOn: 1192/1600 holds, last 0.057 s, source twoStageRealTimeIteration
headOn: 1196/1600 holds, last 0.051 s, source twoStageRealTimeIteration
headOn: 1200/1600 holds, last 0.051 s, source twoStageRealTimeIteration
Recovery at 60.00 s: e = [-0.00905779  0.00152388    -0.37295 -0.00124248  0.00224469], W = 2.85184
headOn: 1204/1600 holds, last 0.054 s, source twoStageRealTimeIteration
headOn: 1208/1600 holds, last 0.056 s, source twoStageRealTimeIteration
headOn: 1212/1600 holds, last 0.059 s, source twoStageRealTimeIteration
headOn: 1216/1600 holds, last 0.060 s, source twoStageRealTimeIteration
headOn: 1220/1600 holds, last 0.062 s, source twoStageRealTimeIteration
headOn: 1224/1600 holds, last 0.064 s, source twoStageRealTimeIteration
headOn: 1228/1600 holds, last 0.064 s, source twoStageRealTimeIteration
headOn: 1232/1600 holds, last 0.053 s, source twoStageRealTimeIteration
headOn: 1236/1600 holds, last 0.058 s, source twoStageRealTimeIteration
headOn: 1240/1600 holds, last 0.065 s, source twoStageRealTimeIteration
headOn: 1244/1600 holds, last 0.072 s, source twoStageRealTimeIteration
headOn: 1248/1600 holds, last 0.063 s, source twoStageRealTimeIteration
headOn: 1252/1600 holds, last 0.070 s, source twoStageRealTimeIteration
headOn: 1256/1600 holds, last 0.074 s, source twoStageRealTimeIteration
headOn: 1260/1600 holds, last 0.095 s, source twoStageRealTimeIteration
headOn: 1264/1600 holds, last 0.101 s, source twoStageRealTimeIteration
headOn: 1268/1600 holds, last 0.077 s, source twoStageRealTimeIteration
headOn: 1272/1600 holds, last 0.078 s, source twoStageRealTimeIteration
headOn: 1276/1600 holds, last 0.070 s, source twoStageRealTimeIteration
headOn: 1280/1600 holds, last 0.072 s, source twoStageRealTimeIteration
headOn: 1284/1600 holds, last 0.075 s, source twoStageRealTimeIteration
headOn: 1288/1600 holds, last 0.068 s, source twoStageRealTimeIteration
headOn: 1292/1600 holds, last 0.117 s, source twoStageRealTimeIteration
headOn: 1296/1600 holds, last 0.059 s, source twoStageRealTimeIteration
headOn: 1300/1600 holds, last 0.063 s, source twoStageRealTimeIteration
Recovery at 65.00 s: e = [-0.009633 -0.000331235      -0.2808  0.000684217   0.00143984], W = 1.61973
headOn: 1304/1600 holds, last 0.070 s, source twoStageRealTimeIteration
headOn: 1308/1600 holds, last 0.064 s, source twoStageRealTimeIteration
headOn: 1312/1600 holds, last 0.053 s, source twoStageRealTimeIteration
headOn: 1316/1600 holds, last 0.052 s, source twoStageRealTimeIteration
headOn: 1320/1600 holds, last 0.060 s, source twoStageRealTimeIteration
headOn: 1324/1600 holds, last 0.062 s, source twoStageRealTimeIteration
headOn: 1328/1600 holds, last 0.057 s, source twoStageRealTimeIteration
headOn: 1332/1600 holds, last 0.053 s, source twoStageRealTimeIteration
headOn: 1336/1600 holds, last 0.057 s, source twoStageRealTimeIteration
headOn: 1340/1600 holds, last 0.066 s, source twoStageRealTimeIteration
headOn: 1344/1600 holds, last 0.069 s, source twoStageRealTimeIteration
headOn: 1348/1600 holds, last 0.067 s, source twoStageRealTimeIteration
headOn: 1352/1600 holds, last 0.066 s, source twoStageRealTimeIteration
headOn: 1356/1600 holds, last 0.068 s, source twoStageRealTimeIteration
headOn: 1360/1600 holds, last 0.078 s, source twoStageRealTimeIteration
headOn: 1364/1600 holds, last 0.076 s, source twoStageRealTimeIteration
headOn: 1368/1600 holds, last 0.077 s, source twoStageRealTimeIteration
headOn: 1372/1600 holds, last 0.304 s, source twoStageRealTimeIteration
headOn: 1376/1600 holds, last 0.138 s, source twoStageRealTimeIteration
headOn: 1380/1600 holds, last 0.074 s, source twoStageRealTimeIteration
headOn: 1384/1600 holds, last 0.076 s, source twoStageRealTimeIteration
headOn: 1388/1600 holds, last 0.071 s, source twoStageRealTimeIteration
headOn: 1392/1600 holds, last 0.073 s, source twoStageRealTimeIteration
headOn: 1396/1600 holds, last 0.078 s, source twoStageRealTimeIteration
headOn: 1400/1600 holds, last 0.077 s, source twoStageRealTimeIteration
Recovery at 70.00 s: e = [-0.0110009 -0.000173462    -0.345718    0.0022237   0.00514326], W = 2.45482
headOn: 1404/1600 holds, last 0.071 s, source twoStageRealTimeIteration
headOn: 1408/1600 holds, last 0.061 s, source twoStageRealTimeIteration
headOn: 1412/1600 holds, last 0.070 s, source twoStageRealTimeIteration
headOn: 1416/1600 holds, last 0.063 s, source twoStageRealTimeIteration
headOn: 1420/1600 holds, last 0.056 s, source twoStageRealTimeIteration
headOn: 1424/1600 holds, last 0.062 s, source twoStageRealTimeIteration
headOn: 1428/1600 holds, last 0.062 s, source twoStageRealTimeIteration
headOn: 1432/1600 holds, last 0.056 s, source twoStageRealTimeIteration
headOn: 1436/1600 holds, last 0.073 s, source twoStageRealTimeIteration
headOn: 1440/1600 holds, last 0.067 s, source twoStageRealTimeIteration
headOn: 1444/1600 holds, last 0.062 s, source twoStageRealTimeIteration
headOn: 1448/1600 holds, last 0.059 s, source twoStageRealTimeIteration
headOn: 1452/1600 holds, last 0.066 s, source twoStageRealTimeIteration
headOn: 1456/1600 holds, last 0.076 s, source twoStageRealTimeIteration
headOn: 1460/1600 holds, last 0.079 s, source twoStageRealTimeIteration
headOn: 1464/1600 holds, last 0.093 s, source twoStageRealTimeIteration
headOn: 1468/1600 holds, last 0.078 s, source twoStageRealTimeIteration
headOn: 1472/1600 holds, last 0.071 s, source twoStageRealTimeIteration
headOn: 1476/1600 holds, last 0.077 s, source twoStageRealTimeIteration
headOn: 1480/1600 holds, last 0.067 s, source twoStageRealTimeIteration
headOn: 1484/1600 holds, last 0.069 s, source twoStageRealTimeIteration
headOn: 1488/1600 holds, last 0.065 s, source twoStageRealTimeIteration
headOn: 1492/1600 holds, last 0.066 s, source twoStageRealTimeIteration
headOn: 1496/1600 holds, last 0.058 s, source twoStageRealTimeIteration
headOn: 1500/1600 holds, last 0.071 s, source twoStageRealTimeIteration
Recovery at 75.00 s: e = [-0.00986189 -0.000241981    -0.278533   0.00139532   0.00282029], W = 1.59401
headOn: 1504/1600 holds, last 0.069 s, source twoStageRealTimeIteration
headOn: 1508/1600 holds, last 0.065 s, source twoStageRealTimeIteration
headOn: 1512/1600 holds, last 0.054 s, source twoStageRealTimeIteration
headOn: 1516/1600 holds, last 0.061 s, source twoStageRealTimeIteration
headOn: 1520/1600 holds, last 0.066 s, source twoStageRealTimeIteration
headOn: 1524/1600 holds, last 0.069 s, source twoStageRealTimeIteration
headOn: 1528/1600 holds, last 0.057 s, source twoStageRealTimeIteration
headOn: 1532/1600 holds, last 0.059 s, source twoStageRealTimeIteration
headOn: 1536/1600 holds, last 0.070 s, source twoStageRealTimeIteration
headOn: 1540/1600 holds, last 0.065 s, source twoStageRealTimeIteration
headOn: 1544/1600 holds, last 0.064 s, source twoStageRealTimeIteration
headOn: 1548/1600 holds, last 0.067 s, source twoStageRealTimeIteration
headOn: 1552/1600 holds, last 0.065 s, source twoStageRealTimeIteration
headOn: 1556/1600 holds, last 0.065 s, source twoStageRealTimeIteration
headOn: 1560/1600 holds, last 0.093 s, source twoStageRealTimeIteration
headOn: 1564/1600 holds, last 0.101 s, source twoStageRealTimeIteration
headOn: 1568/1600 holds, last 0.254 s, source twoStageRealTimeIteration
headOn: 1572/1600 holds, last 0.072 s, source twoStageRealTimeIteration
headOn: 1576/1600 holds, last 0.070 s, source twoStageRealTimeIteration
headOn: 1580/1600 holds, last 0.071 s, source twoStageRealTimeIteration
headOn: 1584/1600 holds, last 0.069 s, source twoStageRealTimeIteration
headOn: 1588/1600 holds, last 0.071 s, source twoStageRealTimeIteration
headOn: 1592/1600 holds, last 0.068 s, source twoStageRealTimeIteration
headOn: 1596/1600 holds, last 0.071 s, source twoStageRealTimeIteration
headOn: 1600/1600 holds, last 0.071 s, source twoStageRealTimeIteration
Recovery at 80.00 s: e = [-0.00964895 -0.000399359    -0.300771  5.27405e-05  0.000428113], W = 1.85784
headOn: 1600/1600 frames, max 0.343 s, failure
CASE-END speed=15 scenario=headOn frames=1600 wall=122.505 recovered=0 max=0.343294 gap=0.000000000 failure=
CASE-START speed=15 scenario=turningCrossing
turningCrossing: 4/1600 holds, last 0.118 s, source twoStageRealTimeIteration
turningCrossing: 8/1600 holds, last 0.124 s, source twoStageRealTimeIteration
turningCrossing: 12/1600 holds, last 0.113 s, source twoStageRealTimeIteration
turningCrossing: 16/1600 holds, last 0.127 s, source twoStageRealTimeIteration
turningCrossing: 20/1600 holds, last 0.112 s, source twoStageRealTimeIteration
turningCrossing: 24/1600 holds, last 0.123 s, source twoStageRealTimeIteration
turningCrossing: 28/1600 holds, last 0.136 s, source twoStageRealTimeIteration
turningCrossing: 32/1600 holds, last 0.127 s, source twoStageRealTimeIteration
turningCrossing: 36/1600 holds, last 0.118 s, source twoStageRealTimeIteration
turningCrossing: 40/1600 holds, last 0.126 s, source twoStageRealTimeIteration
turningCrossing: 44/1600 holds, last 0.100 s, source twoStageRealTimeIteration
turningCrossing: 48/1600 holds, last 0.132 s, source twoStageRealTimeIteration
turningCrossing: 52/1600 holds, last 0.189 s, source twoStageRealTimeIteration
turningCrossing: 56/1600 holds, last 0.129 s, source twoStageRealTimeIteration
turningCrossing: 60/1600 holds, last 0.119 s, source twoStageRealTimeIteration
turningCrossing: 64/1600 holds, last 0.133 s, source twoStageRealTimeIteration
turningCrossing: 68/1600 holds, last 0.116 s, source twoStageRealTimeIteration
turningCrossing: 72/1600 holds, last 0.123 s, source twoStageRealTimeIteration
turningCrossing: 76/1600 holds, last 0.128 s, source twoStageRealTimeIteration
turningCrossing: 80/1600 holds, last 0.173 s, source twoStageRealTimeIteration
turningCrossing: 84/1600 holds, last 0.133 s, source twoStageRealTimeIteration
turningCrossing: 88/1600 holds, last 0.127 s, source twoStageRealTimeIteration
turningCrossing: 92/1600 holds, last 0.160 s, source twoStageRealTimeIteration
turningCrossing: 96/1600 holds, last 0.120 s, source twoStageRealTimeIteration
turningCrossing: 100/1600 holds, last 0.147 s, source twoStageRealTimeIteration
Recovery at 5.00 s: e = [-26.702 -0.290682  0.963998 -0.399668  0.526895], W = 44524.6
turningCrossing: 104/1600 holds, last 0.154 s, source twoStageRealTimeIteration
turningCrossing: 108/1600 holds, last 0.146 s, source twoStageRealTimeIteration
turningCrossing: 112/1600 holds, last 0.141 s, source twoStageRealTimeIteration
turningCrossing: 116/1600 holds, last 0.125 s, source twoStageRealTimeIteration
turningCrossing: 120/1600 holds, last 0.134 s, source twoStageRealTimeIteration
turningCrossing: 124/1600 holds, last 0.099 s, source twoStageRealTimeIteration
turningCrossing: 128/1600 holds, last 0.102 s, source twoStageRealTimeIteration
turningCrossing: 132/1600 holds, last 0.098 s, source twoStageRealTimeIteration
turningCrossing: 136/1600 holds, last 0.109 s, source twoStageRealTimeIteration
turningCrossing: 140/1600 holds, last 0.098 s, source twoStageRealTimeIteration
turningCrossing: 144/1600 holds, last 0.106 s, source twoStageRealTimeIteration
turningCrossing: 148/1600 holds, last 0.102 s, source twoStageRealTimeIteration
turningCrossing: 152/1600 holds, last 0.104 s, source twoStageRealTimeIteration
turningCrossing: 156/1600 holds, last 0.104 s, source twoStageRealTimeIteration
turningCrossing: 160/1600 holds, last 0.109 s, source twoStageRealTimeIteration
turningCrossing: 164/1600 holds, last 0.103 s, source twoStageRealTimeIteration
turningCrossing: 168/1600 holds, last 0.099 s, source twoStageRealTimeIteration
turningCrossing: 172/1600 holds, last 0.118 s, source twoStageRealTimeIteration
turningCrossing: 176/1600 holds, last 0.112 s, source twoStageRealTimeIteration
turningCrossing: 180/1600 holds, last 0.117 s, source twoStageRealTimeIteration
turningCrossing: 184/1600 holds, last 0.150 s, source twoStageRealTimeIteration
turningCrossing: 188/1600 holds, last 0.156 s, source twoStageRealTimeIteration
turningCrossing: 192/1600 holds, last 0.126 s, source twoStageRealTimeIteration
turningCrossing: 196/1600 holds, last 0.129 s, source twoStageRealTimeIteration
turningCrossing: 200/1600 holds, last 0.146 s, source twoStageRealTimeIteration
Recovery at 10.00 s: e = [10.4537   2.1368    1.527 -1.01005 0.488933], W = 26444.4
turningCrossing: 204/1600 holds, last 0.171 s, source twoStageRealTimeIteration
turningCrossing: 208/1600 holds, last 0.164 s, source twoStageRealTimeIteration
turningCrossing: 212/1600 holds, last 0.110 s, source twoStageRealTimeIteration
turningCrossing: 216/1600 holds, last 0.119 s, source twoStageRealTimeIteration
turningCrossing: 220/1600 holds, last 0.110 s, source twoStageRealTimeIteration
turningCrossing: 224/1600 holds, last 0.104 s, source twoStageRealTimeIteration
turningCrossing: 228/1600 holds, last 0.103 s, source twoStageRealTimeIteration
turningCrossing: 232/1600 holds, last 0.117 s, source twoStageRealTimeIteration
turningCrossing: 236/1600 holds, last 0.108 s, source twoStageRealTimeIteration
turningCrossing: 240/1600 holds, last 0.098 s, source twoStageRealTimeIteration
turningCrossing: 244/1600 holds, last 0.100 s, source twoStageRealTimeIteration
turningCrossing: 248/1600 holds, last 0.120 s, source twoStageRealTimeIteration
turningCrossing: 252/1600 holds, last 0.099 s, source twoStageRealTimeIteration
turningCrossing: 256/1600 holds, last 0.086 s, source twoStageRealTimeIteration
turningCrossing: 260/1600 holds, last 0.219 s, source twoStageRealTimeIteration
turningCrossing: 264/1600 holds, last 0.126 s, source twoStageRealTimeIteration
turningCrossing: 268/1600 holds, last 0.085 s, source twoStageRealTimeIteration
turningCrossing: 272/1600 holds, last 0.108 s, source twoStageRealTimeIteration
turningCrossing: 276/1600 holds, last 0.089 s, source twoStageRealTimeIteration
turningCrossing: 280/1600 holds, last 0.088 s, source twoStageRealTimeIteration
turningCrossing: 284/1600 holds, last 0.168 s, source twoStageRealTimeIteration
turningCrossing: 288/1600 holds, last 0.069 s, source twoStageRealTimeIteration
turningCrossing: 292/1600 holds, last 0.076 s, source twoStageRealTimeIteration
turningCrossing: 296/1600 holds, last 0.064 s, source twoStageRealTimeIteration
turningCrossing: 300/1600 holds, last 0.073 s, source twoStageRealTimeIteration
Recovery at 15.00 s: e = [34.7268   2.60421  -1.53509 0.0384042  0.531821], W = 124497
turningCrossing: 304/1600 holds, last 0.067 s, source twoStageRealTimeIteration
turningCrossing: 308/1600 holds, last 0.093 s, source twoStageRealTimeIteration
turningCrossing: 312/1600 holds, last 0.076 s, source twoStageRealTimeIteration
turningCrossing: 316/1600 holds, last 0.063 s, source twoStageRealTimeIteration
turningCrossing: 320/1600 holds, last 0.078 s, source twoStageRealTimeIteration
turningCrossing: 324/1600 holds, last 0.071 s, source twoStageRealTimeIteration
turningCrossing: 328/1600 holds, last 0.072 s, source twoStageRealTimeIteration
turningCrossing: 332/1600 holds, last 0.082 s, source twoStageRealTimeIteration
turningCrossing: 336/1600 holds, last 0.084 s, source twoStageRealTimeIteration
turningCrossing: 340/1600 holds, last 0.066 s, source twoStageRealTimeIteration
turningCrossing: 344/1600 holds, last 0.065 s, source twoStageRealTimeIteration
turningCrossing: 348/1600 holds, last 0.071 s, source twoStageRealTimeIteration
turningCrossing: 352/1600 holds, last 0.069 s, source twoStageRealTimeIteration
turningCrossing: 356/1600 holds, last 0.074 s, source twoStageRealTimeIteration
turningCrossing: 360/1600 holds, last 0.066 s, source twoStageRealTimeIteration
turningCrossing: 364/1600 holds, last 0.090 s, source twoStageRealTimeIteration
turningCrossing: 368/1600 holds, last 0.077 s, source twoStageRealTimeIteration
turningCrossing: 372/1600 holds, last 0.070 s, source twoStageRealTimeIteration
turningCrossing: 376/1600 holds, last 0.073 s, source twoStageRealTimeIteration
turningCrossing: 380/1600 holds, last 0.077 s, source twoStageRealTimeIteration
turningCrossing: 384/1600 holds, last 0.068 s, source twoStageRealTimeIteration
turningCrossing: 388/1600 holds, last 0.075 s, source twoStageRealTimeIteration
turningCrossing: 392/1600 holds, last 0.132 s, source twoStageRealTimeIteration
turningCrossing: 396/1600 holds, last 0.070 s, source twoStageRealTimeIteration
turningCrossing: 400/1600 holds, last 0.065 s, source twoStageRealTimeIteration
Recovery at 20.00 s: e = [71.2081    2.41179   -2.59852 -0.0205995 -0.0505241], W = 379352
turningCrossing: 404/1600 holds, last 0.073 s, source twoStageRealTimeIteration
turningCrossing: 408/1600 holds, last 0.078 s, source twoStageRealTimeIteration
turningCrossing: 412/1600 holds, last 0.079 s, source twoStageRealTimeIteration
turningCrossing: 416/1600 holds, last 0.146 s, source twoStageRealTimeIteration
turningCrossing: 420/1600 holds, last 0.078 s, source twoStageRealTimeIteration
turningCrossing: 424/1600 holds, last 0.067 s, source twoStageRealTimeIteration
turningCrossing: 428/1600 holds, last 0.084 s, source twoStageRealTimeIteration
turningCrossing: 432/1600 holds, last 0.148 s, source twoStageRealTimeIteration
turningCrossing: 436/1600 holds, last 0.081 s, source twoStageRealTimeIteration
turningCrossing: 440/1600 holds, last 0.144 s, source twoStageRealTimeIteration
turningCrossing: 444/1600 holds, last 0.085 s, source twoStageRealTimeIteration
turningCrossing: 448/1600 holds, last 0.080 s, source twoStageRealTimeIteration
turningCrossing: 452/1600 holds, last 0.074 s, source twoStageRealTimeIteration
turningCrossing: 456/1600 holds, last 0.154 s, source twoStageRealTimeIteration
turningCrossing: 460/1600 holds, last 0.074 s, source twoStageRealTimeIteration
turningCrossing: 464/1600 holds, last 0.078 s, source twoStageRealTimeIteration
turningCrossing: 468/1600 holds, last 0.086 s, source twoStageRealTimeIteration
turningCrossing: 472/1600 holds, last 0.097 s, source twoStageRealTimeIteration
turningCrossing: 476/1600 holds, last 0.092 s, source twoStageRealTimeIteration
turningCrossing: 480/1600 holds, last 0.102 s, source twoStageRealTimeIteration
turningCrossing: 484/1600 holds, last 0.085 s, source twoStageRealTimeIteration
turningCrossing: 488/1600 holds, last 0.096 s, source twoStageRealTimeIteration
turningCrossing: 492/1600 holds, last 0.116 s, source twoStageRealTimeIteration
turningCrossing: 496/1600 holds, last 0.153 s, source twoStageRealTimeIteration
turningCrossing: 500/1600 holds, last 0.083 s, source twoStageRealTimeIteration
Recovery at 25.00 s: e = [116.9     2.1538   -3.10241 -0.0255719 -0.0504782], W = 904332
turningCrossing: 504/1600 holds, last 0.071 s, source twoStageRealTimeIteration
turningCrossing: 508/1600 holds, last 0.072 s, source twoStageRealTimeIteration
turningCrossing: 512/1600 holds, last 0.084 s, source twoStageRealTimeIteration
turningCrossing: 516/1600 holds, last 0.085 s, source twoStageRealTimeIteration
turningCrossing: 520/1600 holds, last 0.091 s, source twoStageRealTimeIteration
turningCrossing: 524/1600 holds, last 0.093 s, source twoStageRealTimeIteration
turningCrossing: 528/1600 holds, last 0.085 s, source twoStageRealTimeIteration
turningCrossing: 532/1600 holds, last 0.087 s, source twoStageRealTimeIteration
turningCrossing: 536/1600 holds, last 0.086 s, source twoStageRealTimeIteration
turningCrossing: 540/1600 holds, last 0.087 s, source twoStageRealTimeIteration
turningCrossing: 544/1600 holds, last 0.083 s, source twoStageRealTimeIteration
turningCrossing: 548/1600 holds, last 0.084 s, source twoStageRealTimeIteration
turningCrossing: 552/1600 holds, last 0.090 s, source twoStageRealTimeIteration
turningCrossing: 556/1600 holds, last 0.090 s, source twoStageRealTimeIteration
turningCrossing: 560/1600 holds, last 0.089 s, source twoStageRealTimeIteration
turningCrossing: 564/1600 holds, last 0.098 s, source twoStageRealTimeIteration
turningCrossing: 568/1600 holds, last 0.095 s, source twoStageRealTimeIteration
turningCrossing: 572/1600 holds, last 0.085 s, source twoStageRealTimeIteration
turningCrossing: 576/1600 holds, last 0.096 s, source twoStageRealTimeIteration
turningCrossing: 580/1600 holds, last 0.097 s, source twoStageRealTimeIteration
turningCrossing: 584/1600 holds, last 0.097 s, source twoStageRealTimeIteration
turningCrossing: 588/1600 holds, last 0.089 s, source twoStageRealTimeIteration
turningCrossing: 592/1600 holds, last 0.178 s, source twoStageRealTimeIteration
turningCrossing: 596/1600 holds, last 0.081 s, source twoStageRealTimeIteration
turningCrossing: 600/1600 holds, last 0.093 s, source twoStageRealTimeIteration
Recovery at 30.00 s: e = [170.095    1.90977   -3.09735  -0.024713 -0.0484752], W = 1.80885e+06
turningCrossing: 604/1600 holds, last 0.094 s, source twoStageRealTimeIteration
turningCrossing: 608/1600 holds, last 0.088 s, source twoStageRealTimeIteration
turningCrossing: 612/1600 holds, last 0.084 s, source twoStageRealTimeIteration
turningCrossing: 616/1600 holds, last 0.174 s, source twoStageRealTimeIteration
turningCrossing: 620/1600 holds, last 0.069 s, source twoStageRealTimeIteration
turningCrossing: 624/1600 holds, last 0.094 s, source twoStageRealTimeIteration
turningCrossing: 628/1600 holds, last 0.076 s, source twoStageRealTimeIteration
turningCrossing: 632/1600 holds, last 0.143 s, source twoStageRealTimeIteration
turningCrossing: 636/1600 holds, last 0.092 s, source twoStageRealTimeIteration
turningCrossing: 640/1600 holds, last 0.148 s, source twoStageRealTimeIteration
turningCrossing: 644/1600 holds, last 0.099 s, source twoStageRealTimeIteration
turningCrossing: 648/1600 holds, last 0.081 s, source twoStageRealTimeIteration
turningCrossing: 652/1600 holds, last 0.091 s, source twoStageRealTimeIteration
turningCrossing: 656/1600 holds, last 0.093 s, source twoStageRealTimeIteration
turningCrossing: 660/1600 holds, last 0.089 s, source twoStageRealTimeIteration
turningCrossing: 664/1600 holds, last 0.102 s, source twoStageRealTimeIteration
turningCrossing: 668/1600 holds, last 0.086 s, source twoStageRealTimeIteration
turningCrossing: 672/1600 holds, last 0.090 s, source twoStageRealTimeIteration
turningCrossing: 676/1600 holds, last 0.092 s, source twoStageRealTimeIteration
turningCrossing: 680/1600 holds, last 0.078 s, source twoStageRealTimeIteration
turningCrossing: 684/1600 holds, last 0.086 s, source twoStageRealTimeIteration
turningCrossing: 688/1600 holds, last 0.098 s, source twoStageRealTimeIteration
turningCrossing: 692/1600 holds, last 0.154 s, source twoStageRealTimeIteration
turningCrossing: 696/1600 holds, last 0.091 s, source twoStageRealTimeIteration
turningCrossing: 700/1600 holds, last 0.089 s, source twoStageRealTimeIteration
Recovery at 35.00 s: e = [228.113    1.67533   -3.10049 -0.0239689 -0.0472651], W = 3.15579e+06
turningCrossing: 704/1600 holds, last 0.091 s, source twoStageRealTimeIteration
turningCrossing: 708/1600 holds, last 0.095 s, source twoStageRealTimeIteration
turningCrossing: 712/1600 holds, last 0.090 s, source twoStageRealTimeIteration
turningCrossing: 716/1600 holds, last 0.093 s, source twoStageRealTimeIteration
turningCrossing: 720/1600 holds, last 0.075 s, source twoStageRealTimeIteration
turningCrossing: 724/1600 holds, last 0.083 s, source twoStageRealTimeIteration
turningCrossing: 728/1600 holds, last 0.090 s, source twoStageRealTimeIteration
turningCrossing: 732/1600 holds, last 0.080 s, source twoStageRealTimeIteration
turningCrossing: 736/1600 holds, last 0.089 s, source twoStageRealTimeIteration
turningCrossing: 740/1600 holds, last 0.100 s, source twoStageRealTimeIteration
turningCrossing: 744/1600 holds, last 0.084 s, source twoStageRealTimeIteration
turningCrossing: 748/1600 holds, last 0.085 s, source twoStageRealTimeIteration
turningCrossing: 752/1600 holds, last 0.096 s, source twoStageRealTimeIteration
turningCrossing: 756/1600 holds, last 0.089 s, source twoStageRealTimeIteration
turningCrossing: 760/1600 holds, last 0.085 s, source twoStageRealTimeIteration
turningCrossing: 764/1600 holds, last 0.095 s, source twoStageRealTimeIteration
turningCrossing: 768/1600 holds, last 0.096 s, source twoStageRealTimeIteration
turningCrossing: 772/1600 holds, last 0.098 s, source twoStageRealTimeIteration
turningCrossing: 776/1600 holds, last 0.094 s, source twoStageRealTimeIteration
turningCrossing: 780/1600 holds, last 0.090 s, source twoStageRealTimeIteration
turningCrossing: 784/1600 holds, last 0.089 s, source twoStageRealTimeIteration
turningCrossing: 788/1600 holds, last 0.093 s, source twoStageRealTimeIteration
turningCrossing: 792/1600 holds, last 0.169 s, source twoStageRealTimeIteration
turningCrossing: 796/1600 holds, last 0.091 s, source twoStageRealTimeIteration
turningCrossing: 800/1600 holds, last 0.098 s, source twoStageRealTimeIteration
Recovery at 40.00 s: e = [287.19    1.44591   -3.24106 -0.0260854 -0.0483616], W = 4.91289e+06
turningCrossing: 804/1600 holds, last 0.095 s, source twoStageRealTimeIteration
turningCrossing: 808/1600 holds, last 0.096 s, source twoStageRealTimeIteration
turningCrossing: 812/1600 holds, last 0.094 s, source twoStageRealTimeIteration
turningCrossing: 816/1600 holds, last 0.093 s, source twoStageRealTimeIteration
turningCrossing: 820/1600 holds, last 0.081 s, source twoStageRealTimeIteration
turningCrossing: 824/1600 holds, last 0.075 s, source twoStageRealTimeIteration
turningCrossing: 828/1600 holds, last 0.090 s, source twoStageRealTimeIteration
turningCrossing: 832/1600 holds, last 0.096 s, source twoStageRealTimeIteration
turningCrossing: 836/1600 holds, last 0.082 s, source twoStageRealTimeIteration
turningCrossing: 840/1600 holds, last 0.167 s, source twoStageRealTimeIteration
turningCrossing: 844/1600 holds, last 0.090 s, source twoStageRealTimeIteration
turningCrossing: 848/1600 holds, last 0.090 s, source twoStageRealTimeIteration
turningCrossing: 852/1600 holds, last 0.094 s, source twoStageRealTimeIteration
turningCrossing: 856/1600 holds, last 0.084 s, source twoStageRealTimeIteration
turningCrossing: 860/1600 holds, last 0.086 s, source twoStageRealTimeIteration
turningCrossing: 864/1600 holds, last 0.085 s, source twoStageRealTimeIteration
turningCrossing: 868/1600 holds, last 0.082 s, source twoStageRealTimeIteration
turningCrossing: 872/1600 holds, last 0.084 s, source twoStageRealTimeIteration
turningCrossing: 876/1600 holds, last 0.084 s, source twoStageRealTimeIteration
turningCrossing: 880/1600 holds, last 0.098 s, source twoStageRealTimeIteration
turningCrossing: 884/1600 holds, last 0.093 s, source twoStageRealTimeIteration
turningCrossing: 888/1600 holds, last 0.078 s, source twoStageRealTimeIteration
turningCrossing: 892/1600 holds, last 0.086 s, source twoStageRealTimeIteration
turningCrossing: 896/1600 holds, last 0.085 s, source twoStageRealTimeIteration
turningCrossing: 900/1600 holds, last 0.088 s, source twoStageRealTimeIteration
Recovery at 45.00 s: e = [344.383      1.208   -3.12434 -0.0246921 -0.0484724], W = 6.98132e+06
turningCrossing: 904/1600 holds, last 0.153 s, source twoStageRealTimeIteration
turningCrossing: 908/1600 holds, last 0.098 s, source twoStageRealTimeIteration
turningCrossing: 912/1600 holds, last 0.095 s, source twoStageRealTimeIteration
turningCrossing: 916/1600 holds, last 0.094 s, source twoStageRealTimeIteration
turningCrossing: 920/1600 holds, last 0.091 s, source twoStageRealTimeIteration
turningCrossing: 924/1600 holds, last 0.093 s, source twoStageRealTimeIteration
turningCrossing: 928/1600 holds, last 0.154 s, source twoStageRealTimeIteration
turningCrossing: 932/1600 holds, last 0.080 s, source twoStageRealTimeIteration
turningCrossing: 936/1600 holds, last 0.077 s, source twoStageRealTimeIteration
turningCrossing: 940/1600 holds, last 0.099 s, source twoStageRealTimeIteration
turningCrossing: 944/1600 holds, last 0.089 s, source twoStageRealTimeIteration
turningCrossing: 948/1600 holds, last 0.104 s, source twoStageRealTimeIteration
turningCrossing: 952/1600 holds, last 0.090 s, source twoStageRealTimeIteration
turningCrossing: 956/1600 holds, last 0.080 s, source twoStageRealTimeIteration
turningCrossing: 960/1600 holds, last 0.084 s, source twoStageRealTimeIteration
turningCrossing: 964/1600 holds, last 0.085 s, source twoStageRealTimeIteration
turningCrossing: 968/1600 holds, last 0.096 s, source twoStageRealTimeIteration
turningCrossing: 972/1600 holds, last 0.182 s, source twoStageRealTimeIteration
turningCrossing: 976/1600 holds, last 0.092 s, source twoStageRealTimeIteration
turningCrossing: 980/1600 holds, last 0.096 s, source twoStageRealTimeIteration
turningCrossing: 984/1600 holds, last 0.089 s, source twoStageRealTimeIteration
turningCrossing: 988/1600 holds, last 0.086 s, source twoStageRealTimeIteration
turningCrossing: 992/1600 holds, last 0.077 s, source twoStageRealTimeIteration
turningCrossing: 996/1600 holds, last 0.092 s, source twoStageRealTimeIteration
turningCrossing: 1000/1600 holds, last 0.142 s, source twoStageRealTimeIteration
Recovery at 50.00 s: e = [397.053   0.969826   -3.01359  -0.021747 -0.0451529], W = 9.20394e+06
turningCrossing: 1004/1600 holds, last 0.093 s, source twoStageRealTimeIteration
turningCrossing: 1008/1600 holds, last 0.191 s, source twoStageRealTimeIteration
turningCrossing: 1012/1600 holds, last 0.097 s, source twoStageRealTimeIteration
turningCrossing: 1016/1600 holds, last 0.094 s, source twoStageRealTimeIteration
turningCrossing: 1020/1600 holds, last 0.095 s, source twoStageRealTimeIteration
turningCrossing: 1024/1600 holds, last 0.081 s, source twoStageRealTimeIteration
turningCrossing: 1028/1600 holds, last 0.084 s, source twoStageRealTimeIteration
turningCrossing: 1032/1600 holds, last 0.083 s, source twoStageRealTimeIteration
turningCrossing: 1036/1600 holds, last 0.170 s, source twoStageRealTimeIteration
turningCrossing: 1040/1600 holds, last 0.102 s, source twoStageRealTimeIteration
turningCrossing: 1044/1600 holds, last 0.101 s, source twoStageRealTimeIteration
turningCrossing: 1048/1600 holds, last 0.064 s, source twoStageRealTimeIteration
turningCrossing: 1052/1600 holds, last 0.075 s, source twoStageRealTimeIteration
turningCrossing: 1056/1600 holds, last 0.085 s, source twoStageRealTimeIteration
turningCrossing: 1060/1600 holds, last 0.080 s, source twoStageRealTimeIteration
turningCrossing: 1064/1600 holds, last 0.080 s, source twoStageRealTimeIteration
turningCrossing: 1068/1600 holds, last 0.181 s, source twoStageRealTimeIteration
turningCrossing: 1072/1600 holds, last 0.100 s, source twoStageRealTimeIteration
turningCrossing: 1076/1600 holds, last 0.090 s, source twoStageRealTimeIteration
turningCrossing: 1080/1600 holds, last 0.088 s, source twoStageRealTimeIteration
turningCrossing: 1084/1600 holds, last 0.077 s, source twoStageRealTimeIteration
turningCrossing: 1088/1600 holds, last 0.185 s, source twoStageRealTimeIteration
turningCrossing: 1092/1600 holds, last 0.082 s, source twoStageRealTimeIteration
turningCrossing: 1096/1600 holds, last 0.093 s, source twoStageRealTimeIteration
turningCrossing: 1100/1600 holds, last 0.090 s, source twoStageRealTimeIteration
Recovery at 55.00 s: e = [441.599   0.728709   -3.17383  -0.026376 -0.0507795], W = 1.13156e+07
turningCrossing: 1104/1600 holds, last 0.150 s, source twoStageRealTimeIteration
turningCrossing: 1108/1600 holds, last 0.097 s, source twoStageRealTimeIteration
turningCrossing: 1112/1600 holds, last 0.102 s, source twoStageRealTimeIteration
turningCrossing: 1116/1600 holds, last 0.097 s, source twoStageRealTimeIteration
turningCrossing: 1120/1600 holds, last 0.086 s, source twoStageRealTimeIteration
turningCrossing: 1124/1600 holds, last 0.145 s, source twoStageRealTimeIteration
turningCrossing: 1128/1600 holds, last 0.092 s, source twoStageRealTimeIteration
turningCrossing: 1132/1600 holds, last 0.108 s, source twoStageRealTimeIteration
turningCrossing: 1136/1600 holds, last 0.096 s, source twoStageRealTimeIteration
turningCrossing: 1140/1600 holds, last 0.107 s, source twoStageRealTimeIteration
turningCrossing: 1144/1600 holds, last 0.153 s, source twoStageRealTimeIteration
turningCrossing: 1148/1600 holds, last 0.091 s, source twoStageRealTimeIteration
turningCrossing: 1152/1600 holds, last 0.098 s, source twoStageRealTimeIteration
turningCrossing: 1156/1600 holds, last 0.090 s, source twoStageRealTimeIteration
turningCrossing: 1160/1600 holds, last 0.063 s, source twoStageRealTimeIteration
turningCrossing: 1164/1600 holds, last 0.074 s, source twoStageRealTimeIteration
turningCrossing: 1168/1600 holds, last 0.099 s, source twoStageRealTimeIteration
turningCrossing: 1172/1600 holds, last 0.100 s, source twoStageRealTimeIteration
turningCrossing: 1176/1600 holds, last 0.142 s, source twoStageRealTimeIteration
turningCrossing: 1180/1600 holds, last 0.087 s, source twoStageRealTimeIteration
turningCrossing: 1184/1600 holds, last 0.088 s, source twoStageRealTimeIteration
turningCrossing: 1188/1600 holds, last 0.089 s, source twoStageRealTimeIteration
turningCrossing: 1192/1600 holds, last 0.091 s, source twoStageRealTimeIteration
turningCrossing: 1196/1600 holds, last 0.078 s, source twoStageRealTimeIteration
turningCrossing: 1200/1600 holds, last 0.086 s, source twoStageRealTimeIteration
Recovery at 60.00 s: e = [475.475   0.488095   -3.01238 -0.0236393 -0.0482181], W = 1.30555e+07
turningCrossing: 1204/1600 holds, last 0.095 s, source twoStageRealTimeIteration
turningCrossing: 1208/1600 holds, last 0.079 s, source twoStageRealTimeIteration
turningCrossing: 1212/1600 holds, last 0.084 s, source twoStageRealTimeIteration
turningCrossing: 1216/1600 holds, last 0.091 s, source twoStageRealTimeIteration
turningCrossing: 1220/1600 holds, last 0.084 s, source twoStageRealTimeIteration
turningCrossing: 1224/1600 holds, last 0.087 s, source twoStageRealTimeIteration
turningCrossing: 1228/1600 holds, last 0.084 s, source twoStageRealTimeIteration
turningCrossing: 1232/1600 holds, last 0.077 s, source twoStageRealTimeIteration
turningCrossing: 1236/1600 holds, last 0.095 s, source twoStageRealTimeIteration
turningCrossing: 1240/1600 holds, last 0.086 s, source twoStageRealTimeIteration
turningCrossing: 1244/1600 holds, last 0.083 s, source twoStageRealTimeIteration
turningCrossing: 1248/1600 holds, last 0.081 s, source twoStageRealTimeIteration
turningCrossing: 1252/1600 holds, last 0.081 s, source twoStageRealTimeIteration
turningCrossing: 1256/1600 holds, last 0.086 s, source twoStageRealTimeIteration
turningCrossing: 1260/1600 holds, last 0.074 s, source twoStageRealTimeIteration
turningCrossing: 1264/1600 holds, last 0.089 s, source twoStageRealTimeIteration
turningCrossing: 1268/1600 holds, last 0.086 s, source twoStageRealTimeIteration
turningCrossing: 1272/1600 holds, last 0.097 s, source twoStageRealTimeIteration
turningCrossing: 1276/1600 holds, last 0.081 s, source twoStageRealTimeIteration
turningCrossing: 1280/1600 holds, last 0.094 s, source twoStageRealTimeIteration
turningCrossing: 1284/1600 holds, last 0.102 s, source twoStageRealTimeIteration
turningCrossing: 1288/1600 holds, last 0.071 s, source twoStageRealTimeIteration
turningCrossing: 1292/1600 holds, last 0.097 s, source twoStageRealTimeIteration
turningCrossing: 1296/1600 holds, last 0.097 s, source twoStageRealTimeIteration
turningCrossing: 1300/1600 holds, last 0.093 s, source twoStageRealTimeIteration
Recovery at 65.00 s: e = [497.116   0.250217   -2.98346 -0.0231862 -0.0471742], W = 1.42137e+07
turningCrossing: 1304/1600 holds, last 0.087 s, source twoStageRealTimeIteration
turningCrossing: 1308/1600 holds, last 0.087 s, source twoStageRealTimeIteration
turningCrossing: 1312/1600 holds, last 0.097 s, source twoStageRealTimeIteration
turningCrossing: 1316/1600 holds, last 0.084 s, source twoStageRealTimeIteration
turningCrossing: 1320/1600 holds, last 0.094 s, source twoStageRealTimeIteration
turningCrossing: 1324/1600 holds, last 0.073 s, source twoStageRealTimeIteration
turningCrossing: 1328/1600 holds, last 0.174 s, source twoStageRealTimeIteration
turningCrossing: 1332/1600 holds, last 0.098 s, source twoStageRealTimeIteration
turningCrossing: 1336/1600 holds, last 0.074 s, source twoStageRealTimeIteration
turningCrossing: 1340/1600 holds, last 0.072 s, source twoStageRealTimeIteration
turningCrossing: 1344/1600 holds, last 0.093 s, source twoStageRealTimeIteration
turningCrossing: 1348/1600 holds, last 0.087 s, source twoStageRealTimeIteration
turningCrossing: 1352/1600 holds, last 0.074 s, source twoStageRealTimeIteration
turningCrossing: 1356/1600 holds, last 0.090 s, source twoStageRealTimeIteration
turningCrossing: 1360/1600 holds, last 0.087 s, source twoStageRealTimeIteration
turningCrossing: 1364/1600 holds, last 0.092 s, source twoStageRealTimeIteration
turningCrossing: 1368/1600 holds, last 0.077 s, source twoStageRealTimeIteration
turningCrossing: 1372/1600 holds, last 0.099 s, source twoStageRealTimeIteration
turningCrossing: 1376/1600 holds, last 0.088 s, source twoStageRealTimeIteration
turningCrossing: 1380/1600 holds, last 0.088 s, source twoStageRealTimeIteration
turningCrossing: 1384/1600 holds, last 0.081 s, source twoStageRealTimeIteration
turningCrossing: 1388/1600 holds, last 0.082 s, source twoStageRealTimeIteration
turningCrossing: 1392/1600 holds, last 0.102 s, source twoStageRealTimeIteration
turningCrossing: 1396/1600 holds, last 0.085 s, source twoStageRealTimeIteration
turningCrossing: 1400/1600 holds, last 0.089 s, source twoStageRealTimeIteration
Recovery at 70.00 s: e = [504.789  0.0103323   -2.90239 -0.0222888 -0.0473466], W = 1.46017e+07
turningCrossing: 1404/1600 holds, last 0.088 s, source twoStageRealTimeIteration
turningCrossing: 1408/1600 holds, last 0.091 s, source twoStageRealTimeIteration
turningCrossing: 1412/1600 holds, last 0.085 s, source twoStageRealTimeIteration
turningCrossing: 1416/1600 holds, last 0.070 s, source twoStageRealTimeIteration
turningCrossing: 1420/1600 holds, last 0.099 s, source twoStageRealTimeIteration
turningCrossing: 1424/1600 holds, last 0.096 s, source twoStageRealTimeIteration
turningCrossing: 1428/1600 holds, last 0.094 s, source twoStageRealTimeIteration
turningCrossing: 1432/1600 holds, last 0.087 s, source twoStageRealTimeIteration
turningCrossing: 1436/1600 holds, last 0.086 s, source twoStageRealTimeIteration
turningCrossing: 1440/1600 holds, last 0.072 s, source twoStageRealTimeIteration
turningCrossing: 1444/1600 holds, last 0.081 s, source twoStageRealTimeIteration
turningCrossing: 1448/1600 holds, last 0.083 s, source twoStageRealTimeIteration
turningCrossing: 1452/1600 holds, last 0.085 s, source twoStageRealTimeIteration
turningCrossing: 1456/1600 holds, last 0.092 s, source twoStageRealTimeIteration
turningCrossing: 1460/1600 holds, last 0.159 s, source twoStageRealTimeIteration
turningCrossing: 1464/1600 holds, last 0.083 s, source twoStageRealTimeIteration
turningCrossing: 1468/1600 holds, last 0.083 s, source twoStageRealTimeIteration
turningCrossing: 1472/1600 holds, last 0.066 s, source twoStageRealTimeIteration
turningCrossing: 1476/1600 holds, last 0.087 s, source twoStageRealTimeIteration
turningCrossing: 1480/1600 holds, last 0.072 s, source twoStageRealTimeIteration
turningCrossing: 1484/1600 holds, last 0.099 s, source twoStageRealTimeIteration
turningCrossing: 1488/1600 holds, last 0.086 s, source twoStageRealTimeIteration
turningCrossing: 1492/1600 holds, last 0.081 s, source twoStageRealTimeIteration
turningCrossing: 1496/1600 holds, last 0.160 s, source twoStageRealTimeIteration
turningCrossing: 1500/1600 holds, last 0.070 s, source twoStageRealTimeIteration
Recovery at 75.00 s: e = [497.543  -0.243107   -1.95483 -0.0142556 -0.0541829], W = 1.41302e+07
turningCrossing: 1504/1600 holds, last 0.082 s, source twoStageRealTimeIteration
turningCrossing: 1508/1600 holds, last 0.082 s, source twoStageRealTimeIteration
turningCrossing: 1512/1600 holds, last 0.174 s, source twoStageRealTimeIteration
turningCrossing: 1516/1600 holds, last 0.086 s, source twoStageRealTimeIteration
turningCrossing: 1520/1600 holds, last 0.073 s, source twoStageRealTimeIteration
turningCrossing: 1524/1600 holds, last 0.071 s, source twoStageRealTimeIteration
turningCrossing: 1528/1600 holds, last 0.087 s, source twoStageRealTimeIteration
turningCrossing: 1532/1600 holds, last 0.089 s, source twoStageRealTimeIteration
turningCrossing: 1536/1600 holds, last 0.086 s, source twoStageRealTimeIteration
turningCrossing: 1540/1600 holds, last 0.087 s, source twoStageRealTimeIteration
turningCrossing: 1544/1600 holds, last 0.089 s, source twoStageRealTimeIteration
turningCrossing: 1548/1600 holds, last 0.079 s, source twoStageRealTimeIteration
turningCrossing: 1552/1600 holds, last 0.088 s, source twoStageRealTimeIteration
turningCrossing: 1556/1600 holds, last 0.088 s, source twoStageRealTimeIteration
turningCrossing: 1560/1600 holds, last 0.083 s, source twoStageRealTimeIteration
turningCrossing: 1564/1600 holds, last 0.084 s, source twoStageRealTimeIteration
turningCrossing: 1568/1600 holds, last 0.078 s, source twoStageRealTimeIteration
turningCrossing: 1572/1600 holds, last 0.086 s, source twoStageRealTimeIteration
turningCrossing: 1576/1600 holds, last 0.087 s, source twoStageRealTimeIteration
turningCrossing: 1580/1600 holds, last 0.085 s, source twoStageRealTimeIteration
turningCrossing: 1584/1600 holds, last 0.085 s, source twoStageRealTimeIteration
turningCrossing: 1588/1600 holds, last 0.089 s, source twoStageRealTimeIteration
turningCrossing: 1592/1600 holds, last 0.088 s, source twoStageRealTimeIteration
turningCrossing: 1596/1600 holds, last 0.073 s, source twoStageRealTimeIteration
turningCrossing: 1600/1600 holds, last 0.087 s, source twoStageRealTimeIteration
Recovery at 80.00 s: e = [471.604   -0.555794    -1.34984 -0.00881152  -0.0684136], W = 1.26285e+07
turningCrossing: 1600/1600 frames, max 0.285 s, failure
CASE-END speed=15 scenario=turningCrossing frames=1600 wall=168.668 recovered=0 max=0.285066 gap=0.081015697 failure=
PARTITION-COMPLETE 3
