MATLAB 26.1.0.3276743 (R2026a) Update 3, partition 2 of 4
CASE-START speed=8 scenario=brakingLead
brakingLead: 4/1600 holds, last 0.148 s, source twoStageRealTimeIteration
brakingLead: 8/1600 holds, last 0.128 s, source twoStageRealTimeIteration
brakingLead: 12/1600 holds, last 0.107 s, source twoStageRealTimeIteration
brakingLead: 16/1600 holds, last 0.116 s, source twoStageRealTimeIteration
brakingLead: 20/1600 holds, last 0.244 s, source twoStageRealTimeIteration
brakingLead: 24/1600 holds, last 0.109 s, source twoStageRealTimeIteration
brakingLead: 28/1600 holds, last 0.116 s, source twoStageRealTimeIteration
brakingLead: 32/1600 holds, last 0.489 s, source twoStageRealTimeIteration
brakingLead: 36/1600 holds, last 0.386 s, source twoStageRealTimeIteration
brakingLead: 40/1600 holds, last 0.102 s, source twoStageRealTimeIteration
brakingLead: 44/1600 holds, last 0.141 s, source twoStageRealTimeIteration
brakingLead: 48/1600 holds, last 0.306 s, source twoStageRealTimeIteration
brakingLead: 52/1600 holds, last 0.128 s, source twoStageRealTimeIteration
brakingLead: 56/1600 holds, last 0.307 s, source twoStageRealTimeIteration
brakingLead: 60/1600 holds, last 0.132 s, source twoStageRealTimeIteration
brakingLead: 64/1600 holds, last 0.460 s, source twoStageRealTimeIteration
brakingLead: 68/1600 holds, last 0.151 s, source twoStageRealTimeIteration
brakingLead: 72/1600 holds, last 0.116 s, source twoStageRealTimeIteration
brakingLead: 76/1600 holds, last 0.158 s, source twoStageRealTimeIteration
brakingLead: 80/1600 holds, last 0.124 s, source twoStageRealTimeIteration
brakingLead: 84/1600 holds, last 0.246 s, source twoStageRealTimeIteration
brakingLead: 88/1600 holds, last 0.457 s, source twoStageRealTimeIteration
brakingLead: 92/1600 holds, last 0.341 s, source twoStageRealTimeIteration
brakingLead: 96/1600 holds, last 0.151 s, source twoStageRealTimeIteration
brakingLead: 100/1600 holds, last 0.125 s, source twoStageRealTimeIteration
Recovery at 5.00 s: e = [4.00027  0.0305179 -0.0904287    -0.0267  -0.028012], W = 1255.9
brakingLead: 104/1600 holds, last 0.198 s, source twoStageRealTimeIteration
brakingLead: 108/1600 holds, last 0.137 s, source twoStageRealTimeIteration
brakingLead: 112/1600 holds, last 0.153 s, source twoStageRealTimeIteration
brakingLead: 116/1600 holds, last 0.126 s, source twoStageRealTimeIteration
brakingLead: 120/1600 holds, last 0.126 s, source twoStageRealTimeIteration
brakingLead: 124/1600 holds, last 0.137 s, source twoStageRealTimeIteration
brakingLead: 128/1600 holds, last 0.144 s, source twoStageRealTimeIteration
brakingLead: 132/1600 holds, last 0.146 s, source twoStageRealTimeIteration
brakingLead: 136/1600 holds, last 0.101 s, source twoStageRealTimeIteration
brakingLead: 140/1600 holds, last 0.187 s, source twoStageRealTimeIteration
brakingLead: 144/1600 holds, last 0.178 s, source twoStageRealTimeIteration
brakingLead: 148/1600 holds, last 0.102 s, source twoStageRealTimeIteration
brakingLead: 152/1600 holds, last 0.090 s, source twoStageRealTimeIteration
brakingLead: 156/1600 holds, last 0.091 s, source twoStageRealTimeIteration
brakingLead: 160/1600 holds, last 0.090 s, source twoStageRealTimeIteration
brakingLead: 164/1600 holds, last 0.095 s, source twoStageRealTimeIteration
brakingLead: 168/1600 holds, last 0.094 s, source twoStageRealTimeIteration
brakingLead: 172/1600 holds, last 0.091 s, source twoStageRealTimeIteration
brakingLead: 176/1600 holds, last 0.090 s, source twoStageRealTimeIteration
brakingLead: 180/1600 holds, last 0.084 s, source twoStageRealTimeIteration
brakingLead: 184/1600 holds, last 0.085 s, source twoStageRealTimeIteration
brakingLead: 188/1600 holds, last 0.106 s, source twoStageRealTimeIteration
brakingLead: 192/1600 holds, last 0.090 s, source twoStageRealTimeIteration
brakingLead: 196/1600 holds, last 0.149 s, source twoStageRealTimeIteration
brakingLead: 200/1600 holds, last 0.102 s, source twoStageRealTimeIteration
Recovery at 10.00 s: e = [0.10813  -0.534471   -3.79885 -0.0593781 -0.0427109], W = 728.154
brakingLead: 204/1600 holds, last 0.098 s, source twoStageRealTimeIteration
brakingLead: 208/1600 holds, last 0.096 s, source twoStageRealTimeIteration
brakingLead: 212/1600 holds, last 0.105 s, source twoStageRealTimeIteration
brakingLead: 216/1600 holds, last 0.101 s, source twoStageRealTimeIteration
brakingLead: 220/1600 holds, last 0.101 s, source twoStageRealTimeIteration
brakingLead: 224/1600 holds, last 0.091 s, source twoStageRealTimeIteration
brakingLead: 228/1600 holds, last 0.096 s, source twoStageRealTimeIteration
brakingLead: 232/1600 holds, last 0.102 s, source twoStageRealTimeIteration
brakingLead: 236/1600 holds, last 0.077 s, source twoStageRealTimeIteration
brakingLead: 240/1600 holds, last 0.101 s, source twoStageRealTimeIteration
brakingLead: 244/1600 holds, last 0.101 s, source twoStageRealTimeIteration
brakingLead: 248/1600 holds, last 0.100 s, source twoStageRealTimeIteration
brakingLead: 252/1600 holds, last 0.102 s, source twoStageRealTimeIteration
brakingLead: 256/1600 holds, last 0.097 s, source twoStageRealTimeIteration
brakingLead: 260/1600 holds, last 0.099 s, source twoStageRealTimeIteration
brakingLead: 264/1600 holds, last 0.111 s, source twoStageRealTimeIteration
brakingLead: 268/1600 holds, last 0.102 s, source twoStageRealTimeIteration
brakingLead: 272/1600 holds, last 0.103 s, source twoStageRealTimeIteration
brakingLead: 276/1600 holds, last 0.101 s, source twoStageRealTimeIteration
brakingLead: 280/1600 holds, last 0.123 s, source twoStageRealTimeIteration
brakingLead: 284/1600 holds, last 0.102 s, source twoStageRealTimeIteration
brakingLead: 288/1600 holds, last 0.097 s, source twoStageRealTimeIteration
brakingLead: 292/1600 holds, last 0.101 s, source twoStageRealTimeIteration
brakingLead: 296/1600 holds, last 0.107 s, source twoStageRealTimeIteration
brakingLead: 300/1600 holds, last 0.095 s, source twoStageRealTimeIteration
Recovery at 15.00 s: e = [-5.75346  -0.409355   -5.79449  0.0142109 0.00866093], W = 4175.21
brakingLead: 304/1600 holds, last 0.097 s, source twoStageRealTimeIteration
brakingLead: 308/1600 holds, last 0.103 s, source twoStageRealTimeIteration
brakingLead: 312/1600 holds, last 0.096 s, source twoStageRealTimeIteration
brakingLead: 316/1600 holds, last 0.091 s, source twoStageRealTimeIteration
brakingLead: 320/1600 holds, last 0.092 s, source twoStageRealTimeIteration
brakingLead: 324/1600 holds, last 0.094 s, source twoStageRealTimeIteration
brakingLead: 328/1600 holds, last 0.100 s, source twoStageRealTimeIteration
brakingLead: 332/1600 holds, last 0.096 s, source twoStageRealTimeIteration
brakingLead: 336/1600 holds, last 0.075 s, source twoStageRealTimeIteration
brakingLead: 340/1600 holds, last 0.104 s, source twoStageRealTimeIteration
brakingLead: 344/1600 holds, last 0.095 s, source twoStageRealTimeIteration
brakingLead: 348/1600 holds, last 0.099 s, source twoStageRealTimeIteration
brakingLead: 352/1600 holds, last 0.104 s, source twoStageRealTimeIteration
brakingLead: 356/1600 holds, last 0.110 s, source twoStageRealTimeIteration
brakingLead: 360/1600 holds, last 0.105 s, source twoStageRealTimeIteration
brakingLead: 364/1600 holds, last 0.087 s, source twoStageRealTimeIteration
brakingLead: 368/1600 holds, last 0.089 s, source twoStageRealTimeIteration
brakingLead: 372/1600 holds, last 0.096 s, source twoStageRealTimeIteration
brakingLead: 376/1600 holds, last 0.097 s, source twoStageRealTimeIteration
brakingLead: 380/1600 holds, last 0.091 s, source twoStageRealTimeIteration
brakingLead: 384/1600 holds, last 0.082 s, source twoStageRealTimeIteration
brakingLead: 388/1600 holds, last 0.078 s, source twoStageRealTimeIteration
brakingLead: 392/1600 holds, last 0.096 s, source twoStageRealTimeIteration
brakingLead: 396/1600 holds, last 0.098 s, source twoStageRealTimeIteration
brakingLead: 400/1600 holds, last 0.113 s, source twoStageRealTimeIteration
Recovery at 20.00 s: e = [-9.33641 -0.227102   -1.9288  0.134351  0.099856], W = 7407.29
brakingLead: 404/1600 holds, last 0.106 s, source twoStageRealTimeIteration
brakingLead: 408/1600 holds, last 0.093 s, source twoStageRealTimeIteration
brakingLead: 412/1600 holds, last 0.088 s, source twoStageRealTimeIteration
brakingLead: 416/1600 holds, last 0.176 s, source twoStageRealTimeIteration
brakingLead: 420/1600 holds, last 0.233 s, source twoStageRealTimeIteration
brakingLead: 424/1600 holds, last 0.067 s, source twoStageRealTimeIteration
brakingLead: 428/1600 holds, last 0.073 s, source twoStageRealTimeIteration
brakingLead: 432/1600 holds, last 0.073 s, source twoStageRealTimeIteration
brakingLead: 436/1600 holds, last 0.062 s, source twoStageRealTimeIteration
brakingLead: 440/1600 holds, last 0.072 s, source twoStageRealTimeIteration
brakingLead: 444/1600 holds, last 0.054 s, source twoStageRealTimeIteration
brakingLead: 448/1600 holds, last 0.187 s, source twoStageRealTimeIteration
brakingLead: 452/1600 holds, last 0.202 s, source twoStageRealTimeIteration
brakingLead: 456/1600 holds, last 0.193 s, source twoStageRealTimeIteration
brakingLead: 460/1600 holds, last 0.248 s, source twoStageRealTimeIteration
brakingLead: 464/1600 holds, last 0.073 s, source twoStageRealTimeIteration
brakingLead: 468/1600 holds, last 0.064 s, source twoStageRealTimeIteration
brakingLead: 472/1600 holds, last 0.075 s, source twoStageRealTimeIteration
brakingLead: 476/1600 holds, last 0.185 s, source twoStageRealTimeIteration
brakingLead: 480/1600 holds, last 0.061 s, source twoStageRealTimeIteration
brakingLead: 484/1600 holds, last 0.385 s, source twoStageRealTimeIteration
brakingLead: 488/1600 holds, last 0.061 s, source twoStageRealTimeIteration
brakingLead: 492/1600 holds, last 0.071 s, source twoStageRealTimeIteration
brakingLead: 496/1600 holds, last 0.069 s, source twoStageRealTimeIteration
brakingLead: 500/1600 holds, last 0.075 s, source twoStageRealTimeIteration
Recovery at 25.00 s: e = [-12.3125 0.00438935  -0.166318  0.0388816  0.0336854], W = 11511.6
brakingLead: 504/1600 holds, last 0.304 s, source twoStageRealTimeIteration
brakingLead: 508/1600 holds, last 0.056 s, source twoStageRealTimeIteration
brakingLead: 512/1600 holds, last 0.198 s, source twoStageRealTimeIteration
brakingLead: 516/1600 holds, last 0.067 s, source twoStageRealTimeIteration
brakingLead: 520/1600 holds, last 0.198 s, source twoStageRealTimeIteration
brakingLead: 524/1600 holds, last 0.063 s, source twoStageRealTimeIteration
brakingLead: 528/1600 holds, last 0.272 s, source twoStageRealTimeIteration
brakingLead: 532/1600 holds, last 0.253 s, source twoStageRealTimeIteration
brakingLead: 536/1600 holds, last 0.182 s, source twoStageRealTimeIteration
brakingLead: 540/1600 holds, last 0.192 s, source twoStageRealTimeIteration
brakingLead: 544/1600 holds, last 0.335 s, source twoStageRealTimeIteration
brakingLead: 548/1600 holds, last 0.180 s, source twoStageRealTimeIteration
brakingLead: 552/1600 holds, last 0.055 s, source twoStageRealTimeIteration
brakingLead: 556/1600 holds, last 0.068 s, source twoStageRealTimeIteration
brakingLead: 560/1600 holds, last 0.063 s, source twoStageRealTimeIteration
brakingLead: 564/1600 holds, last 0.056 s, source twoStageRealTimeIteration
brakingLead: 568/1600 holds, last 0.055 s, source twoStageRealTimeIteration
brakingLead: 572/1600 holds, last 0.056 s, source twoStageRealTimeIteration
brakingLead: 576/1600 holds, last 0.056 s, source twoStageRealTimeIteration
brakingLead: 580/1600 holds, last 0.052 s, source twoStageRealTimeIteration
brakingLead: 584/1600 holds, last 0.050 s, source twoStageRealTimeIteration
brakingLead: 588/1600 holds, last 0.059 s, source twoStageRealTimeIteration
brakingLead: 592/1600 holds, last 0.059 s, source twoStageRealTimeIteration
brakingLead: 596/1600 holds, last 0.068 s, source twoStageRealTimeIteration
brakingLead: 600/1600 holds, last 0.064 s, source twoStageRealTimeIteration
Recovery at 30.00 s: e = [-9.15014    0.124877   -0.130564 -0.00841012  -0.0075651], W = 6052.45
brakingLead: 604/1600 holds, last 0.054 s, source twoStageRealTimeIteration
brakingLead: 608/1600 holds, last 0.051 s, source twoStageRealTimeIteration
brakingLead: 612/1600 holds, last 0.051 s, source twoStageRealTimeIteration
brakingLead: 616/1600 holds, last 0.050 s, source twoStageRealTimeIteration
brakingLead: 620/1600 holds, last 0.060 s, source twoStageRealTimeIteration
brakingLead: 624/1600 holds, last 0.053 s, source twoStageRealTimeIteration
brakingLead: 628/1600 holds, last 0.053 s, source twoStageRealTimeIteration
brakingLead: 632/1600 holds, last 0.050 s, source twoStageRealTimeIteration
brakingLead: 636/1600 holds, last 0.049 s, source twoStageRealTimeIteration
brakingLead: 640/1600 holds, last 0.048 s, source twoStageRealTimeIteration
brakingLead: 644/1600 holds, last 0.061 s, source twoStageRealTimeIteration
brakingLead: 648/1600 holds, last 0.057 s, source twoStageRealTimeIteration
brakingLead: 652/1600 holds, last 0.062 s, source twoStageRealTimeIteration
brakingLead: 656/1600 holds, last 0.054 s, source twoStageRealTimeIteration
brakingLead: 660/1600 holds, last 0.053 s, source twoStageRealTimeIteration
brakingLead: 664/1600 holds, last 0.052 s, source twoStageRealTimeIteration
brakingLead: 668/1600 holds, last 0.059 s, source twoStageRealTimeIteration
brakingLead: 672/1600 holds, last 0.057 s, source twoStageRealTimeIteration
brakingLead: 676/1600 holds, last 0.058 s, source twoStageRealTimeIteration
brakingLead: 680/1600 holds, last 0.055 s, source twoStageRealTimeIteration
brakingLead: 684/1600 holds, last 0.052 s, source twoStageRealTimeIteration
brakingLead: 688/1600 holds, last 0.049 s, source twoStageRealTimeIteration
brakingLead: 692/1600 holds, last 0.050 s, source twoStageRealTimeIteration
brakingLead: 696/1600 holds, last 0.058 s, source twoStageRealTimeIteration
brakingLead: 700/1600 holds, last 0.047 s, source twoStageRealTimeIteration
Recovery at 35.00 s: e = [-5.45101    0.0791083    -0.371563 -0.000999912 -0.000804937], W = 2143.18
brakingLead: 704/1600 holds, last 0.052 s, source twoStageRealTimeIteration
brakingLead: 708/1600 holds, last 0.054 s, source twoStageRealTimeIteration
brakingLead: 712/1600 holds, last 0.059 s, source twoStageRealTimeIteration
brakingLead: 716/1600 holds, last 0.054 s, source twoStageRealTimeIteration
brakingLead: 720/1600 holds, last 0.060 s, source twoStageRealTimeIteration
brakingLead: 724/1600 holds, last 0.059 s, source twoStageRealTimeIteration
brakingLead: 728/1600 holds, last 0.060 s, source twoStageRealTimeIteration
brakingLead: 732/1600 holds, last 0.060 s, source twoStageRealTimeIteration
brakingLead: 736/1600 holds, last 0.062 s, source twoStageRealTimeIteration
brakingLead: 740/1600 holds, last 0.058 s, source twoStageRealTimeIteration
brakingLead: 744/1600 holds, last 0.057 s, source twoStageRealTimeIteration
brakingLead: 748/1600 holds, last 0.055 s, source twoStageRealTimeIteration
brakingLead: 752/1600 holds, last 0.049 s, source twoStageRealTimeIteration
brakingLead: 756/1600 holds, last 0.052 s, source twoStageRealTimeIteration
brakingLead: 760/1600 holds, last 0.055 s, source twoStageRealTimeIteration
brakingLead: 764/1600 holds, last 0.054 s, source twoStageRealTimeIteration
brakingLead: 768/1600 holds, last 0.057 s, source twoStageRealTimeIteration
brakingLead: 772/1600 holds, last 0.051 s, source twoStageRealTimeIteration
brakingLead: 776/1600 holds, last 0.048 s, source twoStageRealTimeIteration
brakingLead: 780/1600 holds, last 0.048 s, source twoStageRealTimeIteration
brakingLead: 784/1600 holds, last 0.049 s, source twoStageRealTimeIteration
brakingLead: 788/1600 holds, last 0.065 s, source twoStageRealTimeIteration
brakingLead: 792/1600 holds, last 0.049 s, source twoStageRealTimeIteration
brakingLead: 796/1600 holds, last 0.057 s, source twoStageRealTimeIteration
brakingLead: 800/1600 holds, last 0.060 s, source twoStageRealTimeIteration
Recovery at 40.00 s: e = [-2.46792   0.0778073   -0.384268 0.000331688 0.000281172], W = 418.372
brakingLead: 804/1600 holds, last 0.047 s, source twoStageRealTimeIteration
brakingLead: 808/1600 holds, last 0.049 s, source twoStageRealTimeIteration
brakingLead: 812/1600 holds, last 0.056 s, source twoStageRealTimeIteration
brakingLead: 816/1600 holds, last 0.053 s, source twoStageRealTimeIteration
brakingLead: 820/1600 holds, last 0.052 s, source twoStageRealTimeIteration
brakingLead: 824/1600 holds, last 0.062 s, source twoStageRealTimeIteration
brakingLead: 828/1600 holds, last 0.048 s, source twoStageRealTimeIteration
brakingLead: 832/1600 holds, last 0.044 s, source twoStageRealTimeIteration
brakingLead: 836/1600 holds, last 0.045 s, source twoStageRealTimeIteration
brakingLead: 840/1600 holds, last 0.051 s, source twoStageRealTimeIteration
brakingLead: 844/1600 holds, last 0.054 s, source twoStageRealTimeIteration
brakingLead: 848/1600 holds, last 0.053 s, source twoStageRealTimeIteration
brakingLead: 852/1600 holds, last 0.060 s, source twoStageRealTimeIteration
brakingLead: 856/1600 holds, last 0.057 s, source twoStageRealTimeIteration
brakingLead: 860/1600 holds, last 0.055 s, source twoStageRealTimeIteration
brakingLead: 864/1600 holds, last 0.054 s, source twoStageRealTimeIteration
brakingLead: 868/1600 holds, last 0.052 s, source twoStageRealTimeIteration
brakingLead: 872/1600 holds, last 0.049 s, source twoStageRealTimeIteration
brakingLead: 876/1600 holds, last 0.049 s, source twoStageRealTimeIteration
brakingLead: 880/1600 holds, last 0.047 s, source twoStageRealTimeIteration
brakingLead: 884/1600 holds, last 0.048 s, source twoStageRealTimeIteration
brakingLead: 888/1600 holds, last 0.049 s, source twoStageRealTimeIteration
brakingLead: 892/1600 holds, last 0.045 s, source twoStageRealTimeIteration
brakingLead: 896/1600 holds, last 0.051 s, source twoStageRealTimeIteration
brakingLead: 900/1600 holds, last 0.055 s, source twoStageRealTimeIteration
Recovery at 45.00 s: e = [0.172301  0.0220986   -0.13172 -0.0524327  -0.044891], W = 4.47208
brakingLead: 904/1600 holds, last 0.057 s, source twoStageRealTimeIteration
brakingLead: 908/1600 holds, last 0.061 s, source twoStageRealTimeIteration
brakingLead: 912/1600 holds, last 0.061 s, source twoStageRealTimeIteration
brakingLead: 916/1600 holds, last 0.058 s, source twoStageRealTimeIteration
brakingLead: 920/1600 holds, last 0.060 s, source twoStageRealTimeIteration
brakingLead: 924/1600 holds, last 0.056 s, source twoStageRealTimeIteration
brakingLead: 928/1600 holds, last 0.053 s, source twoStageRealTimeIteration
brakingLead: 932/1600 holds, last 0.052 s, source twoStageRealTimeIteration
brakingLead: 936/1600 holds, last 0.050 s, source twoStageRealTimeIteration
brakingLead: 940/1600 holds, last 0.049 s, source twoStageRealTimeIteration
brakingLead: 944/1600 holds, last 0.050 s, source twoStageRealTimeIteration
brakingLead: 948/1600 holds, last 0.059 s, source twoStageRealTimeIteration
brakingLead: 952/1600 holds, last 0.051 s, source twoStageRealTimeIteration
brakingLead: 956/1600 holds, last 0.047 s, source twoStageRealTimeIteration
brakingLead: 960/1600 holds, last 0.049 s, source twoStageRealTimeIteration
brakingLead: 964/1600 holds, last 0.054 s, source twoStageRealTimeIteration
brakingLead: 968/1600 holds, last 0.047 s, source twoStageRealTimeIteration
brakingLead: 972/1600 holds, last 0.049 s, source twoStageRealTimeIteration
brakingLead: 976/1600 holds, last 0.051 s, source twoStageRealTimeIteration
brakingLead: 980/1600 holds, last 0.054 s, source twoStageRealTimeIteration
brakingLead: 984/1600 holds, last 0.059 s, source twoStageRealTimeIteration
brakingLead: 988/1600 holds, last 0.060 s, source twoStageRealTimeIteration
brakingLead: 992/1600 holds, last 0.056 s, source twoStageRealTimeIteration
brakingLead: 996/1600 holds, last 0.055 s, source twoStageRealTimeIteration
brakingLead: 1000/1600 holds, last 0.061 s, source twoStageRealTimeIteration
Recovery at 50.00 s: e = [0.0264077 -0.00192404  -0.0586446  0.00180977   0.0015345], W = 0.114114
brakingLead: 1004/1600 holds, last 0.056 s, source twoStageRealTimeIteration
brakingLead: 1008/1600 holds, last 0.052 s, source twoStageRealTimeIteration
brakingLead: 1012/1600 holds, last 0.063 s, source twoStageRealTimeIteration
brakingLead: 1016/1600 holds, last 0.054 s, source twoStageRealTimeIteration
brakingLead: 1020/1600 holds, last 0.054 s, source twoStageRealTimeIteration
brakingLead: 1024/1600 holds, last 0.052 s, source twoStageRealTimeIteration
brakingLead: 1028/1600 holds, last 0.054 s, source twoStageRealTimeIteration
brakingLead: 1032/1600 holds, last 0.050 s, source twoStageRealTimeIteration
brakingLead: 1036/1600 holds, last 0.051 s, source twoStageRealTimeIteration
brakingLead: 1040/1600 holds, last 0.048 s, source twoStageRealTimeIteration
brakingLead: 1044/1600 holds, last 0.044 s, source twoStageRealTimeIteration
brakingLead: 1048/1600 holds, last 0.057 s, source twoStageRealTimeIteration
brakingLead: 1052/1600 holds, last 0.063 s, source twoStageRealTimeIteration
brakingLead: 1056/1600 holds, last 0.059 s, source twoStageRealTimeIteration
brakingLead: 1058/1600 frames, max 1.258 s, failure
CASE-END speed=8 scenario=brakingLead frames=1058 wall=113.345 recovered=1 max=1.257501 gap=1.060125368 failure=
CASE-START speed=8 scenario=curvedCrossing
curvedCrossing: 4/1600 holds, last 0.110 s, source twoStageRealTimeIteration
curvedCrossing: 8/1600 holds, last 0.138 s, source twoStageRealTimeIteration
curvedCrossing: 12/1600 holds, last 0.151 s, source twoStageRealTimeIteration
curvedCrossing: 16/1600 holds, last 0.110 s, source twoStageRealTimeIteration
curvedCrossing: 20/1600 holds, last 0.091 s, source twoStageRealTimeIteration
curvedCrossing: 24/1600 holds, last 0.092 s, source twoStageRealTimeIteration
curvedCrossing: 28/1600 holds, last 0.093 s, source twoStageRealTimeIteration
curvedCrossing: 32/1600 holds, last 0.099 s, source twoStageRealTimeIteration
curvedCrossing: 36/1600 holds, last 0.102 s, source twoStageRealTimeIteration
curvedCrossing: 40/1600 holds, last 0.089 s, source twoStageRealTimeIteration
curvedCrossing: 44/1600 holds, last 0.137 s, source twoStageRealTimeIteration
curvedCrossing: 48/1600 holds, last 0.096 s, source twoStageRealTimeIteration
curvedCrossing: 52/1600 holds, last 0.093 s, source twoStageRealTimeIteration
curvedCrossing: 56/1600 holds, last 0.091 s, source twoStageRealTimeIteration
curvedCrossing: 60/1600 holds, last 0.095 s, source twoStageRealTimeIteration
curvedCrossing: 64/1600 holds, last 0.104 s, source twoStageRealTimeIteration
curvedCrossing: 68/1600 holds, last 0.094 s, source twoStageRealTimeIteration
curvedCrossing: 72/1600 holds, last 0.101 s, source twoStageRealTimeIteration
curvedCrossing: 76/1600 holds, last 0.132 s, source twoStageRealTimeIteration
curvedCrossing: 80/1600 holds, last 0.113 s, source twoStageRealTimeIteration
curvedCrossing: 84/1600 holds, last 0.109 s, source twoStageRealTimeIteration
curvedCrossing: 88/1600 holds, last 0.097 s, source twoStageRealTimeIteration
curvedCrossing: 92/1600 holds, last 0.101 s, source twoStageRealTimeIteration
curvedCrossing: 96/1600 holds, last 0.113 s, source twoStageRealTimeIteration
curvedCrossing: 100/1600 holds, last 0.109 s, source twoStageRealTimeIteration
Recovery at 5.00 s: e = [-26.4042 -0.83018  2.76121 0.133698 0.251637], W = 60780.2
curvedCrossing: 104/1600 holds, last 0.110 s, source twoStageRealTimeIteration
curvedCrossing: 108/1600 holds, last 0.099 s, source twoStageRealTimeIteration
curvedCrossing: 112/1600 holds, last 0.099 s, source twoStageRealTimeIteration
curvedCrossing: 116/1600 holds, last 0.129 s, source twoStageRealTimeIteration
curvedCrossing: 120/1600 holds, last 0.130 s, source twoStageRealTimeIteration
curvedCrossing: 124/1600 holds, last 0.128 s, source twoStageRealTimeIteration
curvedCrossing: 128/1600 holds, last 0.122 s, source twoStageRealTimeIteration
curvedCrossing: 132/1600 holds, last 0.098 s, source twoStageRealTimeIteration
curvedCrossing: 136/1600 holds, last 0.136 s, source twoStageRealTimeIteration
curvedCrossing: 140/1600 holds, last 0.096 s, source twoStageRealTimeIteration
curvedCrossing: 144/1600 holds, last 0.098 s, source twoStageRealTimeIteration
curvedCrossing: 148/1600 holds, last 0.130 s, source twoStageRealTimeIteration
curvedCrossing: 152/1600 holds, last 0.090 s, source twoStageRealTimeIteration
curvedCrossing: 156/1600 holds, last 0.105 s, source twoStageRealTimeIteration
curvedCrossing: 160/1600 holds, last 0.096 s, source twoStageRealTimeIteration
curvedCrossing: 164/1600 holds, last 0.092 s, source twoStageRealTimeIteration
curvedCrossing: 168/1600 holds, last 0.121 s, source twoStageRealTimeIteration
curvedCrossing: 172/1600 holds, last 0.126 s, source twoStageRealTimeIteration
curvedCrossing: 176/1600 holds, last 0.088 s, source twoStageRealTimeIteration
curvedCrossing: 180/1600 holds, last 0.092 s, source twoStageRealTimeIteration
curvedCrossing: 184/1600 holds, last 0.091 s, source twoStageRealTimeIteration
curvedCrossing: 188/1600 holds, last 0.084 s, source twoStageRealTimeIteration
curvedCrossing: 192/1600 holds, last 0.088 s, source twoStageRealTimeIteration
curvedCrossing: 196/1600 holds, last 0.091 s, source twoStageRealTimeIteration
curvedCrossing: 200/1600 holds, last 0.092 s, source twoStageRealTimeIteration
Recovery at 10.00 s: e = [-31.4502  0.611726   5.86021 -0.347333  0.473627], W = 70869.3
curvedCrossing: 204/1600 holds, last 0.087 s, source twoStageRealTimeIteration
curvedCrossing: 208/1600 holds, last 0.099 s, source twoStageRealTimeIteration
curvedCrossing: 212/1600 holds, last 0.083 s, source twoStageRealTimeIteration
curvedCrossing: 216/1600 holds, last 0.086 s, source twoStageRealTimeIteration
curvedCrossing: 220/1600 holds, last 0.080 s, source twoStageRealTimeIteration
curvedCrossing: 224/1600 holds, last 0.087 s, source twoStageRealTimeIteration
curvedCrossing: 228/1600 holds, last 0.083 s, source twoStageRealTimeIteration
curvedCrossing: 232/1600 holds, last 0.083 s, source twoStageRealTimeIteration
curvedCrossing: 236/1600 holds, last 0.091 s, source twoStageRealTimeIteration
curvedCrossing: 240/1600 holds, last 0.089 s, source twoStageRealTimeIteration
curvedCrossing: 244/1600 holds, last 0.100 s, source twoStageRealTimeIteration
curvedCrossing: 248/1600 holds, last 0.192 s, source twoStageRealTimeIteration
curvedCrossing: 252/1600 holds, last 0.131 s, source twoStageRealTimeIteration
curvedCrossing: 256/1600 holds, last 0.121 s, source twoStageRealTimeIteration
curvedCrossing: 260/1600 holds, last 0.102 s, source twoStageRealTimeIteration
curvedCrossing: 264/1600 holds, last 0.095 s, source twoStageRealTimeIteration
curvedCrossing: 268/1600 holds, last 0.133 s, source twoStageRealTimeIteration
curvedCrossing: 272/1600 holds, last 0.102 s, source twoStageRealTimeIteration
curvedCrossing: 276/1600 holds, last 0.131 s, source twoStageRealTimeIteration
curvedCrossing: 280/1600 holds, last 0.135 s, source twoStageRealTimeIteration
curvedCrossing: 284/1600 holds, last 0.149 s, source twoStageRealTimeIteration
curvedCrossing: 288/1600 holds, last 0.122 s, source twoStageRealTimeIteration
curvedCrossing: 292/1600 holds, last 0.108 s, source twoStageRealTimeIteration
curvedCrossing: 296/1600 holds, last 0.121 s, source twoStageRealTimeIteration
curvedCrossing: 300/1600 holds, last 0.127 s, source twoStageRealTimeIteration
Recovery at 15.00 s: e = [28.068   2.65213   6.69376 -0.339928  0.376917], W = 94122.6
curvedCrossing: 304/1600 holds, last 0.138 s, source twoStageRealTimeIteration
curvedCrossing: 308/1600 holds, last 0.139 s, source twoStageRealTimeIteration
curvedCrossing: 312/1600 holds, last 0.111 s, source twoStageRealTimeIteration
curvedCrossing: 316/1600 holds, last 0.112 s, source twoStageRealTimeIteration
curvedCrossing: 320/1600 holds, last 0.103 s, source twoStageRealTimeIteration
curvedCrossing: 324/1600 holds, last 0.193 s, source twoStageRealTimeIteration
curvedCrossing: 328/1600 holds, last 0.105 s, source twoStageRealTimeIteration
curvedCrossing: 332/1600 holds, last 0.080 s, source twoStageRealTimeIteration
curvedCrossing: 336/1600 holds, last 0.094 s, source twoStageRealTimeIteration
curvedCrossing: 340/1600 holds, last 0.087 s, source twoStageRealTimeIteration
curvedCrossing: 344/1600 holds, last 0.082 s, source twoStageRealTimeIteration
curvedCrossing: 348/1600 holds, last 0.093 s, source twoStageRealTimeIteration
curvedCrossing: 352/1600 holds, last 0.086 s, source twoStageRealTimeIteration
curvedCrossing: 356/1600 holds, last 0.081 s, source twoStageRealTimeIteration
curvedCrossing: 360/1600 holds, last 0.087 s, source twoStageRealTimeIteration
curvedCrossing: 364/1600 holds, last 0.092 s, source twoStageRealTimeIteration
curvedCrossing: 368/1600 holds, last 0.086 s, source twoStageRealTimeIteration
curvedCrossing: 372/1600 holds, last 0.093 s, source twoStageRealTimeIteration
curvedCrossing: 376/1600 holds, last 0.094 s, source twoStageRealTimeIteration
curvedCrossing: 380/1600 holds, last 0.086 s, source twoStageRealTimeIteration
curvedCrossing: 384/1600 holds, last 0.135 s, source twoStageRealTimeIteration
curvedCrossing: 388/1600 holds, last 0.287 s, source twoStageRealTimeIteration
curvedCrossing: 392/1600 holds, last 0.152 s, source twoStageRealTimeIteration
curvedCrossing: 396/1600 holds, last 0.137 s, source twoStageRealTimeIteration
curvedCrossing: 400/1600 holds, last 0.152 s, source twoStageRealTimeIteration
Recovery at 20.00 s: e = [-15.3218 -1.00411  7.86711 -1.78157 0.516509], W = 25463
curvedCrossing: 404/1600 holds, last 0.144 s, source twoStageRealTimeIteration
curvedCrossing: 408/1600 holds, last 0.148 s, source twoStageRealTimeIteration
curvedCrossing: 412/1600 holds, last 0.168 s, source twoStageRealTimeIteration
curvedCrossing: 416/1600 holds, last 0.137 s, source twoStageRealTimeIteration
curvedCrossing: 420/1600 holds, last 0.191 s, source twoStageRealTimeIteration
curvedCrossing: 424/1600 holds, last 0.139 s, source twoStageRealTimeIteration
curvedCrossing: 428/1600 holds, last 0.106 s, source twoStageRealTimeIteration
curvedCrossing: 432/1600 holds, last 0.093 s, source twoStageRealTimeIteration
curvedCrossing: 436/1600 holds, last 0.106 s, source twoStageRealTimeIteration
curvedCrossing: 440/1600 holds, last 0.101 s, source twoStageRealTimeIteration
curvedCrossing: 444/1600 holds, last 0.087 s, source twoStageRealTimeIteration
curvedCrossing: 448/1600 holds, last 0.106 s, source twoStageRealTimeIteration
curvedCrossing: 452/1600 holds, last 0.099 s, source twoStageRealTimeIteration
curvedCrossing: 456/1600 holds, last 0.095 s, source twoStageRealTimeIteration
curvedCrossing: 460/1600 holds, last 0.084 s, source twoStageRealTimeIteration
curvedCrossing: 464/1600 holds, last 0.093 s, source twoStageRealTimeIteration
curvedCrossing: 468/1600 holds, last 0.085 s, source twoStageRealTimeIteration
curvedCrossing: 472/1600 holds, last 0.079 s, source twoStageRealTimeIteration
curvedCrossing: 476/1600 holds, last 0.093 s, source twoStageRealTimeIteration
curvedCrossing: 480/1600 holds, last 0.079 s, source twoStageRealTimeIteration
curvedCrossing: 484/1600 holds, last 0.094 s, source twoStageRealTimeIteration
curvedCrossing: 488/1600 holds, last 0.083 s, source twoStageRealTimeIteration
curvedCrossing: 492/1600 holds, last 0.092 s, source twoStageRealTimeIteration
curvedCrossing: 496/1600 holds, last 0.074 s, source twoStageRealTimeIteration
curvedCrossing: 500/1600 holds, last 0.075 s, source twoStageRealTimeIteration
Recovery at 25.00 s: e = [-20.4739  1.09909  8.68092 -3.14382  0.54989], W = 29119.5
curvedCrossing: 504/1600 holds, last 0.093 s, source twoStageRealTimeIteration
curvedCrossing: 508/1600 holds, last 0.100 s, source twoStageRealTimeIteration
curvedCrossing: 512/1600 holds, last 0.095 s, source twoStageRealTimeIteration
curvedCrossing: 516/1600 holds, last 0.093 s, source twoStageRealTimeIteration
curvedCrossing: 520/1600 holds, last 0.101 s, source twoStageRealTimeIteration
curvedCrossing: 524/1600 holds, last 0.150 s, source twoStageRealTimeIteration
curvedCrossing: 528/1600 holds, last 0.134 s, source twoStageRealTimeIteration
curvedCrossing: 532/1600 holds, last 0.117 s, source twoStageRealTimeIteration
curvedCrossing: 536/1600 holds, last 0.100 s, source twoStageRealTimeIteration
curvedCrossing: 540/1600 holds, last 0.092 s, source twoStageRealTimeIteration
curvedCrossing: 544/1600 holds, last 0.087 s, source twoStageRealTimeIteration
curvedCrossing: 548/1600 holds, last 0.095 s, source twoStageRealTimeIteration
curvedCrossing: 552/1600 holds, last 0.085 s, source twoStageRealTimeIteration
curvedCrossing: 556/1600 holds, last 0.084 s, source twoStageRealTimeIteration
curvedCrossing: 560/1600 holds, last 0.076 s, source twoStageRealTimeIteration
curvedCrossing: 564/1600 holds, last 0.095 s, source twoStageRealTimeIteration
curvedCrossing: 568/1600 holds, last 0.099 s, source twoStageRealTimeIteration
curvedCrossing: 572/1600 holds, last 0.081 s, source twoStageRealTimeIteration
curvedCrossing: 576/1600 holds, last 0.083 s, source twoStageRealTimeIteration
curvedCrossing: 580/1600 holds, last 0.082 s, source twoStageRealTimeIteration
curvedCrossing: 584/1600 holds, last 0.092 s, source twoStageRealTimeIteration
curvedCrossing: 588/1600 holds, last 0.106 s, source twoStageRealTimeIteration
curvedCrossing: 592/1600 holds, last 0.092 s, source twoStageRealTimeIteration
curvedCrossing: 596/1600 holds, last 0.093 s, source twoStageRealTimeIteration
curvedCrossing: 600/1600 holds, last 0.052 s, source twoStageRealTimeIteration
Recovery at 30.00 s: e = [39.7626    2.7381  0.709853 0.0269303 0.0142872], W = 164562
curvedCrossing: 604/1600 holds, last 0.058 s, source twoStageRealTimeIteration
curvedCrossing: 608/1600 holds, last 0.062 s, source twoStageRealTimeIteration
curvedCrossing: 612/1600 holds, last 0.060 s, source twoStageRealTimeIteration
curvedCrossing: 616/1600 holds, last 0.056 s, source twoStageRealTimeIteration
curvedCrossing: 620/1600 holds, last 0.064 s, source twoStageRealTimeIteration
curvedCrossing: 624/1600 holds, last 0.061 s, source twoStageRealTimeIteration
curvedCrossing: 628/1600 holds, last 0.065 s, source twoStageRealTimeIteration
curvedCrossing: 632/1600 holds, last 0.050 s, source twoStageRealTimeIteration
curvedCrossing: 636/1600 holds, last 0.052 s, source twoStageRealTimeIteration
curvedCrossing: 640/1600 holds, last 0.061 s, source twoStageRealTimeIteration
curvedCrossing: 644/1600 holds, last 0.063 s, source twoStageRealTimeIteration
curvedCrossing: 648/1600 holds, last 0.065 s, source twoStageRealTimeIteration
curvedCrossing: 652/1600 holds, last 0.065 s, source twoStageRealTimeIteration
curvedCrossing: 656/1600 holds, last 0.072 s, source twoStageRealTimeIteration
curvedCrossing: 660/1600 holds, last 0.065 s, source twoStageRealTimeIteration
curvedCrossing: 664/1600 holds, last 0.060 s, source twoStageRealTimeIteration
curvedCrossing: 668/1600 holds, last 0.063 s, source twoStageRealTimeIteration
curvedCrossing: 672/1600 holds, last 0.066 s, source twoStageRealTimeIteration
curvedCrossing: 676/1600 holds, last 0.058 s, source twoStageRealTimeIteration
curvedCrossing: 680/1600 holds, last 0.066 s, source twoStageRealTimeIteration
curvedCrossing: 684/1600 holds, last 0.065 s, source twoStageRealTimeIteration
curvedCrossing: 688/1600 holds, last 0.056 s, source twoStageRealTimeIteration
curvedCrossing: 692/1600 holds, last 0.067 s, source twoStageRealTimeIteration
curvedCrossing: 696/1600 holds, last 0.060 s, source twoStageRealTimeIteration
curvedCrossing: 700/1600 holds, last 0.061 s, source twoStageRealTimeIteration
Recovery at 35.00 s: e = [57.4805    2.61739   -1.23443 -0.0860404 -0.0714628], W = 307031
curvedCrossing: 704/1600 holds, last 0.057 s, source twoStageRealTimeIteration
curvedCrossing: 708/1600 holds, last 0.053 s, source twoStageRealTimeIteration
curvedCrossing: 712/1600 holds, last 0.059 s, source twoStageRealTimeIteration
curvedCrossing: 716/1600 holds, last 0.065 s, source twoStageRealTimeIteration
curvedCrossing: 720/1600 holds, last 0.074 s, source twoStageRealTimeIteration
curvedCrossing: 724/1600 holds, last 0.061 s, source twoStageRealTimeIteration
curvedCrossing: 728/1600 holds, last 0.056 s, source twoStageRealTimeIteration
curvedCrossing: 732/1600 holds, last 0.058 s, source twoStageRealTimeIteration
curvedCrossing: 736/1600 holds, last 0.064 s, source twoStageRealTimeIteration
curvedCrossing: 740/1600 holds, last 0.065 s, source twoStageRealTimeIteration
curvedCrossing: 744/1600 holds, last 0.054 s, source twoStageRealTimeIteration
curvedCrossing: 748/1600 holds, last 0.065 s, source twoStageRealTimeIteration
curvedCrossing: 752/1600 holds, last 0.064 s, source twoStageRealTimeIteration
curvedCrossing: 756/1600 holds, last 0.058 s, source twoStageRealTimeIteration
curvedCrossing: 760/1600 holds, last 0.069 s, source twoStageRealTimeIteration
curvedCrossing: 764/1600 holds, last 0.062 s, source twoStageRealTimeIteration
curvedCrossing: 768/1600 holds, last 0.066 s, source twoStageRealTimeIteration
curvedCrossing: 772/1600 holds, last 0.060 s, source twoStageRealTimeIteration
curvedCrossing: 776/1600 holds, last 0.056 s, source twoStageRealTimeIteration
curvedCrossing: 780/1600 holds, last 0.058 s, source twoStageRealTimeIteration
curvedCrossing: 784/1600 holds, last 0.060 s, source twoStageRealTimeIteration
curvedCrossing: 788/1600 holds, last 0.060 s, source twoStageRealTimeIteration
curvedCrossing: 792/1600 holds, last 0.070 s, source twoStageRealTimeIteration
curvedCrossing: 796/1600 holds, last 0.066 s, source twoStageRealTimeIteration
curvedCrossing: 800/1600 holds, last 0.062 s, source twoStageRealTimeIteration
Recovery at 40.00 s: e = [74.025    2.67122   -1.24296 -0.0921829 -0.0763009], W = 487131
curvedCrossing: 804/1600 holds, last 0.055 s, source twoStageRealTimeIteration
curvedCrossing: 808/1600 holds, last 0.048 s, source twoStageRealTimeIteration
curvedCrossing: 812/1600 holds, last 0.049 s, source twoStageRealTimeIteration
curvedCrossing: 816/1600 holds, last 0.067 s, source twoStageRealTimeIteration
curvedCrossing: 820/1600 holds, last 0.067 s, source twoStageRealTimeIteration
curvedCrossing: 824/1600 holds, last 0.073 s, source twoStageRealTimeIteration
curvedCrossing: 828/1600 holds, last 0.062 s, source twoStageRealTimeIteration
curvedCrossing: 832/1600 holds, last 0.068 s, source twoStageRealTimeIteration
curvedCrossing: 836/1600 holds, last 0.061 s, source twoStageRealTimeIteration
curvedCrossing: 840/1600 holds, last 0.055 s, source twoStageRealTimeIteration
curvedCrossing: 844/1600 holds, last 0.063 s, source twoStageRealTimeIteration
curvedCrossing: 848/1600 holds, last 0.066 s, source twoStageRealTimeIteration
curvedCrossing: 852/1600 holds, last 0.064 s, source twoStageRealTimeIteration
curvedCrossing: 856/1600 holds, last 0.072 s, source twoStageRealTimeIteration
curvedCrossing: 860/1600 holds, last 0.063 s, source twoStageRealTimeIteration
curvedCrossing: 864/1600 holds, last 0.071 s, source twoStageRealTimeIteration
curvedCrossing: 868/1600 holds, last 0.061 s, source twoStageRealTimeIteration
curvedCrossing: 872/1600 holds, last 0.057 s, source twoStageRealTimeIteration
curvedCrossing: 876/1600 holds, last 0.059 s, source twoStageRealTimeIteration
curvedCrossing: 880/1600 holds, last 0.050 s, source twoStageRealTimeIteration
curvedCrossing: 884/1600 holds, last 0.049 s, source twoStageRealTimeIteration
curvedCrossing: 888/1600 holds, last 0.050 s, source twoStageRealTimeIteration
curvedCrossing: 892/1600 holds, last 0.050 s, source twoStageRealTimeIteration
curvedCrossing: 896/1600 holds, last 0.050 s, source twoStageRealTimeIteration
curvedCrossing: 900/1600 holds, last 0.050 s, source twoStageRealTimeIteration
Recovery at 45.00 s: e = [88.4218    2.76104   -1.25354 -0.0853453 -0.0708679], W = 679700
curvedCrossing: 904/1600 holds, last 0.050 s, source twoStageRealTimeIteration
curvedCrossing: 908/1600 holds, last 0.051 s, source twoStageRealTimeIteration
curvedCrossing: 912/1600 holds, last 0.051 s, source twoStageRealTimeIteration
curvedCrossing: 916/1600 holds, last 0.053 s, source twoStageRealTimeIteration
curvedCrossing: 920/1600 holds, last 0.051 s, source twoStageRealTimeIteration
curvedCrossing: 924/1600 holds, last 0.068 s, source twoStageRealTimeIteration
curvedCrossing: 928/1600 holds, last 0.051 s, source twoStageRealTimeIteration
curvedCrossing: 932/1600 holds, last 0.055 s, source twoStageRealTimeIteration
curvedCrossing: 936/1600 holds, last 0.049 s, source twoStageRealTimeIteration
curvedCrossing: 940/1600 holds, last 0.049 s, source twoStageRealTimeIteration
curvedCrossing: 944/1600 holds, last 0.051 s, source twoStageRealTimeIteration
curvedCrossing: 948/1600 holds, last 0.050 s, source twoStageRealTimeIteration
curvedCrossing: 952/1600 holds, last 0.054 s, source twoStageRealTimeIteration
curvedCrossing: 956/1600 holds, last 0.058 s, source twoStageRealTimeIteration
curvedCrossing: 960/1600 holds, last 0.050 s, source twoStageRealTimeIteration
curvedCrossing: 964/1600 holds, last 0.052 s, source twoStageRealTimeIteration
curvedCrossing: 968/1600 holds, last 0.050 s, source twoStageRealTimeIteration
curvedCrossing: 972/1600 holds, last 0.050 s, source twoStageRealTimeIteration
curvedCrossing: 976/1600 holds, last 0.049 s, source twoStageRealTimeIteration
curvedCrossing: 980/1600 holds, last 0.053 s, source twoStageRealTimeIteration
curvedCrossing: 984/1600 holds, last 0.049 s, source twoStageRealTimeIteration
curvedCrossing: 988/1600 holds, last 0.052 s, source twoStageRealTimeIteration
curvedCrossing: 992/1600 holds, last 0.051 s, source twoStageRealTimeIteration
curvedCrossing: 996/1600 holds, last 0.056 s, source twoStageRealTimeIteration
curvedCrossing: 1000/1600 holds, last 0.053 s, source twoStageRealTimeIteration
Recovery at 50.00 s: e = [99.2905     2.8973   -1.24282 -0.0859253 -0.0714259], W = 849136
curvedCrossing: 1004/1600 holds, last 0.058 s, source twoStageRealTimeIteration
curvedCrossing: 1008/1600 holds, last 0.053 s, source twoStageRealTimeIteration
curvedCrossing: 1012/1600 holds, last 0.053 s, source twoStageRealTimeIteration
curvedCrossing: 1016/1600 holds, last 0.058 s, source twoStageRealTimeIteration
curvedCrossing: 1020/1600 holds, last 0.051 s, source twoStageRealTimeIteration
curvedCrossing: 1024/1600 holds, last 0.052 s, source twoStageRealTimeIteration
curvedCrossing: 1028/1600 holds, last 0.052 s, source twoStageRealTimeIteration
curvedCrossing: 1032/1600 holds, last 0.054 s, source twoStageRealTimeIteration
curvedCrossing: 1036/1600 holds, last 0.057 s, source twoStageRealTimeIteration
curvedCrossing: 1040/1600 holds, last 0.054 s, source twoStageRealTimeIteration
curvedCrossing: 1044/1600 holds, last 0.057 s, source twoStageRealTimeIteration
curvedCrossing: 1048/1600 holds, last 0.053 s, source twoStageRealTimeIteration
curvedCrossing: 1052/1600 holds, last 0.055 s, source twoStageRealTimeIteration
curvedCrossing: 1056/1600 holds, last 0.060 s, source twoStageRealTimeIteration
curvedCrossing: 1060/1600 holds, last 0.055 s, source twoStageRealTimeIteration
curvedCrossing: 1064/1600 holds, last 0.051 s, source twoStageRealTimeIteration
curvedCrossing: 1068/1600 holds, last 0.051 s, source twoStageRealTimeIteration
curvedCrossing: 1072/1600 holds, last 0.052 s, source twoStageRealTimeIteration
curvedCrossing: 1076/1600 holds, last 0.057 s, source twoStageRealTimeIteration
curvedCrossing: 1080/1600 holds, last 0.055 s, source twoStageRealTimeIteration
curvedCrossing: 1084/1600 holds, last 0.057 s, source twoStageRealTimeIteration
curvedCrossing: 1088/1600 holds, last 0.072 s, source twoStageRealTimeIteration
curvedCrossing: 1092/1600 holds, last 0.064 s, source twoStageRealTimeIteration
curvedCrossing: 1096/1600 holds, last 0.053 s, source twoStageRealTimeIteration
curvedCrossing: 1100/1600 holds, last 0.056 s, source twoStageRealTimeIteration
Recovery at 55.00 s: e = [105.059    3.07395   -1.21759 -0.0876718 -0.0728666], W = 950998
curvedCrossing: 1104/1600 holds, last 0.056 s, source twoStageRealTimeIteration
curvedCrossing: 1108/1600 holds, last 0.055 s, source twoStageRealTimeIteration
curvedCrossing: 1112/1600 holds, last 0.054 s, source twoStageRealTimeIteration
curvedCrossing: 1116/1600 holds, last 0.054 s, source twoStageRealTimeIteration
curvedCrossing: 1120/1600 holds, last 0.063 s, source twoStageRealTimeIteration
curvedCrossing: 1124/1600 holds, last 0.057 s, source twoStageRealTimeIteration
curvedCrossing: 1128/1600 holds, last 0.061 s, source twoStageRealTimeIteration
curvedCrossing: 1132/1600 holds, last 0.054 s, source twoStageRealTimeIteration
curvedCrossing: 1136/1600 holds, last 0.051 s, source twoStageRealTimeIteration
curvedCrossing: 1140/1600 holds, last 0.053 s, source twoStageRealTimeIteration
curvedCrossing: 1144/1600 holds, last 0.051 s, source twoStageRealTimeIteration
curvedCrossing: 1148/1600 holds, last 0.056 s, source twoStageRealTimeIteration
curvedCrossing: 1152/1600 holds, last 0.047 s, source twoStageRealTimeIteration
curvedCrossing: 1156/1600 holds, last 0.047 s, source twoStageRealTimeIteration
curvedCrossing: 1160/1600 holds, last 0.051 s, source twoStageRealTimeIteration
curvedCrossing: 1164/1600 holds, last 0.052 s, source twoStageRealTimeIteration
curvedCrossing: 1168/1600 holds, last 0.052 s, source twoStageRealTimeIteration
curvedCrossing: 1172/1600 holds, last 0.049 s, source twoStageRealTimeIteration
curvedCrossing: 1176/1600 holds, last 0.051 s, source twoStageRealTimeIteration
curvedCrossing: 1180/1600 holds, last 0.053 s, source twoStageRealTimeIteration
curvedCrossing: 1184/1600 holds, last 0.054 s, source twoStageRealTimeIteration
curvedCrossing: 1188/1600 holds, last 0.061 s, source twoStageRealTimeIteration
curvedCrossing: 1192/1600 holds, last 0.051 s, source twoStageRealTimeIteration
curvedCrossing: 1196/1600 holds, last 0.052 s, source twoStageRealTimeIteration
curvedCrossing: 1200/1600 holds, last 0.050 s, source twoStageRealTimeIteration
Recovery at 60.00 s: e = [103.888   -2.99155   0.321242 -0.0906491 -0.0810888], W = 742451
curvedCrossing: 1204/1600 holds, last 0.049 s, source twoStageRealTimeIteration
curvedCrossing: 1208/1600 holds, last 0.054 s, source twoStageRealTimeIteration
curvedCrossing: 1212/1600 holds, last 0.060 s, source twoStageRealTimeIteration
curvedCrossing: 1216/1600 holds, last 0.063 s, source twoStageRealTimeIteration
curvedCrossing: 1220/1600 holds, last 0.060 s, source twoStageRealTimeIteration
curvedCrossing: 1224/1600 holds, last 0.062 s, source twoStageRealTimeIteration
curvedCrossing: 1228/1600 holds, last 0.059 s, source twoStageRealTimeIteration
curvedCrossing: 1232/1600 holds, last 0.063 s, source twoStageRealTimeIteration
curvedCrossing: 1236/1600 holds, last 0.062 s, source twoStageRealTimeIteration
curvedCrossing: 1240/1600 holds, last 0.061 s, source twoStageRealTimeIteration
curvedCrossing: 1244/1600 holds, last 0.065 s, source twoStageRealTimeIteration
curvedCrossing: 1248/1600 holds, last 0.064 s, source twoStageRealTimeIteration
curvedCrossing: 1252/1600 holds, last 0.068 s, source twoStageRealTimeIteration
curvedCrossing: 1256/1600 holds, last 0.063 s, source twoStageRealTimeIteration
curvedCrossing: 1260/1600 holds, last 0.064 s, source twoStageRealTimeIteration
curvedCrossing: 1264/1600 holds, last 0.064 s, source twoStageRealTimeIteration
curvedCrossing: 1268/1600 holds, last 0.063 s, source twoStageRealTimeIteration
curvedCrossing: 1272/1600 holds, last 0.062 s, source twoStageRealTimeIteration
curvedCrossing: 1276/1600 holds, last 0.062 s, source twoStageRealTimeIteration
curvedCrossing: 1280/1600 holds, last 0.062 s, source twoStageRealTimeIteration
curvedCrossing: 1284/1600 holds, last 0.057 s, source twoStageRealTimeIteration
curvedCrossing: 1288/1600 holds, last 0.061 s, source twoStageRealTimeIteration
curvedCrossing: 1292/1600 holds, last 0.062 s, source twoStageRealTimeIteration
curvedCrossing: 1296/1600 holds, last 0.060 s, source twoStageRealTimeIteration
curvedCrossing: 1300/1600 holds, last 0.060 s, source twoStageRealTimeIteration
Recovery at 65.00 s: e = [93.1155   -2.76974    0.60697 -0.0824268 -0.0748822], W = 594769
curvedCrossing: 1304/1600 holds, last 0.059 s, source twoStageRealTimeIteration
curvedCrossing: 1308/1600 holds, last 0.060 s, source twoStageRealTimeIteration
curvedCrossing: 1312/1600 holds, last 0.066 s, source twoStageRealTimeIteration
curvedCrossing: 1316/1600 holds, last 0.058 s, source twoStageRealTimeIteration
curvedCrossing: 1320/1600 holds, last 0.061 s, source twoStageRealTimeIteration
curvedCrossing: 1324/1600 holds, last 0.060 s, source twoStageRealTimeIteration
curvedCrossing: 1328/1600 holds, last 0.051 s, source twoStageRealTimeIteration
curvedCrossing: 1332/1600 holds, last 0.049 s, source twoStageRealTimeIteration
curvedCrossing: 1336/1600 holds, last 0.062 s, source twoStageRealTimeIteration
curvedCrossing: 1340/1600 holds, last 0.062 s, source twoStageRealTimeIteration
curvedCrossing: 1344/1600 holds, last 0.057 s, source twoStageRealTimeIteration
curvedCrossing: 1348/1600 holds, last 0.063 s, source twoStageRealTimeIteration
curvedCrossing: 1352/1600 holds, last 0.060 s, source twoStageRealTimeIteration
curvedCrossing: 1356/1600 holds, last 0.058 s, source twoStageRealTimeIteration
curvedCrossing: 1360/1600 holds, last 0.066 s, source twoStageRealTimeIteration
curvedCrossing: 1364/1600 holds, last 0.061 s, source twoStageRealTimeIteration
curvedCrossing: 1368/1600 holds, last 0.064 s, source twoStageRealTimeIteration
curvedCrossing: 1372/1600 holds, last 0.062 s, source twoStageRealTimeIteration
curvedCrossing: 1376/1600 holds, last 0.063 s, source twoStageRealTimeIteration
curvedCrossing: 1380/1600 holds, last 0.058 s, source twoStageRealTimeIteration
curvedCrossing: 1384/1600 holds, last 0.058 s, source twoStageRealTimeIteration
curvedCrossing: 1388/1600 holds, last 0.059 s, source twoStageRealTimeIteration
curvedCrossing: 1392/1600 holds, last 0.067 s, source twoStageRealTimeIteration
curvedCrossing: 1396/1600 holds, last 0.064 s, source twoStageRealTimeIteration
curvedCrossing: 1400/1600 holds, last 0.060 s, source twoStageRealTimeIteration
Recovery at 70.00 s: e = [74.6223   -2.61113   0.467182 -0.0846274 -0.0762889], W = 376215
curvedCrossing: 1404/1600 holds, last 0.060 s, source twoStageRealTimeIteration
curvedCrossing: 1408/1600 holds, last 0.056 s, source twoStageRealTimeIteration
curvedCrossing: 1412/1600 holds, last 0.066 s, source twoStageRealTimeIteration
curvedCrossing: 1416/1600 holds, last 0.066 s, source twoStageRealTimeIteration
curvedCrossing: 1420/1600 holds, last 0.064 s, source twoStageRealTimeIteration
curvedCrossing: 1424/1600 holds, last 0.066 s, source twoStageRealTimeIteration
curvedCrossing: 1428/1600 holds, last 0.066 s, source twoStageRealTimeIteration
curvedCrossing: 1432/1600 holds, last 0.064 s, source twoStageRealTimeIteration
curvedCrossing: 1436/1600 holds, last 0.066 s, source twoStageRealTimeIteration
curvedCrossing: 1440/1600 holds, last 0.063 s, source twoStageRealTimeIteration
curvedCrossing: 1444/1600 holds, last 0.072 s, source twoStageRealTimeIteration
curvedCrossing: 1448/1600 holds, last 0.079 s, source twoStageRealTimeIteration
curvedCrossing: 1452/1600 holds, last 0.072 s, source twoStageRealTimeIteration
curvedCrossing: 1456/1600 holds, last 0.070 s, source twoStageRealTimeIteration
curvedCrossing: 1460/1600 holds, last 0.064 s, source twoStageRealTimeIteration
curvedCrossing: 1464/1600 holds, last 0.064 s, source twoStageRealTimeIteration
curvedCrossing: 1468/1600 holds, last 0.050 s, source twoStageRealTimeIteration
curvedCrossing: 1472/1600 holds, last 0.051 s, source twoStageRealTimeIteration
curvedCrossing: 1476/1600 holds, last 0.070 s, source twoStageRealTimeIteration
curvedCrossing: 1480/1600 holds, last 0.069 s, source twoStageRealTimeIteration
curvedCrossing: 1484/1600 holds, last 0.069 s, source twoStageRealTimeIteration
curvedCrossing: 1488/1600 holds, last 0.064 s, source twoStageRealTimeIteration
curvedCrossing: 1492/1600 holds, last 0.071 s, source twoStageRealTimeIteration
curvedCrossing: 1496/1600 holds, last 0.059 s, source twoStageRealTimeIteration
curvedCrossing: 1500/1600 holds, last 0.079 s, source twoStageRealTimeIteration
Recovery at 75.00 s: e = [52.0417   -2.53727   0.426879  -0.094116 -0.0848593], W = 176731
curvedCrossing: 1504/1600 holds, last 0.078 s, source twoStageRealTimeIteration
curvedCrossing: 1508/1600 holds, last 0.071 s, source twoStageRealTimeIteration
curvedCrossing: 1512/1600 holds, last 0.068 s, source twoStageRealTimeIteration
curvedCrossing: 1516/1600 holds, last 0.055 s, source twoStageRealTimeIteration
curvedCrossing: 1520/1600 holds, last 0.054 s, source twoStageRealTimeIteration
curvedCrossing: 1524/1600 holds, last 0.057 s, source twoStageRealTimeIteration
curvedCrossing: 1528/1600 holds, last 0.056 s, source twoStageRealTimeIteration
curvedCrossing: 1532/1600 holds, last 0.057 s, source twoStageRealTimeIteration
curvedCrossing: 1536/1600 holds, last 0.059 s, source twoStageRealTimeIteration
curvedCrossing: 1540/1600 holds, last 0.059 s, source twoStageRealTimeIteration
curvedCrossing: 1544/1600 holds, last 0.065 s, source twoStageRealTimeIteration
curvedCrossing: 1548/1600 holds, last 0.066 s, source twoStageRealTimeIteration
curvedCrossing: 1552/1600 holds, last 0.061 s, source twoStageRealTimeIteration
curvedCrossing: 1556/1600 holds, last 0.062 s, source twoStageRealTimeIteration
curvedCrossing: 1560/1600 holds, last 0.061 s, source twoStageRealTimeIteration
curvedCrossing: 1564/1600 holds, last 0.057 s, source twoStageRealTimeIteration
curvedCrossing: 1568/1600 holds, last 0.058 s, source twoStageRealTimeIteration
curvedCrossing: 1572/1600 holds, last 0.063 s, source twoStageRealTimeIteration
curvedCrossing: 1576/1600 holds, last 0.065 s, source twoStageRealTimeIteration
curvedCrossing: 1580/1600 holds, last 0.051 s, source twoStageRealTimeIteration
curvedCrossing: 1584/1600 holds, last 0.056 s, source twoStageRealTimeIteration
curvedCrossing: 1588/1600 holds, last 0.057 s, source twoStageRealTimeIteration
curvedCrossing: 1592/1600 holds, last 0.057 s, source twoStageRealTimeIteration
curvedCrossing: 1596/1600 holds, last 0.054 s, source twoStageRealTimeIteration
curvedCrossing: 1600/1600 holds, last 0.052 s, source twoStageRealTimeIteration
Recovery at 80.00 s: e = [25.5283    -2.2849  -0.387981 -0.0454128 -0.0398986], W = 40348.4
curvedCrossing: 1600/1600 frames, max 0.509 s, failure
CASE-END speed=8 scenario=curvedCrossing frames=1600 wall=134.715 recovered=0 max=0.508677 gap=0.544507902 failure=
CASE-START speed=15 scenario=crossing
crossing: 4/1600 holds, last 0.127 s, source twoStageRealTimeIteration
crossing: 8/1600 holds, last 0.108 s, source twoStageRealTimeIteration
crossing: 12/1600 holds, last 0.098 s, source twoStageRealTimeIteration
crossing: 16/1600 holds, last 0.117 s, source twoStageRealTimeIteration
crossing: 20/1600 holds, last 0.132 s, source twoStageRealTimeIteration
crossing: 24/1600 holds, last 0.162 s, source twoStageRealTimeIteration
crossing: 28/1600 holds, last 0.133 s, source twoStageRealTimeIteration
crossing: 32/1600 holds, last 0.132 s, source twoStageRealTimeIteration
crossing: 36/1600 holds, last 0.115 s, source twoStageRealTimeIteration
crossing: 40/1600 holds, last 0.109 s, source twoStageRealTimeIteration
crossing: 44/1600 holds, last 0.137 s, source twoStageRealTimeIteration
crossing: 48/1600 holds, last 0.117 s, source twoStageRealTimeIteration
crossing: 52/1600 holds, last 0.232 s, source twoStageRealTimeIteration
crossing: 56/1600 holds, last 0.099 s, source twoStageRealTimeIteration
crossing: 60/1600 holds, last 0.087 s, source twoStageRealTimeIteration
crossing: 64/1600 holds, last 0.106 s, source twoStageRealTimeIteration
crossing: 68/1600 holds, last 0.116 s, source twoStageRealTimeIteration
crossing: 72/1600 holds, last 0.118 s, source twoStageRealTimeIteration
crossing: 76/1600 holds, last 0.113 s, source twoStageRealTimeIteration
crossing: 80/1600 holds, last 0.148 s, source twoStageRealTimeIteration
crossing: 84/1600 holds, last 0.132 s, source twoStageRealTimeIteration
crossing: 88/1600 holds, last 0.122 s, source twoStageRealTimeIteration
crossing: 92/1600 holds, last 0.195 s, source twoStageRealTimeIteration
crossing: 96/1600 holds, last 0.142 s, source twoStageRealTimeIteration
crossing: 100/1600 holds, last 0.126 s, source twoStageRealTimeIteration
Recovery at 5.00 s: e = [-25.442  -1.59026  -4.51868 0.0938282  0.125549], W = 61009.3
crossing: 104/1600 holds, last 0.179 s, source twoStageRealTimeIteration
crossing: 108/1600 holds, last 0.235 s, source twoStageRealTimeIteration
crossing: 112/1600 holds, last 0.121 s, source twoStageRealTimeIteration
crossing: 116/1600 holds, last 0.119 s, source twoStageRealTimeIteration
crossing: 120/1600 holds, last 0.148 s, source twoStageRealTimeIteration
crossing: 124/1600 holds, last 0.260 s, source twoStageRealTimeIteration
crossing: 128/1600 holds, last 0.141 s, source twoStageRealTimeIteration
crossing: 132/1600 holds, last 0.136 s, source twoStageRealTimeIteration
crossing: 136/1600 holds, last 0.119 s, source twoStageRealTimeIteration
crossing: 140/1600 holds, last 0.122 s, source twoStageRealTimeIteration
crossing: 144/1600 holds, last 0.130 s, source twoStageRealTimeIteration
crossing: 148/1600 holds, last 0.155 s, source twoStageRealTimeIteration
crossing: 152/1600 holds, last 0.115 s, source twoStageRealTimeIteration
crossing: 156/1600 holds, last 0.256 s, source twoStageRealTimeIteration
crossing: 160/1600 holds, last 0.121 s, source twoStageRealTimeIteration
crossing: 164/1600 holds, last 0.122 s, source twoStageRealTimeIteration
crossing: 168/1600 holds, last 0.136 s, source twoStageRealTimeIteration
crossing: 172/1600 holds, last 0.117 s, source twoStageRealTimeIteration
crossing: 176/1600 holds, last 0.124 s, source twoStageRealTimeIteration
crossing: 180/1600 holds, last 0.111 s, source twoStageRealTimeIteration
crossing: 184/1600 holds, last 0.138 s, source twoStageRealTimeIteration
crossing: 188/1600 holds, last 0.125 s, source twoStageRealTimeIteration
crossing: 192/1600 holds, last 0.138 s, source twoStageRealTimeIteration
crossing: 196/1600 holds, last 0.113 s, source twoStageRealTimeIteration
crossing: 200/1600 holds, last 0.108 s, source twoStageRealTimeIteration
Recovery at 10.00 s: e = [-69.3682  -1.62125  -7.38686 0.0353468 0.0446989], W = 332194
crossing: 204/1600 holds, last 0.146 s, source twoStageRealTimeIteration
crossing: 208/1600 holds, last 0.113 s, source twoStageRealTimeIteration
crossing: 212/1600 holds, last 0.138 s, source twoStageRealTimeIteration
crossing: 216/1600 holds, last 0.132 s, source twoStageRealTimeIteration
crossing: 220/1600 holds, last 0.122 s, source twoStageRealTimeIteration
crossing: 224/1600 holds, last 0.110 s, source twoStageRealTimeIteration
crossing: 228/1600 holds, last 0.116 s, source twoStageRealTimeIteration
crossing: 232/1600 holds, last 0.113 s, source twoStageRealTimeIteration
crossing: 236/1600 holds, last 0.119 s, source twoStageRealTimeIteration
crossing: 240/1600 holds, last 0.108 s, source twoStageRealTimeIteration
crossing: 244/1600 holds, last 0.104 s, source twoStageRealTimeIteration
crossing: 248/1600 holds, last 0.107 s, source twoStageRealTimeIteration
crossing: 252/1600 holds, last 0.136 s, source twoStageRealTimeIteration
crossing: 256/1600 holds, last 0.103 s, source twoStageRealTimeIteration
crossing: 260/1600 holds, last 0.125 s, source twoStageRealTimeIteration
crossing: 264/1600 holds, last 0.135 s, source twoStageRealTimeIteration
crossing: 268/1600 holds, last 0.150 s, source twoStageRealTimeIteration
crossing: 272/1600 holds, last 0.110 s, source twoStageRealTimeIteration
crossing: 276/1600 holds, last 0.122 s, source twoStageRealTimeIteration
crossing: 280/1600 holds, last 0.122 s, source twoStageRealTimeIteration
crossing: 284/1600 holds, last 0.091 s, source twoStageRealTimeIteration
crossing: 288/1600 holds, last 0.224 s, source twoStageRealTimeIteration
crossing: 292/1600 holds, last 0.147 s, source twoStageRealTimeIteration
crossing: 296/1600 holds, last 0.152 s, source twoStageRealTimeIteration
crossing: 300/1600 holds, last 0.164 s, source twoStageRealTimeIteration
Recovery at 15.00 s: e = [-109.179  -1.60398  -6.56309  -0.65871 -0.857642], W = 767722
crossing: 304/1600 holds, last 0.121 s, source twoStageRealTimeIteration
crossing: 308/1600 holds, last 0.166 s, source twoStageRealTimeIteration
crossing: 312/1600 holds, last 0.116 s, source twoStageRealTimeIteration
crossing: 316/1600 holds, last 0.143 s, source twoStageRealTimeIteration
crossing: 320/1600 holds, last 0.133 s, source twoStageRealTimeIteration
crossing: 324/1600 holds, last 0.115 s, source twoStageRealTimeIteration
crossing: 328/1600 holds, last 0.107 s, source twoStageRealTimeIteration
crossing: 332/1600 holds, last 0.120 s, source twoStageRealTimeIteration
crossing: 336/1600 holds, last 0.147 s, source twoStageRealTimeIteration
crossing: 340/1600 holds, last 0.271 s, source twoStageRealTimeIteration
crossing: 344/1600 holds, last 0.155 s, source twoStageRealTimeIteration
crossing: 348/1600 holds, last 0.140 s, source twoStageRealTimeIteration
crossing: 352/1600 holds, last 0.111 s, source twoStageRealTimeIteration
crossing: 356/1600 holds, last 0.111 s, source twoStageRealTimeIteration
crossing: 360/1600 holds, last 0.100 s, source twoStageRealTimeIteration
crossing: 364/1600 holds, last 0.125 s, source twoStageRealTimeIteration
crossing: 368/1600 holds, last 0.126 s, source twoStageRealTimeIteration
crossing: 372/1600 holds, last 0.254 s, source twoStageRealTimeIteration
crossing: 376/1600 holds, last 0.156 s, source twoStageRealTimeIteration
crossing: 380/1600 holds, last 0.157 s, source twoStageRealTimeIteration
crossing: 384/1600 holds, last 0.114 s, source twoStageRealTimeIteration
crossing: 388/1600 holds, last 0.245 s, source twoStageRealTimeIteration
crossing: 392/1600 holds, last 0.115 s, source twoStageRealTimeIteration
crossing: 396/1600 holds, last 0.158 s, source twoStageRealTimeIteration
crossing: 400/1600 holds, last 0.156 s, source twoStageRealTimeIteration
Recovery at 20.00 s: e = [-147.936  -1.60139  -7.12571 -0.195049  -0.16756], W = 1.36525e+06
crossing: 404/1600 holds, last 0.146 s, source twoStageRealTimeIteration
crossing: 408/1600 holds, last 0.145 s, source twoStageRealTimeIteration
crossing: 412/1600 holds, last 0.159 s, source twoStageRealTimeIteration
crossing: 416/1600 holds, last 0.110 s, source twoStageRealTimeIteration
crossing: 420/1600 holds, last 0.133 s, source twoStageRealTimeIteration
crossing: 424/1600 holds, last 0.105 s, source twoStageRealTimeIteration
crossing: 428/1600 holds, last 0.147 s, source twoStageRealTimeIteration
crossing: 432/1600 holds, last 0.124 s, source twoStageRealTimeIteration
crossing: 436/1600 holds, last 0.158 s, source twoStageRealTimeIteration
crossing: 440/1600 holds, last 0.154 s, source twoStageRealTimeIteration
crossing: 444/1600 holds, last 0.158 s, source twoStageRealTimeIteration
crossing: 448/1600 holds, last 0.310 s, source twoStageRealTimeIteration
crossing: 452/1600 holds, last 0.184 s, source twoStageRealTimeIteration
crossing: 456/1600 holds, last 0.133 s, source twoStageRealTimeIteration
crossing: 460/1600 holds, last 0.155 s, source twoStageRealTimeIteration
crossing: 464/1600 holds, last 0.115 s, source twoStageRealTimeIteration
crossing: 468/1600 holds, last 0.152 s, source twoStageRealTimeIteration
crossing: 472/1600 holds, last 0.147 s, source twoStageRealTimeIteration
crossing: 476/1600 holds, last 0.256 s, source twoStageRealTimeIteration
crossing: 480/1600 holds, last 0.130 s, source twoStageRealTimeIteration
crossing: 484/1600 holds, last 0.178 s, source twoStageRealTimeIteration
crossing: 488/1600 holds, last 0.138 s, source twoStageRealTimeIteration
crossing: 492/1600 holds, last 0.134 s, source twoStageRealTimeIteration
crossing: 496/1600 holds, last 0.130 s, source twoStageRealTimeIteration
crossing: 500/1600 holds, last 0.158 s, source twoStageRealTimeIteration
Recovery at 25.00 s: e = [-187.497  -1.53629  -7.02958 0.0254672  0.018311], W = 2.1471e+06
crossing: 504/1600 holds, last 0.149 s, source twoStageRealTimeIteration
crossing: 508/1600 holds, last 0.149 s, source twoStageRealTimeIteration
crossing: 512/1600 holds, last 0.150 s, source twoStageRealTimeIteration
crossing: 516/1600 holds, last 0.147 s, source twoStageRealTimeIteration
crossing: 520/1600 holds, last 0.140 s, source twoStageRealTimeIteration
crossing: 524/1600 holds, last 0.129 s, source twoStageRealTimeIteration
crossing: 528/1600 holds, last 0.134 s, source twoStageRealTimeIteration
crossing: 532/1600 holds, last 0.147 s, source twoStageRealTimeIteration
crossing: 536/1600 holds, last 0.155 s, source twoStageRealTimeIteration
crossing: 540/1600 holds, last 0.153 s, source twoStageRealTimeIteration
crossing: 544/1600 holds, last 0.087 s, source twoStageRealTimeIteration
crossing: 548/1600 holds, last 0.157 s, source twoStageRealTimeIteration
crossing: 552/1600 holds, last 0.137 s, source twoStageRealTimeIteration
crossing: 556/1600 holds, last 0.144 s, source twoStageRealTimeIteration
crossing: 560/1600 holds, last 0.128 s, source twoStageRealTimeIteration
crossing: 564/1600 holds, last 0.149 s, source twoStageRealTimeIteration
crossing: 568/1600 holds, last 0.126 s, source twoStageRealTimeIteration
crossing: 572/1600 holds, last 0.117 s, source twoStageRealTimeIteration
crossing: 576/1600 holds, last 0.133 s, source twoStageRealTimeIteration
crossing: 580/1600 holds, last 0.148 s, source twoStageRealTimeIteration
crossing: 584/1600 holds, last 0.142 s, source twoStageRealTimeIteration
crossing: 588/1600 holds, last 0.153 s, source twoStageRealTimeIteration
crossing: 592/1600 holds, last 0.142 s, source twoStageRealTimeIteration
crossing: 596/1600 holds, last 0.142 s, source twoStageRealTimeIteration
crossing: 600/1600 holds, last 0.309 s, source twoStageRealTimeIteration
Recovery at 30.00 s: e = [-227.484   -1.57767   -7.02912 -0.0179633 -0.0158262], W = 3.12936e+06
crossing: 604/1600 holds, last 0.253 s, source twoStageRealTimeIteration
crossing: 608/1600 holds, last 0.118 s, source twoStageRealTimeIteration
crossing: 612/1600 holds, last 0.130 s, source twoStageRealTimeIteration
crossing: 616/1600 holds, last 0.124 s, source twoStageRealTimeIteration
crossing: 620/1600 holds, last 0.139 s, source twoStageRealTimeIteration
crossing: 624/1600 holds, last 0.143 s, source twoStageRealTimeIteration
crossing: 628/1600 holds, last 0.139 s, source twoStageRealTimeIteration
crossing: 632/1600 holds, last 0.135 s, source twoStageRealTimeIteration
crossing: 636/1600 holds, last 0.129 s, source twoStageRealTimeIteration
crossing: 640/1600 holds, last 0.140 s, source twoStageRealTimeIteration
crossing: 644/1600 holds, last 0.145 s, source twoStageRealTimeIteration
crossing: 648/1600 holds, last 0.138 s, source twoStageRealTimeIteration
crossing: 652/1600 holds, last 0.132 s, source twoStageRealTimeIteration
crossing: 656/1600 holds, last 0.130 s, source twoStageRealTimeIteration
crossing: 660/1600 holds, last 0.124 s, source twoStageRealTimeIteration
crossing: 664/1600 holds, last 0.261 s, source twoStageRealTimeIteration
crossing: 668/1600 holds, last 0.128 s, source twoStageRealTimeIteration
crossing: 672/1600 holds, last 0.127 s, source twoStageRealTimeIteration
crossing: 676/1600 holds, last 0.189 s, source twoStageRealTimeIteration
crossing: 680/1600 holds, last 0.146 s, source twoStageRealTimeIteration
crossing: 684/1600 holds, last 0.135 s, source twoStageRealTimeIteration
crossing: 688/1600 holds, last 0.142 s, source twoStageRealTimeIteration
crossing: 692/1600 holds, last 0.135 s, source twoStageRealTimeIteration
crossing: 696/1600 holds, last 0.136 s, source twoStageRealTimeIteration
crossing: 700/1600 holds, last 0.134 s, source twoStageRealTimeIteration
Recovery at 35.00 s: e = [-267.421   -1.5761  -7.02586 0.0266228 0.0229946], W = 4.28911e+06
crossing: 704/1600 holds, last 0.133 s, source twoStageRealTimeIteration
crossing: 708/1600 holds, last 0.144 s, source twoStageRealTimeIteration
crossing: 712/1600 holds, last 0.132 s, source twoStageRealTimeIteration
crossing: 716/1600 holds, last 0.174 s, source twoStageRealTimeIteration
crossing: 720/1600 holds, last 0.131 s, source twoStageRealTimeIteration
crossing: 724/1600 holds, last 0.130 s, source twoStageRealTimeIteration
crossing: 728/1600 holds, last 0.208 s, source twoStageRealTimeIteration
crossing: 732/1600 holds, last 0.145 s, source twoStageRealTimeIteration
crossing: 736/1600 holds, last 0.145 s, source twoStageRealTimeIteration
crossing: 740/1600 holds, last 0.127 s, source twoStageRealTimeIteration
crossing: 744/1600 holds, last 0.131 s, source twoStageRealTimeIteration
crossing: 748/1600 holds, last 0.132 s, source twoStageRealTimeIteration
crossing: 752/1600 holds, last 0.135 s, source twoStageRealTimeIteration
crossing: 756/1600 holds, last 0.157 s, source twoStageRealTimeIteration
crossing: 760/1600 holds, last 0.135 s, source twoStageRealTimeIteration
crossing: 764/1600 holds, last 0.153 s, source twoStageRealTimeIteration
crossing: 768/1600 holds, last 0.134 s, source twoStageRealTimeIteration
crossing: 772/1600 holds, last 0.134 s, source twoStageRealTimeIteration
crossing: 776/1600 holds, last 0.241 s, source twoStageRealTimeIteration
crossing: 780/1600 holds, last 0.135 s, source twoStageRealTimeIteration
crossing: 784/1600 holds, last 0.289 s, source twoStageRealTimeIteration
crossing: 788/1600 holds, last 0.149 s, source twoStageRealTimeIteration
crossing: 792/1600 holds, last 0.148 s, source twoStageRealTimeIteration
crossing: 796/1600 holds, last 0.148 s, source twoStageRealTimeIteration
crossing: 800/1600 holds, last 0.135 s, source twoStageRealTimeIteration
Recovery at 40.00 s: e = [-307.369   -1.56753   -6.99687 -0.0678205  -0.059682], W = 5.63146e+06
crossing: 804/1600 holds, last 0.125 s, source twoStageRealTimeIteration
crossing: 808/1600 holds, last 0.250 s, source twoStageRealTimeIteration
crossing: 812/1600 holds, last 0.159 s, source twoStageRealTimeIteration
crossing: 816/1600 holds, last 0.137 s, source twoStageRealTimeIteration
crossing: 820/1600 holds, last 0.142 s, source twoStageRealTimeIteration
crossing: 824/1600 holds, last 0.144 s, source twoStageRealTimeIteration
crossing: 828/1600 holds, last 0.153 s, source twoStageRealTimeIteration
crossing: 832/1600 holds, last 0.134 s, source twoStageRealTimeIteration
crossing: 836/1600 holds, last 0.142 s, source twoStageRealTimeIteration
crossing: 840/1600 holds, last 0.148 s, source twoStageRealTimeIteration
crossing: 844/1600 holds, last 0.224 s, source twoStageRealTimeIteration
crossing: 848/1600 holds, last 0.148 s, source twoStageRealTimeIteration
crossing: 852/1600 holds, last 0.143 s, source twoStageRealTimeIteration
crossing: 856/1600 holds, last 0.129 s, source twoStageRealTimeIteration
crossing: 860/1600 holds, last 0.129 s, source twoStageRealTimeIteration
crossing: 864/1600 holds, last 0.123 s, source twoStageRealTimeIteration
crossing: 868/1600 holds, last 0.155 s, source twoStageRealTimeIteration
crossing: 872/1600 holds, last 0.125 s, source twoStageRealTimeIteration
crossing: 876/1600 holds, last 0.222 s, source twoStageRealTimeIteration
crossing: 880/1600 holds, last 0.156 s, source twoStageRealTimeIteration
crossing: 884/1600 holds, last 0.140 s, source twoStageRealTimeIteration
crossing: 888/1600 holds, last 0.147 s, source twoStageRealTimeIteration
crossing: 892/1600 holds, last 0.150 s, source twoStageRealTimeIteration
crossing: 896/1600 holds, last 0.154 s, source twoStageRealTimeIteration
crossing: 900/1600 holds, last 0.130 s, source twoStageRealTimeIteration
Recovery at 45.00 s: e = [-347.302   -1.57585   -7.02143  0.0115746 0.00981673], W = 7.1578e+06
crossing: 904/1600 holds, last 0.186 s, source twoStageRealTimeIteration
crossing: 908/1600 holds, last 0.159 s, source twoStageRealTimeIteration
crossing: 912/1600 holds, last 0.143 s, source twoStageRealTimeIteration
crossing: 916/1600 holds, last 0.163 s, source twoStageRealTimeIteration
crossing: 920/1600 holds, last 0.152 s, source twoStageRealTimeIteration
crossing: 924/1600 holds, last 0.147 s, source twoStageRealTimeIteration
crossing: 928/1600 holds, last 0.149 s, source twoStageRealTimeIteration
crossing: 932/1600 holds, last 0.134 s, source twoStageRealTimeIteration
crossing: 936/1600 holds, last 0.224 s, source twoStageRealTimeIteration
crossing: 940/1600 holds, last 0.129 s, source twoStageRealTimeIteration
crossing: 944/1600 holds, last 0.144 s, source twoStageRealTimeIteration
crossing: 948/1600 holds, last 0.125 s, source twoStageRealTimeIteration
crossing: 952/1600 holds, last 0.149 s, source twoStageRealTimeIteration
crossing: 956/1600 holds, last 0.138 s, source twoStageRealTimeIteration
crossing: 960/1600 holds, last 0.145 s, source twoStageRealTimeIteration
crossing: 964/1600 holds, last 0.256 s, source twoStageRealTimeIteration
crossing: 968/1600 holds, last 0.260 s, source twoStageRealTimeIteration
crossing: 972/1600 holds, last 0.288 s, source twoStageRealTimeIteration
crossing: 976/1600 holds, last 0.143 s, source twoStageRealTimeIteration
crossing: 980/1600 holds, last 0.154 s, source twoStageRealTimeIteration
crossing: 984/1600 holds, last 0.151 s, source twoStageRealTimeIteration
crossing: 988/1600 holds, last 0.142 s, source twoStageRealTimeIteration
crossing: 992/1600 holds, last 0.129 s, source twoStageRealTimeIteration
crossing: 996/1600 holds, last 0.104 s, source twoStageRealTimeIteration
crossing: 1000/1600 holds, last 0.121 s, source twoStageRealTimeIteration
Recovery at 50.00 s: e = [-387.269  -1.54743  -6.96039 0.0270665 0.0119263], W = 8.86241e+06
crossing: 1004/1600 holds, last 0.146 s, source twoStageRealTimeIteration
crossing: 1008/1600 holds, last 0.142 s, source twoStageRealTimeIteration
crossing: 1012/1600 holds, last 0.143 s, source twoStageRealTimeIteration
crossing: 1016/1600 holds, last 0.257 s, source twoStageRealTimeIteration
crossing: 1020/1600 holds, last 0.126 s, source twoStageRealTimeIteration
crossing: 1024/1600 holds, last 0.147 s, source twoStageRealTimeIteration
crossing: 1028/1600 holds, last 0.136 s, source twoStageRealTimeIteration
crossing: 1032/1600 holds, last 0.147 s, source twoStageRealTimeIteration
crossing: 1036/1600 holds, last 0.138 s, source twoStageRealTimeIteration
crossing: 1040/1600 holds, last 0.138 s, source twoStageRealTimeIteration
crossing: 1044/1600 holds, last 0.137 s, source twoStageRealTimeIteration
crossing: 1048/1600 holds, last 0.129 s, source twoStageRealTimeIteration
crossing: 1052/1600 holds, last 0.146 s, source twoStageRealTimeIteration
crossing: 1056/1600 holds, last 0.120 s, source twoStageRealTimeIteration
crossing: 1060/1600 holds, last 0.122 s, source twoStageRealTimeIteration
crossing: 1064/1600 holds, last 0.206 s, source twoStageRealTimeIteration
crossing: 1068/1600 holds, last 0.138 s, source twoStageRealTimeIteration
crossing: 1072/1600 holds, last 0.125 s, source twoStageRealTimeIteration
crossing: 1076/1600 holds, last 0.135 s, source twoStageRealTimeIteration
crossing: 1080/1600 holds, last 0.148 s, source twoStageRealTimeIteration
crossing: 1084/1600 holds, last 0.123 s, source twoStageRealTimeIteration
crossing: 1088/1600 holds, last 0.147 s, source twoStageRealTimeIteration
crossing: 1092/1600 holds, last 0.129 s, source twoStageRealTimeIteration
crossing: 1096/1600 holds, last 0.235 s, source twoStageRealTimeIteration
crossing: 1100/1600 holds, last 0.126 s, source twoStageRealTimeIteration
Recovery at 55.00 s: e = [-427.5    -1.56642    -7.03151 -0.00654385 -0.00831857], W = 1.07717e+07
crossing: 1104/1600 holds, last 0.291 s, source twoStageRealTimeIteration
crossing: 1108/1600 holds, last 0.126 s, source twoStageRealTimeIteration
crossing: 1112/1600 holds, last 0.158 s, source twoStageRealTimeIteration
crossing: 1116/1600 holds, last 0.165 s, source twoStageRealTimeIteration
crossing: 1120/1600 holds, last 0.152 s, source twoStageRealTimeIteration
crossing: 1124/1600 holds, last 0.154 s, source twoStageRealTimeIteration
crossing: 1128/1600 holds, last 0.156 s, source twoStageRealTimeIteration
crossing: 1132/1600 holds, last 0.140 s, source twoStageRealTimeIteration
crossing: 1136/1600 holds, last 0.234 s, source twoStageRealTimeIteration
crossing: 1140/1600 holds, last 0.150 s, source twoStageRealTimeIteration
crossing: 1144/1600 holds, last 0.118 s, source twoStageRealTimeIteration
crossing: 1148/1600 holds, last 0.263 s, source twoStageRealTimeIteration
crossing: 1152/1600 holds, last 0.161 s, source twoStageRealTimeIteration
crossing: 1156/1600 holds, last 0.281 s, source twoStageRealTimeIteration
crossing: 1160/1600 holds, last 0.155 s, source twoStageRealTimeIteration
crossing: 1164/1600 holds, last 0.141 s, source twoStageRealTimeIteration
crossing: 1168/1600 holds, last 0.161 s, source twoStageRealTimeIteration
crossing: 1172/1600 holds, last 0.200 s, source twoStageRealTimeIteration
crossing: 1176/1600 holds, last 0.137 s, source twoStageRealTimeIteration
crossing: 1180/1600 holds, last 0.206 s, source twoStageRealTimeIteration
crossing: 1184/1600 holds, last 0.125 s, source twoStageRealTimeIteration
crossing: 1188/1600 holds, last 0.149 s, source twoStageRealTimeIteration
crossing: 1192/1600 holds, last 0.150 s, source twoStageRealTimeIteration
crossing: 1196/1600 holds, last 0.125 s, source twoStageRealTimeIteration
crossing: 1200/1600 holds, last 0.138 s, source twoStageRealTimeIteration
Recovery at 60.00 s: e = [-467.435    -1.59322    -7.04004  -0.0161327 -0.00957242], W = 1.28525e+07
crossing: 1204/1600 holds, last 0.161 s, source twoStageRealTimeIteration
crossing: 1208/1600 holds, last 0.135 s, source twoStageRealTimeIteration
crossing: 1212/1600 holds, last 0.135 s, source twoStageRealTimeIteration
crossing: 1216/1600 holds, last 0.113 s, source twoStageRealTimeIteration
crossing: 1220/1600 holds, last 0.154 s, source twoStageRealTimeIteration
crossing: 1224/1600 holds, last 0.145 s, source twoStageRealTimeIteration
crossing: 1228/1600 holds, last 0.154 s, source twoStageRealTimeIteration
crossing: 1232/1600 holds, last 0.133 s, source twoStageRealTimeIteration
crossing: 1236/1600 holds, last 0.103 s, source twoStageRealTimeIteration
crossing: 1240/1600 holds, last 0.146 s, source twoStageRealTimeIteration
crossing: 1244/1600 holds, last 0.115 s, source twoStageRealTimeIteration
crossing: 1248/1600 holds, last 0.145 s, source twoStageRealTimeIteration
crossing: 1252/1600 holds, last 0.150 s, source twoStageRealTimeIteration
crossing: 1256/1600 holds, last 0.138 s, source twoStageRealTimeIteration
crossing: 1260/1600 holds, last 0.158 s, source twoStageRealTimeIteration
crossing: 1264/1600 holds, last 0.145 s, source twoStageRealTimeIteration
crossing: 1268/1600 holds, last 0.153 s, source twoStageRealTimeIteration
crossing: 1272/1600 holds, last 0.272 s, source twoStageRealTimeIteration
crossing: 1276/1600 holds, last 0.164 s, source twoStageRealTimeIteration
crossing: 1280/1600 holds, last 0.167 s, source twoStageRealTimeIteration
crossing: 1284/1600 holds, last 0.142 s, source twoStageRealTimeIteration
crossing: 1288/1600 holds, last 0.154 s, source twoStageRealTimeIteration
crossing: 1292/1600 holds, last 0.153 s, source twoStageRealTimeIteration
crossing: 1296/1600 holds, last 0.157 s, source twoStageRealTimeIteration
crossing: 1300/1600 holds, last 0.256 s, source twoStageRealTimeIteration
Recovery at 65.00 s: e = [-507.498    -1.56095     -7.0456  -0.0099405 -0.00698751], W = 1.51109e+07
crossing: 1304/1600 holds, last 0.152 s, source twoStageRealTimeIteration
crossing: 1308/1600 holds, last 0.158 s, source twoStageRealTimeIteration
crossing: 1312/1600 holds, last 0.247 s, source twoStageRealTimeIteration
crossing: 1316/1600 holds, last 0.157 s, source twoStageRealTimeIteration
crossing: 1320/1600 holds, last 0.145 s, source twoStageRealTimeIteration
crossing: 1324/1600 holds, last 0.137 s, source twoStageRealTimeIteration
crossing: 1328/1600 holds, last 0.140 s, source twoStageRealTimeIteration
crossing: 1332/1600 holds, last 0.136 s, source twoStageRealTimeIteration
crossing: 1336/1600 holds, last 0.130 s, source twoStageRealTimeIteration
crossing: 1340/1600 holds, last 0.134 s, source twoStageRealTimeIteration
crossing: 1344/1600 holds, last 0.148 s, source twoStageRealTimeIteration
crossing: 1348/1600 holds, last 0.149 s, source twoStageRealTimeIteration
crossing: 1352/1600 holds, last 0.154 s, source twoStageRealTimeIteration
crossing: 1356/1600 holds, last 0.185 s, source twoStageRealTimeIteration
crossing: 1360/1600 holds, last 0.116 s, source twoStageRealTimeIteration
crossing: 1364/1600 holds, last 0.162 s, source twoStageRealTimeIteration
crossing: 1368/1600 holds, last 0.138 s, source twoStageRealTimeIteration
crossing: 1372/1600 holds, last 0.156 s, source twoStageRealTimeIteration
crossing: 1376/1600 holds, last 0.178 s, source twoStageRealTimeIteration
crossing: 1380/1600 holds, last 0.142 s, source twoStageRealTimeIteration
crossing: 1384/1600 holds, last 0.157 s, source twoStageRealTimeIteration
crossing: 1388/1600 holds, last 0.111 s, source twoStageRealTimeIteration
crossing: 1392/1600 holds, last 0.154 s, source twoStageRealTimeIteration
crossing: 1396/1600 holds, last 0.160 s, source twoStageRealTimeIteration
crossing: 1400/1600 holds, last 0.106 s, source twoStageRealTimeIteration
Recovery at 70.00 s: e = [-547.412   -1.54316   -6.93399 -0.0618947 -0.0649498], W = 1.75466e+07
crossing: 1404/1600 holds, last 0.239 s, source twoStageRealTimeIteration
crossing: 1408/1600 holds, last 0.260 s, source twoStageRealTimeIteration
crossing: 1412/1600 holds, last 0.138 s, source twoStageRealTimeIteration
crossing: 1416/1600 holds, last 0.140 s, source twoStageRealTimeIteration
crossing: 1420/1600 holds, last 0.119 s, source twoStageRealTimeIteration
crossing: 1424/1600 holds, last 0.148 s, source twoStageRealTimeIteration
crossing: 1428/1600 holds, last 0.138 s, source twoStageRealTimeIteration
crossing: 1432/1600 holds, last 0.144 s, source twoStageRealTimeIteration
crossing: 1436/1600 holds, last 0.247 s, source twoStageRealTimeIteration
crossing: 1440/1600 holds, last 0.130 s, source twoStageRealTimeIteration
crossing: 1444/1600 holds, last 0.147 s, source twoStageRealTimeIteration
crossing: 1448/1600 holds, last 0.160 s, source twoStageRealTimeIteration
crossing: 1452/1600 holds, last 0.140 s, source twoStageRealTimeIteration
crossing: 1456/1600 holds, last 0.145 s, source twoStageRealTimeIteration
crossing: 1460/1600 holds, last 0.138 s, source twoStageRealTimeIteration
crossing: 1464/1600 holds, last 0.147 s, source twoStageRealTimeIteration
crossing: 1468/1600 holds, last 0.143 s, source twoStageRealTimeIteration
crossing: 1472/1600 holds, last 0.149 s, source twoStageRealTimeIteration
crossing: 1476/1600 holds, last 0.138 s, source twoStageRealTimeIteration
crossing: 1480/1600 holds, last 0.209 s, source twoStageRealTimeIteration
crossing: 1484/1600 holds, last 0.131 s, source twoStageRealTimeIteration
crossing: 1488/1600 holds, last 0.142 s, source twoStageRealTimeIteration
crossing: 1492/1600 holds, last 0.121 s, source twoStageRealTimeIteration
crossing: 1496/1600 holds, last 0.139 s, source twoStageRealTimeIteration
crossing: 1500/1600 holds, last 0.105 s, source twoStageRealTimeIteration
Recovery at 75.00 s: e = [-587.548   -1.56508   -7.01366 -0.0467776 -0.0421382], W = 2.01894e+07
crossing: 1504/1600 holds, last 0.143 s, source twoStageRealTimeIteration
crossing: 1508/1600 holds, last 0.126 s, source twoStageRealTimeIteration
crossing: 1512/1600 holds, last 0.130 s, source twoStageRealTimeIteration
crossing: 1516/1600 holds, last 0.130 s, source twoStageRealTimeIteration
crossing: 1520/1600 holds, last 0.220 s, source twoStageRealTimeIteration
crossing: 1524/1600 holds, last 0.121 s, source twoStageRealTimeIteration
crossing: 1528/1600 holds, last 0.148 s, source twoStageRealTimeIteration
crossing: 1532/1600 holds, last 0.138 s, source twoStageRealTimeIteration
crossing: 1536/1600 holds, last 0.133 s, source twoStageRealTimeIteration
crossing: 1540/1600 holds, last 0.138 s, source twoStageRealTimeIteration
crossing: 1544/1600 holds, last 0.150 s, source twoStageRealTimeIteration
crossing: 1548/1600 holds, last 0.135 s, source twoStageRealTimeIteration
crossing: 1552/1600 holds, last 0.132 s, source twoStageRealTimeIteration
crossing: 1556/1600 holds, last 0.132 s, source twoStageRealTimeIteration
crossing: 1560/1600 holds, last 0.145 s, source twoStageRealTimeIteration
crossing: 1564/1600 holds, last 0.151 s, source twoStageRealTimeIteration
crossing: 1568/1600 holds, last 0.152 s, source twoStageRealTimeIteration
crossing: 1572/1600 holds, last 0.127 s, source twoStageRealTimeIteration
crossing: 1576/1600 holds, last 0.121 s, source twoStageRealTimeIteration
crossing: 1580/1600 holds, last 0.149 s, source twoStageRealTimeIteration
crossing: 1584/1600 holds, last 0.138 s, source twoStageRealTimeIteration
crossing: 1588/1600 holds, last 0.146 s, source twoStageRealTimeIteration
crossing: 1592/1600 holds, last 0.127 s, source twoStageRealTimeIteration
crossing: 1596/1600 holds, last 0.151 s, source twoStageRealTimeIteration
crossing: 1600/1600 holds, last 0.126 s, source twoStageRealTimeIteration
Recovery at 80.00 s: e = [-627.356  -1.55268  -6.98567 0.0206751 0.0135645], W = 2.29837e+07
crossing: 1600/1600 frames, max 0.350 s, failure
CASE-END speed=15 scenario=crossing frames=1600 wall=252.863 recovered=0 max=0.349953 gap=0.381137929 failure=
PARTITION-COMPLETE 2
