EXTEND-START speed=8 scenario=brakingLead
brakingLead: 404/1600 holds, last 0.104 s, source twoStageRealTimeIteration
brakingLead: 408/1600 holds, last 0.080 s, source twoStageRealTimeIteration
brakingLead: 412/1600 holds, last 0.069 s, source twoStageRealTimeIteration
brakingLead: 416/1600 holds, last 0.129 s, source twoStageRealTimeIteration
brakingLead: 420/1600 holds, last 0.181 s, source twoStageRealTimeIteration
brakingLead: 424/1600 holds, last 0.055 s, source twoStageRealTimeIteration
brakingLead: 428/1600 holds, last 0.056 s, source twoStageRealTimeIteration
brakingLead: 432/1600 holds, last 0.055 s, source twoStageRealTimeIteration
brakingLead: 436/1600 holds, last 0.056 s, source twoStageRealTimeIteration
brakingLead: 440/1600 holds, last 0.061 s, source twoStageRealTimeIteration
brakingLead: 444/1600 holds, last 0.048 s, source twoStageRealTimeIteration
brakingLead: 448/1600 holds, last 0.152 s, source twoStageRealTimeIteration
brakingLead: 452/1600 holds, last 0.165 s, source twoStageRealTimeIteration
brakingLead: 456/1600 holds, last 0.162 s, source twoStageRealTimeIteration
brakingLead: 460/1600 holds, last 0.194 s, source twoStageRealTimeIteration
brakingLead: 464/1600 holds, last 0.055 s, source twoStageRealTimeIteration
brakingLead: 468/1600 holds, last 0.054 s, source twoStageRealTimeIteration
brakingLead: 472/1600 holds, last 0.056 s, source twoStageRealTimeIteration
brakingLead: 476/1600 holds, last 0.145 s, source twoStageRealTimeIteration
brakingLead: 480/1600 holds, last 0.047 s, source twoStageRealTimeIteration
brakingLead: 484/1600 holds, last 0.299 s, source twoStageRealTimeIteration
brakingLead: 488/1600 holds, last 0.053 s, source twoStageRealTimeIteration
brakingLead: 492/1600 holds, last 0.060 s, source twoStageRealTimeIteration
brakingLead: 496/1600 holds, last 0.057 s, source twoStageRealTimeIteration
brakingLead: 500/1600 holds, last 0.061 s, source twoStageRealTimeIteration
Recovery at 25.00 s: e = [-12.3125 0.00438935  -0.166318  0.0388816  0.0336854], W = 11511.6
brakingLead: 504/1600 holds, last 0.238 s, source twoStageRealTimeIteration
brakingLead: 508/1600 holds, last 0.051 s, source twoStageRealTimeIteration
brakingLead: 512/1600 holds, last 0.158 s, source twoStageRealTimeIteration
brakingLead: 516/1600 holds, last 0.047 s, source twoStageRealTimeIteration
brakingLead: 520/1600 holds, last 0.164 s, source twoStageRealTimeIteration
brakingLead: 524/1600 holds, last 0.051 s, source twoStageRealTimeIteration
brakingLead: 528/1600 holds, last 0.210 s, source twoStageRealTimeIteration
brakingLead: 532/1600 holds, last 0.196 s, source twoStageRealTimeIteration
brakingLead: 536/1600 holds, last 0.145 s, source twoStageRealTimeIteration
brakingLead: 540/1600 holds, last 0.146 s, source twoStageRealTimeIteration
brakingLead: 544/1600 holds, last 0.256 s, source twoStageRealTimeIteration
brakingLead: 548/1600 holds, last 0.143 s, source twoStageRealTimeIteration
brakingLead: 552/1600 holds, last 0.046 s, source twoStageRealTimeIteration
brakingLead: 556/1600 holds, last 0.055 s, source twoStageRealTimeIteration
brakingLead: 560/1600 holds, last 0.044 s, source twoStageRealTimeIteration
brakingLead: 564/1600 holds, last 0.043 s, source twoStageRealTimeIteration
brakingLead: 568/1600 holds, last 0.045 s, source twoStageRealTimeIteration
brakingLead: 572/1600 holds, last 0.043 s, source twoStageRealTimeIteration
brakingLead: 576/1600 holds, last 0.047 s, source twoStageRealTimeIteration
brakingLead: 580/1600 holds, last 0.043 s, source twoStageRealTimeIteration
brakingLead: 584/1600 holds, last 0.046 s, source twoStageRealTimeIteration
brakingLead: 588/1600 holds, last 0.046 s, source twoStageRealTimeIteration
brakingLead: 592/1600 holds, last 0.047 s, source twoStageRealTimeIteration
brakingLead: 596/1600 holds, last 0.046 s, source twoStageRealTimeIteration
brakingLead: 600/1600 holds, last 0.048 s, source twoStageRealTimeIteration
Recovery at 30.00 s: e = [-9.15014    0.124877   -0.130564 -0.00841012  -0.0075651], W = 6052.45
brakingLead: 604/1600 holds, last 0.047 s, source twoStageRealTimeIteration
brakingLead: 608/1600 holds, last 0.043 s, source twoStageRealTimeIteration
brakingLead: 612/1600 holds, last 0.046 s, source twoStageRealTimeIteration
brakingLead: 616/1600 holds, last 0.044 s, source twoStageRealTimeIteration
brakingLead: 620/1600 holds, last 0.047 s, source twoStageRealTimeIteration
brakingLead: 624/1600 holds, last 0.046 s, source twoStageRealTimeIteration
brakingLead: 628/1600 holds, last 0.044 s, source twoStageRealTimeIteration
brakingLead: 632/1600 holds, last 0.045 s, source twoStageRealTimeIteration
brakingLead: 636/1600 holds, last 0.045 s, source twoStageRealTimeIteration
brakingLead: 640/1600 holds, last 0.045 s, source twoStageRealTimeIteration
brakingLead: 644/1600 holds, last 0.050 s, source twoStageRealTimeIteration
brakingLead: 648/1600 holds, last 0.045 s, source twoStageRealTimeIteration
brakingLead: 652/1600 holds, last 0.045 s, source twoStageRealTimeIteration
brakingLead: 656/1600 holds, last 0.045 s, source twoStageRealTimeIteration
brakingLead: 660/1600 holds, last 0.044 s, source twoStageRealTimeIteration
brakingLead: 664/1600 holds, last 0.045 s, source twoStageRealTimeIteration
brakingLead: 668/1600 holds, last 0.044 s, source twoStageRealTimeIteration
brakingLead: 672/1600 holds, last 0.041 s, source twoStageRealTimeIteration
brakingLead: 676/1600 holds, last 0.041 s, source twoStageRealTimeIteration
brakingLead: 680/1600 holds, last 0.042 s, source twoStageRealTimeIteration
brakingLead: 684/1600 holds, last 0.043 s, source twoStageRealTimeIteration
brakingLead: 688/1600 holds, last 0.041 s, source twoStageRealTimeIteration
brakingLead: 692/1600 holds, last 0.042 s, source twoStageRealTimeIteration
brakingLead: 696/1600 holds, last 0.041 s, source twoStageRealTimeIteration
brakingLead: 700/1600 holds, last 0.042 s, source twoStageRealTimeIteration
Recovery at 35.00 s: e = [-5.45101    0.0791083    -0.371563 -0.000999912 -0.000804937], W = 2143.18
brakingLead: 704/1600 holds, last 0.041 s, source twoStageRealTimeIteration
brakingLead: 708/1600 holds, last 0.042 s, source twoStageRealTimeIteration
brakingLead: 712/1600 holds, last 0.044 s, source twoStageRealTimeIteration
brakingLead: 716/1600 holds, last 0.042 s, source twoStageRealTimeIteration
brakingLead: 720/1600 holds, last 0.044 s, source twoStageRealTimeIteration
brakingLead: 724/1600 holds, last 0.042 s, source twoStageRealTimeIteration
brakingLead: 728/1600 holds, last 0.042 s, source twoStageRealTimeIteration
brakingLead: 732/1600 holds, last 0.042 s, source twoStageRealTimeIteration
brakingLead: 736/1600 holds, last 0.042 s, source twoStageRealTimeIteration
brakingLead: 740/1600 holds, last 0.043 s, source twoStageRealTimeIteration
brakingLead: 744/1600 holds, last 0.044 s, source twoStageRealTimeIteration
brakingLead: 748/1600 holds, last 0.044 s, source twoStageRealTimeIteration
brakingLead: 752/1600 holds, last 0.042 s, source twoStageRealTimeIteration
brakingLead: 756/1600 holds, last 0.041 s, source twoStageRealTimeIteration
brakingLead: 760/1600 holds, last 0.042 s, source twoStageRealTimeIteration
brakingLead: 764/1600 holds, last 0.041 s, source twoStageRealTimeIteration
brakingLead: 768/1600 holds, last 0.042 s, source twoStageRealTimeIteration
brakingLead: 772/1600 holds, last 0.042 s, source twoStageRealTimeIteration
brakingLead: 776/1600 holds, last 0.042 s, source twoStageRealTimeIteration
brakingLead: 780/1600 holds, last 0.042 s, source twoStageRealTimeIteration
brakingLead: 784/1600 holds, last 0.042 s, source twoStageRealTimeIteration
brakingLead: 788/1600 holds, last 0.042 s, source twoStageRealTimeIteration
brakingLead: 792/1600 holds, last 0.042 s, source twoStageRealTimeIteration
brakingLead: 796/1600 holds, last 0.042 s, source twoStageRealTimeIteration
brakingLead: 800/1600 holds, last 0.042 s, source twoStageRealTimeIteration
Recovery at 40.00 s: e = [-2.46792   0.0778073   -0.384268 0.000331688 0.000281172], W = 418.372
brakingLead: 804/1600 holds, last 0.042 s, source twoStageRealTimeIteration
brakingLead: 808/1600 holds, last 0.041 s, source twoStageRealTimeIteration
brakingLead: 812/1600 holds, last 0.041 s, source twoStageRealTimeIteration
brakingLead: 816/1600 holds, last 0.042 s, source twoStageRealTimeIteration
brakingLead: 820/1600 holds, last 0.042 s, source twoStageRealTimeIteration
brakingLead: 824/1600 holds, last 0.044 s, source twoStageRealTimeIteration
brakingLead: 828/1600 holds, last 0.044 s, source twoStageRealTimeIteration
brakingLead: 832/1600 holds, last 0.042 s, source twoStageRealTimeIteration
brakingLead: 836/1600 holds, last 0.042 s, source twoStageRealTimeIteration
brakingLead: 840/1600 holds, last 0.043 s, source twoStageRealTimeIteration
brakingLead: 844/1600 holds, last 0.042 s, source twoStageRealTimeIteration
brakingLead: 848/1600 holds, last 0.042 s, source twoStageRealTimeIteration
brakingLead: 852/1600 holds, last 0.044 s, source twoStageRealTimeIteration
brakingLead: 856/1600 holds, last 0.043 s, source twoStageRealTimeIteration
brakingLead: 860/1600 holds, last 0.044 s, source twoStageRealTimeIteration
brakingLead: 864/1600 holds, last 0.044 s, source twoStageRealTimeIteration
brakingLead: 868/1600 holds, last 0.042 s, source twoStageRealTimeIteration
brakingLead: 872/1600 holds, last 0.041 s, source twoStageRealTimeIteration
brakingLead: 876/1600 holds, last 0.041 s, source twoStageRealTimeIteration
brakingLead: 880/1600 holds, last 0.041 s, source twoStageRealTimeIteration
brakingLead: 884/1600 holds, last 0.041 s, source twoStageRealTimeIteration
brakingLead: 888/1600 holds, last 0.041 s, source twoStageRealTimeIteration
brakingLead: 892/1600 holds, last 0.041 s, source twoStageRealTimeIteration
brakingLead: 896/1600 holds, last 0.043 s, source twoStageRealTimeIteration
brakingLead: 900/1600 holds, last 0.044 s, source twoStageRealTimeIteration
Recovery at 45.00 s: e = [0.172301  0.0220986   -0.13172 -0.0524327  -0.044891], W = 4.47208
brakingLead: 904/1600 holds, last 0.044 s, source twoStageRealTimeIteration
brakingLead: 908/1600 holds, last 0.044 s, source twoStageRealTimeIteration
brakingLead: 912/1600 holds, last 0.044 s, source twoStageRealTimeIteration
brakingLead: 916/1600 holds, last 0.041 s, source twoStageRealTimeIteration
brakingLead: 920/1600 holds, last 0.041 s, source twoStageRealTimeIteration
brakingLead: 924/1600 holds, last 0.041 s, source twoStageRealTimeIteration
brakingLead: 928/1600 holds, last 0.040 s, source twoStageRealTimeIteration
brakingLead: 932/1600 holds, last 0.040 s, source twoStageRealTimeIteration
brakingLead: 936/1600 holds, last 0.041 s, source twoStageRealTimeIteration
brakingLead: 940/1600 holds, last 0.041 s, source twoStageRealTimeIteration
brakingLead: 944/1600 holds, last 0.042 s, source twoStageRealTimeIteration
brakingLead: 948/1600 holds, last 0.040 s, source twoStageRealTimeIteration
brakingLead: 952/1600 holds, last 0.040 s, source twoStageRealTimeIteration
brakingLead: 956/1600 holds, last 0.044 s, source twoStageRealTimeIteration
brakingLead: 960/1600 holds, last 0.042 s, source twoStageRealTimeIteration
brakingLead: 964/1600 holds, last 0.041 s, source twoStageRealTimeIteration
brakingLead: 968/1600 holds, last 0.041 s, source twoStageRealTimeIteration
brakingLead: 972/1600 holds, last 0.042 s, source twoStageRealTimeIteration
brakingLead: 976/1600 holds, last 0.041 s, source twoStageRealTimeIteration
brakingLead: 980/1600 holds, last 0.040 s, source twoStageRealTimeIteration
brakingLead: 984/1600 holds, last 0.041 s, source twoStageRealTimeIteration
brakingLead: 988/1600 holds, last 0.041 s, source twoStageRealTimeIteration
brakingLead: 992/1600 holds, last 0.042 s, source twoStageRealTimeIteration
brakingLead: 996/1600 holds, last 0.041 s, source twoStageRealTimeIteration
brakingLead: 1000/1600 holds, last 0.041 s, source twoStageRealTimeIteration
Recovery at 50.00 s: e = [0.0264077 -0.00192404  -0.0586446  0.00180977   0.0015345], W = 0.114114
brakingLead: 1004/1600 holds, last 0.042 s, source twoStageRealTimeIteration
brakingLead: 1008/1600 holds, last 0.041 s, source twoStageRealTimeIteration
brakingLead: 1012/1600 holds, last 0.041 s, source twoStageRealTimeIteration
brakingLead: 1016/1600 holds, last 0.041 s, source twoStageRealTimeIteration
brakingLead: 1020/1600 holds, last 0.041 s, source twoStageRealTimeIteration
brakingLead: 1024/1600 holds, last 0.041 s, source twoStageRealTimeIteration
brakingLead: 1028/1600 holds, last 0.041 s, source twoStageRealTimeIteration
brakingLead: 1032/1600 holds, last 0.042 s, source twoStageRealTimeIteration
brakingLead: 1036/1600 holds, last 0.041 s, source twoStageRealTimeIteration
brakingLead: 1040/1600 holds, last 0.045 s, source twoStageRealTimeIteration
brakingLead: 1044/1600 holds, last 0.044 s, source twoStageRealTimeIteration
brakingLead: 1048/1600 holds, last 0.046 s, source twoStageRealTimeIteration
brakingLead: 1052/1600 holds, last 0.045 s, source twoStageRealTimeIteration
brakingLead: 1056/1600 holds, last 0.045 s, source twoStageRealTimeIteration
brakingLead: 1058/1600 frames, max 0.784 s, failure
EXTEND-END speed=8 scenario=brakingLead frames=1058 wall=45.630 recovered=1 max=0.783753 failedCall=NaN gap=1.060125368 failure=
EXTEND-START speed=8 scenario=curvedHeadOn
curvedHeadOn: 404/1600 holds, last 0.059 s, source twoStageRealTimeIteration
curvedHeadOn: 408/1600 holds, last 0.053 s, source twoStageRealTimeIteration
curvedHeadOn: 412/1600 holds, last 0.048 s, source twoStageRealTimeIteration
curvedHeadOn: 416/1600 holds, last 0.050 s, source twoStageRealTimeIteration
curvedHeadOn: 420/1600 holds, last 0.045 s, source twoStageRealTimeIteration
curvedHeadOn: 424/1600 holds, last 0.047 s, source twoStageRealTimeIteration
curvedHeadOn: 428/1600 holds, last 0.047 s, source twoStageRealTimeIteration
curvedHeadOn: 432/1600 holds, last 0.048 s, source twoStageRealTimeIteration
curvedHeadOn: 436/1600 holds, last 0.048 s, source twoStageRealTimeIteration
curvedHeadOn: 440/1600 holds, last 0.046 s, source twoStageRealTimeIteration
curvedHeadOn: 444/1600 holds, last 0.045 s, source twoStageRealTimeIteration
curvedHeadOn: 448/1600 holds, last 0.047 s, source twoStageRealTimeIteration
curvedHeadOn: 452/1600 holds, last 0.047 s, source twoStageRealTimeIteration
curvedHeadOn: 456/1600 holds, last 0.046 s, source twoStageRealTimeIteration
curvedHeadOn: 460/1600 holds, last 0.051 s, source twoStageRealTimeIteration
curvedHeadOn: 464/1600 holds, last 0.051 s, source twoStageRealTimeIteration
curvedHeadOn: 468/1600 holds, last 0.047 s, source twoStageRealTimeIteration
curvedHeadOn: 472/1600 holds, last 0.206 s, source twoStageRealTimeIteration
curvedHeadOn: 476/1600 holds, last 0.060 s, source twoStageRealTimeIteration
curvedHeadOn: 480/1600 holds, last 0.063 s, source twoStageRealTimeIteration
curvedHeadOn: 484/1600 holds, last 0.054 s, source twoStageRealTimeIteration
curvedHeadOn: 488/1600 holds, last 0.054 s, source twoStageRealTimeIteration
curvedHeadOn: 492/1600 holds, last 0.057 s, source twoStageRealTimeIteration
curvedHeadOn: 496/1600 holds, last 0.166 s, source twoStageRealTimeIteration
curvedHeadOn: 500/1600 holds, last 0.139 s, source twoStageRealTimeIteration
Recovery at 25.00 s: e = [-9.12592    -0.25439   -0.392528 -0.00855844 -0.00886699], W = 7141.47
curvedHeadOn: 504/1600 holds, last 0.171 s, source twoStageRealTimeIteration
curvedHeadOn: 508/1600 holds, last 0.164 s, source twoStageRealTimeIteration
curvedHeadOn: 512/1600 holds, last 0.145 s, source twoStageRealTimeIteration
curvedHeadOn: 516/1600 holds, last 0.058 s, source twoStageRealTimeIteration
curvedHeadOn: 520/1600 holds, last 0.184 s, source twoStageRealTimeIteration
curvedHeadOn: 524/1600 holds, last 0.184 s, source twoStageRealTimeIteration
curvedHeadOn: 528/1600 holds, last 0.181 s, source twoStageRealTimeIteration
curvedHeadOn: 532/1600 holds, last 0.174 s, source twoStageRealTimeIteration
curvedHeadOn: 536/1600 holds, last 0.078 s, source twoStageRealTimeIteration
curvedHeadOn: 540/1600 holds, last 0.058 s, source twoStageRealTimeIteration
curvedHeadOn: 544/1600 holds, last 0.090 s, source twoStageRealTimeIteration
curvedHeadOn: 548/1600 holds, last 0.058 s, source twoStageRealTimeIteration
curvedHeadOn: 552/1600 holds, last 0.094 s, source twoStageRealTimeIteration
curvedHeadOn: 556/1600 holds, last 0.093 s, source twoStageRealTimeIteration
curvedHeadOn: 560/1600 holds, last 0.094 s, source twoStageRealTimeIteration
curvedHeadOn: 564/1600 holds, last 0.056 s, source twoStageRealTimeIteration
curvedHeadOn: 568/1600 holds, last 0.066 s, source twoStageRealTimeIteration
curvedHeadOn: 572/1600 holds, last 0.056 s, source twoStageRealTimeIteration
curvedHeadOn: 576/1600 holds, last 0.084 s, source twoStageRealTimeIteration
curvedHeadOn: 580/1600 holds, last 0.060 s, source twoStageRealTimeIteration
curvedHeadOn: 584/1600 holds, last 0.060 s, source twoStageRealTimeIteration
curvedHeadOn: 588/1600 holds, last 0.053 s, source twoStageRealTimeIteration
curvedHeadOn: 592/1600 holds, last 0.059 s, source twoStageRealTimeIteration
curvedHeadOn: 596/1600 holds, last 0.062 s, source twoStageRealTimeIteration
curvedHeadOn: 600/1600 holds, last 0.052 s, source twoStageRealTimeIteration
Recovery at 30.00 s: e = [-19.0313  -0.281549  -0.768013 -0.0103437 -0.0114179], W = 29308.4
curvedHeadOn: 604/1600 holds, last 0.055 s, source twoStageRealTimeIteration
curvedHeadOn: 608/1600 holds, last 0.064 s, source twoStageRealTimeIteration
curvedHeadOn: 612/1600 holds, last 0.052 s, source twoStageRealTimeIteration
curvedHeadOn: 616/1600 holds, last 0.052 s, source twoStageRealTimeIteration
curvedHeadOn: 620/1600 holds, last 0.054 s, source twoStageRealTimeIteration
curvedHeadOn: 624/1600 holds, last 0.059 s, source twoStageRealTimeIteration
curvedHeadOn: 628/1600 holds, last 0.053 s, source twoStageRealTimeIteration
curvedHeadOn: 632/1600 holds, last 0.052 s, source twoStageRealTimeIteration
curvedHeadOn: 636/1600 holds, last 0.055 s, source twoStageRealTimeIteration
curvedHeadOn: 640/1600 holds, last 0.055 s, source twoStageRealTimeIteration
curvedHeadOn: 644/1600 holds, last 0.111 s, source twoStageRealTimeIteration
curvedHeadOn: 648/1600 holds, last 0.052 s, source twoStageRealTimeIteration
curvedHeadOn: 652/1600 holds, last 0.052 s, source twoStageRealTimeIteration
curvedHeadOn: 656/1600 holds, last 0.051 s, source twoStageRealTimeIteration
curvedHeadOn: 660/1600 holds, last 0.051 s, source twoStageRealTimeIteration
curvedHeadOn: 664/1600 holds, last 0.052 s, source twoStageRealTimeIteration
curvedHeadOn: 668/1600 holds, last 0.052 s, source twoStageRealTimeIteration
curvedHeadOn: 672/1600 holds, last 0.052 s, source twoStageRealTimeIteration
curvedHeadOn: 676/1600 holds, last 0.052 s, source twoStageRealTimeIteration
curvedHeadOn: 680/1600 holds, last 0.055 s, source twoStageRealTimeIteration
curvedHeadOn: 684/1600 holds, last 0.055 s, source twoStageRealTimeIteration
curvedHeadOn: 688/1600 holds, last 0.052 s, source twoStageRealTimeIteration
curvedHeadOn: 692/1600 holds, last 0.052 s, source twoStageRealTimeIteration
curvedHeadOn: 696/1600 holds, last 0.054 s, source twoStageRealTimeIteration
curvedHeadOn: 700/1600 holds, last 0.052 s, source twoStageRealTimeIteration
Recovery at 35.00 s: e = [-28.9201   -0.280616    -1.08499 -0.00590231 -0.00877553], W = 66228.2
curvedHeadOn: 704/1600 holds, last 0.052 s, source twoStageRealTimeIteration
curvedHeadOn: 708/1600 holds, last 0.055 s, source twoStageRealTimeIteration
curvedHeadOn: 712/1600 holds, last 0.055 s, source twoStageRealTimeIteration
curvedHeadOn: 716/1600 holds, last 0.054 s, source twoStageRealTimeIteration
curvedHeadOn: 720/1600 holds, last 0.052 s, source twoStageRealTimeIteration
curvedHeadOn: 724/1600 holds, last 0.052 s, source twoStageRealTimeIteration
curvedHeadOn: 728/1600 holds, last 0.053 s, source twoStageRealTimeIteration
curvedHeadOn: 732/1600 holds, last 0.052 s, source twoStageRealTimeIteration
curvedHeadOn: 736/1600 holds, last 0.052 s, source twoStageRealTimeIteration
curvedHeadOn: 740/1600 holds, last 0.052 s, source twoStageRealTimeIteration
curvedHeadOn: 744/1600 holds, last 0.053 s, source twoStageRealTimeIteration
curvedHeadOn: 748/1600 holds, last 0.052 s, source twoStageRealTimeIteration
curvedHeadOn: 752/1600 holds, last 0.052 s, source twoStageRealTimeIteration
curvedHeadOn: 756/1600 holds, last 0.052 s, source twoStageRealTimeIteration
curvedHeadOn: 760/1600 holds, last 0.052 s, source twoStageRealTimeIteration
curvedHeadOn: 764/1600 holds, last 0.059 s, source twoStageRealTimeIteration
curvedHeadOn: 768/1600 holds, last 0.051 s, source twoStageRealTimeIteration
curvedHeadOn: 772/1600 holds, last 0.052 s, source twoStageRealTimeIteration
curvedHeadOn: 776/1600 holds, last 0.051 s, source twoStageRealTimeIteration
curvedHeadOn: 780/1600 holds, last 0.051 s, source twoStageRealTimeIteration
curvedHeadOn: 784/1600 holds, last 0.051 s, source twoStageRealTimeIteration
curvedHeadOn: 788/1600 holds, last 0.051 s, source twoStageRealTimeIteration
curvedHeadOn: 792/1600 holds, last 0.051 s, source twoStageRealTimeIteration
curvedHeadOn: 796/1600 holds, last 0.051 s, source twoStageRealTimeIteration
curvedHeadOn: 800/1600 holds, last 0.051 s, source twoStageRealTimeIteration
Recovery at 40.00 s: e = [-38.1284   -0.260346    -1.16833 -0.00168177 -0.00562002], W = 113739
curvedHeadOn: 804/1600 holds, last 0.051 s, source twoStageRealTimeIteration
curvedHeadOn: 808/1600 holds, last 0.050 s, source twoStageRealTimeIteration
curvedHeadOn: 812/1600 holds, last 0.051 s, source twoStageRealTimeIteration
curvedHeadOn: 816/1600 holds, last 0.052 s, source twoStageRealTimeIteration
curvedHeadOn: 820/1600 holds, last 0.051 s, source twoStageRealTimeIteration
curvedHeadOn: 824/1600 holds, last 0.051 s, source twoStageRealTimeIteration
curvedHeadOn: 828/1600 holds, last 0.052 s, source twoStageRealTimeIteration
curvedHeadOn: 832/1600 holds, last 0.051 s, source twoStageRealTimeIteration
curvedHeadOn: 836/1600 holds, last 0.052 s, source twoStageRealTimeIteration
curvedHeadOn: 840/1600 holds, last 0.051 s, source twoStageRealTimeIteration
curvedHeadOn: 844/1600 holds, last 0.051 s, source twoStageRealTimeIteration
curvedHeadOn: 848/1600 holds, last 0.051 s, source twoStageRealTimeIteration
curvedHeadOn: 852/1600 holds, last 0.051 s, source twoStageRealTimeIteration
curvedHeadOn: 856/1600 holds, last 0.052 s, source twoStageRealTimeIteration
curvedHeadOn: 860/1600 holds, last 0.052 s, source twoStageRealTimeIteration
curvedHeadOn: 864/1600 holds, last 0.053 s, source twoStageRealTimeIteration
curvedHeadOn: 868/1600 holds, last 0.051 s, source twoStageRealTimeIteration
curvedHeadOn: 872/1600 holds, last 0.051 s, source twoStageRealTimeIteration
curvedHeadOn: 876/1600 holds, last 0.057 s, source twoStageRealTimeIteration
curvedHeadOn: 880/1600 holds, last 0.056 s, source twoStageRealTimeIteration
curvedHeadOn: 884/1600 holds, last 0.053 s, source twoStageRealTimeIteration
curvedHeadOn: 888/1600 holds, last 0.055 s, source twoStageRealTimeIteration
curvedHeadOn: 892/1600 holds, last 0.052 s, source twoStageRealTimeIteration
curvedHeadOn: 896/1600 holds, last 0.051 s, source twoStageRealTimeIteration
curvedHeadOn: 900/1600 holds, last 0.051 s, source twoStageRealTimeIteration
Recovery at 45.00 s: e = [-46.3952   -0.231161    -1.19387   -0.006376 -0.00942621], W = 167131
curvedHeadOn: 904/1600 holds, last 0.051 s, source twoStageRealTimeIteration
curvedHeadOn: 908/1600 holds, last 0.050 s, source twoStageRealTimeIteration
curvedHeadOn: 912/1600 holds, last 0.052 s, source twoStageRealTimeIteration
curvedHeadOn: 916/1600 holds, last 0.052 s, source twoStageRealTimeIteration
curvedHeadOn: 920/1600 holds, last 0.051 s, source twoStageRealTimeIteration
curvedHeadOn: 924/1600 holds, last 0.051 s, source twoStageRealTimeIteration
curvedHeadOn: 928/1600 holds, last 0.051 s, source twoStageRealTimeIteration
curvedHeadOn: 932/1600 holds, last 0.052 s, source twoStageRealTimeIteration
curvedHeadOn: 936/1600 holds, last 0.052 s, source twoStageRealTimeIteration
curvedHeadOn: 940/1600 holds, last 0.056 s, source twoStageRealTimeIteration
curvedHeadOn: 944/1600 holds, last 0.052 s, source twoStageRealTimeIteration
curvedHeadOn: 948/1600 holds, last 0.052 s, source twoStageRealTimeIteration
curvedHeadOn: 952/1600 holds, last 0.052 s, source twoStageRealTimeIteration
curvedHeadOn: 956/1600 holds, last 0.052 s, source twoStageRealTimeIteration
curvedHeadOn: 960/1600 holds, last 0.051 s, source twoStageRealTimeIteration
curvedHeadOn: 964/1600 holds, last 0.052 s, source twoStageRealTimeIteration
curvedHeadOn: 968/1600 holds, last 0.053 s, source twoStageRealTimeIteration
curvedHeadOn: 972/1600 holds, last 0.052 s, source twoStageRealTimeIteration
curvedHeadOn: 976/1600 holds, last 0.052 s, source twoStageRealTimeIteration
curvedHeadOn: 980/1600 holds, last 0.051 s, source twoStageRealTimeIteration
curvedHeadOn: 984/1600 holds, last 0.051 s, source twoStageRealTimeIteration
curvedHeadOn: 988/1600 holds, last 0.051 s, source twoStageRealTimeIteration
curvedHeadOn: 992/1600 holds, last 0.057 s, source twoStageRealTimeIteration
curvedHeadOn: 996/1600 holds, last 0.051 s, source twoStageRealTimeIteration
curvedHeadOn: 1000/1600 holds, last 0.051 s, source twoStageRealTimeIteration
Recovery at 50.00 s: e = [-53.6235   -0.199333     -1.1945 -0.00626439 -0.00931499], W = 222116
curvedHeadOn: 1004/1600 holds, last 0.053 s, source twoStageRealTimeIteration
curvedHeadOn: 1008/1600 holds, last 0.052 s, source twoStageRealTimeIteration
curvedHeadOn: 1012/1600 holds, last 0.051 s, source twoStageRealTimeIteration
curvedHeadOn: 1016/1600 holds, last 0.051 s, source twoStageRealTimeIteration
curvedHeadOn: 1020/1600 holds, last 0.052 s, source twoStageRealTimeIteration
curvedHeadOn: 1024/1600 holds, last 0.052 s, source twoStageRealTimeIteration
curvedHeadOn: 1028/1600 holds, last 0.052 s, source twoStageRealTimeIteration
curvedHeadOn: 1032/1600 holds, last 0.053 s, source twoStageRealTimeIteration
curvedHeadOn: 1036/1600 holds, last 0.052 s, source twoStageRealTimeIteration
curvedHeadOn: 1040/1600 holds, last 0.052 s, source twoStageRealTimeIteration
curvedHeadOn: 1044/1600 holds, last 0.053 s, source twoStageRealTimeIteration
curvedHeadOn: 1048/1600 holds, last 0.052 s, source twoStageRealTimeIteration
curvedHeadOn: 1052/1600 holds, last 0.052 s, source twoStageRealTimeIteration
curvedHeadOn: 1056/1600 holds, last 0.052 s, source twoStageRealTimeIteration
curvedHeadOn: 1060/1600 holds, last 0.052 s, source twoStageRealTimeIteration
curvedHeadOn: 1064/1600 holds, last 0.054 s, source twoStageRealTimeIteration
curvedHeadOn: 1068/1600 holds, last 0.052 s, source twoStageRealTimeIteration
curvedHeadOn: 1072/1600 holds, last 0.052 s, source twoStageRealTimeIteration
curvedHeadOn: 1076/1600 holds, last 0.052 s, source twoStageRealTimeIteration
curvedHeadOn: 1080/1600 holds, last 0.052 s, source twoStageRealTimeIteration
curvedHeadOn: 1084/1600 holds, last 0.052 s, source twoStageRealTimeIteration
curvedHeadOn: 1088/1600 holds, last 0.052 s, source twoStageRealTimeIteration
curvedHeadOn: 1092/1600 holds, last 0.052 s, source twoStageRealTimeIteration
curvedHeadOn: 1096/1600 holds, last 0.053 s, source twoStageRealTimeIteration
curvedHeadOn: 1100/1600 holds, last 0.053 s, source twoStageRealTimeIteration
Recovery at 55.00 s: e = [-59.7218   -0.159636    -1.20895 -0.00465309 -0.00826338], W = 274348
curvedHeadOn: 1104/1600 holds, last 0.052 s, source twoStageRealTimeIteration
curvedHeadOn: 1108/1600 holds, last 0.052 s, source twoStageRealTimeIteration
curvedHeadOn: 1112/1600 holds, last 0.052 s, source twoStageRealTimeIteration
curvedHeadOn: 1116/1600 holds, last 0.053 s, source twoStageRealTimeIteration
curvedHeadOn: 1120/1600 holds, last 0.052 s, source twoStageRealTimeIteration
curvedHeadOn: 1124/1600 holds, last 0.052 s, source twoStageRealTimeIteration
curvedHeadOn: 1128/1600 holds, last 0.052 s, source twoStageRealTimeIteration
curvedHeadOn: 1132/1600 holds, last 0.051 s, source twoStageRealTimeIteration
curvedHeadOn: 1136/1600 holds, last 0.052 s, source twoStageRealTimeIteration
curvedHeadOn: 1140/1600 holds, last 0.052 s, source twoStageRealTimeIteration
curvedHeadOn: 1144/1600 holds, last 0.052 s, source twoStageRealTimeIteration
curvedHeadOn: 1148/1600 holds, last 0.052 s, source twoStageRealTimeIteration
curvedHeadOn: 1152/1600 holds, last 0.052 s, source twoStageRealTimeIteration
curvedHeadOn: 1156/1600 holds, last 0.052 s, source twoStageRealTimeIteration
curvedHeadOn: 1160/1600 holds, last 0.053 s, source twoStageRealTimeIteration
curvedHeadOn: 1164/1600 holds, last 0.052 s, source twoStageRealTimeIteration
curvedHeadOn: 1168/1600 holds, last 0.052 s, source twoStageRealTimeIteration
curvedHeadOn: 1172/1600 holds, last 0.053 s, source twoStageRealTimeIteration
curvedHeadOn: 1176/1600 holds, last 0.053 s, source twoStageRealTimeIteration
curvedHeadOn: 1180/1600 holds, last 0.053 s, source twoStageRealTimeIteration
curvedHeadOn: 1184/1600 holds, last 0.053 s, source twoStageRealTimeIteration
curvedHeadOn: 1188/1600 holds, last 0.053 s, source twoStageRealTimeIteration
curvedHeadOn: 1192/1600 holds, last 0.052 s, source twoStageRealTimeIteration
curvedHeadOn: 1196/1600 holds, last 0.052 s, source twoStageRealTimeIteration
curvedHeadOn: 1200/1600 holds, last 0.053 s, source twoStageRealTimeIteration
Recovery at 60.00 s: e = [-64.6807   -0.128997    -1.18562 -0.00222922 -0.00615973], W = 320920
curvedHeadOn: 1204/1600 holds, last 0.054 s, source twoStageRealTimeIteration
curvedHeadOn: 1208/1600 holds, last 0.054 s, source twoStageRealTimeIteration
curvedHeadOn: 1212/1600 holds, last 0.053 s, source twoStageRealTimeIteration
curvedHeadOn: 1216/1600 holds, last 0.054 s, source twoStageRealTimeIteration
curvedHeadOn: 1220/1600 holds, last 0.053 s, source twoStageRealTimeIteration
curvedHeadOn: 1224/1600 holds, last 0.053 s, source twoStageRealTimeIteration
curvedHeadOn: 1228/1600 holds, last 0.052 s, source twoStageRealTimeIteration
curvedHeadOn: 1232/1600 holds, last 0.052 s, source twoStageRealTimeIteration
curvedHeadOn: 1236/1600 holds, last 0.053 s, source twoStageRealTimeIteration
curvedHeadOn: 1240/1600 holds, last 0.052 s, source twoStageRealTimeIteration
curvedHeadOn: 1244/1600 holds, last 0.054 s, source twoStageRealTimeIteration
curvedHeadOn: 1248/1600 holds, last 0.052 s, source twoStageRealTimeIteration
curvedHeadOn: 1252/1600 holds, last 0.052 s, source twoStageRealTimeIteration
curvedHeadOn: 1256/1600 holds, last 0.052 s, source twoStageRealTimeIteration
curvedHeadOn: 1260/1600 holds, last 0.052 s, source twoStageRealTimeIteration
curvedHeadOn: 1264/1600 holds, last 0.051 s, source twoStageRealTimeIteration
curvedHeadOn: 1268/1600 holds, last 0.052 s, source twoStageRealTimeIteration
curvedHeadOn: 1272/1600 holds, last 0.052 s, source twoStageRealTimeIteration
curvedHeadOn: 1276/1600 holds, last 0.052 s, source twoStageRealTimeIteration
curvedHeadOn: 1280/1600 holds, last 0.053 s, source twoStageRealTimeIteration
curvedHeadOn: 1284/1600 holds, last 0.053 s, source twoStageRealTimeIteration
curvedHeadOn: 1288/1600 holds, last 0.053 s, source twoStageRealTimeIteration
curvedHeadOn: 1292/1600 holds, last 0.053 s, source twoStageRealTimeIteration
curvedHeadOn: 1296/1600 holds, last 0.053 s, source twoStageRealTimeIteration
curvedHeadOn: 1300/1600 holds, last 0.053 s, source twoStageRealTimeIteration
Recovery at 65.00 s: e = [-68.3056  -0.0863806    -1.12088 -0.00769207   -0.010349], W = 356861
curvedHeadOn: 1304/1600 holds, last 0.052 s, source twoStageRealTimeIteration
curvedHeadOn: 1308/1600 holds, last 0.053 s, source twoStageRealTimeIteration
curvedHeadOn: 1312/1600 holds, last 0.053 s, source twoStageRealTimeIteration
curvedHeadOn: 1316/1600 holds, last 0.053 s, source twoStageRealTimeIteration
curvedHeadOn: 1320/1600 holds, last 0.053 s, source twoStageRealTimeIteration
curvedHeadOn: 1324/1600 holds, last 0.053 s, source twoStageRealTimeIteration
curvedHeadOn: 1328/1600 holds, last 0.053 s, source twoStageRealTimeIteration
curvedHeadOn: 1332/1600 holds, last 0.052 s, source twoStageRealTimeIteration
curvedHeadOn: 1336/1600 holds, last 0.053 s, source twoStageRealTimeIteration
curvedHeadOn: 1340/1600 holds, last 0.054 s, source twoStageRealTimeIteration
curvedHeadOn: 1344/1600 holds, last 0.053 s, source twoStageRealTimeIteration
curvedHeadOn: 1348/1600 holds, last 0.056 s, source twoStageRealTimeIteration
curvedHeadOn: 1352/1600 holds, last 0.055 s, source twoStageRealTimeIteration
curvedHeadOn: 1356/1600 holds, last 0.054 s, source twoStageRealTimeIteration
curvedHeadOn: 1360/1600 holds, last 0.053 s, source twoStageRealTimeIteration
curvedHeadOn: 1364/1600 holds, last 0.053 s, source twoStageRealTimeIteration
curvedHeadOn: 1368/1600 holds, last 0.053 s, source twoStageRealTimeIteration
curvedHeadOn: 1372/1600 holds, last 0.053 s, source twoStageRealTimeIteration
curvedHeadOn: 1376/1600 holds, last 0.054 s, source twoStageRealTimeIteration
curvedHeadOn: 1380/1600 holds, last 0.093 s, source twoStageRealTimeIteration
curvedHeadOn: 1384/1600 holds, last 0.057 s, source twoStageRealTimeIteration
curvedHeadOn: 1388/1600 holds, last 0.053 s, source twoStageRealTimeIteration
curvedHeadOn: 1392/1600 holds, last 0.053 s, source twoStageRealTimeIteration
curvedHeadOn: 1396/1600 holds, last 0.053 s, source twoStageRealTimeIteration
curvedHeadOn: 1400/1600 holds, last 0.054 s, source twoStageRealTimeIteration
Recovery at 70.00 s: e = [-70.8775  -0.0604456    -1.06742 -0.00628592 -0.00903841], W = 383610
curvedHeadOn: 1404/1600 holds, last 0.056 s, source twoStageRealTimeIteration
curvedHeadOn: 1408/1600 holds, last 0.053 s, source twoStageRealTimeIteration
curvedHeadOn: 1412/1600 holds, last 0.053 s, source twoStageRealTimeIteration
curvedHeadOn: 1416/1600 holds, last 0.054 s, source twoStageRealTimeIteration
curvedHeadOn: 1420/1600 holds, last 0.057 s, source twoStageRealTimeIteration
curvedHeadOn: 1424/1600 holds, last 0.053 s, source twoStageRealTimeIteration
curvedHeadOn: 1428/1600 holds, last 0.052 s, source twoStageRealTimeIteration
curvedHeadOn: 1432/1600 holds, last 0.053 s, source twoStageRealTimeIteration
curvedHeadOn: 1436/1600 holds, last 0.053 s, source twoStageRealTimeIteration
curvedHeadOn: 1440/1600 holds, last 0.053 s, source twoStageRealTimeIteration
curvedHeadOn: 1444/1600 holds, last 0.056 s, source twoStageRealTimeIteration
curvedHeadOn: 1448/1600 holds, last 0.054 s, source twoStageRealTimeIteration
curvedHeadOn: 1452/1600 holds, last 0.053 s, source twoStageRealTimeIteration
curvedHeadOn: 1456/1600 holds, last 0.053 s, source twoStageRealTimeIteration
curvedHeadOn: 1460/1600 holds, last 0.053 s, source twoStageRealTimeIteration
curvedHeadOn: 1464/1600 holds, last 0.054 s, source twoStageRealTimeIteration
curvedHeadOn: 1468/1600 holds, last 0.054 s, source twoStageRealTimeIteration
curvedHeadOn: 1472/1600 holds, last 0.053 s, source twoStageRealTimeIteration
curvedHeadOn: 1476/1600 holds, last 0.053 s, source twoStageRealTimeIteration
curvedHeadOn: 1480/1600 holds, last 0.053 s, source twoStageRealTimeIteration
curvedHeadOn: 1484/1600 holds, last 0.049 s, source twoStageRealTimeIteration
curvedHeadOn: 1488/1600 holds, last 0.053 s, source twoStageRealTimeIteration
curvedHeadOn: 1492/1600 holds, last 0.054 s, source twoStageRealTimeIteration
curvedHeadOn: 1496/1600 holds, last 0.053 s, source twoStageRealTimeIteration
curvedHeadOn: 1500/1600 holds, last 0.053 s, source twoStageRealTimeIteration
Recovery at 75.00 s: e = [-72.4139   -0.026482    -1.03947  -0.0037166 -0.00690525], W = 399649
curvedHeadOn: 1504/1600 holds, last 0.053 s, source twoStageRealTimeIteration
curvedHeadOn: 1508/1600 holds, last 0.049 s, source twoStageRealTimeIteration
curvedHeadOn: 1512/1600 holds, last 0.053 s, source twoStageRealTimeIteration
curvedHeadOn: 1516/1600 holds, last 0.053 s, source twoStageRealTimeIteration
curvedHeadOn: 1520/1600 holds, last 0.052 s, source twoStageRealTimeIteration
curvedHeadOn: 1524/1600 holds, last 0.052 s, source twoStageRealTimeIteration
curvedHeadOn: 1528/1600 holds, last 0.053 s, source twoStageRealTimeIteration
curvedHeadOn: 1532/1600 holds, last 0.051 s, source twoStageRealTimeIteration
curvedHeadOn: 1536/1600 holds, last 0.049 s, source twoStageRealTimeIteration
curvedHeadOn: 1540/1600 holds, last 0.053 s, source twoStageRealTimeIteration
curvedHeadOn: 1544/1600 holds, last 0.053 s, source twoStageRealTimeIteration
curvedHeadOn: 1548/1600 holds, last 0.049 s, source twoStageRealTimeIteration
curvedHeadOn: 1552/1600 holds, last 0.052 s, source twoStageRealTimeIteration
curvedHeadOn: 1556/1600 holds, last 0.049 s, source twoStageRealTimeIteration
curvedHeadOn: 1560/1600 holds, last 0.053 s, source twoStageRealTimeIteration
curvedHeadOn: 1564/1600 holds, last 0.053 s, source twoStageRealTimeIteration
curvedHeadOn: 1568/1600 holds, last 0.050 s, source twoStageRealTimeIteration
curvedHeadOn: 1572/1600 holds, last 0.049 s, source twoStageRealTimeIteration
curvedHeadOn: 1576/1600 holds, last 0.053 s, source twoStageRealTimeIteration
curvedHeadOn: 1580/1600 holds, last 0.053 s, source twoStageRealTimeIteration
curvedHeadOn: 1584/1600 holds, last 0.053 s, source twoStageRealTimeIteration
curvedHeadOn: 1588/1600 holds, last 0.052 s, source twoStageRealTimeIteration
curvedHeadOn: 1592/1600 holds, last 0.056 s, source twoStageRealTimeIteration
curvedHeadOn: 1596/1600 holds, last 0.054 s, source twoStageRealTimeIteration
curvedHeadOn: 1600/1600 holds, last 0.052 s, source twoStageRealTimeIteration
Recovery at 80.00 s: e = [-72.6238   0.0139494    -0.86967  -0.0064498 -0.00873174], W = 401087
curvedHeadOn: 1600/1600 frames, max 0.322 s, failure
EXTEND-END speed=8 scenario=curvedHeadOn frames=1600 wall=77.174 recovered=0 max=0.321682 failedCall=NaN gap=0.663997280 failure=
EXTEND-START speed=15 scenario=turningCrossing
turningCrossing: 404/1600 holds, last 0.060 s, source twoStageRealTimeIteration
turningCrossing: 408/1600 holds, last 0.059 s, source twoStageRealTimeIteration
turningCrossing: 412/1600 holds, last 0.057 s, source twoStageRealTimeIteration
turningCrossing: 416/1600 holds, last 0.107 s, source twoStageRealTimeIteration
turningCrossing: 420/1600 holds, last 0.066 s, source twoStageRealTimeIteration
turningCrossing: 424/1600 holds, last 0.063 s, source twoStageRealTimeIteration
turningCrossing: 428/1600 holds, last 0.062 s, source twoStageRealTimeIteration
turningCrossing: 432/1600 holds, last 0.116 s, source twoStageRealTimeIteration
turningCrossing: 436/1600 holds, last 0.060 s, source twoStageRealTimeIteration
turningCrossing: 440/1600 holds, last 0.108 s, source twoStageRealTimeIteration
turningCrossing: 444/1600 holds, last 0.071 s, source twoStageRealTimeIteration
turningCrossing: 448/1600 holds, last 0.073 s, source twoStageRealTimeIteration
turningCrossing: 452/1600 holds, last 0.061 s, source twoStageRealTimeIteration
turningCrossing: 456/1600 holds, last 0.121 s, source twoStageRealTimeIteration
turningCrossing: 460/1600 holds, last 0.066 s, source twoStageRealTimeIteration
turningCrossing: 464/1600 holds, last 0.065 s, source twoStageRealTimeIteration
turningCrossing: 468/1600 holds, last 0.075 s, source twoStageRealTimeIteration
turningCrossing: 472/1600 holds, last 0.075 s, source twoStageRealTimeIteration
turningCrossing: 476/1600 holds, last 0.080 s, source twoStageRealTimeIteration
turningCrossing: 480/1600 holds, last 0.085 s, source twoStageRealTimeIteration
turningCrossing: 484/1600 holds, last 0.074 s, source twoStageRealTimeIteration
turningCrossing: 488/1600 holds, last 0.084 s, source twoStageRealTimeIteration
turningCrossing: 492/1600 holds, last 0.090 s, source twoStageRealTimeIteration
turningCrossing: 496/1600 holds, last 0.118 s, source twoStageRealTimeIteration
turningCrossing: 500/1600 holds, last 0.067 s, source twoStageRealTimeIteration
Recovery at 25.00 s: e = [116.9     2.1538   -3.10241 -0.0255719 -0.0504782], W = 904332
turningCrossing: 504/1600 holds, last 0.081 s, source twoStageRealTimeIteration
turningCrossing: 508/1600 holds, last 0.077 s, source twoStageRealTimeIteration
turningCrossing: 512/1600 holds, last 0.074 s, source twoStageRealTimeIteration
turningCrossing: 516/1600 holds, last 0.072 s, source twoStageRealTimeIteration
turningCrossing: 520/1600 holds, last 0.071 s, source twoStageRealTimeIteration
turningCrossing: 524/1600 holds, last 0.072 s, source twoStageRealTimeIteration
turningCrossing: 528/1600 holds, last 0.072 s, source twoStageRealTimeIteration
turningCrossing: 532/1600 holds, last 0.073 s, source twoStageRealTimeIteration
turningCrossing: 536/1600 holds, last 0.072 s, source twoStageRealTimeIteration
turningCrossing: 540/1600 holds, last 0.070 s, source twoStageRealTimeIteration
turningCrossing: 544/1600 holds, last 0.071 s, source twoStageRealTimeIteration
turningCrossing: 548/1600 holds, last 0.070 s, source twoStageRealTimeIteration
turningCrossing: 552/1600 holds, last 0.071 s, source twoStageRealTimeIteration
turningCrossing: 556/1600 holds, last 0.070 s, source twoStageRealTimeIteration
turningCrossing: 560/1600 holds, last 0.070 s, source twoStageRealTimeIteration
turningCrossing: 564/1600 holds, last 0.072 s, source twoStageRealTimeIteration
turningCrossing: 568/1600 holds, last 0.071 s, source twoStageRealTimeIteration
turningCrossing: 572/1600 holds, last 0.071 s, source twoStageRealTimeIteration
turningCrossing: 576/1600 holds, last 0.070 s, source twoStageRealTimeIteration
turningCrossing: 580/1600 holds, last 0.071 s, source twoStageRealTimeIteration
turningCrossing: 584/1600 holds, last 0.071 s, source twoStageRealTimeIteration
turningCrossing: 588/1600 holds, last 0.071 s, source twoStageRealTimeIteration
turningCrossing: 592/1600 holds, last 0.138 s, source twoStageRealTimeIteration
turningCrossing: 596/1600 holds, last 0.071 s, source twoStageRealTimeIteration
turningCrossing: 600/1600 holds, last 0.071 s, source twoStageRealTimeIteration
Recovery at 30.00 s: e = [170.095    1.90977   -3.09735  -0.024713 -0.0484752], W = 1.80885e+06
turningCrossing: 604/1600 holds, last 0.075 s, source twoStageRealTimeIteration
turningCrossing: 608/1600 holds, last 0.068 s, source twoStageRealTimeIteration
turningCrossing: 612/1600 holds, last 0.063 s, source twoStageRealTimeIteration
turningCrossing: 616/1600 holds, last 0.143 s, source twoStageRealTimeIteration
turningCrossing: 620/1600 holds, last 0.069 s, source twoStageRealTimeIteration
turningCrossing: 624/1600 holds, last 0.074 s, source twoStageRealTimeIteration
turningCrossing: 628/1600 holds, last 0.069 s, source twoStageRealTimeIteration
turningCrossing: 632/1600 holds, last 0.118 s, source twoStageRealTimeIteration
turningCrossing: 636/1600 holds, last 0.070 s, source twoStageRealTimeIteration
turningCrossing: 640/1600 holds, last 0.118 s, source twoStageRealTimeIteration
turningCrossing: 644/1600 holds, last 0.075 s, source twoStageRealTimeIteration
turningCrossing: 648/1600 holds, last 0.070 s, source twoStageRealTimeIteration
turningCrossing: 652/1600 holds, last 0.069 s, source twoStageRealTimeIteration
turningCrossing: 656/1600 holds, last 0.074 s, source twoStageRealTimeIteration
turningCrossing: 660/1600 holds, last 0.075 s, source twoStageRealTimeIteration
turningCrossing: 664/1600 holds, last 0.088 s, source twoStageRealTimeIteration
turningCrossing: 668/1600 holds, last 0.063 s, source twoStageRealTimeIteration
turningCrossing: 672/1600 holds, last 0.074 s, source twoStageRealTimeIteration
turningCrossing: 676/1600 holds, last 0.075 s, source twoStageRealTimeIteration
turningCrossing: 680/1600 holds, last 0.069 s, source twoStageRealTimeIteration
turningCrossing: 684/1600 holds, last 0.074 s, source twoStageRealTimeIteration
turningCrossing: 688/1600 holds, last 0.085 s, source twoStageRealTimeIteration
turningCrossing: 692/1600 holds, last 0.121 s, source twoStageRealTimeIteration
turningCrossing: 696/1600 holds, last 0.068 s, source twoStageRealTimeIteration
turningCrossing: 700/1600 holds, last 0.074 s, source twoStageRealTimeIteration
Recovery at 35.00 s: e = [228.113    1.67533   -3.10049 -0.0239689 -0.0472651], W = 3.15579e+06
turningCrossing: 704/1600 holds, last 0.074 s, source twoStageRealTimeIteration
turningCrossing: 708/1600 holds, last 0.074 s, source twoStageRealTimeIteration
turningCrossing: 712/1600 holds, last 0.077 s, source twoStageRealTimeIteration
turningCrossing: 716/1600 holds, last 0.075 s, source twoStageRealTimeIteration
turningCrossing: 720/1600 holds, last 0.076 s, source twoStageRealTimeIteration
turningCrossing: 724/1600 holds, last 0.100 s, source twoStageRealTimeIteration
turningCrossing: 728/1600 holds, last 0.085 s, source twoStageRealTimeIteration
turningCrossing: 732/1600 holds, last 0.088 s, source twoStageRealTimeIteration
turningCrossing: 736/1600 holds, last 0.071 s, source twoStageRealTimeIteration
turningCrossing: 740/1600 holds, last 0.085 s, source twoStageRealTimeIteration
turningCrossing: 744/1600 holds, last 0.075 s, source twoStageRealTimeIteration
turningCrossing: 748/1600 holds, last 0.079 s, source twoStageRealTimeIteration
turningCrossing: 752/1600 holds, last 0.075 s, source twoStageRealTimeIteration
turningCrossing: 756/1600 holds, last 0.076 s, source twoStageRealTimeIteration
turningCrossing: 760/1600 holds, last 0.071 s, source twoStageRealTimeIteration
turningCrossing: 764/1600 holds, last 0.078 s, source twoStageRealTimeIteration
turningCrossing: 768/1600 holds, last 0.079 s, source twoStageRealTimeIteration
turningCrossing: 772/1600 holds, last 0.078 s, source twoStageRealTimeIteration
turningCrossing: 776/1600 holds, last 0.080 s, source twoStageRealTimeIteration
turningCrossing: 780/1600 holds, last 0.077 s, source twoStageRealTimeIteration
turningCrossing: 784/1600 holds, last 0.081 s, source twoStageRealTimeIteration
turningCrossing: 788/1600 holds, last 0.116 s, source twoStageRealTimeIteration
turningCrossing: 792/1600 holds, last 0.139 s, source twoStageRealTimeIteration
turningCrossing: 796/1600 holds, last 0.081 s, source twoStageRealTimeIteration
turningCrossing: 800/1600 holds, last 0.076 s, source twoStageRealTimeIteration
Recovery at 40.00 s: e = [287.19    1.44591   -3.24106 -0.0260854 -0.0483616], W = 4.91289e+06
turningCrossing: 804/1600 holds, last 0.074 s, source twoStageRealTimeIteration
turningCrossing: 808/1600 holds, last 0.074 s, source twoStageRealTimeIteration
turningCrossing: 812/1600 holds, last 0.074 s, source twoStageRealTimeIteration
turningCrossing: 816/1600 holds, last 0.105 s, source twoStageRealTimeIteration
turningCrossing: 820/1600 holds, last 0.099 s, source twoStageRealTimeIteration
turningCrossing: 824/1600 holds, last 0.097 s, source twoStageRealTimeIteration
turningCrossing: 828/1600 holds, last 0.096 s, source twoStageRealTimeIteration
turningCrossing: 832/1600 holds, last 0.106 s, source twoStageRealTimeIteration
turningCrossing: 836/1600 holds, last 0.122 s, source twoStageRealTimeIteration
turningCrossing: 840/1600 holds, last 0.198 s, source twoStageRealTimeIteration
turningCrossing: 844/1600 holds, last 0.102 s, source twoStageRealTimeIteration
turningCrossing: 848/1600 holds, last 0.105 s, source twoStageRealTimeIteration
turningCrossing: 852/1600 holds, last 0.104 s, source twoStageRealTimeIteration
turningCrossing: 856/1600 holds, last 0.089 s, source twoStageRealTimeIteration
turningCrossing: 860/1600 holds, last 0.121 s, source twoStageRealTimeIteration
turningCrossing: 864/1600 holds, last 0.092 s, source twoStageRealTimeIteration
turningCrossing: 868/1600 holds, last 0.089 s, source twoStageRealTimeIteration
turningCrossing: 872/1600 holds, last 0.107 s, source twoStageRealTimeIteration
turningCrossing: 876/1600 holds, last 0.101 s, source twoStageRealTimeIteration
turningCrossing: 880/1600 holds, last 0.091 s, source twoStageRealTimeIteration
turningCrossing: 884/1600 holds, last 0.100 s, source twoStageRealTimeIteration
turningCrossing: 888/1600 holds, last 0.087 s, source twoStageRealTimeIteration
turningCrossing: 892/1600 holds, last 0.085 s, source twoStageRealTimeIteration
turningCrossing: 896/1600 holds, last 0.079 s, source twoStageRealTimeIteration
turningCrossing: 900/1600 holds, last 0.084 s, source twoStageRealTimeIteration
Recovery at 45.00 s: e = [344.383      1.208   -3.12434 -0.0246921 -0.0484724], W = 6.98132e+06
turningCrossing: 904/1600 holds, last 0.166 s, source twoStageRealTimeIteration
turningCrossing: 908/1600 holds, last 0.091 s, source twoStageRealTimeIteration
turningCrossing: 912/1600 holds, last 0.089 s, source twoStageRealTimeIteration
turningCrossing: 916/1600 holds, last 0.114 s, source twoStageRealTimeIteration
turningCrossing: 920/1600 holds, last 0.094 s, source twoStageRealTimeIteration
turningCrossing: 924/1600 holds, last 0.105 s, source twoStageRealTimeIteration
turningCrossing: 928/1600 holds, last 0.170 s, source twoStageRealTimeIteration
turningCrossing: 932/1600 holds, last 0.085 s, source twoStageRealTimeIteration
turningCrossing: 936/1600 holds, last 0.105 s, source twoStageRealTimeIteration
turningCrossing: 940/1600 holds, last 0.105 s, source twoStageRealTimeIteration
turningCrossing: 944/1600 holds, last 0.106 s, source twoStageRealTimeIteration
turningCrossing: 948/1600 holds, last 0.103 s, source twoStageRealTimeIteration
turningCrossing: 952/1600 holds, last 0.105 s, source twoStageRealTimeIteration
turningCrossing: 956/1600 holds, last 0.085 s, source twoStageRealTimeIteration
turningCrossing: 960/1600 holds, last 0.095 s, source twoStageRealTimeIteration
turningCrossing: 964/1600 holds, last 0.083 s, source twoStageRealTimeIteration
turningCrossing: 968/1600 holds, last 0.099 s, source twoStageRealTimeIteration
turningCrossing: 972/1600 holds, last 0.222 s, source twoStageRealTimeIteration
turningCrossing: 976/1600 holds, last 0.101 s, source twoStageRealTimeIteration
turningCrossing: 980/1600 holds, last 0.120 s, source twoStageRealTimeIteration
turningCrossing: 984/1600 holds, last 0.101 s, source twoStageRealTimeIteration
turningCrossing: 988/1600 holds, last 0.109 s, source twoStageRealTimeIteration
turningCrossing: 992/1600 holds, last 0.076 s, source twoStageRealTimeIteration
turningCrossing: 996/1600 holds, last 0.089 s, source twoStageRealTimeIteration
turningCrossing: 1000/1600 holds, last 0.134 s, source twoStageRealTimeIteration
Recovery at 50.00 s: e = [397.053   0.969826   -3.01359  -0.021747 -0.0451529], W = 9.20394e+06
turningCrossing: 1004/1600 holds, last 0.082 s, source twoStageRealTimeIteration
turningCrossing: 1008/1600 holds, last 0.204 s, source twoStageRealTimeIteration
turningCrossing: 1012/1600 holds, last 0.107 s, source twoStageRealTimeIteration
turningCrossing: 1016/1600 holds, last 0.095 s, source twoStageRealTimeIteration
turningCrossing: 1020/1600 holds, last 0.112 s, source twoStageRealTimeIteration
turningCrossing: 1024/1600 holds, last 0.085 s, source twoStageRealTimeIteration
turningCrossing: 1028/1600 holds, last 0.089 s, source twoStageRealTimeIteration
turningCrossing: 1032/1600 holds, last 0.091 s, source twoStageRealTimeIteration
turningCrossing: 1036/1600 holds, last 0.159 s, source twoStageRealTimeIteration
turningCrossing: 1040/1600 holds, last 0.092 s, source twoStageRealTimeIteration
turningCrossing: 1044/1600 holds, last 0.091 s, source twoStageRealTimeIteration
turningCrossing: 1048/1600 holds, last 0.082 s, source twoStageRealTimeIteration
turningCrossing: 1052/1600 holds, last 0.090 s, source twoStageRealTimeIteration
turningCrossing: 1056/1600 holds, last 0.085 s, source twoStageRealTimeIteration
turningCrossing: 1060/1600 holds, last 0.088 s, source twoStageRealTimeIteration
turningCrossing: 1064/1600 holds, last 0.085 s, source twoStageRealTimeIteration
turningCrossing: 1068/1600 holds, last 0.197 s, source twoStageRealTimeIteration
turningCrossing: 1072/1600 holds, last 0.105 s, source twoStageRealTimeIteration
turningCrossing: 1076/1600 holds, last 0.104 s, source twoStageRealTimeIteration
turningCrossing: 1080/1600 holds, last 0.106 s, source twoStageRealTimeIteration
turningCrossing: 1084/1600 holds, last 0.085 s, source twoStageRealTimeIteration
turningCrossing: 1088/1600 holds, last 0.185 s, source twoStageRealTimeIteration
turningCrossing: 1092/1600 holds, last 0.086 s, source twoStageRealTimeIteration
turningCrossing: 1096/1600 holds, last 0.083 s, source twoStageRealTimeIteration
turningCrossing: 1100/1600 holds, last 0.089 s, source twoStageRealTimeIteration
Recovery at 55.00 s: e = [441.599   0.728709   -3.17383  -0.026376 -0.0507795], W = 1.13156e+07
turningCrossing: 1104/1600 holds, last 0.153 s, source twoStageRealTimeIteration
turningCrossing: 1108/1600 holds, last 0.102 s, source twoStageRealTimeIteration
turningCrossing: 1112/1600 holds, last 0.092 s, source twoStageRealTimeIteration
turningCrossing: 1116/1600 holds, last 0.091 s, source twoStageRealTimeIteration
turningCrossing: 1120/1600 holds, last 0.094 s, source twoStageRealTimeIteration
turningCrossing: 1124/1600 holds, last 0.137 s, source twoStageRealTimeIteration
turningCrossing: 1128/1600 holds, last 0.085 s, source twoStageRealTimeIteration
turningCrossing: 1132/1600 holds, last 0.088 s, source twoStageRealTimeIteration
turningCrossing: 1136/1600 holds, last 0.125 s, source twoStageRealTimeIteration
turningCrossing: 1140/1600 holds, last 0.104 s, source twoStageRealTimeIteration
turningCrossing: 1144/1600 holds, last 0.159 s, source twoStageRealTimeIteration
turningCrossing: 1148/1600 holds, last 0.099 s, source twoStageRealTimeIteration
turningCrossing: 1152/1600 holds, last 0.084 s, source twoStageRealTimeIteration
turningCrossing: 1156/1600 holds, last 0.081 s, source twoStageRealTimeIteration
turningCrossing: 1160/1600 holds, last 0.073 s, source twoStageRealTimeIteration
turningCrossing: 1164/1600 holds, last 0.080 s, source twoStageRealTimeIteration
turningCrossing: 1168/1600 holds, last 0.090 s, source twoStageRealTimeIteration
turningCrossing: 1172/1600 holds, last 0.093 s, source twoStageRealTimeIteration
turningCrossing: 1176/1600 holds, last 0.139 s, source twoStageRealTimeIteration
turningCrossing: 1180/1600 holds, last 0.091 s, source twoStageRealTimeIteration
turningCrossing: 1184/1600 holds, last 0.084 s, source twoStageRealTimeIteration
turningCrossing: 1188/1600 holds, last 0.121 s, source twoStageRealTimeIteration
turningCrossing: 1192/1600 holds, last 0.117 s, source twoStageRealTimeIteration
turningCrossing: 1196/1600 holds, last 0.098 s, source twoStageRealTimeIteration
turningCrossing: 1200/1600 holds, last 0.100 s, source twoStageRealTimeIteration
Recovery at 60.00 s: e = [475.475   0.488095   -3.01238 -0.0236393 -0.0482181], W = 1.30555e+07
turningCrossing: 1204/1600 holds, last 0.113 s, source twoStageRealTimeIteration
turningCrossing: 1208/1600 holds, last 0.095 s, source twoStageRealTimeIteration
turningCrossing: 1212/1600 holds, last 0.098 s, source twoStageRealTimeIteration
turningCrossing: 1216/1600 holds, last 0.113 s, source twoStageRealTimeIteration
turningCrossing: 1220/1600 holds, last 0.102 s, source twoStageRealTimeIteration
turningCrossing: 1224/1600 holds, last 0.084 s, source twoStageRealTimeIteration
turningCrossing: 1228/1600 holds, last 0.095 s, source twoStageRealTimeIteration
turningCrossing: 1232/1600 holds, last 0.086 s, source twoStageRealTimeIteration
turningCrossing: 1236/1600 holds, last 0.126 s, source twoStageRealTimeIteration
turningCrossing: 1240/1600 holds, last 0.106 s, source twoStageRealTimeIteration
turningCrossing: 1244/1600 holds, last 0.108 s, source twoStageRealTimeIteration
turningCrossing: 1248/1600 holds, last 0.113 s, source twoStageRealTimeIteration
turningCrossing: 1252/1600 holds, last 0.095 s, source twoStageRealTimeIteration
turningCrossing: 1256/1600 holds, last 0.097 s, source twoStageRealTimeIteration
turningCrossing: 1260/1600 holds, last 0.103 s, source twoStageRealTimeIteration
turningCrossing: 1264/1600 holds, last 0.092 s, source twoStageRealTimeIteration
turningCrossing: 1268/1600 holds, last 0.100 s, source twoStageRealTimeIteration
turningCrossing: 1272/1600 holds, last 0.117 s, source twoStageRealTimeIteration
turningCrossing: 1276/1600 holds, last 0.087 s, source twoStageRealTimeIteration
turningCrossing: 1280/1600 holds, last 0.114 s, source twoStageRealTimeIteration
turningCrossing: 1284/1600 holds, last 0.130 s, source twoStageRealTimeIteration
turningCrossing: 1288/1600 holds, last 0.096 s, source twoStageRealTimeIteration
turningCrossing: 1292/1600 holds, last 0.097 s, source twoStageRealTimeIteration
turningCrossing: 1296/1600 holds, last 0.102 s, source twoStageRealTimeIteration
turningCrossing: 1300/1600 holds, last 0.097 s, source twoStageRealTimeIteration
Recovery at 65.00 s: e = [497.116   0.250217   -2.98346 -0.0231862 -0.0471742], W = 1.42137e+07
turningCrossing: 1304/1600 holds, last 0.112 s, source twoStageRealTimeIteration
turningCrossing: 1308/1600 holds, last 0.097 s, source twoStageRealTimeIteration
turningCrossing: 1312/1600 holds, last 0.101 s, source twoStageRealTimeIteration
turningCrossing: 1316/1600 holds, last 0.103 s, source twoStageRealTimeIteration
turningCrossing: 1320/1600 holds, last 0.100 s, source twoStageRealTimeIteration
turningCrossing: 1324/1600 holds, last 0.087 s, source twoStageRealTimeIteration
turningCrossing: 1328/1600 holds, last 0.171 s, source twoStageRealTimeIteration
turningCrossing: 1332/1600 holds, last 0.098 s, source twoStageRealTimeIteration
turningCrossing: 1336/1600 holds, last 0.102 s, source twoStageRealTimeIteration
turningCrossing: 1340/1600 holds, last 0.087 s, source twoStageRealTimeIteration
turningCrossing: 1344/1600 holds, last 0.100 s, source twoStageRealTimeIteration
turningCrossing: 1348/1600 holds, last 0.100 s, source twoStageRealTimeIteration
turningCrossing: 1352/1600 holds, last 0.087 s, source twoStageRealTimeIteration
turningCrossing: 1356/1600 holds, last 0.100 s, source twoStageRealTimeIteration
turningCrossing: 1360/1600 holds, last 0.099 s, source twoStageRealTimeIteration
turningCrossing: 1364/1600 holds, last 0.101 s, source twoStageRealTimeIteration
turningCrossing: 1368/1600 holds, last 0.100 s, source twoStageRealTimeIteration
turningCrossing: 1372/1600 holds, last 0.098 s, source twoStageRealTimeIteration
turningCrossing: 1376/1600 holds, last 0.102 s, source twoStageRealTimeIteration
turningCrossing: 1380/1600 holds, last 0.100 s, source twoStageRealTimeIteration
turningCrossing: 1384/1600 holds, last 0.087 s, source twoStageRealTimeIteration
turningCrossing: 1388/1600 holds, last 0.087 s, source twoStageRealTimeIteration
turningCrossing: 1392/1600 holds, last 0.102 s, source twoStageRealTimeIteration
turningCrossing: 1396/1600 holds, last 0.119 s, source twoStageRealTimeIteration
turningCrossing: 1400/1600 holds, last 0.098 s, source twoStageRealTimeIteration
Recovery at 70.00 s: e = [504.789  0.0103323   -2.90239 -0.0222888 -0.0473466], W = 1.46017e+07
turningCrossing: 1404/1600 holds, last 0.101 s, source twoStageRealTimeIteration
turningCrossing: 1408/1600 holds, last 0.107 s, source twoStageRealTimeIteration
turningCrossing: 1412/1600 holds, last 0.092 s, source twoStageRealTimeIteration
turningCrossing: 1416/1600 holds, last 0.085 s, source twoStageRealTimeIteration
turningCrossing: 1420/1600 holds, last 0.108 s, source twoStageRealTimeIteration
turningCrossing: 1424/1600 holds, last 0.105 s, source twoStageRealTimeIteration
turningCrossing: 1428/1600 holds, last 0.109 s, source twoStageRealTimeIteration
turningCrossing: 1432/1600 holds, last 0.100 s, source twoStageRealTimeIteration
turningCrossing: 1436/1600 holds, last 0.099 s, source twoStageRealTimeIteration
turningCrossing: 1440/1600 holds, last 0.084 s, source twoStageRealTimeIteration
turningCrossing: 1444/1600 holds, last 0.104 s, source twoStageRealTimeIteration
turningCrossing: 1448/1600 holds, last 0.118 s, source twoStageRealTimeIteration
turningCrossing: 1452/1600 holds, last 0.104 s, source twoStageRealTimeIteration
turningCrossing: 1456/1600 holds, last 0.119 s, source twoStageRealTimeIteration
turningCrossing: 1460/1600 holds, last 0.191 s, source twoStageRealTimeIteration
turningCrossing: 1464/1600 holds, last 0.098 s, source twoStageRealTimeIteration
turningCrossing: 1468/1600 holds, last 0.100 s, source twoStageRealTimeIteration
turningCrossing: 1472/1600 holds, last 0.083 s, source twoStageRealTimeIteration
turningCrossing: 1476/1600 holds, last 0.104 s, source twoStageRealTimeIteration
turningCrossing: 1480/1600 holds, last 0.089 s, source twoStageRealTimeIteration
turningCrossing: 1484/1600 holds, last 0.111 s, source twoStageRealTimeIteration
turningCrossing: 1488/1600 holds, last 0.121 s, source twoStageRealTimeIteration
turningCrossing: 1492/1600 holds, last 0.097 s, source twoStageRealTimeIteration
turningCrossing: 1496/1600 holds, last 0.175 s, source twoStageRealTimeIteration
turningCrossing: 1500/1600 holds, last 0.077 s, source twoStageRealTimeIteration
Recovery at 75.00 s: e = [497.543  -0.243107   -1.95483 -0.0142556 -0.0541829], W = 1.41302e+07
turningCrossing: 1504/1600 holds, last 0.098 s, source twoStageRealTimeIteration
turningCrossing: 1508/1600 holds, last 0.098 s, source twoStageRealTimeIteration
turningCrossing: 1512/1600 holds, last 0.208 s, source twoStageRealTimeIteration
turningCrossing: 1516/1600 holds, last 0.097 s, source twoStageRealTimeIteration
turningCrossing: 1520/1600 holds, last 0.084 s, source twoStageRealTimeIteration
turningCrossing: 1524/1600 holds, last 0.082 s, source twoStageRealTimeIteration
turningCrossing: 1528/1600 holds, last 0.096 s, source twoStageRealTimeIteration
turningCrossing: 1532/1600 holds, last 0.105 s, source twoStageRealTimeIteration
turningCrossing: 1536/1600 holds, last 0.102 s, source twoStageRealTimeIteration
turningCrossing: 1540/1600 holds, last 0.101 s, source twoStageRealTimeIteration
turningCrossing: 1544/1600 holds, last 0.102 s, source twoStageRealTimeIteration
turningCrossing: 1548/1600 holds, last 0.087 s, source twoStageRealTimeIteration
turningCrossing: 1552/1600 holds, last 0.096 s, source twoStageRealTimeIteration
turningCrossing: 1556/1600 holds, last 0.094 s, source twoStageRealTimeIteration
turningCrossing: 1560/1600 holds, last 0.098 s, source twoStageRealTimeIteration
turningCrossing: 1564/1600 holds, last 0.115 s, source twoStageRealTimeIteration
turningCrossing: 1568/1600 holds, last 0.096 s, source twoStageRealTimeIteration
turningCrossing: 1572/1600 holds, last 0.101 s, source twoStageRealTimeIteration
turningCrossing: 1576/1600 holds, last 0.101 s, source twoStageRealTimeIteration
turningCrossing: 1580/1600 holds, last 0.097 s, source twoStageRealTimeIteration
turningCrossing: 1584/1600 holds, last 0.097 s, source twoStageRealTimeIteration
turningCrossing: 1588/1600 holds, last 0.101 s, source twoStageRealTimeIteration
turningCrossing: 1592/1600 holds, last 0.107 s, source twoStageRealTimeIteration
turningCrossing: 1596/1600 holds, last 0.085 s, source twoStageRealTimeIteration
turningCrossing: 1600/1600 holds, last 0.102 s, source twoStageRealTimeIteration
Recovery at 80.00 s: e = [471.604   -0.555794    -1.34984 -0.00881152  -0.0684136], W = 1.26285e+07
turningCrossing: 1600/1600 frames, max 0.228 s, failure
EXTEND-END speed=15 scenario=turningCrossing frames=1600 wall=125.477 recovered=0 max=0.228488 failedCall=NaN gap=0.081015697 failure=
