EXTEND-START speed=8 scenario=acceleratingHeadOn
acceleratingHeadOn: 404/1600 holds, last 0.059 s, source twoStageRealTimeIteration
acceleratingHeadOn: 408/1600 holds, last 0.053 s, source twoStageRealTimeIteration
acceleratingHeadOn: 412/1600 holds, last 0.057 s, source twoStageRealTimeIteration
acceleratingHeadOn: 416/1600 holds, last 0.051 s, source twoStageRealTimeIteration
acceleratingHeadOn: 420/1600 holds, last 0.048 s, source twoStageRealTimeIteration
acceleratingHeadOn: 424/1600 holds, last 0.051 s, source twoStageRealTimeIteration
acceleratingHeadOn: 428/1600 holds, last 0.049 s, source twoStageRealTimeIteration
acceleratingHeadOn: 432/1600 holds, last 0.059 s, source twoStageRealTimeIteration
acceleratingHeadOn: 436/1600 holds, last 0.159 s, source twoStageRealTimeIteration
acceleratingHeadOn: 440/1600 holds, last 0.048 s, source twoStageRealTimeIteration
acceleratingHeadOn: 444/1600 holds, last 0.052 s, source twoStageRealTimeIteration
acceleratingHeadOn: 448/1600 holds, last 0.057 s, source twoStageRealTimeIteration
acceleratingHeadOn: 452/1600 holds, last 0.048 s, source twoStageRealTimeIteration
acceleratingHeadOn: 456/1600 holds, last 0.049 s, source twoStageRealTimeIteration
acceleratingHeadOn: 460/1600 holds, last 0.050 s, source twoStageRealTimeIteration
acceleratingHeadOn: 464/1600 holds, last 0.049 s, source twoStageRealTimeIteration
acceleratingHeadOn: 468/1600 holds, last 0.047 s, source twoStageRealTimeIteration
acceleratingHeadOn: 472/1600 holds, last 0.047 s, source twoStageRealTimeIteration
acceleratingHeadOn: 476/1600 holds, last 0.056 s, source twoStageRealTimeIteration
acceleratingHeadOn: 480/1600 holds, last 0.109 s, source twoStageRealTimeIteration
acceleratingHeadOn: 484/1600 holds, last 0.061 s, source twoStageRealTimeIteration
acceleratingHeadOn: 488/1600 holds, last 0.054 s, source twoStageRealTimeIteration
acceleratingHeadOn: 492/1600 holds, last 0.043 s, source twoStageRealTimeIteration
acceleratingHeadOn: 496/1600 holds, last 0.043 s, source twoStageRealTimeIteration
acceleratingHeadOn: 500/1600 holds, last 0.043 s, source twoStageRealTimeIteration
Recovery at 25.00 s: e = [18.3112  -0.238463 -0.0962332  0.0106991 0.00988161], W = 24284.9
acceleratingHeadOn: 504/1600 holds, last 0.047 s, source twoStageRealTimeIteration
acceleratingHeadOn: 508/1600 holds, last 0.046 s, source twoStageRealTimeIteration
acceleratingHeadOn: 512/1600 holds, last 0.048 s, source twoStageRealTimeIteration
acceleratingHeadOn: 516/1600 holds, last 0.047 s, source twoStageRealTimeIteration
acceleratingHeadOn: 520/1600 holds, last 0.045 s, source twoStageRealTimeIteration
acceleratingHeadOn: 524/1600 holds, last 0.043 s, source twoStageRealTimeIteration
acceleratingHeadOn: 528/1600 holds, last 0.044 s, source twoStageRealTimeIteration
acceleratingHeadOn: 532/1600 holds, last 0.046 s, source twoStageRealTimeIteration
acceleratingHeadOn: 536/1600 holds, last 0.045 s, source twoStageRealTimeIteration
acceleratingHeadOn: 540/1600 holds, last 0.049 s, source twoStageRealTimeIteration
acceleratingHeadOn: 544/1600 holds, last 0.042 s, source twoStageRealTimeIteration
acceleratingHeadOn: 548/1600 holds, last 0.042 s, source twoStageRealTimeIteration
acceleratingHeadOn: 552/1600 holds, last 0.042 s, source twoStageRealTimeIteration
acceleratingHeadOn: 556/1600 holds, last 0.045 s, source twoStageRealTimeIteration
acceleratingHeadOn: 560/1600 holds, last 0.042 s, source twoStageRealTimeIteration
acceleratingHeadOn: 564/1600 holds, last 0.044 s, source twoStageRealTimeIteration
acceleratingHeadOn: 568/1600 holds, last 0.043 s, source twoStageRealTimeIteration
acceleratingHeadOn: 572/1600 holds, last 0.044 s, source twoStageRealTimeIteration
acceleratingHeadOn: 576/1600 holds, last 0.042 s, source twoStageRealTimeIteration
acceleratingHeadOn: 580/1600 holds, last 0.042 s, source twoStageRealTimeIteration
acceleratingHeadOn: 584/1600 holds, last 0.043 s, source twoStageRealTimeIteration
acceleratingHeadOn: 588/1600 holds, last 0.042 s, source twoStageRealTimeIteration
acceleratingHeadOn: 592/1600 holds, last 0.041 s, source twoStageRealTimeIteration
acceleratingHeadOn: 596/1600 holds, last 0.043 s, source twoStageRealTimeIteration
acceleratingHeadOn: 600/1600 holds, last 0.049 s, source twoStageRealTimeIteration
Recovery at 30.00 s: e = [10.7134  -0.185606  -0.404664 0.00369766 0.00322369], W = 8191.28
acceleratingHeadOn: 604/1600 holds, last 0.044 s, source twoStageRealTimeIteration
acceleratingHeadOn: 608/1600 holds, last 0.043 s, source twoStageRealTimeIteration
acceleratingHeadOn: 612/1600 holds, last 0.043 s, source twoStageRealTimeIteration
acceleratingHeadOn: 616/1600 holds, last 0.045 s, source twoStageRealTimeIteration
acceleratingHeadOn: 620/1600 holds, last 0.043 s, source twoStageRealTimeIteration
acceleratingHeadOn: 624/1600 holds, last 0.042 s, source twoStageRealTimeIteration
acceleratingHeadOn: 628/1600 holds, last 0.043 s, source twoStageRealTimeIteration
acceleratingHeadOn: 632/1600 holds, last 0.045 s, source twoStageRealTimeIteration
acceleratingHeadOn: 636/1600 holds, last 0.043 s, source twoStageRealTimeIteration
acceleratingHeadOn: 640/1600 holds, last 0.044 s, source twoStageRealTimeIteration
acceleratingHeadOn: 644/1600 holds, last 0.045 s, source twoStageRealTimeIteration
acceleratingHeadOn: 648/1600 holds, last 0.044 s, source twoStageRealTimeIteration
acceleratingHeadOn: 652/1600 holds, last 0.047 s, source twoStageRealTimeIteration
acceleratingHeadOn: 656/1600 holds, last 0.043 s, source twoStageRealTimeIteration
acceleratingHeadOn: 660/1600 holds, last 0.047 s, source twoStageRealTimeIteration
acceleratingHeadOn: 664/1600 holds, last 0.044 s, source twoStageRealTimeIteration
acceleratingHeadOn: 668/1600 holds, last 0.043 s, source twoStageRealTimeIteration
acceleratingHeadOn: 672/1600 holds, last 0.043 s, source twoStageRealTimeIteration
acceleratingHeadOn: 676/1600 holds, last 0.043 s, source twoStageRealTimeIteration
acceleratingHeadOn: 680/1600 holds, last 0.043 s, source twoStageRealTimeIteration
acceleratingHeadOn: 684/1600 holds, last 0.043 s, source twoStageRealTimeIteration
acceleratingHeadOn: 688/1600 holds, last 0.043 s, source twoStageRealTimeIteration
acceleratingHeadOn: 692/1600 holds, last 0.044 s, source twoStageRealTimeIteration
acceleratingHeadOn: 696/1600 holds, last 0.043 s, source twoStageRealTimeIteration
acceleratingHeadOn: 700/1600 holds, last 0.044 s, source twoStageRealTimeIteration
Recovery at 35.00 s: e = [3.79202    -0.182955    -0.377018 -0.000165938 -0.000139798], W = 941.995
acceleratingHeadOn: 704/1600 holds, last 0.044 s, source twoStageRealTimeIteration
acceleratingHeadOn: 708/1600 holds, last 0.043 s, source twoStageRealTimeIteration
acceleratingHeadOn: 712/1600 holds, last 0.043 s, source twoStageRealTimeIteration
acceleratingHeadOn: 716/1600 holds, last 0.043 s, source twoStageRealTimeIteration
acceleratingHeadOn: 720/1600 holds, last 0.044 s, source twoStageRealTimeIteration
acceleratingHeadOn: 724/1600 holds, last 0.043 s, source twoStageRealTimeIteration
acceleratingHeadOn: 728/1600 holds, last 0.043 s, source twoStageRealTimeIteration
acceleratingHeadOn: 732/1600 holds, last 0.042 s, source twoStageRealTimeIteration
acceleratingHeadOn: 736/1600 holds, last 0.042 s, source twoStageRealTimeIteration
acceleratingHeadOn: 740/1600 holds, last 0.043 s, source twoStageRealTimeIteration
acceleratingHeadOn: 744/1600 holds, last 0.043 s, source twoStageRealTimeIteration
acceleratingHeadOn: 748/1600 holds, last 0.044 s, source twoStageRealTimeIteration
acceleratingHeadOn: 752/1600 holds, last 0.045 s, source twoStageRealTimeIteration
acceleratingHeadOn: 756/1600 holds, last 0.047 s, source twoStageRealTimeIteration
acceleratingHeadOn: 760/1600 holds, last 0.051 s, source twoStageRealTimeIteration
acceleratingHeadOn: 764/1600 holds, last 0.268 s, source twoStageRealTimeIteration
acceleratingHeadOn: 768/1600 holds, last 0.082 s, source twoStageRealTimeIteration
acceleratingHeadOn: 772/1600 holds, last 0.165 s, source twoStageRealTimeIteration
acceleratingHeadOn: 776/1600 holds, last 0.179 s, source twoStageRealTimeIteration
acceleratingHeadOn: 780/1600 holds, last 0.244 s, source twoStageRealTimeIteration
acceleratingHeadOn: 784/1600 holds, last 0.187 s, source twoStageRealTimeIteration
acceleratingHeadOn: 788/1600 holds, last 0.056 s, source twoStageRealTimeIteration
acceleratingHeadOn: 792/1600 holds, last 0.219 s, source twoStageRealTimeIteration
acceleratingHeadOn: 796/1600 holds, last 0.059 s, source twoStageRealTimeIteration
acceleratingHeadOn: 800/1600 holds, last 0.046 s, source twoStageRealTimeIteration
Recovery at 40.00 s: e = [-0.680372 0.00894762 0.00394213  0.0273878  0.0225503], W = 33.6841
acceleratingHeadOn: 804/1600 holds, last 0.048 s, source twoStageRealTimeIteration
acceleratingHeadOn: 808/1600 holds, last 0.047 s, source twoStageRealTimeIteration
acceleratingHeadOn: 812/1600 holds, last 0.046 s, source twoStageRealTimeIteration
acceleratingHeadOn: 816/1600 holds, last 0.044 s, source twoStageRealTimeIteration
acceleratingHeadOn: 820/1600 holds, last 0.043 s, source twoStageRealTimeIteration
acceleratingHeadOn: 824/1600 holds, last 0.044 s, source twoStageRealTimeIteration
acceleratingHeadOn: 828/1600 holds, last 0.044 s, source twoStageRealTimeIteration
acceleratingHeadOn: 832/1600 holds, last 0.043 s, source twoStageRealTimeIteration
acceleratingHeadOn: 836/1600 holds, last 0.044 s, source twoStageRealTimeIteration
acceleratingHeadOn: 840/1600 holds, last 0.043 s, source twoStageRealTimeIteration
acceleratingHeadOn: 844/1600 holds, last 0.045 s, source twoStageRealTimeIteration
acceleratingHeadOn: 848/1600 holds, last 0.044 s, source twoStageRealTimeIteration
acceleratingHeadOn: 852/1600 holds, last 0.042 s, source twoStageRealTimeIteration
acceleratingHeadOn: 856/1600 holds, last 0.041 s, source twoStageRealTimeIteration
acceleratingHeadOn: 860/1600 holds, last 0.040 s, source twoStageRealTimeIteration
acceleratingHeadOn: 864/1600 holds, last 0.041 s, source twoStageRealTimeIteration
acceleratingHeadOn: 868/1600 holds, last 0.040 s, source twoStageRealTimeIteration
acceleratingHeadOn: 872/1600 holds, last 0.040 s, source twoStageRealTimeIteration
acceleratingHeadOn: 876/1600 holds, last 0.041 s, source twoStageRealTimeIteration
acceleratingHeadOn: 880/1600 holds, last 0.041 s, source twoStageRealTimeIteration
acceleratingHeadOn: 884/1600 holds, last 0.041 s, source twoStageRealTimeIteration
acceleratingHeadOn: 888/1600 holds, last 0.043 s, source twoStageRealTimeIteration
acceleratingHeadOn: 892/1600 holds, last 0.041 s, source twoStageRealTimeIteration
acceleratingHeadOn: 896/1600 holds, last 0.041 s, source twoStageRealTimeIteration
acceleratingHeadOn: 900/1600 holds, last 0.041 s, source twoStageRealTimeIteration
Recovery at 45.00 s: e = [-0.288624 0.00799821  -0.238945 0.00177522 0.00155851], W = 6.91567
acceleratingHeadOn: 904/1600 holds, last 0.041 s, source twoStageRealTimeIteration
acceleratingHeadOn: 908/1600 holds, last 0.043 s, source twoStageRealTimeIteration
acceleratingHeadOn: 912/1600 holds, last 0.041 s, source twoStageRealTimeIteration
acceleratingHeadOn: 916/1600 holds, last 0.040 s, source twoStageRealTimeIteration
acceleratingHeadOn: 920/1600 holds, last 0.041 s, source twoStageRealTimeIteration
acceleratingHeadOn: 924/1600 holds, last 0.042 s, source twoStageRealTimeIteration
acceleratingHeadOn: 928/1600 holds, last 0.042 s, source twoStageRealTimeIteration
acceleratingHeadOn: 932/1600 holds, last 0.042 s, source twoStageRealTimeIteration
acceleratingHeadOn: 936/1600 holds, last 0.042 s, source twoStageRealTimeIteration
acceleratingHeadOn: 940/1600 holds, last 0.042 s, source twoStageRealTimeIteration
acceleratingHeadOn: 944/1600 holds, last 0.041 s, source twoStageRealTimeIteration
acceleratingHeadOn: 948/1600 holds, last 0.042 s, source twoStageRealTimeIteration
acceleratingHeadOn: 952/1600 holds, last 0.040 s, source twoStageRealTimeIteration
acceleratingHeadOn: 956/1600 holds, last 0.040 s, source twoStageRealTimeIteration
acceleratingHeadOn: 960/1600 holds, last 0.042 s, source twoStageRealTimeIteration
acceleratingHeadOn: 964/1600 holds, last 0.041 s, source twoStageRealTimeIteration
acceleratingHeadOn: 968/1600 holds, last 0.042 s, source twoStageRealTimeIteration
acceleratingHeadOn: 972/1600 holds, last 0.041 s, source twoStageRealTimeIteration
acceleratingHeadOn: 976/1600 holds, last 0.041 s, source twoStageRealTimeIteration
acceleratingHeadOn: 980/1600 holds, last 0.041 s, source twoStageRealTimeIteration
acceleratingHeadOn: 984/1600 holds, last 0.043 s, source twoStageRealTimeIteration
acceleratingHeadOn: 988/1600 holds, last 0.043 s, source twoStageRealTimeIteration
acceleratingHeadOn: 992/1600 holds, last 0.041 s, source twoStageRealTimeIteration
acceleratingHeadOn: 996/1600 holds, last 0.042 s, source twoStageRealTimeIteration
acceleratingHeadOn: 1000/1600 holds, last 0.045 s, source twoStageRealTimeIteration
Recovery at 50.00 s: e = [-0.00846969   0.00087762   -0.0506858  -0.00114895 -0.000972069], W = 0.0570997
acceleratingHeadOn: 1004/1600 holds, last 0.042 s, source twoStageRealTimeIteration
acceleratingHeadOn: 1008/1600 holds, last 0.042 s, source twoStageRealTimeIteration
acceleratingHeadOn: 1012/1600 holds, last 0.045 s, source twoStageRealTimeIteration
acceleratingHeadOn: 1016/1600 holds, last 0.044 s, source twoStageRealTimeIteration
acceleratingHeadOn: 1020/1600 holds, last 0.046 s, source twoStageRealTimeIteration
acceleratingHeadOn: 1024/1600 holds, last 0.046 s, source twoStageRealTimeIteration
acceleratingHeadOn: 1028/1600 holds, last 0.046 s, source twoStageRealTimeIteration
acceleratingHeadOn: 1032/1600 holds, last 0.045 s, source twoStageRealTimeIteration
acceleratingHeadOn: 1036/1600 holds, last 0.045 s, source twoStageRealTimeIteration
acceleratingHeadOn: 1040/1600 holds, last 0.045 s, source twoStageRealTimeIteration
acceleratingHeadOn: 1044/1600 holds, last 0.050 s, source twoStageRealTimeIteration
acceleratingHeadOn: 1046/1600 frames, max 0.743 s, failure
EXTEND-END speed=8 scenario=acceleratingHeadOn frames=1046 wall=41.663 recovered=1 max=0.743411 failedCall=NaN gap=0.367925877 failure=
EXTEND-START speed=8 scenario=turningCrossing
turningCrossing: 404/1600 holds, last 0.049 s, source twoStageRealTimeIteration
turningCrossing: 408/1600 holds, last 0.050 s, source twoStageRealTimeIteration
turningCrossing: 412/1600 holds, last 0.049 s, source twoStageRealTimeIteration
turningCrossing: 416/1600 holds, last 0.051 s, source twoStageRealTimeIteration
turningCrossing: 420/1600 holds, last 0.049 s, source twoStageRealTimeIteration
turningCrossing: 424/1600 holds, last 0.049 s, source twoStageRealTimeIteration
turningCrossing: 428/1600 holds, last 0.049 s, source twoStageRealTimeIteration
turningCrossing: 432/1600 holds, last 0.050 s, source twoStageRealTimeIteration
turningCrossing: 436/1600 holds, last 0.050 s, source twoStageRealTimeIteration
turningCrossing: 440/1600 holds, last 0.050 s, source twoStageRealTimeIteration
turningCrossing: 444/1600 holds, last 0.049 s, source twoStageRealTimeIteration
turningCrossing: 448/1600 holds, last 0.049 s, source twoStageRealTimeIteration
turningCrossing: 452/1600 holds, last 0.049 s, source twoStageRealTimeIteration
turningCrossing: 456/1600 holds, last 0.051 s, source twoStageRealTimeIteration
turningCrossing: 460/1600 holds, last 0.050 s, source twoStageRealTimeIteration
turningCrossing: 464/1600 holds, last 0.050 s, source twoStageRealTimeIteration
turningCrossing: 468/1600 holds, last 0.049 s, source twoStageRealTimeIteration
turningCrossing: 472/1600 holds, last 0.049 s, source twoStageRealTimeIteration
turningCrossing: 476/1600 holds, last 0.055 s, source twoStageRealTimeIteration
turningCrossing: 480/1600 holds, last 0.049 s, source twoStageRealTimeIteration
turningCrossing: 484/1600 holds, last 0.049 s, source twoStageRealTimeIteration
turningCrossing: 488/1600 holds, last 0.050 s, source twoStageRealTimeIteration
turningCrossing: 492/1600 holds, last 0.051 s, source twoStageRealTimeIteration
turningCrossing: 496/1600 holds, last 0.050 s, source twoStageRealTimeIteration
turningCrossing: 500/1600 holds, last 0.049 s, source twoStageRealTimeIteration
Recovery at 25.00 s: e = [-76.543   -1.1286   -1.2261 0.0420187 0.0325618], W = 473111
turningCrossing: 504/1600 holds, last 0.049 s, source twoStageRealTimeIteration
turningCrossing: 508/1600 holds, last 0.052 s, source twoStageRealTimeIteration
turningCrossing: 512/1600 holds, last 0.050 s, source twoStageRealTimeIteration
turningCrossing: 516/1600 holds, last 0.050 s, source twoStageRealTimeIteration
turningCrossing: 520/1600 holds, last 0.049 s, source twoStageRealTimeIteration
turningCrossing: 524/1600 holds, last 0.049 s, source twoStageRealTimeIteration
turningCrossing: 528/1600 holds, last 0.050 s, source twoStageRealTimeIteration
turningCrossing: 532/1600 holds, last 0.050 s, source twoStageRealTimeIteration
turningCrossing: 536/1600 holds, last 0.050 s, source twoStageRealTimeIteration
turningCrossing: 540/1600 holds, last 0.050 s, source twoStageRealTimeIteration
turningCrossing: 544/1600 holds, last 0.050 s, source twoStageRealTimeIteration
turningCrossing: 548/1600 holds, last 0.050 s, source twoStageRealTimeIteration
turningCrossing: 552/1600 holds, last 0.051 s, source twoStageRealTimeIteration
turningCrossing: 556/1600 holds, last 0.049 s, source twoStageRealTimeIteration
turningCrossing: 560/1600 holds, last 0.050 s, source twoStageRealTimeIteration
turningCrossing: 564/1600 holds, last 0.049 s, source twoStageRealTimeIteration
turningCrossing: 568/1600 holds, last 0.050 s, source twoStageRealTimeIteration
turningCrossing: 572/1600 holds, last 0.050 s, source twoStageRealTimeIteration
turningCrossing: 576/1600 holds, last 0.050 s, source twoStageRealTimeIteration
turningCrossing: 580/1600 holds, last 0.050 s, source twoStageRealTimeIteration
turningCrossing: 584/1600 holds, last 0.050 s, source twoStageRealTimeIteration
turningCrossing: 588/1600 holds, last 0.050 s, source twoStageRealTimeIteration
turningCrossing: 592/1600 holds, last 0.050 s, source twoStageRealTimeIteration
turningCrossing: 596/1600 holds, last 0.050 s, source twoStageRealTimeIteration
turningCrossing: 600/1600 holds, last 0.049 s, source twoStageRealTimeIteration
Recovery at 30.00 s: e = [-105.691 -0.964093  -1.24557 0.0449916 0.0350377], W = 880981
turningCrossing: 604/1600 holds, last 0.050 s, source twoStageRealTimeIteration
turningCrossing: 608/1600 holds, last 0.050 s, source twoStageRealTimeIteration
turningCrossing: 612/1600 holds, last 0.055 s, source twoStageRealTimeIteration
turningCrossing: 616/1600 holds, last 0.050 s, source twoStageRealTimeIteration
turningCrossing: 620/1600 holds, last 0.050 s, source twoStageRealTimeIteration
turningCrossing: 624/1600 holds, last 0.050 s, source twoStageRealTimeIteration
turningCrossing: 628/1600 holds, last 0.050 s, source twoStageRealTimeIteration
turningCrossing: 632/1600 holds, last 0.050 s, source twoStageRealTimeIteration
turningCrossing: 636/1600 holds, last 0.049 s, source twoStageRealTimeIteration
turningCrossing: 640/1600 holds, last 0.049 s, source twoStageRealTimeIteration
turningCrossing: 644/1600 holds, last 0.048 s, source twoStageRealTimeIteration
turningCrossing: 648/1600 holds, last 0.048 s, source twoStageRealTimeIteration
turningCrossing: 652/1600 holds, last 0.048 s, source twoStageRealTimeIteration
turningCrossing: 656/1600 holds, last 0.049 s, source twoStageRealTimeIteration
turningCrossing: 660/1600 holds, last 0.050 s, source twoStageRealTimeIteration
turningCrossing: 664/1600 holds, last 0.051 s, source twoStageRealTimeIteration
turningCrossing: 668/1600 holds, last 0.051 s, source twoStageRealTimeIteration
turningCrossing: 672/1600 holds, last 0.051 s, source twoStageRealTimeIteration
turningCrossing: 676/1600 holds, last 0.050 s, source twoStageRealTimeIteration
turningCrossing: 680/1600 holds, last 0.049 s, source twoStageRealTimeIteration
turningCrossing: 684/1600 holds, last 0.049 s, source twoStageRealTimeIteration
turningCrossing: 688/1600 holds, last 0.049 s, source twoStageRealTimeIteration
turningCrossing: 692/1600 holds, last 0.048 s, source twoStageRealTimeIteration
turningCrossing: 696/1600 holds, last 0.049 s, source twoStageRealTimeIteration
turningCrossing: 700/1600 holds, last 0.048 s, source twoStageRealTimeIteration
Recovery at 35.00 s: e = [-131.56 -0.798779  -1.24907 0.0428887 0.0333835], W = 1.34804e+06
turningCrossing: 704/1600 holds, last 0.048 s, source twoStageRealTimeIteration
turningCrossing: 708/1600 holds, last 0.048 s, source twoStageRealTimeIteration
turningCrossing: 712/1600 holds, last 0.048 s, source twoStageRealTimeIteration
turningCrossing: 716/1600 holds, last 0.048 s, source twoStageRealTimeIteration
turningCrossing: 720/1600 holds, last 0.048 s, source twoStageRealTimeIteration
turningCrossing: 724/1600 holds, last 0.048 s, source twoStageRealTimeIteration
turningCrossing: 728/1600 holds, last 0.048 s, source twoStageRealTimeIteration
turningCrossing: 732/1600 holds, last 0.048 s, source twoStageRealTimeIteration
turningCrossing: 736/1600 holds, last 0.048 s, source twoStageRealTimeIteration
turningCrossing: 740/1600 holds, last 0.049 s, source twoStageRealTimeIteration
turningCrossing: 744/1600 holds, last 0.049 s, source twoStageRealTimeIteration
turningCrossing: 748/1600 holds, last 0.050 s, source twoStageRealTimeIteration
turningCrossing: 752/1600 holds, last 0.050 s, source twoStageRealTimeIteration
turningCrossing: 756/1600 holds, last 0.051 s, source twoStageRealTimeIteration
turningCrossing: 760/1600 holds, last 0.052 s, source twoStageRealTimeIteration
turningCrossing: 764/1600 holds, last 0.053 s, source twoStageRealTimeIteration
turningCrossing: 768/1600 holds, last 0.052 s, source twoStageRealTimeIteration
turningCrossing: 772/1600 holds, last 0.052 s, source twoStageRealTimeIteration
turningCrossing: 776/1600 holds, last 0.051 s, source twoStageRealTimeIteration
turningCrossing: 780/1600 holds, last 0.049 s, source twoStageRealTimeIteration
turningCrossing: 784/1600 holds, last 0.048 s, source twoStageRealTimeIteration
turningCrossing: 788/1600 holds, last 0.049 s, source twoStageRealTimeIteration
turningCrossing: 792/1600 holds, last 0.049 s, source twoStageRealTimeIteration
turningCrossing: 796/1600 holds, last 0.049 s, source twoStageRealTimeIteration
turningCrossing: 800/1600 holds, last 0.049 s, source twoStageRealTimeIteration
Recovery at 40.00 s: e = [-153.452 -0.630572  -1.25702 0.0453234 0.0352082], W = 1.81951e+06
turningCrossing: 804/1600 holds, last 0.048 s, source twoStageRealTimeIteration
turningCrossing: 808/1600 holds, last 0.048 s, source twoStageRealTimeIteration
turningCrossing: 812/1600 holds, last 0.048 s, source twoStageRealTimeIteration
turningCrossing: 816/1600 holds, last 0.048 s, source twoStageRealTimeIteration
turningCrossing: 820/1600 holds, last 0.048 s, source twoStageRealTimeIteration
turningCrossing: 824/1600 holds, last 0.048 s, source twoStageRealTimeIteration
turningCrossing: 828/1600 holds, last 0.048 s, source twoStageRealTimeIteration
turningCrossing: 832/1600 holds, last 0.049 s, source twoStageRealTimeIteration
turningCrossing: 836/1600 holds, last 0.049 s, source twoStageRealTimeIteration
turningCrossing: 840/1600 holds, last 0.049 s, source twoStageRealTimeIteration
turningCrossing: 844/1600 holds, last 0.049 s, source twoStageRealTimeIteration
turningCrossing: 848/1600 holds, last 0.049 s, source twoStageRealTimeIteration
turningCrossing: 852/1600 holds, last 0.048 s, source twoStageRealTimeIteration
turningCrossing: 856/1600 holds, last 0.048 s, source twoStageRealTimeIteration
turningCrossing: 860/1600 holds, last 0.048 s, source twoStageRealTimeIteration
turningCrossing: 864/1600 holds, last 0.049 s, source twoStageRealTimeIteration
turningCrossing: 868/1600 holds, last 0.049 s, source twoStageRealTimeIteration
turningCrossing: 872/1600 holds, last 0.049 s, source twoStageRealTimeIteration
turningCrossing: 876/1600 holds, last 0.050 s, source twoStageRealTimeIteration
turningCrossing: 880/1600 holds, last 0.049 s, source twoStageRealTimeIteration
turningCrossing: 884/1600 holds, last 0.049 s, source twoStageRealTimeIteration
turningCrossing: 888/1600 holds, last 0.050 s, source twoStageRealTimeIteration
turningCrossing: 892/1600 holds, last 0.049 s, source twoStageRealTimeIteration
turningCrossing: 896/1600 holds, last 0.049 s, source twoStageRealTimeIteration
turningCrossing: 900/1600 holds, last 0.049 s, source twoStageRealTimeIteration
Recovery at 45.00 s: e = [-170.741 -0.463871  -1.25494 0.0442116 0.0343462], W = 2.24008e+06
turningCrossing: 904/1600 holds, last 0.050 s, source twoStageRealTimeIteration
turningCrossing: 908/1600 holds, last 0.049 s, source twoStageRealTimeIteration
turningCrossing: 912/1600 holds, last 0.051 s, source twoStageRealTimeIteration
turningCrossing: 916/1600 holds, last 0.050 s, source twoStageRealTimeIteration
turningCrossing: 920/1600 holds, last 0.050 s, source twoStageRealTimeIteration
turningCrossing: 924/1600 holds, last 0.049 s, source twoStageRealTimeIteration
turningCrossing: 928/1600 holds, last 0.049 s, source twoStageRealTimeIteration
turningCrossing: 932/1600 holds, last 0.049 s, source twoStageRealTimeIteration
turningCrossing: 936/1600 holds, last 0.049 s, source twoStageRealTimeIteration
turningCrossing: 940/1600 holds, last 0.051 s, source twoStageRealTimeIteration
turningCrossing: 944/1600 holds, last 0.050 s, source twoStageRealTimeIteration
turningCrossing: 948/1600 holds, last 0.049 s, source twoStageRealTimeIteration
turningCrossing: 952/1600 holds, last 0.049 s, source twoStageRealTimeIteration
turningCrossing: 956/1600 holds, last 0.050 s, source twoStageRealTimeIteration
turningCrossing: 960/1600 holds, last 0.052 s, source twoStageRealTimeIteration
turningCrossing: 964/1600 holds, last 0.051 s, source twoStageRealTimeIteration
turningCrossing: 968/1600 holds, last 0.049 s, source twoStageRealTimeIteration
turningCrossing: 972/1600 holds, last 0.049 s, source twoStageRealTimeIteration
turningCrossing: 976/1600 holds, last 0.049 s, source twoStageRealTimeIteration
turningCrossing: 980/1600 holds, last 0.049 s, source twoStageRealTimeIteration
turningCrossing: 984/1600 holds, last 0.049 s, source twoStageRealTimeIteration
turningCrossing: 988/1600 holds, last 0.049 s, source twoStageRealTimeIteration
turningCrossing: 992/1600 holds, last 0.050 s, source twoStageRealTimeIteration
turningCrossing: 996/1600 holds, last 0.050 s, source twoStageRealTimeIteration
turningCrossing: 1000/1600 holds, last 0.049 s, source twoStageRealTimeIteration
Recovery at 50.00 s: e = [-182.955 -0.297162  -1.25472 0.0411209 0.0319712], W = 2.56092e+06
turningCrossing: 1004/1600 holds, last 0.051 s, source twoStageRealTimeIteration
turningCrossing: 1008/1600 holds, last 0.050 s, source twoStageRealTimeIteration
turningCrossing: 1012/1600 holds, last 0.051 s, source twoStageRealTimeIteration
turningCrossing: 1016/1600 holds, last 0.051 s, source twoStageRealTimeIteration
turningCrossing: 1020/1600 holds, last 0.050 s, source twoStageRealTimeIteration
turningCrossing: 1024/1600 holds, last 0.050 s, source twoStageRealTimeIteration
turningCrossing: 1028/1600 holds, last 0.050 s, source twoStageRealTimeIteration
turningCrossing: 1032/1600 holds, last 0.050 s, source twoStageRealTimeIteration
turningCrossing: 1036/1600 holds, last 0.052 s, source twoStageRealTimeIteration
turningCrossing: 1040/1600 holds, last 0.051 s, source twoStageRealTimeIteration
turningCrossing: 1044/1600 holds, last 0.050 s, source twoStageRealTimeIteration
turningCrossing: 1048/1600 holds, last 0.051 s, source twoStageRealTimeIteration
turningCrossing: 1052/1600 holds, last 0.051 s, source twoStageRealTimeIteration
turningCrossing: 1056/1600 holds, last 0.050 s, source twoStageRealTimeIteration
turningCrossing: 1060/1600 holds, last 0.050 s, source twoStageRealTimeIteration
turningCrossing: 1064/1600 holds, last 0.051 s, source twoStageRealTimeIteration
turningCrossing: 1068/1600 holds, last 0.050 s, source twoStageRealTimeIteration
turningCrossing: 1072/1600 holds, last 0.050 s, source twoStageRealTimeIteration
turningCrossing: 1076/1600 holds, last 0.050 s, source twoStageRealTimeIteration
turningCrossing: 1080/1600 holds, last 0.051 s, source twoStageRealTimeIteration
turningCrossing: 1084/1600 holds, last 0.052 s, source twoStageRealTimeIteration
turningCrossing: 1088/1600 holds, last 0.051 s, source twoStageRealTimeIteration
turningCrossing: 1092/1600 holds, last 0.051 s, source twoStageRealTimeIteration
turningCrossing: 1096/1600 holds, last 0.053 s, source twoStageRealTimeIteration
turningCrossing: 1100/1600 holds, last 0.051 s, source twoStageRealTimeIteration
Recovery at 55.00 s: e = [-189.885    -0.128  -1.25281 0.0445188 0.0345811], W = 2.74828e+06
turningCrossing: 1104/1600 holds, last 0.051 s, source twoStageRealTimeIteration
turningCrossing: 1108/1600 holds, last 0.051 s, source twoStageRealTimeIteration
turningCrossing: 1112/1600 holds, last 0.050 s, source twoStageRealTimeIteration
turningCrossing: 1116/1600 holds, last 0.051 s, source twoStageRealTimeIteration
turningCrossing: 1120/1600 holds, last 0.050 s, source twoStageRealTimeIteration
turningCrossing: 1124/1600 holds, last 0.049 s, source twoStageRealTimeIteration
turningCrossing: 1128/1600 holds, last 0.049 s, source twoStageRealTimeIteration
turningCrossing: 1132/1600 holds, last 0.049 s, source twoStageRealTimeIteration
turningCrossing: 1136/1600 holds, last 0.049 s, source twoStageRealTimeIteration
turningCrossing: 1140/1600 holds, last 0.049 s, source twoStageRealTimeIteration
turningCrossing: 1144/1600 holds, last 0.049 s, source twoStageRealTimeIteration
turningCrossing: 1148/1600 holds, last 0.049 s, source twoStageRealTimeIteration
turningCrossing: 1152/1600 holds, last 0.049 s, source twoStageRealTimeIteration
turningCrossing: 1156/1600 holds, last 0.049 s, source twoStageRealTimeIteration
turningCrossing: 1160/1600 holds, last 0.050 s, source twoStageRealTimeIteration
turningCrossing: 1164/1600 holds, last 0.049 s, source twoStageRealTimeIteration
turningCrossing: 1168/1600 holds, last 0.049 s, source twoStageRealTimeIteration
turningCrossing: 1172/1600 holds, last 0.049 s, source twoStageRealTimeIteration
turningCrossing: 1176/1600 holds, last 0.049 s, source twoStageRealTimeIteration
turningCrossing: 1180/1600 holds, last 0.050 s, source twoStageRealTimeIteration
turningCrossing: 1184/1600 holds, last 0.049 s, source twoStageRealTimeIteration
turningCrossing: 1188/1600 holds, last 0.049 s, source twoStageRealTimeIteration
turningCrossing: 1192/1600 holds, last 0.050 s, source twoStageRealTimeIteration
turningCrossing: 1196/1600 holds, last 0.050 s, source twoStageRealTimeIteration
turningCrossing: 1200/1600 holds, last 0.053 s, source twoStageRealTimeIteration
Recovery at 60.00 s: e = [-191.331 0.0302713  -1.14188 0.0420318   0.03293], W = 2.78119e+06
turningCrossing: 1204/1600 holds, last 0.049 s, source twoStageRealTimeIteration
turningCrossing: 1208/1600 holds, last 0.046 s, source twoStageRealTimeIteration
turningCrossing: 1212/1600 holds, last 0.050 s, source twoStageRealTimeIteration
turningCrossing: 1216/1600 holds, last 0.046 s, source twoStageRealTimeIteration
turningCrossing: 1220/1600 holds, last 0.047 s, source twoStageRealTimeIteration
turningCrossing: 1224/1600 holds, last 0.046 s, source twoStageRealTimeIteration
turningCrossing: 1228/1600 holds, last 0.053 s, source twoStageRealTimeIteration
turningCrossing: 1232/1600 holds, last 0.049 s, source twoStageRealTimeIteration
turningCrossing: 1236/1600 holds, last 0.049 s, source twoStageRealTimeIteration
turningCrossing: 1240/1600 holds, last 0.051 s, source twoStageRealTimeIteration
turningCrossing: 1244/1600 holds, last 0.049 s, source twoStageRealTimeIteration
turningCrossing: 1248/1600 holds, last 0.052 s, source twoStageRealTimeIteration
turningCrossing: 1252/1600 holds, last 0.050 s, source twoStageRealTimeIteration
turningCrossing: 1256/1600 holds, last 0.051 s, source twoStageRealTimeIteration
turningCrossing: 1260/1600 holds, last 0.049 s, source twoStageRealTimeIteration
turningCrossing: 1264/1600 holds, last 0.049 s, source twoStageRealTimeIteration
turningCrossing: 1268/1600 holds, last 0.049 s, source twoStageRealTimeIteration
turningCrossing: 1272/1600 holds, last 0.049 s, source twoStageRealTimeIteration
turningCrossing: 1276/1600 holds, last 0.049 s, source twoStageRealTimeIteration
turningCrossing: 1280/1600 holds, last 0.049 s, source twoStageRealTimeIteration
turningCrossing: 1284/1600 holds, last 0.050 s, source twoStageRealTimeIteration
turningCrossing: 1288/1600 holds, last 0.049 s, source twoStageRealTimeIteration
turningCrossing: 1292/1600 holds, last 0.054 s, source twoStageRealTimeIteration
turningCrossing: 1296/1600 holds, last 0.050 s, source twoStageRealTimeIteration
turningCrossing: 1300/1600 holds, last 0.050 s, source twoStageRealTimeIteration
Recovery at 65.00 s: e = [-186.511  0.214149  0.296242 0.0428903 0.0387383], W = 2.63266e+06
turningCrossing: 1304/1600 holds, last 0.049 s, source twoStageRealTimeIteration
turningCrossing: 1308/1600 holds, last 0.049 s, source twoStageRealTimeIteration
turningCrossing: 1312/1600 holds, last 0.050 s, source twoStageRealTimeIteration
turningCrossing: 1316/1600 holds, last 0.049 s, source twoStageRealTimeIteration
turningCrossing: 1320/1600 holds, last 0.049 s, source twoStageRealTimeIteration
turningCrossing: 1324/1600 holds, last 0.049 s, source twoStageRealTimeIteration
turningCrossing: 1328/1600 holds, last 0.049 s, source twoStageRealTimeIteration
turningCrossing: 1332/1600 holds, last 0.049 s, source twoStageRealTimeIteration
turningCrossing: 1336/1600 holds, last 0.049 s, source twoStageRealTimeIteration
turningCrossing: 1340/1600 holds, last 0.049 s, source twoStageRealTimeIteration
turningCrossing: 1344/1600 holds, last 0.052 s, source twoStageRealTimeIteration
turningCrossing: 1348/1600 holds, last 0.050 s, source twoStageRealTimeIteration
turningCrossing: 1352/1600 holds, last 0.050 s, source twoStageRealTimeIteration
turningCrossing: 1356/1600 holds, last 0.050 s, source twoStageRealTimeIteration
turningCrossing: 1360/1600 holds, last 0.050 s, source twoStageRealTimeIteration
turningCrossing: 1364/1600 holds, last 0.049 s, source twoStageRealTimeIteration
turningCrossing: 1368/1600 holds, last 0.049 s, source twoStageRealTimeIteration
turningCrossing: 1372/1600 holds, last 0.050 s, source twoStageRealTimeIteration
turningCrossing: 1376/1600 holds, last 0.050 s, source twoStageRealTimeIteration
turningCrossing: 1380/1600 holds, last 0.050 s, source twoStageRealTimeIteration
turningCrossing: 1384/1600 holds, last 0.050 s, source twoStageRealTimeIteration
turningCrossing: 1388/1600 holds, last 0.049 s, source twoStageRealTimeIteration
turningCrossing: 1392/1600 holds, last 0.048 s, source twoStageRealTimeIteration
turningCrossing: 1396/1600 holds, last 0.048 s, source twoStageRealTimeIteration
turningCrossing: 1400/1600 holds, last 0.052 s, source twoStageRealTimeIteration
Recovery at 70.00 s: e = [-173.013  0.414996  0.685741 0.0402707 0.0384667], W = 2.25449e+06
turningCrossing: 1404/1600 holds, last 0.049 s, source twoStageRealTimeIteration
turningCrossing: 1408/1600 holds, last 0.048 s, source twoStageRealTimeIteration
turningCrossing: 1412/1600 holds, last 0.049 s, source twoStageRealTimeIteration
turningCrossing: 1416/1600 holds, last 0.048 s, source twoStageRealTimeIteration
turningCrossing: 1420/1600 holds, last 0.049 s, source twoStageRealTimeIteration
turningCrossing: 1424/1600 holds, last 0.048 s, source twoStageRealTimeIteration
turningCrossing: 1428/1600 holds, last 0.049 s, source twoStageRealTimeIteration
turningCrossing: 1432/1600 holds, last 0.049 s, source twoStageRealTimeIteration
turningCrossing: 1436/1600 holds, last 0.049 s, source twoStageRealTimeIteration
turningCrossing: 1440/1600 holds, last 0.049 s, source twoStageRealTimeIteration
turningCrossing: 1444/1600 holds, last 0.049 s, source twoStageRealTimeIteration
turningCrossing: 1448/1600 holds, last 0.049 s, source twoStageRealTimeIteration
turningCrossing: 1452/1600 holds, last 0.048 s, source twoStageRealTimeIteration
turningCrossing: 1456/1600 holds, last 0.048 s, source twoStageRealTimeIteration
turningCrossing: 1460/1600 holds, last 0.048 s, source twoStageRealTimeIteration
turningCrossing: 1464/1600 holds, last 0.048 s, source twoStageRealTimeIteration
turningCrossing: 1468/1600 holds, last 0.048 s, source twoStageRealTimeIteration
turningCrossing: 1472/1600 holds, last 0.048 s, source twoStageRealTimeIteration
turningCrossing: 1476/1600 holds, last 0.048 s, source twoStageRealTimeIteration
turningCrossing: 1480/1600 holds, last 0.048 s, source twoStageRealTimeIteration
turningCrossing: 1484/1600 holds, last 0.048 s, source twoStageRealTimeIteration
turningCrossing: 1488/1600 holds, last 0.048 s, source twoStageRealTimeIteration
turningCrossing: 1492/1600 holds, last 0.048 s, source twoStageRealTimeIteration
turningCrossing: 1496/1600 holds, last 0.049 s, source twoStageRealTimeIteration
turningCrossing: 1500/1600 holds, last 0.048 s, source twoStageRealTimeIteration
Recovery at 75.00 s: e = [-151.702  0.606227  0.591118 0.0394173 0.0371695], W = 1.72273e+06
turningCrossing: 1504/1600 holds, last 0.050 s, source twoStageRealTimeIteration
turningCrossing: 1508/1600 holds, last 0.049 s, source twoStageRealTimeIteration
turningCrossing: 1512/1600 holds, last 0.048 s, source twoStageRealTimeIteration
turningCrossing: 1516/1600 holds, last 0.048 s, source twoStageRealTimeIteration
turningCrossing: 1520/1600 holds, last 0.047 s, source twoStageRealTimeIteration
turningCrossing: 1524/1600 holds, last 0.049 s, source twoStageRealTimeIteration
turningCrossing: 1528/1600 holds, last 0.047 s, source twoStageRealTimeIteration
turningCrossing: 1532/1600 holds, last 0.048 s, source twoStageRealTimeIteration
turningCrossing: 1536/1600 holds, last 0.048 s, source twoStageRealTimeIteration
turningCrossing: 1540/1600 holds, last 0.050 s, source twoStageRealTimeIteration
turningCrossing: 1544/1600 holds, last 0.051 s, source twoStageRealTimeIteration
turningCrossing: 1548/1600 holds, last 0.048 s, source twoStageRealTimeIteration
turningCrossing: 1552/1600 holds, last 0.048 s, source twoStageRealTimeIteration
turningCrossing: 1556/1600 holds, last 0.047 s, source twoStageRealTimeIteration
turningCrossing: 1560/1600 holds, last 0.048 s, source twoStageRealTimeIteration
turningCrossing: 1564/1600 holds, last 0.048 s, source twoStageRealTimeIteration
turningCrossing: 1568/1600 holds, last 0.048 s, source twoStageRealTimeIteration
turningCrossing: 1572/1600 holds, last 0.048 s, source twoStageRealTimeIteration
turningCrossing: 1576/1600 holds, last 0.047 s, source twoStageRealTimeIteration
turningCrossing: 1580/1600 holds, last 0.051 s, source twoStageRealTimeIteration
turningCrossing: 1584/1600 holds, last 0.048 s, source twoStageRealTimeIteration
turningCrossing: 1588/1600 holds, last 0.049 s, source twoStageRealTimeIteration
turningCrossing: 1592/1600 holds, last 0.047 s, source twoStageRealTimeIteration
turningCrossing: 1596/1600 holds, last 0.047 s, source twoStageRealTimeIteration
turningCrossing: 1600/1600 holds, last 0.047 s, source twoStageRealTimeIteration
Recovery at 80.00 s: e = [-124.393  0.780448  0.480297 0.0388633 0.0361324], W = 1.1484e+06
turningCrossing: 1600/1600 frames, max 0.236 s, failure
EXTEND-END speed=8 scenario=turningCrossing frames=1600 wall=68.061 recovered=0 max=0.236067 failedCall=NaN gap=0.411387099 failure=
EXTEND-START speed=15 scenario=crossing
crossing: 404/1600 holds, last 0.110 s, source twoStageRealTimeIteration
crossing: 408/1600 holds, last 0.110 s, source twoStageRealTimeIteration
crossing: 412/1600 holds, last 0.124 s, source twoStageRealTimeIteration
crossing: 416/1600 holds, last 0.089 s, source twoStageRealTimeIteration
crossing: 420/1600 holds, last 0.106 s, source twoStageRealTimeIteration
crossing: 424/1600 holds, last 0.104 s, source twoStageRealTimeIteration
crossing: 428/1600 holds, last 0.118 s, source twoStageRealTimeIteration
crossing: 432/1600 holds, last 0.094 s, source twoStageRealTimeIteration
crossing: 436/1600 holds, last 0.116 s, source twoStageRealTimeIteration
crossing: 440/1600 holds, last 0.119 s, source twoStageRealTimeIteration
crossing: 444/1600 holds, last 0.122 s, source twoStageRealTimeIteration
crossing: 448/1600 holds, last 0.233 s, source twoStageRealTimeIteration
crossing: 452/1600 holds, last 0.140 s, source twoStageRealTimeIteration
crossing: 456/1600 holds, last 0.108 s, source twoStageRealTimeIteration
crossing: 460/1600 holds, last 0.119 s, source twoStageRealTimeIteration
crossing: 464/1600 holds, last 0.088 s, source twoStageRealTimeIteration
crossing: 468/1600 holds, last 0.119 s, source twoStageRealTimeIteration
crossing: 472/1600 holds, last 0.117 s, source twoStageRealTimeIteration
crossing: 476/1600 holds, last 0.201 s, source twoStageRealTimeIteration
crossing: 480/1600 holds, last 0.118 s, source twoStageRealTimeIteration
crossing: 484/1600 holds, last 0.138 s, source twoStageRealTimeIteration
crossing: 488/1600 holds, last 0.122 s, source twoStageRealTimeIteration
crossing: 492/1600 holds, last 0.109 s, source twoStageRealTimeIteration
crossing: 496/1600 holds, last 0.107 s, source twoStageRealTimeIteration
crossing: 500/1600 holds, last 0.118 s, source twoStageRealTimeIteration
Recovery at 25.00 s: e = [-187.497  -1.53629  -7.02958 0.0254672  0.018311], W = 2.1471e+06
crossing: 504/1600 holds, last 0.119 s, source twoStageRealTimeIteration
crossing: 508/1600 holds, last 0.121 s, source twoStageRealTimeIteration
crossing: 512/1600 holds, last 0.119 s, source twoStageRealTimeIteration
crossing: 516/1600 holds, last 0.115 s, source twoStageRealTimeIteration
crossing: 520/1600 holds, last 0.111 s, source twoStageRealTimeIteration
crossing: 524/1600 holds, last 0.112 s, source twoStageRealTimeIteration
crossing: 528/1600 holds, last 0.110 s, source twoStageRealTimeIteration
crossing: 532/1600 holds, last 0.117 s, source twoStageRealTimeIteration
crossing: 536/1600 holds, last 0.122 s, source twoStageRealTimeIteration
crossing: 540/1600 holds, last 0.124 s, source twoStageRealTimeIteration
crossing: 544/1600 holds, last 0.092 s, source twoStageRealTimeIteration
crossing: 548/1600 holds, last 0.125 s, source twoStageRealTimeIteration
crossing: 552/1600 holds, last 0.112 s, source twoStageRealTimeIteration
crossing: 556/1600 holds, last 0.109 s, source twoStageRealTimeIteration
crossing: 560/1600 holds, last 0.110 s, source twoStageRealTimeIteration
crossing: 564/1600 holds, last 0.126 s, source twoStageRealTimeIteration
crossing: 568/1600 holds, last 0.113 s, source twoStageRealTimeIteration
crossing: 572/1600 holds, last 0.090 s, source twoStageRealTimeIteration
crossing: 576/1600 holds, last 0.111 s, source twoStageRealTimeIteration
crossing: 580/1600 holds, last 0.121 s, source twoStageRealTimeIteration
crossing: 584/1600 holds, last 0.119 s, source twoStageRealTimeIteration
crossing: 588/1600 holds, last 0.119 s, source twoStageRealTimeIteration
crossing: 592/1600 holds, last 0.108 s, source twoStageRealTimeIteration
crossing: 596/1600 holds, last 0.108 s, source twoStageRealTimeIteration
crossing: 600/1600 holds, last 0.253 s, source twoStageRealTimeIteration
Recovery at 30.00 s: e = [-227.484   -1.57767   -7.02912 -0.0179633 -0.0158262], W = 3.12936e+06
crossing: 604/1600 holds, last 0.208 s, source twoStageRealTimeIteration
crossing: 608/1600 holds, last 0.121 s, source twoStageRealTimeIteration
crossing: 612/1600 holds, last 0.109 s, source twoStageRealTimeIteration
crossing: 616/1600 holds, last 0.108 s, source twoStageRealTimeIteration
crossing: 620/1600 holds, last 0.107 s, source twoStageRealTimeIteration
crossing: 624/1600 holds, last 0.109 s, source twoStageRealTimeIteration
crossing: 628/1600 holds, last 0.117 s, source twoStageRealTimeIteration
crossing: 632/1600 holds, last 0.108 s, source twoStageRealTimeIteration
crossing: 636/1600 holds, last 0.107 s, source twoStageRealTimeIteration
crossing: 640/1600 holds, last 0.112 s, source twoStageRealTimeIteration
crossing: 644/1600 holds, last 0.111 s, source twoStageRealTimeIteration
crossing: 648/1600 holds, last 0.111 s, source twoStageRealTimeIteration
crossing: 652/1600 holds, last 0.109 s, source twoStageRealTimeIteration
crossing: 656/1600 holds, last 0.108 s, source twoStageRealTimeIteration
crossing: 660/1600 holds, last 0.107 s, source twoStageRealTimeIteration
crossing: 664/1600 holds, last 0.200 s, source twoStageRealTimeIteration
crossing: 668/1600 holds, last 0.107 s, source twoStageRealTimeIteration
crossing: 672/1600 holds, last 0.117 s, source twoStageRealTimeIteration
crossing: 676/1600 holds, last 0.157 s, source twoStageRealTimeIteration
crossing: 680/1600 holds, last 0.105 s, source twoStageRealTimeIteration
crossing: 684/1600 holds, last 0.105 s, source twoStageRealTimeIteration
crossing: 688/1600 holds, last 0.117 s, source twoStageRealTimeIteration
crossing: 692/1600 holds, last 0.113 s, source twoStageRealTimeIteration
crossing: 696/1600 holds, last 0.108 s, source twoStageRealTimeIteration
crossing: 700/1600 holds, last 0.109 s, source twoStageRealTimeIteration
Recovery at 35.00 s: e = [-267.421   -1.5761  -7.02586 0.0266228 0.0229946], W = 4.28911e+06
crossing: 704/1600 holds, last 0.113 s, source twoStageRealTimeIteration
crossing: 708/1600 holds, last 0.126 s, source twoStageRealTimeIteration
crossing: 712/1600 holds, last 0.111 s, source twoStageRealTimeIteration
crossing: 716/1600 holds, last 0.138 s, source twoStageRealTimeIteration
crossing: 720/1600 holds, last 0.117 s, source twoStageRealTimeIteration
crossing: 724/1600 holds, last 0.110 s, source twoStageRealTimeIteration
crossing: 728/1600 holds, last 0.166 s, source twoStageRealTimeIteration
crossing: 732/1600 holds, last 0.134 s, source twoStageRealTimeIteration
crossing: 736/1600 holds, last 0.123 s, source twoStageRealTimeIteration
crossing: 740/1600 holds, last 0.127 s, source twoStageRealTimeIteration
crossing: 744/1600 holds, last 0.113 s, source twoStageRealTimeIteration
crossing: 748/1600 holds, last 0.151 s, source twoStageRealTimeIteration
crossing: 752/1600 holds, last 0.124 s, source twoStageRealTimeIteration
crossing: 756/1600 holds, last 0.127 s, source twoStageRealTimeIteration
crossing: 760/1600 holds, last 0.107 s, source twoStageRealTimeIteration
crossing: 764/1600 holds, last 0.123 s, source twoStageRealTimeIteration
crossing: 768/1600 holds, last 0.139 s, source twoStageRealTimeIteration
crossing: 772/1600 holds, last 0.158 s, source twoStageRealTimeIteration
crossing: 776/1600 holds, last 0.265 s, source twoStageRealTimeIteration
crossing: 780/1600 holds, last 0.146 s, source twoStageRealTimeIteration
crossing: 784/1600 holds, last 0.285 s, source twoStageRealTimeIteration
crossing: 788/1600 holds, last 0.143 s, source twoStageRealTimeIteration
crossing: 792/1600 holds, last 0.165 s, source twoStageRealTimeIteration
crossing: 796/1600 holds, last 0.141 s, source twoStageRealTimeIteration
crossing: 800/1600 holds, last 0.131 s, source twoStageRealTimeIteration
Recovery at 40.00 s: e = [-307.369   -1.56753   -6.99687 -0.0678205  -0.059682], W = 5.63146e+06
crossing: 804/1600 holds, last 0.148 s, source twoStageRealTimeIteration
crossing: 808/1600 holds, last 0.269 s, source twoStageRealTimeIteration
crossing: 812/1600 holds, last 0.152 s, source twoStageRealTimeIteration
crossing: 816/1600 holds, last 0.130 s, source twoStageRealTimeIteration
crossing: 820/1600 holds, last 0.153 s, source twoStageRealTimeIteration
crossing: 824/1600 holds, last 0.131 s, source twoStageRealTimeIteration
crossing: 828/1600 holds, last 0.170 s, source twoStageRealTimeIteration
crossing: 832/1600 holds, last 0.140 s, source twoStageRealTimeIteration
crossing: 836/1600 holds, last 0.183 s, source twoStageRealTimeIteration
crossing: 840/1600 holds, last 0.157 s, source twoStageRealTimeIteration
crossing: 844/1600 holds, last 0.223 s, source twoStageRealTimeIteration
crossing: 848/1600 holds, last 0.194 s, source twoStageRealTimeIteration
crossing: 852/1600 holds, last 0.168 s, source twoStageRealTimeIteration
crossing: 856/1600 holds, last 0.133 s, source twoStageRealTimeIteration
crossing: 860/1600 holds, last 0.148 s, source twoStageRealTimeIteration
crossing: 864/1600 holds, last 0.146 s, source twoStageRealTimeIteration
crossing: 868/1600 holds, last 0.166 s, source twoStageRealTimeIteration
crossing: 872/1600 holds, last 0.165 s, source twoStageRealTimeIteration
crossing: 876/1600 holds, last 0.214 s, source twoStageRealTimeIteration
crossing: 880/1600 holds, last 0.146 s, source twoStageRealTimeIteration
crossing: 884/1600 holds, last 0.150 s, source twoStageRealTimeIteration
crossing: 888/1600 holds, last 0.155 s, source twoStageRealTimeIteration
crossing: 892/1600 holds, last 0.161 s, source twoStageRealTimeIteration
crossing: 896/1600 holds, last 0.167 s, source twoStageRealTimeIteration
crossing: 900/1600 holds, last 0.149 s, source twoStageRealTimeIteration
Recovery at 45.00 s: e = [-347.302   -1.57585   -7.02143  0.0115746 0.00981673], W = 7.1578e+06
crossing: 904/1600 holds, last 0.184 s, source twoStageRealTimeIteration
crossing: 908/1600 holds, last 0.168 s, source twoStageRealTimeIteration
crossing: 912/1600 holds, last 0.147 s, source twoStageRealTimeIteration
crossing: 916/1600 holds, last 0.172 s, source twoStageRealTimeIteration
crossing: 920/1600 holds, last 0.146 s, source twoStageRealTimeIteration
crossing: 924/1600 holds, last 0.124 s, source twoStageRealTimeIteration
crossing: 928/1600 holds, last 0.141 s, source twoStageRealTimeIteration
crossing: 932/1600 holds, last 0.129 s, source twoStageRealTimeIteration
crossing: 936/1600 holds, last 0.262 s, source twoStageRealTimeIteration
crossing: 940/1600 holds, last 0.140 s, source twoStageRealTimeIteration
crossing: 944/1600 holds, last 0.170 s, source twoStageRealTimeIteration
crossing: 948/1600 holds, last 0.148 s, source twoStageRealTimeIteration
crossing: 952/1600 holds, last 0.162 s, source twoStageRealTimeIteration
crossing: 956/1600 holds, last 0.150 s, source twoStageRealTimeIteration
crossing: 960/1600 holds, last 0.170 s, source twoStageRealTimeIteration
crossing: 964/1600 holds, last 0.264 s, source twoStageRealTimeIteration
crossing: 968/1600 holds, last 0.290 s, source twoStageRealTimeIteration
crossing: 972/1600 holds, last 0.318 s, source twoStageRealTimeIteration
crossing: 976/1600 holds, last 0.156 s, source twoStageRealTimeIteration
crossing: 980/1600 holds, last 0.165 s, source twoStageRealTimeIteration
crossing: 984/1600 holds, last 0.172 s, source twoStageRealTimeIteration
crossing: 988/1600 holds, last 0.161 s, source twoStageRealTimeIteration
crossing: 992/1600 holds, last 0.145 s, source twoStageRealTimeIteration
crossing: 996/1600 holds, last 0.128 s, source twoStageRealTimeIteration
crossing: 1000/1600 holds, last 0.210 s, source twoStageRealTimeIteration
Recovery at 50.00 s: e = [-387.269  -1.54743  -6.96039 0.0270665 0.0119263], W = 8.86241e+06
crossing: 1004/1600 holds, last 0.166 s, source twoStageRealTimeIteration
crossing: 1008/1600 holds, last 0.178 s, source twoStageRealTimeIteration
crossing: 1012/1600 holds, last 0.176 s, source twoStageRealTimeIteration
crossing: 1016/1600 holds, last 0.309 s, source twoStageRealTimeIteration
crossing: 1020/1600 holds, last 0.145 s, source twoStageRealTimeIteration
crossing: 1024/1600 holds, last 0.158 s, source twoStageRealTimeIteration
crossing: 1028/1600 holds, last 0.155 s, source twoStageRealTimeIteration
crossing: 1032/1600 holds, last 0.213 s, source twoStageRealTimeIteration
crossing: 1036/1600 holds, last 0.166 s, source twoStageRealTimeIteration
crossing: 1040/1600 holds, last 0.181 s, source twoStageRealTimeIteration
crossing: 1044/1600 holds, last 0.194 s, source twoStageRealTimeIteration
crossing: 1048/1600 holds, last 0.162 s, source twoStageRealTimeIteration
crossing: 1052/1600 holds, last 0.146 s, source twoStageRealTimeIteration
crossing: 1056/1600 holds, last 0.157 s, source twoStageRealTimeIteration
crossing: 1060/1600 holds, last 0.148 s, source twoStageRealTimeIteration
crossing: 1064/1600 holds, last 0.235 s, source twoStageRealTimeIteration
crossing: 1068/1600 holds, last 0.166 s, source twoStageRealTimeIteration
crossing: 1072/1600 holds, last 0.168 s, source twoStageRealTimeIteration
crossing: 1076/1600 holds, last 0.150 s, source twoStageRealTimeIteration
crossing: 1080/1600 holds, last 0.171 s, source twoStageRealTimeIteration
crossing: 1084/1600 holds, last 0.144 s, source twoStageRealTimeIteration
crossing: 1088/1600 holds, last 0.153 s, source twoStageRealTimeIteration
crossing: 1092/1600 holds, last 0.146 s, source twoStageRealTimeIteration
crossing: 1096/1600 holds, last 0.277 s, source twoStageRealTimeIteration
crossing: 1100/1600 holds, last 0.148 s, source twoStageRealTimeIteration
Recovery at 55.00 s: e = [-427.5    -1.56642    -7.03151 -0.00654385 -0.00831857], W = 1.07717e+07
crossing: 1104/1600 holds, last 0.337 s, source twoStageRealTimeIteration
crossing: 1108/1600 holds, last 0.150 s, source twoStageRealTimeIteration
crossing: 1112/1600 holds, last 0.172 s, source twoStageRealTimeIteration
crossing: 1116/1600 holds, last 0.176 s, source twoStageRealTimeIteration
crossing: 1120/1600 holds, last 0.154 s, source twoStageRealTimeIteration
crossing: 1124/1600 holds, last 0.175 s, source twoStageRealTimeIteration
crossing: 1128/1600 holds, last 0.183 s, source twoStageRealTimeIteration
crossing: 1132/1600 holds, last 0.146 s, source twoStageRealTimeIteration
crossing: 1136/1600 holds, last 0.270 s, source twoStageRealTimeIteration
crossing: 1140/1600 holds, last 0.153 s, source twoStageRealTimeIteration
crossing: 1144/1600 holds, last 0.148 s, source twoStageRealTimeIteration
crossing: 1148/1600 holds, last 0.285 s, source twoStageRealTimeIteration
crossing: 1152/1600 holds, last 0.185 s, source twoStageRealTimeIteration
crossing: 1156/1600 holds, last 0.279 s, source twoStageRealTimeIteration
crossing: 1160/1600 holds, last 0.161 s, source twoStageRealTimeIteration
crossing: 1164/1600 holds, last 0.166 s, source twoStageRealTimeIteration
crossing: 1168/1600 holds, last 0.175 s, source twoStageRealTimeIteration
crossing: 1172/1600 holds, last 0.234 s, source twoStageRealTimeIteration
crossing: 1176/1600 holds, last 0.150 s, source twoStageRealTimeIteration
crossing: 1180/1600 holds, last 0.243 s, source twoStageRealTimeIteration
crossing: 1184/1600 holds, last 0.179 s, source twoStageRealTimeIteration
crossing: 1188/1600 holds, last 0.160 s, source twoStageRealTimeIteration
crossing: 1192/1600 holds, last 0.167 s, source twoStageRealTimeIteration
crossing: 1196/1600 holds, last 0.151 s, source twoStageRealTimeIteration
crossing: 1200/1600 holds, last 0.152 s, source twoStageRealTimeIteration
Recovery at 60.00 s: e = [-467.435    -1.59322    -7.04004  -0.0161327 -0.00957242], W = 1.28525e+07
crossing: 1204/1600 holds, last 0.162 s, source twoStageRealTimeIteration
crossing: 1208/1600 holds, last 0.149 s, source twoStageRealTimeIteration
crossing: 1212/1600 holds, last 0.148 s, source twoStageRealTimeIteration
crossing: 1216/1600 holds, last 0.170 s, source twoStageRealTimeIteration
crossing: 1220/1600 holds, last 0.169 s, source twoStageRealTimeIteration
crossing: 1224/1600 holds, last 0.161 s, source twoStageRealTimeIteration
crossing: 1228/1600 holds, last 0.172 s, source twoStageRealTimeIteration
crossing: 1232/1600 holds, last 0.188 s, source twoStageRealTimeIteration
crossing: 1236/1600 holds, last 0.123 s, source twoStageRealTimeIteration
crossing: 1240/1600 holds, last 0.166 s, source twoStageRealTimeIteration
crossing: 1244/1600 holds, last 0.130 s, source twoStageRealTimeIteration
crossing: 1248/1600 holds, last 0.170 s, source twoStageRealTimeIteration
crossing: 1252/1600 holds, last 0.163 s, source twoStageRealTimeIteration
crossing: 1256/1600 holds, last 0.147 s, source twoStageRealTimeIteration
crossing: 1260/1600 holds, last 0.164 s, source twoStageRealTimeIteration
crossing: 1264/1600 holds, last 0.148 s, source twoStageRealTimeIteration
crossing: 1268/1600 holds, last 0.149 s, source twoStageRealTimeIteration
crossing: 1272/1600 holds, last 0.293 s, source twoStageRealTimeIteration
crossing: 1276/1600 holds, last 0.177 s, source twoStageRealTimeIteration
crossing: 1280/1600 holds, last 0.161 s, source twoStageRealTimeIteration
crossing: 1284/1600 holds, last 0.149 s, source twoStageRealTimeIteration
crossing: 1288/1600 holds, last 0.195 s, source twoStageRealTimeIteration
crossing: 1292/1600 holds, last 0.175 s, source twoStageRealTimeIteration
crossing: 1296/1600 holds, last 0.174 s, source twoStageRealTimeIteration
crossing: 1300/1600 holds, last 0.257 s, source twoStageRealTimeIteration
Recovery at 65.00 s: e = [-507.498    -1.56095     -7.0456  -0.0099405 -0.00698751], W = 1.51109e+07
crossing: 1304/1600 holds, last 0.172 s, source twoStageRealTimeIteration
crossing: 1308/1600 holds, last 0.220 s, source twoStageRealTimeIteration
crossing: 1312/1600 holds, last 0.249 s, source twoStageRealTimeIteration
crossing: 1316/1600 holds, last 0.207 s, source twoStageRealTimeIteration
crossing: 1320/1600 holds, last 0.161 s, source twoStageRealTimeIteration
crossing: 1324/1600 holds, last 0.157 s, source twoStageRealTimeIteration
crossing: 1328/1600 holds, last 0.148 s, source twoStageRealTimeIteration
crossing: 1332/1600 holds, last 0.143 s, source twoStageRealTimeIteration
crossing: 1336/1600 holds, last 0.149 s, source twoStageRealTimeIteration
crossing: 1340/1600 holds, last 0.164 s, source twoStageRealTimeIteration
crossing: 1344/1600 holds, last 0.157 s, source twoStageRealTimeIteration
crossing: 1348/1600 holds, last 0.154 s, source twoStageRealTimeIteration
crossing: 1352/1600 holds, last 0.150 s, source twoStageRealTimeIteration
crossing: 1356/1600 holds, last 0.164 s, source twoStageRealTimeIteration
crossing: 1360/1600 holds, last 0.176 s, source twoStageRealTimeIteration
crossing: 1364/1600 holds, last 0.154 s, source twoStageRealTimeIteration
crossing: 1368/1600 holds, last 0.172 s, source twoStageRealTimeIteration
crossing: 1372/1600 holds, last 0.164 s, source twoStageRealTimeIteration
crossing: 1376/1600 holds, last 0.189 s, source twoStageRealTimeIteration
crossing: 1380/1600 holds, last 0.147 s, source twoStageRealTimeIteration
crossing: 1384/1600 holds, last 0.165 s, source twoStageRealTimeIteration
crossing: 1388/1600 holds, last 0.149 s, source twoStageRealTimeIteration
crossing: 1392/1600 holds, last 0.169 s, source twoStageRealTimeIteration
crossing: 1396/1600 holds, last 0.173 s, source twoStageRealTimeIteration
crossing: 1400/1600 holds, last 0.175 s, source twoStageRealTimeIteration
Recovery at 70.00 s: e = [-547.412   -1.54316   -6.93399 -0.0618947 -0.0649498], W = 1.75466e+07
crossing: 1404/1600 holds, last 0.273 s, source twoStageRealTimeIteration
crossing: 1408/1600 holds, last 0.264 s, source twoStageRealTimeIteration
crossing: 1412/1600 holds, last 0.151 s, source twoStageRealTimeIteration
crossing: 1416/1600 holds, last 0.146 s, source twoStageRealTimeIteration
crossing: 1420/1600 holds, last 0.128 s, source twoStageRealTimeIteration
crossing: 1424/1600 holds, last 0.166 s, source twoStageRealTimeIteration
crossing: 1428/1600 holds, last 0.141 s, source twoStageRealTimeIteration
crossing: 1432/1600 holds, last 0.165 s, source twoStageRealTimeIteration
crossing: 1436/1600 holds, last 0.274 s, source twoStageRealTimeIteration
crossing: 1440/1600 holds, last 0.147 s, source twoStageRealTimeIteration
crossing: 1444/1600 holds, last 0.158 s, source twoStageRealTimeIteration
crossing: 1448/1600 holds, last 0.163 s, source twoStageRealTimeIteration
crossing: 1452/1600 holds, last 0.159 s, source twoStageRealTimeIteration
crossing: 1456/1600 holds, last 0.177 s, source twoStageRealTimeIteration
crossing: 1460/1600 holds, last 0.150 s, source twoStageRealTimeIteration
crossing: 1464/1600 holds, last 0.169 s, source twoStageRealTimeIteration
crossing: 1468/1600 holds, last 0.154 s, source twoStageRealTimeIteration
crossing: 1472/1600 holds, last 0.170 s, source twoStageRealTimeIteration
crossing: 1476/1600 holds, last 0.150 s, source twoStageRealTimeIteration
crossing: 1480/1600 holds, last 0.232 s, source twoStageRealTimeIteration
crossing: 1484/1600 holds, last 0.149 s, source twoStageRealTimeIteration
crossing: 1488/1600 holds, last 0.161 s, source twoStageRealTimeIteration
crossing: 1492/1600 holds, last 0.159 s, source twoStageRealTimeIteration
crossing: 1496/1600 holds, last 0.155 s, source twoStageRealTimeIteration
crossing: 1500/1600 holds, last 0.123 s, source twoStageRealTimeIteration
Recovery at 75.00 s: e = [-587.548   -1.56508   -7.01366 -0.0467776 -0.0421382], W = 2.01894e+07
crossing: 1504/1600 holds, last 0.166 s, source twoStageRealTimeIteration
crossing: 1508/1600 holds, last 0.146 s, source twoStageRealTimeIteration
crossing: 1512/1600 holds, last 0.162 s, source twoStageRealTimeIteration
crossing: 1516/1600 holds, last 0.140 s, source twoStageRealTimeIteration
crossing: 1520/1600 holds, last 0.250 s, source twoStageRealTimeIteration
crossing: 1524/1600 holds, last 0.140 s, source twoStageRealTimeIteration
crossing: 1528/1600 holds, last 0.149 s, source twoStageRealTimeIteration
crossing: 1532/1600 holds, last 0.148 s, source twoStageRealTimeIteration
crossing: 1536/1600 holds, last 0.149 s, source twoStageRealTimeIteration
crossing: 1540/1600 holds, last 0.162 s, source twoStageRealTimeIteration
crossing: 1544/1600 holds, last 0.171 s, source twoStageRealTimeIteration
crossing: 1548/1600 holds, last 0.158 s, source twoStageRealTimeIteration
crossing: 1552/1600 holds, last 0.190 s, source twoStageRealTimeIteration
crossing: 1556/1600 holds, last 0.178 s, source twoStageRealTimeIteration
crossing: 1560/1600 holds, last 0.170 s, source twoStageRealTimeIteration
crossing: 1564/1600 holds, last 0.165 s, source twoStageRealTimeIteration
crossing: 1568/1600 holds, last 0.179 s, source twoStageRealTimeIteration
crossing: 1572/1600 holds, last 0.148 s, source twoStageRealTimeIteration
crossing: 1576/1600 holds, last 0.141 s, source twoStageRealTimeIteration
crossing: 1580/1600 holds, last 0.170 s, source twoStageRealTimeIteration
crossing: 1584/1600 holds, last 0.147 s, source twoStageRealTimeIteration
crossing: 1588/1600 holds, last 0.172 s, source twoStageRealTimeIteration
crossing: 1592/1600 holds, last 0.135 s, source twoStageRealTimeIteration
crossing: 1596/1600 holds, last 0.181 s, source twoStageRealTimeIteration
crossing: 1600/1600 holds, last 0.149 s, source twoStageRealTimeIteration
Recovery at 80.00 s: e = [-627.356  -1.55268  -6.98567 0.0206751 0.0135645], W = 2.29837e+07
crossing: 1600/1600 frames, max 0.371 s, failure
EXTEND-END speed=15 scenario=crossing frames=1600 wall=203.090 recovered=0 max=0.371107 failedCall=NaN gap=0.381137929 failure=
EXTEND-START speed=15 scenario=curvedCrossing
curvedCrossing: 404/1600 holds, last 0.131 s, source twoStageRealTimeIteration
curvedCrossing: 408/1600 holds, last 0.128 s, source twoStageRealTimeIteration
curvedCrossing: 412/1600 holds, last 0.117 s, source twoStageRealTimeIteration
curvedCrossing: 416/1600 holds, last 0.117 s, source twoStageRealTimeIteration
curvedCrossing: 420/1600 holds, last 0.114 s, source twoStageRealTimeIteration
curvedCrossing: 424/1600 holds, last 0.113 s, source twoStageRealTimeIteration
curvedCrossing: 428/1600 holds, last 0.108 s, source twoStageRealTimeIteration
curvedCrossing: 432/1600 holds, last 0.101 s, source twoStageRealTimeIteration
curvedCrossing: 436/1600 holds, last 0.137 s, source twoStageRealTimeIteration
curvedCrossing: 440/1600 holds, last 0.111 s, source twoStageRealTimeIteration
curvedCrossing: 444/1600 holds, last 0.112 s, source twoStageRealTimeIteration
curvedCrossing: 448/1600 holds, last 0.113 s, source twoStageRealTimeIteration
curvedCrossing: 452/1600 holds, last 0.120 s, source twoStageRealTimeIteration
curvedCrossing: 456/1600 holds, last 0.110 s, source twoStageRealTimeIteration
curvedCrossing: 460/1600 holds, last 0.107 s, source twoStageRealTimeIteration
curvedCrossing: 464/1600 holds, last 0.096 s, source twoStageRealTimeIteration
curvedCrossing: 468/1600 holds, last 0.096 s, source twoStageRealTimeIteration
curvedCrossing: 472/1600 holds, last 0.107 s, source twoStageRealTimeIteration
curvedCrossing: 476/1600 holds, last 0.120 s, source twoStageRealTimeIteration
curvedCrossing: 480/1600 holds, last 0.120 s, source twoStageRealTimeIteration
curvedCrossing: 484/1600 holds, last 0.106 s, source twoStageRealTimeIteration
curvedCrossing: 488/1600 holds, last 0.104 s, source twoStageRealTimeIteration
curvedCrossing: 492/1600 holds, last 0.129 s, source twoStageRealTimeIteration
curvedCrossing: 496/1600 holds, last 0.117 s, source twoStageRealTimeIteration
curvedCrossing: 500/1600 holds, last 0.102 s, source twoStageRealTimeIteration
Recovery at 25.00 s: e = [-39.9892 -0.574192  0.129133  0.844095 -0.192956], W = 103866
curvedCrossing: 504/1600 holds, last 0.113 s, source twoStageRealTimeIteration
curvedCrossing: 508/1600 holds, last 0.118 s, source twoStageRealTimeIteration
curvedCrossing: 512/1600 holds, last 0.191 s, source twoStageRealTimeIteration
curvedCrossing: 516/1600 holds, last 0.096 s, source twoStageRealTimeIteration
curvedCrossing: 520/1600 holds, last 0.079 s, source twoStageRealTimeIteration
curvedCrossing: 524/1600 holds, last 0.080 s, source twoStageRealTimeIteration
curvedCrossing: 528/1600 holds, last 0.075 s, source twoStageRealTimeIteration
curvedCrossing: 532/1600 holds, last 0.080 s, source twoStageRealTimeIteration
curvedCrossing: 536/1600 holds, last 0.082 s, source twoStageRealTimeIteration
curvedCrossing: 540/1600 holds, last 0.076 s, source twoStageRealTimeIteration
curvedCrossing: 544/1600 holds, last 0.081 s, source twoStageRealTimeIteration
curvedCrossing: 548/1600 holds, last 0.084 s, source twoStageRealTimeIteration
curvedCrossing: 552/1600 holds, last 0.184 s, source twoStageRealTimeIteration
curvedCrossing: 556/1600 holds, last 0.082 s, source twoStageRealTimeIteration
curvedCrossing: 560/1600 holds, last 0.210 s, source twoStageRealTimeIteration
curvedCrossing: 564/1600 holds, last 0.120 s, source twoStageRealTimeIteration
curvedCrossing: 568/1600 holds, last 0.209 s, source twoStageRealTimeIteration
curvedCrossing: 572/1600 holds, last 0.089 s, source twoStageRealTimeIteration
curvedCrossing: 576/1600 holds, last 0.071 s, source twoStageRealTimeIteration
curvedCrossing: 580/1600 holds, last 0.091 s, source twoStageRealTimeIteration
curvedCrossing: 584/1600 holds, last 0.092 s, source twoStageRealTimeIteration
curvedCrossing: 588/1600 holds, last 0.101 s, source twoStageRealTimeIteration
curvedCrossing: 592/1600 holds, last 0.095 s, source twoStageRealTimeIteration
curvedCrossing: 596/1600 holds, last 0.105 s, source twoStageRealTimeIteration
curvedCrossing: 600/1600 holds, last 0.103 s, source twoStageRealTimeIteration
Recovery at 30.00 s: e = [-69.959  -0.489023   -2.88449   0.038438 -0.0250362], W = 300842
curvedCrossing: 604/1600 holds, last 0.096 s, source twoStageRealTimeIteration
curvedCrossing: 608/1600 holds, last 0.105 s, source twoStageRealTimeIteration
curvedCrossing: 612/1600 holds, last 0.166 s, source twoStageRealTimeIteration
curvedCrossing: 616/1600 holds, last 0.098 s, source twoStageRealTimeIteration
curvedCrossing: 620/1600 holds, last 0.124 s, source twoStageRealTimeIteration
curvedCrossing: 624/1600 holds, last 0.096 s, source twoStageRealTimeIteration
curvedCrossing: 628/1600 holds, last 0.098 s, source twoStageRealTimeIteration
curvedCrossing: 632/1600 holds, last 0.100 s, source twoStageRealTimeIteration
curvedCrossing: 636/1600 holds, last 0.093 s, source twoStageRealTimeIteration
curvedCrossing: 640/1600 holds, last 0.102 s, source twoStageRealTimeIteration
curvedCrossing: 644/1600 holds, last 0.092 s, source twoStageRealTimeIteration
curvedCrossing: 648/1600 holds, last 0.087 s, source twoStageRealTimeIteration
curvedCrossing: 652/1600 holds, last 0.103 s, source twoStageRealTimeIteration
curvedCrossing: 656/1600 holds, last 0.111 s, source twoStageRealTimeIteration
curvedCrossing: 660/1600 holds, last 0.144 s, source twoStageRealTimeIteration
curvedCrossing: 664/1600 holds, last 0.085 s, source twoStageRealTimeIteration
curvedCrossing: 668/1600 holds, last 0.090 s, source twoStageRealTimeIteration
curvedCrossing: 672/1600 holds, last 0.080 s, source twoStageRealTimeIteration
curvedCrossing: 676/1600 holds, last 0.143 s, source twoStageRealTimeIteration
curvedCrossing: 680/1600 holds, last 0.103 s, source twoStageRealTimeIteration
curvedCrossing: 684/1600 holds, last 0.170 s, source twoStageRealTimeIteration
curvedCrossing: 688/1600 holds, last 0.100 s, source twoStageRealTimeIteration
curvedCrossing: 692/1600 holds, last 0.165 s, source twoStageRealTimeIteration
curvedCrossing: 696/1600 holds, last 0.172 s, source twoStageRealTimeIteration
curvedCrossing: 700/1600 holds, last 0.098 s, source twoStageRealTimeIteration
Recovery at 35.00 s: e = [-95.9683 -0.429558  -3.33151 0.0405333 -0.030212], W = 554806
curvedCrossing: 704/1600 holds, last 0.200 s, source twoStageRealTimeIteration
curvedCrossing: 708/1600 holds, last 0.179 s, source twoStageRealTimeIteration
curvedCrossing: 712/1600 holds, last 0.090 s, source twoStageRealTimeIteration
curvedCrossing: 716/1600 holds, last 0.105 s, source twoStageRealTimeIteration
curvedCrossing: 720/1600 holds, last 0.160 s, source twoStageRealTimeIteration
curvedCrossing: 724/1600 holds, last 0.097 s, source twoStageRealTimeIteration
curvedCrossing: 728/1600 holds, last 0.115 s, source twoStageRealTimeIteration
curvedCrossing: 732/1600 holds, last 0.101 s, source twoStageRealTimeIteration
curvedCrossing: 736/1600 holds, last 0.097 s, source twoStageRealTimeIteration
curvedCrossing: 740/1600 holds, last 0.102 s, source twoStageRealTimeIteration
curvedCrossing: 744/1600 holds, last 0.099 s, source twoStageRealTimeIteration
curvedCrossing: 748/1600 holds, last 0.076 s, source twoStageRealTimeIteration
curvedCrossing: 752/1600 holds, last 0.074 s, source twoStageRealTimeIteration
curvedCrossing: 756/1600 holds, last 0.156 s, source twoStageRealTimeIteration
curvedCrossing: 760/1600 holds, last 0.086 s, source twoStageRealTimeIteration
curvedCrossing: 764/1600 holds, last 0.080 s, source twoStageRealTimeIteration
curvedCrossing: 768/1600 holds, last 0.094 s, source twoStageRealTimeIteration
curvedCrossing: 772/1600 holds, last 0.110 s, source twoStageRealTimeIteration
curvedCrossing: 776/1600 holds, last 0.166 s, source twoStageRealTimeIteration
curvedCrossing: 780/1600 holds, last 0.088 s, source twoStageRealTimeIteration
curvedCrossing: 784/1600 holds, last 0.092 s, source twoStageRealTimeIteration
curvedCrossing: 788/1600 holds, last 0.098 s, source twoStageRealTimeIteration
curvedCrossing: 792/1600 holds, last 0.138 s, source twoStageRealTimeIteration
curvedCrossing: 796/1600 holds, last 0.084 s, source twoStageRealTimeIteration
curvedCrossing: 800/1600 holds, last 0.076 s, source twoStageRealTimeIteration
Recovery at 40.00 s: e = [-118.475  -0.365528   -3.05062  0.0395302 -0.0274758], W = 836130
curvedCrossing: 804/1600 holds, last 0.085 s, source twoStageRealTimeIteration
curvedCrossing: 808/1600 holds, last 0.081 s, source twoStageRealTimeIteration
curvedCrossing: 812/1600 holds, last 0.079 s, source twoStageRealTimeIteration
curvedCrossing: 816/1600 holds, last 0.086 s, source twoStageRealTimeIteration
curvedCrossing: 820/1600 holds, last 0.172 s, source twoStageRealTimeIteration
curvedCrossing: 824/1600 holds, last 0.079 s, source twoStageRealTimeIteration
curvedCrossing: 828/1600 holds, last 0.075 s, source twoStageRealTimeIteration
curvedCrossing: 832/1600 holds, last 0.096 s, source twoStageRealTimeIteration
curvedCrossing: 836/1600 holds, last 0.085 s, source twoStageRealTimeIteration
curvedCrossing: 840/1600 holds, last 0.112 s, source twoStageRealTimeIteration
curvedCrossing: 844/1600 holds, last 0.169 s, source twoStageRealTimeIteration
curvedCrossing: 848/1600 holds, last 0.102 s, source twoStageRealTimeIteration
curvedCrossing: 852/1600 holds, last 0.133 s, source twoStageRealTimeIteration
curvedCrossing: 856/1600 holds, last 0.103 s, source twoStageRealTimeIteration
curvedCrossing: 860/1600 holds, last 0.090 s, source twoStageRealTimeIteration
curvedCrossing: 864/1600 holds, last 0.101 s, source twoStageRealTimeIteration
curvedCrossing: 868/1600 holds, last 0.082 s, source twoStageRealTimeIteration
curvedCrossing: 872/1600 holds, last 0.075 s, source twoStageRealTimeIteration
curvedCrossing: 876/1600 holds, last 0.175 s, source twoStageRealTimeIteration
curvedCrossing: 880/1600 holds, last 0.089 s, source twoStageRealTimeIteration
curvedCrossing: 884/1600 holds, last 0.191 s, source twoStageRealTimeIteration
curvedCrossing: 888/1600 holds, last 0.081 s, source twoStageRealTimeIteration
curvedCrossing: 892/1600 holds, last 0.083 s, source twoStageRealTimeIteration
curvedCrossing: 896/1600 holds, last 0.087 s, source twoStageRealTimeIteration
curvedCrossing: 900/1600 holds, last 0.101 s, source twoStageRealTimeIteration
Recovery at 45.00 s: e = [-137.806  -0.299495   -3.11418   0.039203 -0.0292726], W = 1.12306e+06
curvedCrossing: 904/1600 holds, last 0.101 s, source twoStageRealTimeIteration
curvedCrossing: 908/1600 holds, last 0.086 s, source twoStageRealTimeIteration
curvedCrossing: 912/1600 holds, last 0.084 s, source twoStageRealTimeIteration
curvedCrossing: 916/1600 holds, last 0.088 s, source twoStageRealTimeIteration
curvedCrossing: 920/1600 holds, last 0.075 s, source twoStageRealTimeIteration
curvedCrossing: 924/1600 holds, last 0.087 s, source twoStageRealTimeIteration
curvedCrossing: 928/1600 holds, last 0.085 s, source twoStageRealTimeIteration
curvedCrossing: 932/1600 holds, last 0.087 s, source twoStageRealTimeIteration
curvedCrossing: 936/1600 holds, last 0.166 s, source twoStageRealTimeIteration
curvedCrossing: 940/1600 holds, last 0.100 s, source twoStageRealTimeIteration
curvedCrossing: 944/1600 holds, last 0.101 s, source twoStageRealTimeIteration
curvedCrossing: 948/1600 holds, last 0.094 s, source twoStageRealTimeIteration
curvedCrossing: 952/1600 holds, last 0.104 s, source twoStageRealTimeIteration
curvedCrossing: 956/1600 holds, last 0.105 s, source twoStageRealTimeIteration
curvedCrossing: 960/1600 holds, last 0.087 s, source twoStageRealTimeIteration
curvedCrossing: 964/1600 holds, last 0.078 s, source twoStageRealTimeIteration
curvedCrossing: 968/1600 holds, last 0.069 s, source twoStageRealTimeIteration
curvedCrossing: 972/1600 holds, last 0.079 s, source twoStageRealTimeIteration
curvedCrossing: 976/1600 holds, last 0.083 s, source twoStageRealTimeIteration
curvedCrossing: 980/1600 holds, last 0.086 s, source twoStageRealTimeIteration
curvedCrossing: 984/1600 holds, last 0.068 s, source twoStageRealTimeIteration
curvedCrossing: 988/1600 holds, last 0.080 s, source twoStageRealTimeIteration
curvedCrossing: 992/1600 holds, last 0.078 s, source twoStageRealTimeIteration
curvedCrossing: 996/1600 holds, last 0.090 s, source twoStageRealTimeIteration
curvedCrossing: 1000/1600 holds, last 0.084 s, source twoStageRealTimeIteration
Recovery at 50.00 s: e = [-153.244  -0.229539   -2.99663  0.0397637 -0.0265032], W = 1.38131e+06
curvedCrossing: 1004/1600 holds, last 0.076 s, source twoStageRealTimeIteration
curvedCrossing: 1008/1600 holds, last 0.085 s, source twoStageRealTimeIteration
curvedCrossing: 1012/1600 holds, last 0.109 s, source twoStageRealTimeIteration
curvedCrossing: 1016/1600 holds, last 0.100 s, source twoStageRealTimeIteration
curvedCrossing: 1020/1600 holds, last 0.082 s, source twoStageRealTimeIteration
curvedCrossing: 1024/1600 holds, last 0.080 s, source twoStageRealTimeIteration
curvedCrossing: 1028/1600 holds, last 0.084 s, source twoStageRealTimeIteration
curvedCrossing: 1032/1600 holds, last 0.105 s, source twoStageRealTimeIteration
curvedCrossing: 1036/1600 holds, last 0.083 s, source twoStageRealTimeIteration
curvedCrossing: 1040/1600 holds, last 0.174 s, source twoStageRealTimeIteration
curvedCrossing: 1044/1600 holds, last 0.080 s, source twoStageRealTimeIteration
curvedCrossing: 1048/1600 holds, last 0.073 s, source twoStageRealTimeIteration
curvedCrossing: 1052/1600 holds, last 0.067 s, source twoStageRealTimeIteration
curvedCrossing: 1056/1600 holds, last 0.069 s, source twoStageRealTimeIteration
curvedCrossing: 1060/1600 holds, last 0.071 s, source twoStageRealTimeIteration
curvedCrossing: 1064/1600 holds, last 0.069 s, source twoStageRealTimeIteration
curvedCrossing: 1068/1600 holds, last 0.070 s, source twoStageRealTimeIteration
curvedCrossing: 1072/1600 holds, last 0.070 s, source twoStageRealTimeIteration
curvedCrossing: 1076/1600 holds, last 0.068 s, source twoStageRealTimeIteration
curvedCrossing: 1080/1600 holds, last 0.061 s, source twoStageRealTimeIteration
curvedCrossing: 1084/1600 holds, last 0.067 s, source twoStageRealTimeIteration
curvedCrossing: 1088/1600 holds, last 0.056 s, source twoStageRealTimeIteration
curvedCrossing: 1092/1600 holds, last 0.070 s, source twoStageRealTimeIteration
curvedCrossing: 1096/1600 holds, last 0.071 s, source twoStageRealTimeIteration
curvedCrossing: 1100/1600 holds, last 0.069 s, source twoStageRealTimeIteration
Recovery at 55.00 s: e = [-164.591    -0.1563   -3.08052  0.0408435 -0.0255751], W = 1.58656e+06
curvedCrossing: 1104/1600 holds, last 0.058 s, source twoStageRealTimeIteration
curvedCrossing: 1108/1600 holds, last 0.071 s, source twoStageRealTimeIteration
curvedCrossing: 1112/1600 holds, last 0.072 s, source twoStageRealTimeIteration
curvedCrossing: 1116/1600 holds, last 0.073 s, source twoStageRealTimeIteration
curvedCrossing: 1120/1600 holds, last 0.074 s, source twoStageRealTimeIteration
curvedCrossing: 1124/1600 holds, last 0.072 s, source twoStageRealTimeIteration
curvedCrossing: 1128/1600 holds, last 0.071 s, source twoStageRealTimeIteration
curvedCrossing: 1132/1600 holds, last 0.071 s, source twoStageRealTimeIteration
curvedCrossing: 1136/1600 holds, last 0.060 s, source twoStageRealTimeIteration
curvedCrossing: 1140/1600 holds, last 0.071 s, source twoStageRealTimeIteration
curvedCrossing: 1144/1600 holds, last 0.132 s, source twoStageRealTimeIteration
curvedCrossing: 1148/1600 holds, last 0.071 s, source twoStageRealTimeIteration
curvedCrossing: 1152/1600 holds, last 0.070 s, source twoStageRealTimeIteration
curvedCrossing: 1156/1600 holds, last 0.071 s, source twoStageRealTimeIteration
curvedCrossing: 1160/1600 holds, last 0.080 s, source twoStageRealTimeIteration
curvedCrossing: 1164/1600 holds, last 0.118 s, source twoStageRealTimeIteration
curvedCrossing: 1168/1600 holds, last 0.057 s, source twoStageRealTimeIteration
curvedCrossing: 1172/1600 holds, last 0.068 s, source twoStageRealTimeIteration
curvedCrossing: 1176/1600 holds, last 0.070 s, source twoStageRealTimeIteration
curvedCrossing: 1180/1600 holds, last 0.060 s, source twoStageRealTimeIteration
curvedCrossing: 1184/1600 holds, last 0.071 s, source twoStageRealTimeIteration
curvedCrossing: 1188/1600 holds, last 0.071 s, source twoStageRealTimeIteration
curvedCrossing: 1192/1600 holds, last 0.070 s, source twoStageRealTimeIteration
curvedCrossing: 1196/1600 holds, last 0.065 s, source twoStageRealTimeIteration
curvedCrossing: 1200/1600 holds, last 0.070 s, source twoStageRealTimeIteration
Recovery at 60.00 s: e = [-171.582 -0.0797724   -2.95351  0.0395354 -0.0253332], W = 1.71761e+06
curvedCrossing: 1204/1600 holds, last 0.061 s, source twoStageRealTimeIteration
curvedCrossing: 1208/1600 holds, last 0.072 s, source twoStageRealTimeIteration
curvedCrossing: 1212/1600 holds, last 0.142 s, source twoStageRealTimeIteration
curvedCrossing: 1216/1600 holds, last 0.070 s, source twoStageRealTimeIteration
curvedCrossing: 1220/1600 holds, last 0.070 s, source twoStageRealTimeIteration
curvedCrossing: 1224/1600 holds, last 0.065 s, source twoStageRealTimeIteration
curvedCrossing: 1228/1600 holds, last 0.064 s, source twoStageRealTimeIteration
curvedCrossing: 1232/1600 holds, last 0.069 s, source twoStageRealTimeIteration
curvedCrossing: 1236/1600 holds, last 0.057 s, source twoStageRealTimeIteration
curvedCrossing: 1240/1600 holds, last 0.070 s, source twoStageRealTimeIteration
curvedCrossing: 1244/1600 holds, last 0.069 s, source twoStageRealTimeIteration
curvedCrossing: 1248/1600 holds, last 0.126 s, source twoStageRealTimeIteration
curvedCrossing: 1252/1600 holds, last 0.070 s, source twoStageRealTimeIteration
curvedCrossing: 1256/1600 holds, last 0.070 s, source twoStageRealTimeIteration
curvedCrossing: 1260/1600 holds, last 0.078 s, source twoStageRealTimeIteration
curvedCrossing: 1264/1600 holds, last 0.064 s, source twoStageRealTimeIteration
curvedCrossing: 1268/1600 holds, last 0.059 s, source twoStageRealTimeIteration
curvedCrossing: 1272/1600 holds, last 0.059 s, source twoStageRealTimeIteration
curvedCrossing: 1276/1600 holds, last 0.065 s, source twoStageRealTimeIteration
curvedCrossing: 1280/1600 holds, last 0.137 s, source twoStageRealTimeIteration
curvedCrossing: 1284/1600 holds, last 0.062 s, source twoStageRealTimeIteration
curvedCrossing: 1288/1600 holds, last 0.065 s, source twoStageRealTimeIteration
curvedCrossing: 1292/1600 holds, last 0.059 s, source twoStageRealTimeIteration
curvedCrossing: 1296/1600 holds, last 0.056 s, source twoStageRealTimeIteration
curvedCrossing: 1300/1600 holds, last 0.075 s, source twoStageRealTimeIteration
Recovery at 65.00 s: e = [-173.737 0.00345595   -2.61157  0.0360944  -0.025874], W = 1.75428e+06
curvedCrossing: 1304/1600 holds, last 0.071 s, source twoStageRealTimeIteration
curvedCrossing: 1308/1600 holds, last 0.068 s, source twoStageRealTimeIteration
curvedCrossing: 1312/1600 holds, last 0.067 s, source twoStageRealTimeIteration
curvedCrossing: 1316/1600 holds, last 0.070 s, source twoStageRealTimeIteration
curvedCrossing: 1320/1600 holds, last 0.057 s, source twoStageRealTimeIteration
curvedCrossing: 1324/1600 holds, last 0.070 s, source twoStageRealTimeIteration
curvedCrossing: 1328/1600 holds, last 0.069 s, source twoStageRealTimeIteration
curvedCrossing: 1332/1600 holds, last 0.074 s, source twoStageRealTimeIteration
curvedCrossing: 1336/1600 holds, last 0.056 s, source twoStageRealTimeIteration
curvedCrossing: 1340/1600 holds, last 0.057 s, source twoStageRealTimeIteration
curvedCrossing: 1344/1600 holds, last 0.073 s, source twoStageRealTimeIteration
curvedCrossing: 1348/1600 holds, last 0.077 s, source twoStageRealTimeIteration
curvedCrossing: 1352/1600 holds, last 0.070 s, source twoStageRealTimeIteration
curvedCrossing: 1356/1600 holds, last 0.133 s, source twoStageRealTimeIteration
curvedCrossing: 1360/1600 holds, last 0.056 s, source twoStageRealTimeIteration
curvedCrossing: 1364/1600 holds, last 0.056 s, source twoStageRealTimeIteration
curvedCrossing: 1368/1600 holds, last 0.056 s, source twoStageRealTimeIteration
curvedCrossing: 1372/1600 holds, last 0.073 s, source twoStageRealTimeIteration
curvedCrossing: 1376/1600 holds, last 0.067 s, source twoStageRealTimeIteration
curvedCrossing: 1380/1600 holds, last 0.069 s, source twoStageRealTimeIteration
curvedCrossing: 1384/1600 holds, last 0.130 s, source twoStageRealTimeIteration
curvedCrossing: 1388/1600 holds, last 0.070 s, source twoStageRealTimeIteration
curvedCrossing: 1392/1600 holds, last 0.061 s, source twoStageRealTimeIteration
curvedCrossing: 1396/1600 holds, last 0.069 s, source twoStageRealTimeIteration
curvedCrossing: 1400/1600 holds, last 0.058 s, source twoStageRealTimeIteration
Recovery at 70.00 s: e = [-170.294   0.101164   -2.07896   0.032534 -0.0170972], W = 1.67785e+06
curvedCrossing: 1404/1600 holds, last 0.072 s, source twoStageRealTimeIteration
curvedCrossing: 1408/1600 holds, last 0.069 s, source twoStageRealTimeIteration
curvedCrossing: 1412/1600 holds, last 0.056 s, source twoStageRealTimeIteration
curvedCrossing: 1416/1600 holds, last 0.061 s, source twoStageRealTimeIteration
curvedCrossing: 1420/1600 holds, last 0.069 s, source twoStageRealTimeIteration
curvedCrossing: 1424/1600 holds, last 0.056 s, source twoStageRealTimeIteration
curvedCrossing: 1428/1600 holds, last 0.064 s, source twoStageRealTimeIteration
curvedCrossing: 1432/1600 holds, last 0.069 s, source twoStageRealTimeIteration
curvedCrossing: 1436/1600 holds, last 0.069 s, source twoStageRealTimeIteration
curvedCrossing: 1440/1600 holds, last 0.067 s, source twoStageRealTimeIteration
curvedCrossing: 1444/1600 holds, last 0.066 s, source twoStageRealTimeIteration
curvedCrossing: 1448/1600 holds, last 0.069 s, source twoStageRealTimeIteration
curvedCrossing: 1452/1600 holds, last 0.071 s, source twoStageRealTimeIteration
curvedCrossing: 1456/1600 holds, last 0.059 s, source twoStageRealTimeIteration
curvedCrossing: 1460/1600 holds, last 0.059 s, source twoStageRealTimeIteration
curvedCrossing: 1464/1600 holds, last 0.069 s, source twoStageRealTimeIteration
curvedCrossing: 1468/1600 holds, last 0.069 s, source twoStageRealTimeIteration
curvedCrossing: 1472/1600 holds, last 0.070 s, source twoStageRealTimeIteration
curvedCrossing: 1476/1600 holds, last 0.086 s, source twoStageRealTimeIteration
curvedCrossing: 1480/1600 holds, last 0.062 s, source twoStageRealTimeIteration
curvedCrossing: 1484/1600 holds, last 0.060 s, source twoStageRealTimeIteration
curvedCrossing: 1488/1600 holds, last 0.115 s, source twoStageRealTimeIteration
curvedCrossing: 1492/1600 holds, last 0.068 s, source twoStageRealTimeIteration
curvedCrossing: 1496/1600 holds, last 0.059 s, source twoStageRealTimeIteration
curvedCrossing: 1500/1600 holds, last 0.074 s, source twoStageRealTimeIteration
Recovery at 75.00 s: e = [-159.625    0.220833    -1.45564   0.0268952 -0.00537591], W = 1.46509e+06
curvedCrossing: 1504/1600 holds, last 0.074 s, source twoStageRealTimeIteration
curvedCrossing: 1508/1600 holds, last 0.072 s, source twoStageRealTimeIteration
curvedCrossing: 1512/1600 holds, last 0.071 s, source twoStageRealTimeIteration
curvedCrossing: 1516/1600 holds, last 0.057 s, source twoStageRealTimeIteration
curvedCrossing: 1520/1600 holds, last 0.066 s, source twoStageRealTimeIteration
curvedCrossing: 1524/1600 holds, last 0.105 s, source twoStageRealTimeIteration
curvedCrossing: 1528/1600 holds, last 0.061 s, source twoStageRealTimeIteration
curvedCrossing: 1532/1600 holds, last 0.057 s, source twoStageRealTimeIteration
curvedCrossing: 1536/1600 holds, last 0.071 s, source twoStageRealTimeIteration
curvedCrossing: 1540/1600 holds, last 0.069 s, source twoStageRealTimeIteration
curvedCrossing: 1544/1600 holds, last 0.112 s, source twoStageRealTimeIteration
curvedCrossing: 1548/1600 holds, last 0.073 s, source twoStageRealTimeIteration
curvedCrossing: 1552/1600 holds, last 0.059 s, source twoStageRealTimeIteration
curvedCrossing: 1556/1600 holds, last 0.069 s, source twoStageRealTimeIteration
curvedCrossing: 1560/1600 holds, last 0.069 s, source twoStageRealTimeIteration
curvedCrossing: 1564/1600 holds, last 0.060 s, source twoStageRealTimeIteration
curvedCrossing: 1568/1600 holds, last 0.120 s, source twoStageRealTimeIteration
curvedCrossing: 1572/1600 holds, last 0.070 s, source twoStageRealTimeIteration
curvedCrossing: 1576/1600 holds, last 0.097 s, source twoStageRealTimeIteration
curvedCrossing: 1580/1600 holds, last 0.059 s, source twoStageRealTimeIteration
curvedCrossing: 1584/1600 holds, last 0.059 s, source twoStageRealTimeIteration
curvedCrossing: 1588/1600 holds, last 0.073 s, source twoStageRealTimeIteration
curvedCrossing: 1592/1600 holds, last 0.059 s, source twoStageRealTimeIteration
curvedCrossing: 1596/1600 holds, last 0.067 s, source twoStageRealTimeIteration
curvedCrossing: 1600/1600 holds, last 0.059 s, source twoStageRealTimeIteration
Recovery at 80.00 s: e = [-139.939    0.363559    -1.37145   0.0230163 -0.00954226], W = 1.1154e+06
curvedCrossing: 1600/1600 frames, max 0.463 s, failure
EXTEND-END speed=15 scenario=curvedCrossing frames=1600 wall=116.752 recovered=0 max=0.462600 failedCall=NaN gap=0.153252720 failure=
