CASE-START speed=8 scenario=headOn
headOn: 4/1600 holds, last 0.117 s, source twoStageRealTimeIteration
headOn: 8/1600 holds, last 0.109 s, source twoStageRealTimeIteration
headOn: 12/1600 holds, last 0.100 s, source twoStageRealTimeIteration
headOn: 16/1600 holds, last 0.176 s, source twoStageRealTimeIteration
headOn: 20/1600 holds, last 0.106 s, source twoStageRealTimeIteration
headOn: 24/1600 holds, last 0.153 s, source twoStageRealTimeIteration
headOn: 28/1600 holds, last 0.130 s, source twoStageRealTimeIteration
headOn: 32/1600 holds, last 0.127 s, source twoStageRealTimeIteration
headOn: 36/1600 holds, last 0.151 s, source twoStageRealTimeIteration
headOn: 40/1600 holds, last 0.132 s, source twoStageRealTimeIteration
headOn: 44/1600 holds, last 0.123 s, source twoStageRealTimeIteration
headOn: 48/1600 holds, last 0.282 s, source twoStageRealTimeIteration
headOn: 52/1600 holds, last 0.086 s, source twoStageRealTimeIteration
headOn: 56/1600 holds, last 0.076 s, source twoStageRealTimeIteration
headOn: 60/1600 holds, last 0.143 s, source twoStageRealTimeIteration
headOn: 64/1600 holds, last 0.112 s, source twoStageRealTimeIteration
headOn: 68/1600 holds, last 0.089 s, source twoStageRealTimeIteration
headOn: 72/1600 holds, last 0.093 s, source twoStageRealTimeIteration
headOn: 76/1600 holds, last 0.117 s, source twoStageRealTimeIteration
headOn: 80/1600 holds, last 0.092 s, source twoStageRealTimeIteration
headOn: 84/1600 holds, last 0.175 s, source twoStageRealTimeIteration
headOn: 88/1600 holds, last 0.135 s, source twoStageRealTimeIteration
headOn: 92/1600 holds, last 0.129 s, source twoStageRealTimeIteration
headOn: 96/1600 holds, last 0.199 s, source twoStageRealTimeIteration
headOn: 100/1600 holds, last 0.215 s, source twoStageRealTimeIteration
Recovery at 5.00 s: e = [8.31987  0.286973 -0.425846  -0.27015 -0.300663], W = 10928.8
headOn: 104/1600 holds, last 0.265 s, source twoStageRealTimeIteration
headOn: 108/1600 holds, last 0.185 s, source twoStageRealTimeIteration
headOn: 112/1600 holds, last 0.300 s, source twoStageRealTimeIteration
headOn: 116/1600 holds, last 0.228 s, source twoStageRealTimeIteration
headOn: 120/1600 holds, last 0.215 s, source twoStageRealTimeIteration
headOn: 124/1600 holds, last 0.195 s, source twoStageRealTimeIteration
headOn: 128/1600 holds, last 0.206 s, source twoStageRealTimeIteration
headOn: 132/1600 holds, last 0.197 s, source twoStageRealTimeIteration
headOn: 136/1600 holds, last 0.183 s, source twoStageRealTimeIteration
headOn: 140/1600 holds, last 0.202 s, source twoStageRealTimeIteration
headOn: 144/1600 holds, last 0.235 s, source twoStageRealTimeIteration
headOn: 148/1600 holds, last 0.210 s, source twoStageRealTimeIteration
headOn: 152/1600 holds, last 0.211 s, source twoStageRealTimeIteration
headOn: 156/1600 holds, last 0.206 s, source twoStageRealTimeIteration
headOn: 160/1600 holds, last 0.207 s, source twoStageRealTimeIteration
headOn: 164/1600 holds, last 0.267 s, source twoStageRealTimeIteration
headOn: 168/1600 holds, last 0.212 s, source twoStageRealTimeIteration
headOn: 172/1600 holds, last 0.205 s, source twoStageRealTimeIteration
headOn: 176/1600 holds, last 0.237 s, source twoStageRealTimeIteration
headOn: 180/1600 holds, last 0.212 s, source twoStageRealTimeIteration
headOn: 184/1600 holds, last 0.247 s, source twoStageRealTimeIteration
headOn: 188/1600 holds, last 0.246 s, source twoStageRealTimeIteration
headOn: 192/1600 holds, last 0.240 s, source twoStageRealTimeIteration
headOn: 196/1600 holds, last 0.227 s, source twoStageRealTimeIteration
headOn: 200/1600 holds, last 0.239 s, source twoStageRealTimeIteration
Recovery at 10.00 s: e = [0.712498   -0.0636786 -0.000151552    0.0474011    0.0410927], W = 39.6807
headOn: 204/1600 holds, last 0.239 s, source twoStageRealTimeIteration
headOn: 208/1600 holds, last 0.187 s, source twoStageRealTimeIteration
headOn: 212/1600 holds, last 0.189 s, source twoStageRealTimeIteration
headOn: 216/1600 holds, last 0.180 s, source twoStageRealTimeIteration
headOn: 220/1600 holds, last 0.177 s, source twoStageRealTimeIteration
headOn: 224/1600 holds, last 0.181 s, source twoStageRealTimeIteration
headOn: 228/1600 holds, last 0.189 s, source twoStageRealTimeIteration
headOn: 232/1600 holds, last 0.187 s, source twoStageRealTimeIteration
headOn: 236/1600 holds, last 0.177 s, source twoStageRealTimeIteration
headOn: 240/1600 holds, last 0.207 s, source twoStageRealTimeIteration
headOn: 244/1600 holds, last 0.183 s, source twoStageRealTimeIteration
headOn: 248/1600 holds, last 0.185 s, source twoStageRealTimeIteration
headOn: 252/1600 holds, last 0.179 s, source twoStageRealTimeIteration
headOn: 256/1600 holds, last 0.181 s, source twoStageRealTimeIteration
headOn: 260/1600 holds, last 0.186 s, source twoStageRealTimeIteration
headOn: 264/1600 holds, last 0.212 s, source twoStageRealTimeIteration
headOn: 268/1600 holds, last 0.176 s, source twoStageRealTimeIteration
headOn: 272/1600 holds, last 0.171 s, source twoStageRealTimeIteration
headOn: 276/1600 holds, last 0.238 s, source twoStageRealTimeIteration
headOn: 280/1600 holds, last 0.194 s, source twoStageRealTimeIteration
headOn: 284/1600 holds, last 0.141 s, source twoStageRealTimeIteration
headOn: 288/1600 holds, last 0.185 s, source twoStageRealTimeIteration
headOn: 292/1600 holds, last 0.161 s, source twoStageRealTimeIteration
headOn: 296/1600 holds, last 0.145 s, source twoStageRealTimeIteration
headOn: 300/1600 holds, last 0.150 s, source twoStageRealTimeIteration
Recovery at 15.00 s: e = [0.0276598 -0.00248143 -2.0571e-07  0.00187934  0.00161916], W = 0.0598074
headOn: 304/1600 holds, last 0.152 s, source twoStageRealTimeIteration
headOn: 308/1600 holds, last 0.175 s, source twoStageRealTimeIteration
headOn: 312/1600 holds, last 0.167 s, source twoStageRealTimeIteration
headOn: 316/1600 holds, last 0.173 s, source twoStageRealTimeIteration
headOn: 320/1600 holds, last 0.164 s, source twoStageRealTimeIteration
headOn: 324/1600 holds, last 0.139 s, source twoStageRealTimeIteration
headOn: 328/1600 holds, last 0.142 s, source twoStageRealTimeIteration
headOn: 332/1600 holds, last 0.164 s, source twoStageRealTimeIteration
headOn: 336/1600 holds, last 0.148 s, source twoStageRealTimeIteration
headOn: 340/1600 holds, last 0.179 s, source twoStageRealTimeIteration
headOn: 344/1600 holds, last 0.143 s, source twoStageRealTimeIteration
headOn: 348/1600 holds, last 0.141 s, source twoStageRealTimeIteration
headOn: 352/1600 holds, last 0.140 s, source twoStageRealTimeIteration
headOn: 356/1600 holds, last 0.103 s, source twoStageRealTimeIteration
headOn: 360/1600 holds, last 0.105 s, source twoStageRealTimeIteration
headOn: 361/1600 frames, max 1.204 s, failure 
CASE-END speed=8 scenario=headOn frames=361 wall=69.522 recovered=1 max=1.203524 gap=0.603215500 failure=
CASE-START speed=8 scenario=acceleratingHeadOn
acceleratingHeadOn: 4/1600 holds, last 0.110 s, source twoStageRealTimeIteration
acceleratingHeadOn: 8/1600 holds, last 0.139 s, source twoStageRealTimeIteration
acceleratingHeadOn: 12/1600 holds, last 0.174 s, source twoStageRealTimeIteration
acceleratingHeadOn: 16/1600 holds, last 0.161 s, source twoStageRealTimeIteration
acceleratingHeadOn: 20/1600 holds, last 0.164 s, source twoStageRealTimeIteration
acceleratingHeadOn: 24/1600 holds, last 0.172 s, source twoStageRealTimeIteration
acceleratingHeadOn: 28/1600 holds, last 0.123 s, source twoStageRealTimeIteration
acceleratingHeadOn: 32/1600 holds, last 0.163 s, source twoStageRealTimeIteration
acceleratingHeadOn: 36/1600 holds, last 0.134 s, source twoStageRealTimeIteration
acceleratingHeadOn: 40/1600 holds, last 0.137 s, source twoStageRealTimeIteration
acceleratingHeadOn: 44/1600 holds, last 0.149 s, source twoStageRealTimeIteration
acceleratingHeadOn: 48/1600 holds, last 0.145 s, source twoStageRealTimeIteration
acceleratingHeadOn: 52/1600 holds, last 0.079 s, source twoStageRealTimeIteration
acceleratingHeadOn: 56/1600 holds, last 0.096 s, source twoStageRealTimeIteration
acceleratingHeadOn: 60/1600 holds, last 0.092 s, source twoStageRealTimeIteration
acceleratingHeadOn: 64/1600 holds, last 0.084 s, source twoStageRealTimeIteration
acceleratingHeadOn: 68/1600 holds, last 0.109 s, source twoStageRealTimeIteration
acceleratingHeadOn: 72/1600 holds, last 0.118 s, source twoStageRealTimeIteration
acceleratingHeadOn: 76/1600 holds, last 0.125 s, source twoStageRealTimeIteration
acceleratingHeadOn: 80/1600 holds, last 0.201 s, source twoStageRealTimeIteration
acceleratingHeadOn: 84/1600 holds, last 0.201 s, source twoStageRealTimeIteration
acceleratingHeadOn: 88/1600 holds, last 0.216 s, source twoStageRealTimeIteration
acceleratingHeadOn: 92/1600 holds, last 0.213 s, source twoStageRealTimeIteration
acceleratingHeadOn: 96/1600 holds, last 0.271 s, source twoStageRealTimeIteration
acceleratingHeadOn: 100/1600 holds, last 0.214 s, source twoStageRealTimeIteration
Recovery at 5.00 s: e = [8.39358  -0.170775 -0.0786076  -0.615644   -0.61216], W = 6976.39
acceleratingHeadOn: 104/1600 holds, last 0.229 s, source twoStageRealTimeIteration
acceleratingHeadOn: 108/1600 holds, last 0.294 s, source twoStageRealTimeIteration
acceleratingHeadOn: 112/1600 holds, last 0.281 s, source twoStageRealTimeIteration
acceleratingHeadOn: 116/1600 holds, last 0.230 s, source twoStageRealTimeIteration
acceleratingHeadOn: 120/1600 holds, last 0.211 s, source twoStageRealTimeIteration
acceleratingHeadOn: 124/1600 holds, last 0.272 s, source twoStageRealTimeIteration
acceleratingHeadOn: 128/1600 holds, last 0.264 s, source twoStageRealTimeIteration
acceleratingHeadOn: 132/1600 holds, last 0.267 s, source twoStageRealTimeIteration
acceleratingHeadOn: 136/1600 holds, last 0.222 s, source twoStageRealTimeIteration
acceleratingHeadOn: 140/1600 holds, last 0.240 s, source twoStageRealTimeIteration
acceleratingHeadOn: 144/1600 holds, last 0.203 s, source twoStageRealTimeIteration
acceleratingHeadOn: 148/1600 holds, last 0.206 s, source twoStageRealTimeIteration
acceleratingHeadOn: 152/1600 holds, last 0.247 s, source twoStageRealTimeIteration
acceleratingHeadOn: 156/1600 holds, last 0.241 s, source twoStageRealTimeIteration
acceleratingHeadOn: 160/1600 holds, last 0.271 s, source twoStageRealTimeIteration
acceleratingHeadOn: 164/1600 holds, last 0.224 s, source twoStageRealTimeIteration
acceleratingHeadOn: 168/1600 holds, last 0.258 s, source twoStageRealTimeIteration
acceleratingHeadOn: 172/1600 holds, last 0.208 s, source twoStageRealTimeIteration
acceleratingHeadOn: 176/1600 holds, last 0.221 s, source twoStageRealTimeIteration
acceleratingHeadOn: 180/1600 holds, last 0.240 s, source twoStageRealTimeIteration
acceleratingHeadOn: 184/1600 holds, last 0.197 s, source twoStageRealTimeIteration
acceleratingHeadOn: 188/1600 holds, last 0.202 s, source twoStageRealTimeIteration
acceleratingHeadOn: 192/1600 holds, last 0.260 s, source twoStageRealTimeIteration
acceleratingHeadOn: 196/1600 holds, last 0.216 s, source twoStageRealTimeIteration
acceleratingHeadOn: 200/1600 holds, last 0.227 s, source twoStageRealTimeIteration
Recovery at 10.00 s: e = [0.466634   -0.0418052 -6.37783e-05    0.0314098    0.0271654], W = 17.0184
acceleratingHeadOn: 204/1600 holds, last 0.206 s, source twoStageRealTimeIteration
acceleratingHeadOn: 208/1600 holds, last 0.212 s, source twoStageRealTimeIteration
acceleratingHeadOn: 212/1600 holds, last 0.189 s, source twoStageRealTimeIteration
acceleratingHeadOn: 216/1600 holds, last 0.189 s, source twoStageRealTimeIteration
acceleratingHeadOn: 220/1600 holds, last 0.186 s, source twoStageRealTimeIteration
acceleratingHeadOn: 224/1600 holds, last 0.225 s, source twoStageRealTimeIteration
acceleratingHeadOn: 228/1600 holds, last 0.193 s, source twoStageRealTimeIteration
acceleratingHeadOn: 232/1600 holds, last 0.179 s, source twoStageRealTimeIteration
acceleratingHeadOn: 236/1600 holds, last 0.179 s, source twoStageRealTimeIteration
acceleratingHeadOn: 240/1600 holds, last 0.176 s, source twoStageRealTimeIteration
acceleratingHeadOn: 244/1600 holds, last 0.176 s, source twoStageRealTimeIteration
acceleratingHeadOn: 248/1600 holds, last 0.181 s, source twoStageRealTimeIteration
acceleratingHeadOn: 252/1600 holds, last 0.171 s, source twoStageRealTimeIteration
acceleratingHeadOn: 256/1600 holds, last 0.172 s, source twoStageRealTimeIteration
acceleratingHeadOn: 260/1600 holds, last 0.175 s, source twoStageRealTimeIteration
acceleratingHeadOn: 264/1600 holds, last 0.168 s, source twoStageRealTimeIteration
acceleratingHeadOn: 268/1600 holds, last 0.173 s, source twoStageRealTimeIteration
acceleratingHeadOn: 272/1600 holds, last 0.146 s, source twoStageRealTimeIteration
acceleratingHeadOn: 276/1600 holds, last 0.150 s, source twoStageRealTimeIteration
acceleratingHeadOn: 280/1600 holds, last 0.152 s, source twoStageRealTimeIteration
acceleratingHeadOn: 284/1600 holds, last 0.148 s, source twoStageRealTimeIteration
acceleratingHeadOn: 288/1600 holds, last 0.147 s, source twoStageRealTimeIteration
acceleratingHeadOn: 292/1600 holds, last 0.148 s, source twoStageRealTimeIteration
acceleratingHeadOn: 296/1600 holds, last 0.145 s, source twoStageRealTimeIteration
acceleratingHeadOn: 300/1600 holds, last 0.144 s, source twoStageRealTimeIteration
Recovery at 15.00 s: e = [0.0181024  -0.00162401 -9.16022e-08   0.00123002   0.00105965], W = 0.0256171
acceleratingHeadOn: 304/1600 holds, last 0.161 s, source twoStageRealTimeIteration
acceleratingHeadOn: 308/1600 holds, last 0.142 s, source twoStageRealTimeIteration
acceleratingHeadOn: 312/1600 holds, last 0.155 s, source twoStageRealTimeIteration
acceleratingHeadOn: 316/1600 holds, last 0.140 s, source twoStageRealTimeIteration
acceleratingHeadOn: 320/1600 holds, last 0.155 s, source twoStageRealTimeIteration
acceleratingHeadOn: 324/1600 holds, last 0.148 s, source twoStageRealTimeIteration
acceleratingHeadOn: 328/1600 holds, last 0.151 s, source twoStageRealTimeIteration
acceleratingHeadOn: 332/1600 holds, last 0.136 s, source twoStageRealTimeIteration
acceleratingHeadOn: 336/1600 holds, last 0.142 s, source twoStageRealTimeIteration
acceleratingHeadOn: 340/1600 holds, last 0.141 s, source twoStageRealTimeIteration
acceleratingHeadOn: 344/1600 holds, last 0.180 s, source twoStageRealTimeIteration
acceleratingHeadOn: 348/1600 frames, max 0.323 s, failure 
CASE-END speed=8 scenario=acceleratingHeadOn frames=348 wall=67.118 recovered=1 max=0.323058 gap=0.429677082 failure=
RERUN-COMPLETE
