CASE-START speed=8 scenario=curvedHeadOn
curvedHeadOn: 4/1600 holds, last 0.087 s, source twoStageRealTimeIteration
curvedHeadOn: 8/1600 holds, last 0.188 s, source twoStageRealTimeIteration
curvedHeadOn: 12/1600 holds, last 0.123 s, source twoStageRealTimeIteration
curvedHeadOn: 16/1600 holds, last 0.139 s, source twoStageRealTimeIteration
curvedHeadOn: 20/1600 holds, last 0.201 s, source twoStageRealTimeIteration
curvedHeadOn: 24/1600 holds, last 0.128 s, source twoStageRealTimeIteration
curvedHeadOn: 28/1600 holds, last 0.183 s, source twoStageRealTimeIteration
curvedHeadOn: 32/1600 holds, last 0.223 s, source twoStageRealTimeIteration
curvedHeadOn: 36/1600 holds, last 0.155 s, source twoStageRealTimeIteration
curvedHeadOn: 40/1600 holds, last 0.156 s, source twoStageRealTimeIteration
curvedHeadOn: 44/1600 holds, last 0.130 s, source twoStageRealTimeIteration
curvedHeadOn: 48/1600 holds, last 0.188 s, source twoStageRealTimeIteration
curvedHeadOn: 52/1600 holds, last 0.172 s, source twoStageRealTimeIteration
curvedHeadOn: 56/1600 holds, last 0.172 s, source twoStageRealTimeIteration
curvedHeadOn: 60/1600 holds, last 0.146 s, source twoStageRealTimeIteration
curvedHeadOn: 64/1600 holds, last 0.110 s, source twoStageRealTimeIteration
curvedHeadOn: 68/1600 holds, last 0.104 s, source twoStageRealTimeIteration
curvedHeadOn: 72/1600 holds, last 0.102 s, source twoStageRealTimeIteration
curvedHeadOn: 76/1600 holds, last 0.164 s, source twoStageRealTimeIteration
curvedHeadOn: 80/1600 holds, last 0.160 s, source twoStageRealTimeIteration
curvedHeadOn: 84/1600 holds, last 0.128 s, source twoStageRealTimeIteration
curvedHeadOn: 88/1600 holds, last 0.159 s, source twoStageRealTimeIteration
curvedHeadOn: 92/1600 holds, last 0.165 s, source twoStageRealTimeIteration
curvedHeadOn: 96/1600 holds, last 0.119 s, source twoStageRealTimeIteration
curvedHeadOn: 100/1600 holds, last 0.178 s, source twoStageRealTimeIteration
Recovery at 5.00 s: e = [7.58377  0.225267 -0.615292  0.153843  0.159086], W = 4993.64
curvedHeadOn: 104/1600 holds, last 0.241 s, source twoStageRealTimeIteration
curvedHeadOn: 108/1600 holds, last 0.299 s, source twoStageRealTimeIteration
curvedHeadOn: 112/1600 holds, last 0.256 s, source twoStageRealTimeIteration
curvedHeadOn: 116/1600 holds, last 0.286 s, source twoStageRealTimeIteration
curvedHeadOn: 120/1600 holds, last 0.287 s, source twoStageRealTimeIteration
curvedHeadOn: 124/1600 holds, last 0.257 s, source twoStageRealTimeIteration
curvedHeadOn: 128/1600 holds, last 0.264 s, source twoStageRealTimeIteration
curvedHeadOn: 132/1600 holds, last 0.226 s, source twoStageRealTimeIteration
curvedHeadOn: 136/1600 holds, last 0.250 s, source twoStageRealTimeIteration
curvedHeadOn: 140/1600 holds, last 0.194 s, source twoStageRealTimeIteration
curvedHeadOn: 144/1600 holds, last 0.221 s, source twoStageRealTimeIteration
curvedHeadOn: 148/1600 holds, last 0.212 s, source twoStageRealTimeIteration
curvedHeadOn: 152/1600 holds, last 0.202 s, source twoStageRealTimeIteration
curvedHeadOn: 156/1600 holds, last 0.224 s, source twoStageRealTimeIteration
curvedHeadOn: 160/1600 holds, last 0.204 s, source twoStageRealTimeIteration
curvedHeadOn: 164/1600 holds, last 0.210 s, source twoStageRealTimeIteration
curvedHeadOn: 168/1600 holds, last 0.211 s, source twoStageRealTimeIteration
curvedHeadOn: 172/1600 holds, last 0.207 s, source twoStageRealTimeIteration
curvedHeadOn: 176/1600 holds, last 0.197 s, source twoStageRealTimeIteration
curvedHeadOn: 180/1600 holds, last 0.192 s, source twoStageRealTimeIteration
curvedHeadOn: 184/1600 holds, last 0.204 s, source twoStageRealTimeIteration
curvedHeadOn: 188/1600 holds, last 0.210 s, source twoStageRealTimeIteration
curvedHeadOn: 192/1600 holds, last 0.205 s, source twoStageRealTimeIteration
curvedHeadOn: 196/1600 holds, last 0.197 s, source twoStageRealTimeIteration
curvedHeadOn: 200/1600 holds, last 0.150 s, source twoStageRealTimeIteration
Recovery at 10.00 s: e = [0.701813   -0.0626538 -0.000531693     0.046103    0.0404482], W = 38.4678
curvedHeadOn: 204/1600 holds, last 0.189 s, source twoStageRealTimeIteration
curvedHeadOn: 208/1600 holds, last 0.187 s, source twoStageRealTimeIteration
curvedHeadOn: 212/1600 holds, last 0.192 s, source twoStageRealTimeIteration
curvedHeadOn: 216/1600 holds, last 0.197 s, source twoStageRealTimeIteration
curvedHeadOn: 220/1600 holds, last 0.190 s, source twoStageRealTimeIteration
curvedHeadOn: 224/1600 holds, last 0.217 s, source twoStageRealTimeIteration
curvedHeadOn: 228/1600 holds, last 0.175 s, source twoStageRealTimeIteration
curvedHeadOn: 232/1600 holds, last 0.180 s, source twoStageRealTimeIteration
curvedHeadOn: 236/1600 holds, last 0.189 s, source twoStageRealTimeIteration
curvedHeadOn: 240/1600 holds, last 0.175 s, source twoStageRealTimeIteration
curvedHeadOn: 244/1600 holds, last 0.186 s, source twoStageRealTimeIteration
curvedHeadOn: 248/1600 holds, last 0.224 s, source twoStageRealTimeIteration
curvedHeadOn: 252/1600 holds, last 0.192 s, source twoStageRealTimeIteration
curvedHeadOn: 256/1600 holds, last 0.166 s, source twoStageRealTimeIteration
curvedHeadOn: 260/1600 holds, last 0.170 s, source twoStageRealTimeIteration
curvedHeadOn: 264/1600 holds, last 0.173 s, source twoStageRealTimeIteration
curvedHeadOn: 268/1600 holds, last 0.169 s, source twoStageRealTimeIteration
curvedHeadOn: 272/1600 holds, last 0.177 s, source twoStageRealTimeIteration
curvedHeadOn: 276/1600 holds, last 0.167 s, source twoStageRealTimeIteration
curvedHeadOn: 280/1600 holds, last 0.147 s, source twoStageRealTimeIteration
curvedHeadOn: 284/1600 holds, last 0.141 s, source twoStageRealTimeIteration
curvedHeadOn: 288/1600 holds, last 0.143 s, source twoStageRealTimeIteration
curvedHeadOn: 292/1600 holds, last 0.173 s, source twoStageRealTimeIteration
curvedHeadOn: 296/1600 holds, last 0.145 s, source twoStageRealTimeIteration
curvedHeadOn: 300/1600 holds, last 0.139 s, source twoStageRealTimeIteration
Recovery at 15.00 s: e = [0.0272052  -0.00243994 -1.46777e-05   0.00183363   0.00159809], W = 0.0578108
curvedHeadOn: 304/1600 holds, last 0.141 s, source twoStageRealTimeIteration
curvedHeadOn: 308/1600 holds, last 0.141 s, source twoStageRealTimeIteration
curvedHeadOn: 312/1600 holds, last 0.136 s, source twoStageRealTimeIteration
curvedHeadOn: 316/1600 holds, last 0.131 s, source twoStageRealTimeIteration
curvedHeadOn: 320/1600 holds, last 0.133 s, source twoStageRealTimeIteration
curvedHeadOn: 324/1600 holds, last 0.129 s, source twoStageRealTimeIteration
curvedHeadOn: 328/1600 holds, last 0.130 s, source twoStageRealTimeIteration
curvedHeadOn: 332/1600 holds, last 0.142 s, source twoStageRealTimeIteration
curvedHeadOn: 336/1600 holds, last 0.153 s, source twoStageRealTimeIteration
curvedHeadOn: 340/1600 holds, last 0.125 s, source twoStageRealTimeIteration
curvedHeadOn: 344/1600 holds, last 0.137 s, source twoStageRealTimeIteration
curvedHeadOn: 348/1600 holds, last 0.131 s, source twoStageRealTimeIteration
curvedHeadOn: 352/1600 holds, last 0.093 s, source twoStageRealTimeIteration
curvedHeadOn: 356/1600 holds, last 0.093 s, source twoStageRealTimeIteration
curvedHeadOn: 360/1600 frames, max 0.951 s, failure 
CASE-END speed=8 scenario=curvedHeadOn frames=360 wall=70.969 recovered=1 max=0.950832 gap=0.706625789 failure=
CASE-START speed=8 scenario=brakingLead
brakingLead: 4/1600 holds, last 0.146 s, source twoStageRealTimeIteration
brakingLead: 8/1600 holds, last 0.115 s, source twoStageRealTimeIteration
brakingLead: 12/1600 holds, last 0.142 s, source twoStageRealTimeIteration
brakingLead: 16/1600 holds, last 0.197 s, source twoStageRealTimeIteration
brakingLead: 20/1600 holds, last 0.146 s, source twoStageRealTimeIteration
brakingLead: 24/1600 holds, last 0.145 s, source twoStageRealTimeIteration
brakingLead: 28/1600 holds, last 0.133 s, source twoStageRealTimeIteration
brakingLead: 32/1600 holds, last 0.397 s, source twoStageRealTimeIteration
brakingLead: 36/1600 holds, last 0.455 s, source twoStageRealTimeIteration
brakingLead: 40/1600 holds, last 0.112 s, source twoStageRealTimeIteration
brakingLead: 44/1600 holds, last 0.236 s, source twoStageRealTimeIteration
brakingLead: 48/1600 holds, last 0.428 s, source twoStageRealTimeIteration
brakingLead: 52/1600 holds, last 0.376 s, source twoStageRealTimeIteration
brakingLead: 56/1600 holds, last 0.341 s, source twoStageRealTimeIteration
brakingLead: 60/1600 holds, last 0.132 s, source twoStageRealTimeIteration
brakingLead: 64/1600 holds, last 0.159 s, source twoStageRealTimeIteration
brakingLead: 68/1600 holds, last 0.422 s, source twoStageRealTimeIteration
brakingLead: 72/1600 holds, last 0.110 s, source twoStageRealTimeIteration
brakingLead: 76/1600 holds, last 0.144 s, source twoStageRealTimeIteration
brakingLead: 80/1600 holds, last 0.134 s, source twoStageRealTimeIteration
brakingLead: 84/1600 holds, last 0.411 s, source twoStageRealTimeIteration
brakingLead: 88/1600 holds, last 0.500 s, source twoStageRealTimeIteration
brakingLead: 92/1600 holds, last 0.465 s, source twoStageRealTimeIteration
brakingLead: 96/1600 holds, last 0.172 s, source twoStageRealTimeIteration
brakingLead: 100/1600 holds, last 0.374 s, source twoStageRealTimeIteration
Recovery at 5.00 s: e = [4.01422  0.0377416 -0.0969336 -0.0149751 -0.0192235], W = 1274.4
brakingLead: 104/1600 holds, last 0.191 s, source twoStageRealTimeIteration
brakingLead: 108/1600 holds, last 0.144 s, source twoStageRealTimeIteration
brakingLead: 112/1600 holds, last 0.127 s, source twoStageRealTimeIteration
brakingLead: 116/1600 holds, last 0.142 s, source twoStageRealTimeIteration
brakingLead: 120/1600 holds, last 0.146 s, source twoStageRealTimeIteration
brakingLead: 124/1600 holds, last 0.224 s, source twoStageRealTimeIteration
brakingLead: 128/1600 holds, last 0.165 s, source twoStageRealTimeIteration
brakingLead: 132/1600 holds, last 0.165 s, source twoStageRealTimeIteration
brakingLead: 136/1600 holds, last 0.182 s, source twoStageRealTimeIteration
brakingLead: 140/1600 holds, last 0.261 s, source twoStageRealTimeIteration
brakingLead: 144/1600 holds, last 0.216 s, source twoStageRealTimeIteration
brakingLead: 148/1600 holds, last 0.080 s, source twoStageRealTimeIteration
brakingLead: 152/1600 holds, last 0.102 s, source twoStageRealTimeIteration
brakingLead: 156/1600 holds, last 0.099 s, source twoStageRealTimeIteration
brakingLead: 160/1600 holds, last 0.101 s, source twoStageRealTimeIteration
brakingLead: 164/1600 holds, last 0.100 s, source twoStageRealTimeIteration
brakingLead: 168/1600 holds, last 0.098 s, source twoStageRealTimeIteration
brakingLead: 172/1600 holds, last 0.100 s, source twoStageRealTimeIteration
brakingLead: 176/1600 holds, last 0.099 s, source twoStageRealTimeIteration
brakingLead: 180/1600 holds, last 0.094 s, source twoStageRealTimeIteration
brakingLead: 184/1600 holds, last 0.098 s, source twoStageRealTimeIteration
brakingLead: 188/1600 holds, last 0.096 s, source twoStageRealTimeIteration
brakingLead: 192/1600 holds, last 0.121 s, source twoStageRealTimeIteration
brakingLead: 196/1600 holds, last 0.103 s, source twoStageRealTimeIteration
brakingLead: 200/1600 holds, last 0.100 s, source twoStageRealTimeIteration
Recovery at 10.00 s: e = [0.446786  -0.534449   -3.64626 -0.0229407 -0.0115369], W = 664.078
brakingLead: 204/1600 holds, last 0.111 s, source twoStageRealTimeIteration
brakingLead: 208/1600 holds, last 0.099 s, source twoStageRealTimeIteration
brakingLead: 212/1600 holds, last 0.104 s, source twoStageRealTimeIteration
brakingLead: 216/1600 holds, last 0.104 s, source twoStageRealTimeIteration
brakingLead: 220/1600 holds, last 0.132 s, source twoStageRealTimeIteration
brakingLead: 224/1600 holds, last 0.115 s, source twoStageRealTimeIteration
brakingLead: 228/1600 holds, last 0.106 s, source twoStageRealTimeIteration
brakingLead: 232/1600 holds, last 0.106 s, source twoStageRealTimeIteration
brakingLead: 236/1600 holds, last 0.108 s, source twoStageRealTimeIteration
brakingLead: 240/1600 holds, last 0.112 s, source twoStageRealTimeIteration
brakingLead: 244/1600 holds, last 0.106 s, source twoStageRealTimeIteration
brakingLead: 248/1600 holds, last 0.108 s, source twoStageRealTimeIteration
brakingLead: 252/1600 holds, last 0.079 s, source twoStageRealTimeIteration
brakingLead: 256/1600 holds, last 0.109 s, source twoStageRealTimeIteration
brakingLead: 260/1600 holds, last 0.106 s, source twoStageRealTimeIteration
brakingLead: 264/1600 holds, last 0.108 s, source twoStageRealTimeIteration
brakingLead: 268/1600 holds, last 0.110 s, source twoStageRealTimeIteration
brakingLead: 272/1600 holds, last 0.106 s, source twoStageRealTimeIteration
brakingLead: 276/1600 holds, last 0.130 s, source twoStageRealTimeIteration
brakingLead: 280/1600 holds, last 0.105 s, source twoStageRealTimeIteration
brakingLead: 284/1600 holds, last 0.097 s, source twoStageRealTimeIteration
brakingLead: 288/1600 holds, last 0.100 s, source twoStageRealTimeIteration
brakingLead: 292/1600 holds, last 0.113 s, source twoStageRealTimeIteration
brakingLead: 296/1600 holds, last 0.258 s, source twoStageRealTimeIteration
brakingLead: 300/1600 holds, last 0.101 s, source twoStageRealTimeIteration
Recovery at 15.00 s: e = [-5.41378 -0.354179  -5.96302 0.0992037 0.0596284], W = 3721.98
brakingLead: 304/1600 holds, last 0.106 s, source twoStageRealTimeIteration
brakingLead: 308/1600 holds, last 0.108 s, source twoStageRealTimeIteration
brakingLead: 312/1600 holds, last 0.110 s, source twoStageRealTimeIteration
brakingLead: 316/1600 holds, last 0.087 s, source twoStageRealTimeIteration
brakingLead: 320/1600 holds, last 0.112 s, source twoStageRealTimeIteration
brakingLead: 324/1600 holds, last 0.113 s, source twoStageRealTimeIteration
brakingLead: 328/1600 holds, last 0.110 s, source twoStageRealTimeIteration
brakingLead: 332/1600 holds, last 0.109 s, source twoStageRealTimeIteration
brakingLead: 336/1600 holds, last 0.111 s, source twoStageRealTimeIteration
brakingLead: 340/1600 holds, last 0.112 s, source twoStageRealTimeIteration
brakingLead: 344/1600 holds, last 0.116 s, source twoStageRealTimeIteration
brakingLead: 348/1600 holds, last 0.112 s, source twoStageRealTimeIteration
brakingLead: 352/1600 holds, last 0.107 s, source twoStageRealTimeIteration
brakingLead: 356/1600 holds, last 0.098 s, source twoStageRealTimeIteration
brakingLead: 360/1600 holds, last 0.106 s, source twoStageRealTimeIteration
brakingLead: 364/1600 holds, last 0.102 s, source twoStageRealTimeIteration
brakingLead: 368/1600 holds, last 0.104 s, source twoStageRealTimeIteration
brakingLead: 372/1600 holds, last 0.099 s, source twoStageRealTimeIteration
brakingLead: 376/1600 holds, last 0.115 s, source twoStageRealTimeIteration
brakingLead: 380/1600 holds, last 0.117 s, source twoStageRealTimeIteration
brakingLead: 384/1600 holds, last 0.094 s, source twoStageRealTimeIteration
brakingLead: 388/1600 holds, last 0.104 s, source twoStageRealTimeIteration
brakingLead: 392/1600 holds, last 0.097 s, source twoStageRealTimeIteration
brakingLead: 396/1600 holds, last 0.083 s, source twoStageRealTimeIteration
brakingLead: 400/1600 holds, last 0.115 s, source twoStageRealTimeIteration
Recovery at 20.00 s: e = [-7.14969 -0.0512593   -3.08169  0.0312782    0.01864], W = 4194.15
brakingLead: 404/1600 holds, last 0.121 s, source twoStageRealTimeIteration
brakingLead: 408/1600 holds, last 0.092 s, source twoStageRealTimeIteration
brakingLead: 412/1600 holds, last 0.102 s, source twoStageRealTimeIteration
brakingLead: 416/1600 holds, last 0.116 s, source twoStageRealTimeIteration
brakingLead: 420/1600 holds, last 0.171 s, source twoStageRealTimeIteration
brakingLead: 424/1600 holds, last 0.208 s, source twoStageRealTimeIteration
brakingLead: 428/1600 holds, last 0.195 s, source twoStageRealTimeIteration
brakingLead: 432/1600 holds, last 0.212 s, source twoStageRealTimeIteration
brakingLead: 436/1600 holds, last 0.217 s, source twoStageRealTimeIteration
brakingLead: 440/1600 holds, last 0.208 s, source twoStageRealTimeIteration
brakingLead: 444/1600 holds, last 0.225 s, source twoStageRealTimeIteration
brakingLead: 448/1600 holds, last 0.145 s, source twoStageRealTimeIteration
brakingLead: 452/1600 holds, last 0.145 s, source twoStageRealTimeIteration
brakingLead: 456/1600 holds, last 0.139 s, source twoStageRealTimeIteration
brakingLead: 460/1600 holds, last 0.141 s, source twoStageRealTimeIteration
brakingLead: 464/1600 holds, last 0.146 s, source twoStageRealTimeIteration
brakingLead: 468/1600 holds, last 0.194 s, source twoStageRealTimeIteration
brakingLead: 472/1600 holds, last 0.195 s, source twoStageRealTimeIteration
brakingLead: 476/1600 holds, last 0.224 s, source twoStageRealTimeIteration
brakingLead: 480/1600 holds, last 0.192 s, source twoStageRealTimeIteration
brakingLead: 484/1600 holds, last 0.208 s, source twoStageRealTimeIteration
brakingLead: 488/1600 holds, last 0.217 s, source twoStageRealTimeIteration
brakingLead: 492/1600 holds, last 0.132 s, source twoStageRealTimeIteration
brakingLead: 496/1600 holds, last 0.217 s, source twoStageRealTimeIteration
brakingLead: 500/1600 holds, last 0.197 s, source twoStageRealTimeIteration
Recovery at 25.00 s: e = [-0.919584    0.0816822 -0.000255071   -0.0596723   -0.0518509], W = 66.1391
brakingLead: 504/1600 holds, last 0.196 s, source twoStageRealTimeIteration
brakingLead: 508/1600 holds, last 0.200 s, source twoStageRealTimeIteration
brakingLead: 512/1600 holds, last 0.211 s, source twoStageRealTimeIteration
brakingLead: 516/1600 holds, last 0.175 s, source twoStageRealTimeIteration
brakingLead: 520/1600 holds, last 0.131 s, source twoStageRealTimeIteration
brakingLead: 524/1600 holds, last 0.201 s, source twoStageRealTimeIteration
brakingLead: 528/1600 holds, last 0.181 s, source twoStageRealTimeIteration
brakingLead: 532/1600 holds, last 0.192 s, source twoStageRealTimeIteration
brakingLead: 536/1600 holds, last 0.201 s, source twoStageRealTimeIteration
brakingLead: 540/1600 holds, last 0.180 s, source twoStageRealTimeIteration
brakingLead: 544/1600 holds, last 0.179 s, source twoStageRealTimeIteration
brakingLead: 548/1600 holds, last 0.181 s, source twoStageRealTimeIteration
brakingLead: 552/1600 holds, last 0.177 s, source twoStageRealTimeIteration
brakingLead: 556/1600 holds, last 0.173 s, source twoStageRealTimeIteration
brakingLead: 560/1600 holds, last 0.176 s, source twoStageRealTimeIteration
brakingLead: 564/1600 holds, last 0.174 s, source twoStageRealTimeIteration
brakingLead: 568/1600 holds, last 0.176 s, source twoStageRealTimeIteration
brakingLead: 572/1600 holds, last 0.177 s, source twoStageRealTimeIteration
brakingLead: 576/1600 holds, last 0.165 s, source twoStageRealTimeIteration
brakingLead: 580/1600 holds, last 0.182 s, source twoStageRealTimeIteration
brakingLead: 584/1600 holds, last 0.173 s, source twoStageRealTimeIteration
brakingLead: 588/1600 holds, last 0.148 s, source twoStageRealTimeIteration
brakingLead: 592/1600 holds, last 0.141 s, source twoStageRealTimeIteration
brakingLead: 596/1600 holds, last 0.152 s, source twoStageRealTimeIteration
brakingLead: 600/1600 holds, last 0.142 s, source twoStageRealTimeIteration
Recovery at 30.00 s: e = [-0.0357843   0.00321033 -3.57536e-07  -0.00243118  -0.00209475], W = 0.1001
brakingLead: 604/1600 holds, last 0.139 s, source twoStageRealTimeIteration
brakingLead: 608/1600 holds, last 0.147 s, source twoStageRealTimeIteration
brakingLead: 612/1600 holds, last 0.150 s, source twoStageRealTimeIteration
brakingLead: 616/1600 holds, last 0.174 s, source twoStageRealTimeIteration
brakingLead: 620/1600 holds, last 0.140 s, source twoStageRealTimeIteration
brakingLead: 624/1600 holds, last 0.104 s, source twoStageRealTimeIteration
brakingLead: 628/1600 holds, last 0.175 s, source twoStageRealTimeIteration
brakingLead: 632/1600 holds, last 0.109 s, source twoStageRealTimeIteration
brakingLead: 636/1600 holds, last 0.140 s, source twoStageRealTimeIteration
brakingLead: 640/1600 holds, last 0.137 s, source twoStageRealTimeIteration
brakingLead: 644/1600 holds, last 0.154 s, source twoStageRealTimeIteration
brakingLead: 648/1600 holds, last 0.141 s, source twoStageRealTimeIteration
brakingLead: 652/1600 holds, last 0.138 s, source twoStageRealTimeIteration
brakingLead: 656/1600 holds, last 0.156 s, source twoStageRealTimeIteration
brakingLead: 660/1600 holds, last 0.144 s, source twoStageRealTimeIteration
brakingLead: 664/1600 holds, last 0.165 s, source twoStageRealTimeIteration
brakingLead: 668/1600 holds, last 0.157 s, source twoStageRealTimeIteration
brakingLead: 669/1600 frames, max 0.556 s, failure 
CASE-END speed=8 scenario=brakingLead frames=669 wall=111.776 recovered=1 max=0.556426 gap=1.061790428 failure=
RERUN-COMPLETE
