MATLAB 26.1.0.3276743 (R2026a) Update 3, partition 1 of 4
CASE-START speed=8 scenario=acceleratingHeadOn
acceleratingHeadOn: 4/1600 holds, last 0.122 s, source twoStageRealTimeIteration
acceleratingHeadOn: 8/1600 holds, last 0.123 s, source twoStageRealTimeIteration
acceleratingHeadOn: 12/1600 holds, last 0.121 s, source twoStageRealTimeIteration
acceleratingHeadOn: 16/1600 holds, last 0.149 s, source twoStageRealTimeIteration
acceleratingHeadOn: 20/1600 holds, last 0.145 s, source twoStageRealTimeIteration
acceleratingHeadOn: 24/1600 holds, last 0.160 s, source twoStageRealTimeIteration
acceleratingHeadOn: 28/1600 holds, last 0.116 s, source twoStageRealTimeIteration
acceleratingHeadOn: 32/1600 holds, last 0.156 s, source twoStageRealTimeIteration
acceleratingHeadOn: 36/1600 holds, last 0.128 s, source twoStageRealTimeIteration
acceleratingHeadOn: 40/1600 holds, last 0.112 s, source twoStageRealTimeIteration
acceleratingHeadOn: 44/1600 holds, last 0.147 s, source twoStageRealTimeIteration
acceleratingHeadOn: 48/1600 holds, last 0.119 s, source twoStageRealTimeIteration
acceleratingHeadOn: 52/1600 holds, last 0.107 s, source twoStageRealTimeIteration
acceleratingHeadOn: 56/1600 holds, last 0.093 s, source twoStageRealTimeIteration
acceleratingHeadOn: 60/1600 holds, last 0.087 s, source twoStageRealTimeIteration
acceleratingHeadOn: 64/1600 holds, last 0.080 s, source twoStageRealTimeIteration
acceleratingHeadOn: 68/1600 holds, last 0.104 s, source twoStageRealTimeIteration
acceleratingHeadOn: 72/1600 holds, last 0.120 s, source twoStageRealTimeIteration
acceleratingHeadOn: 76/1600 holds, last 0.117 s, source twoStageRealTimeIteration
acceleratingHeadOn: 80/1600 holds, last 0.175 s, source twoStageRealTimeIteration
acceleratingHeadOn: 84/1600 holds, last 0.223 s, source twoStageRealTimeIteration
acceleratingHeadOn: 88/1600 holds, last 0.196 s, source twoStageRealTimeIteration
acceleratingHeadOn: 92/1600 holds, last 0.197 s, source twoStageRealTimeIteration
acceleratingHeadOn: 96/1600 holds, last 0.188 s, source twoStageRealTimeIteration
acceleratingHeadOn: 100/1600 holds, last 0.195 s, source twoStageRealTimeIteration
Recovery at 5.00 s: e = [8.39358  -0.170775 -0.0786076  -0.615644   -0.61216], W = 6976.39
acceleratingHeadOn: 104/1600 holds, last 0.156 s, source twoStageRealTimeIteration
acceleratingHeadOn: 108/1600 holds, last 0.208 s, source twoStageRealTimeIteration
acceleratingHeadOn: 112/1600 holds, last 0.210 s, source twoStageRealTimeIteration
acceleratingHeadOn: 116/1600 holds, last 0.205 s, source twoStageRealTimeIteration
acceleratingHeadOn: 120/1600 holds, last 0.192 s, source twoStageRealTimeIteration
acceleratingHeadOn: 124/1600 holds, last 0.200 s, source twoStageRealTimeIteration
acceleratingHeadOn: 128/1600 holds, last 0.201 s, source twoStageRealTimeIteration
acceleratingHeadOn: 132/1600 holds, last 0.191 s, source twoStageRealTimeIteration
acceleratingHeadOn: 136/1600 holds, last 0.196 s, source twoStageRealTimeIteration
acceleratingHeadOn: 140/1600 holds, last 0.197 s, source twoStageRealTimeIteration
acceleratingHeadOn: 144/1600 holds, last 0.204 s, source twoStageRealTimeIteration
acceleratingHeadOn: 148/1600 holds, last 0.193 s, source twoStageRealTimeIteration
acceleratingHeadOn: 152/1600 holds, last 0.137 s, source twoStageRealTimeIteration
acceleratingHeadOn: 156/1600 holds, last 0.189 s, source twoStageRealTimeIteration
acceleratingHeadOn: 160/1600 holds, last 0.194 s, source twoStageRealTimeIteration
acceleratingHeadOn: 164/1600 holds, last 0.188 s, source twoStageRealTimeIteration
acceleratingHeadOn: 168/1600 holds, last 0.190 s, source twoStageRealTimeIteration
acceleratingHeadOn: 172/1600 holds, last 0.192 s, source twoStageRealTimeIteration
acceleratingHeadOn: 176/1600 holds, last 0.188 s, source twoStageRealTimeIteration
acceleratingHeadOn: 180/1600 holds, last 0.132 s, source twoStageRealTimeIteration
acceleratingHeadOn: 184/1600 holds, last 0.181 s, source twoStageRealTimeIteration
acceleratingHeadOn: 188/1600 holds, last 0.193 s, source twoStageRealTimeIteration
acceleratingHeadOn: 192/1600 holds, last 0.186 s, source twoStageRealTimeIteration
acceleratingHeadOn: 196/1600 holds, last 0.183 s, source twoStageRealTimeIteration
acceleratingHeadOn: 200/1600 holds, last 0.180 s, source twoStageRealTimeIteration
Recovery at 10.00 s: e = [0.466634   -0.0418052 -6.37783e-05    0.0314098    0.0271654], W = 17.0184
acceleratingHeadOn: 204/1600 holds, last 0.179 s, source twoStageRealTimeIteration
acceleratingHeadOn: 208/1600 holds, last 0.175 s, source twoStageRealTimeIteration
acceleratingHeadOn: 212/1600 holds, last 0.124 s, source twoStageRealTimeIteration
acceleratingHeadOn: 216/1600 holds, last 0.179 s, source twoStageRealTimeIteration
acceleratingHeadOn: 220/1600 holds, last 0.171 s, source twoStageRealTimeIteration
acceleratingHeadOn: 224/1600 holds, last 0.173 s, source twoStageRealTimeIteration
acceleratingHeadOn: 228/1600 holds, last 0.173 s, source twoStageRealTimeIteration
acceleratingHeadOn: 232/1600 holds, last 0.172 s, source twoStageRealTimeIteration
acceleratingHeadOn: 236/1600 holds, last 0.174 s, source twoStageRealTimeIteration
acceleratingHeadOn: 240/1600 holds, last 0.168 s, source twoStageRealTimeIteration
acceleratingHeadOn: 244/1600 holds, last 0.165 s, source twoStageRealTimeIteration
acceleratingHeadOn: 248/1600 holds, last 0.166 s, source twoStageRealTimeIteration
acceleratingHeadOn: 252/1600 holds, last 0.116 s, source twoStageRealTimeIteration
acceleratingHeadOn: 256/1600 holds, last 0.160 s, source twoStageRealTimeIteration
acceleratingHeadOn: 260/1600 holds, last 0.162 s, source twoStageRealTimeIteration
acceleratingHeadOn: 264/1600 holds, last 0.156 s, source twoStageRealTimeIteration
acceleratingHeadOn: 268/1600 holds, last 0.145 s, source twoStageRealTimeIteration
acceleratingHeadOn: 272/1600 holds, last 0.139 s, source twoStageRealTimeIteration
acceleratingHeadOn: 276/1600 holds, last 0.143 s, source twoStageRealTimeIteration
acceleratingHeadOn: 280/1600 holds, last 0.141 s, source twoStageRealTimeIteration
acceleratingHeadOn: 284/1600 holds, last 0.141 s, source twoStageRealTimeIteration
acceleratingHeadOn: 288/1600 holds, last 0.112 s, source twoStageRealTimeIteration
acceleratingHeadOn: 292/1600 holds, last 0.142 s, source twoStageRealTimeIteration
acceleratingHeadOn: 296/1600 holds, last 0.140 s, source twoStageRealTimeIteration
acceleratingHeadOn: 300/1600 holds, last 0.144 s, source twoStageRealTimeIteration
Recovery at 15.00 s: e = [0.0181024  -0.00162401 -9.16022e-08   0.00123002   0.00105965], W = 0.0256171
acceleratingHeadOn: 304/1600 holds, last 0.142 s, source twoStageRealTimeIteration
acceleratingHeadOn: 308/1600 holds, last 0.136 s, source twoStageRealTimeIteration
acceleratingHeadOn: 312/1600 holds, last 0.136 s, source twoStageRealTimeIteration
acceleratingHeadOn: 316/1600 holds, last 0.135 s, source twoStageRealTimeIteration
acceleratingHeadOn: 320/1600 holds, last 0.136 s, source twoStageRealTimeIteration
acceleratingHeadOn: 324/1600 holds, last 0.124 s, source twoStageRealTimeIteration
acceleratingHeadOn: 328/1600 holds, last 0.135 s, source twoStageRealTimeIteration
acceleratingHeadOn: 332/1600 holds, last 0.135 s, source twoStageRealTimeIteration
acceleratingHeadOn: 336/1600 holds, last 0.137 s, source twoStageRealTimeIteration
acceleratingHeadOn: 340/1600 holds, last 0.136 s, source twoStageRealTimeIteration
acceleratingHeadOn: 344/1600 holds, last 0.134 s, source twoStageRealTimeIteration
DRIVER-FAILURE speed=8 scenario=acceleratingHeadOn Error using save
Cannot create file "acceleratingHeadOn.mat" in directory
"/home/zai/.cache/collisionAvoidance/recovery-clf-20261001/campaign/speed8"
because directory
"/home/zai/.cache/collisionAvoidance/recovery-clf-20261001/campaign/speed8"
does not exist.

Error in runNonlinearPredictiveSafetyValidation (line 167)
            save(options.ContinuationFile,'continuation','-v7.3');
            ^^^^^^^^^^^^^^^^^^^^^^^^^^^^^^^^^^^^^^^^^^^^^^^^^^^^^
Error in campaign (line 16)
            report=runNonlinearPredictiveSafetyValidation(Scenarios=name,Frames=1600, ...
                   ^^^^^^^^^^^^^^^^^^^^^^^^^^^^^^^^^^^^^^^^^^^^^^^^^^^^^^^^^^^^^^^^^^^^^^
Error in run (line 100)
evalin('caller', strcat(scriptStem, ';'));
^^^^^^^^^^^^^^^^^^^^^^^^^^^^^^^^^^^^^^^^^
CASE-START speed=8 scenario=curvedHeadOn
curvedHeadOn: 4/1600 holds, last 0.098 s, source twoStageRealTimeIteration
curvedHeadOn: 8/1600 holds, last 0.104 s, source twoStageRealTimeIteration
curvedHeadOn: 12/1600 holds, last 0.116 s, source twoStageRealTimeIteration
curvedHeadOn: 16/1600 holds, last 0.105 s, source twoStageRealTimeIteration
curvedHeadOn: 20/1600 holds, last 0.147 s, source twoStageRealTimeIteration
curvedHeadOn: 24/1600 holds, last 0.125 s, source twoStageRealTimeIteration
curvedHeadOn: 28/1600 holds, last 0.182 s, source twoStageRealTimeIteration
curvedHeadOn: 32/1600 holds, last 0.159 s, source twoStageRealTimeIteration
curvedHeadOn: 36/1600 holds, last 0.089 s, source twoStageRealTimeIteration
curvedHeadOn: 40/1600 holds, last 0.125 s, source twoStageRealTimeIteration
curvedHeadOn: 44/1600 holds, last 0.131 s, source twoStageRealTimeIteration
curvedHeadOn: 48/1600 holds, last 0.143 s, source twoStageRealTimeIteration
curvedHeadOn: 52/1600 holds, last 0.152 s, source twoStageRealTimeIteration
curvedHeadOn: 56/1600 holds, last 0.128 s, source twoStageRealTimeIteration
curvedHeadOn: 60/1600 holds, last 0.107 s, source twoStageRealTimeIteration
curvedHeadOn: 64/1600 holds, last 0.103 s, source twoStageRealTimeIteration
curvedHeadOn: 68/1600 holds, last 0.101 s, source twoStageRealTimeIteration
curvedHeadOn: 72/1600 holds, last 0.095 s, source twoStageRealTimeIteration
curvedHeadOn: 76/1600 holds, last 0.113 s, source twoStageRealTimeIteration
curvedHeadOn: 80/1600 holds, last 0.100 s, source twoStageRealTimeIteration
curvedHeadOn: 84/1600 holds, last 0.106 s, source twoStageRealTimeIteration
curvedHeadOn: 88/1600 holds, last 0.142 s, source twoStageRealTimeIteration
curvedHeadOn: 92/1600 holds, last 0.123 s, source twoStageRealTimeIteration
curvedHeadOn: 96/1600 holds, last 0.104 s, source twoStageRealTimeIteration
curvedHeadOn: 100/1600 holds, last 0.181 s, source twoStageRealTimeIteration
Recovery at 5.00 s: e = [7.58377  0.225267 -0.615292  0.153843  0.159086], W = 4993.64
curvedHeadOn: 104/1600 holds, last 0.201 s, source twoStageRealTimeIteration
curvedHeadOn: 108/1600 holds, last 0.205 s, source twoStageRealTimeIteration
curvedHeadOn: 112/1600 holds, last 0.275 s, source twoStageRealTimeIteration
curvedHeadOn: 116/1600 holds, last 0.207 s, source twoStageRealTimeIteration
curvedHeadOn: 120/1600 holds, last 0.226 s, source twoStageRealTimeIteration
curvedHeadOn: 124/1600 holds, last 0.151 s, source twoStageRealTimeIteration
curvedHeadOn: 128/1600 holds, last 0.219 s, source twoStageRealTimeIteration
curvedHeadOn: 132/1600 holds, last 0.212 s, source twoStageRealTimeIteration
curvedHeadOn: 136/1600 holds, last 0.219 s, source twoStageRealTimeIteration
curvedHeadOn: 140/1600 holds, last 0.210 s, source twoStageRealTimeIteration
curvedHeadOn: 144/1600 holds, last 0.204 s, source twoStageRealTimeIteration
curvedHeadOn: 148/1600 holds, last 0.203 s, source twoStageRealTimeIteration
curvedHeadOn: 152/1600 holds, last 0.204 s, source twoStageRealTimeIteration
curvedHeadOn: 156/1600 holds, last 0.176 s, source twoStageRealTimeIteration
curvedHeadOn: 160/1600 holds, last 0.201 s, source twoStageRealTimeIteration
curvedHeadOn: 164/1600 holds, last 0.200 s, source twoStageRealTimeIteration
curvedHeadOn: 168/1600 holds, last 0.197 s, source twoStageRealTimeIteration
curvedHeadOn: 172/1600 holds, last 0.198 s, source twoStageRealTimeIteration
curvedHeadOn: 176/1600 holds, last 0.195 s, source twoStageRealTimeIteration
curvedHeadOn: 180/1600 holds, last 0.210 s, source twoStageRealTimeIteration
curvedHeadOn: 184/1600 holds, last 0.184 s, source twoStageRealTimeIteration
curvedHeadOn: 188/1600 holds, last 0.184 s, source twoStageRealTimeIteration
curvedHeadOn: 192/1600 holds, last 0.184 s, source twoStageRealTimeIteration
curvedHeadOn: 196/1600 holds, last 0.187 s, source twoStageRealTimeIteration
curvedHeadOn: 200/1600 holds, last 0.183 s, source twoStageRealTimeIteration
Recovery at 10.00 s: e = [0.701813   -0.0626538 -0.000531693     0.046103    0.0404482], W = 38.4678
curvedHeadOn: 204/1600 holds, last 0.184 s, source twoStageRealTimeIteration
curvedHeadOn: 208/1600 holds, last 0.182 s, source twoStageRealTimeIteration
curvedHeadOn: 212/1600 holds, last 0.175 s, source twoStageRealTimeIteration
curvedHeadOn: 216/1600 holds, last 0.176 s, source twoStageRealTimeIteration
curvedHeadOn: 220/1600 holds, last 0.173 s, source twoStageRealTimeIteration
curvedHeadOn: 224/1600 holds, last 0.177 s, source twoStageRealTimeIteration
curvedHeadOn: 228/1600 holds, last 0.182 s, source twoStageRealTimeIteration
curvedHeadOn: 232/1600 holds, last 0.177 s, source twoStageRealTimeIteration
curvedHeadOn: 236/1600 holds, last 0.175 s, source twoStageRealTimeIteration
curvedHeadOn: 240/1600 holds, last 0.175 s, source twoStageRealTimeIteration
curvedHeadOn: 244/1600 holds, last 0.121 s, source twoStageRealTimeIteration
curvedHeadOn: 248/1600 holds, last 0.168 s, source twoStageRealTimeIteration
curvedHeadOn: 252/1600 holds, last 0.168 s, source twoStageRealTimeIteration
curvedHeadOn: 256/1600 holds, last 0.167 s, source twoStageRealTimeIteration
curvedHeadOn: 260/1600 holds, last 0.166 s, source twoStageRealTimeIteration
curvedHeadOn: 264/1600 holds, last 0.164 s, source twoStageRealTimeIteration
curvedHeadOn: 268/1600 holds, last 0.172 s, source twoStageRealTimeIteration
curvedHeadOn: 272/1600 holds, last 0.163 s, source twoStageRealTimeIteration
curvedHeadOn: 276/1600 holds, last 0.164 s, source twoStageRealTimeIteration
curvedHeadOn: 280/1600 holds, last 0.148 s, source twoStageRealTimeIteration
curvedHeadOn: 284/1600 holds, last 0.137 s, source twoStageRealTimeIteration
curvedHeadOn: 288/1600 holds, last 0.141 s, source twoStageRealTimeIteration
curvedHeadOn: 292/1600 holds, last 0.141 s, source twoStageRealTimeIteration
curvedHeadOn: 296/1600 holds, last 0.142 s, source twoStageRealTimeIteration
curvedHeadOn: 300/1600 holds, last 0.135 s, source twoStageRealTimeIteration
Recovery at 15.00 s: e = [0.0272052  -0.00243994 -1.46777e-05   0.00183363   0.00159809], W = 0.0578108
curvedHeadOn: 304/1600 holds, last 0.135 s, source twoStageRealTimeIteration
curvedHeadOn: 308/1600 holds, last 0.133 s, source twoStageRealTimeIteration
curvedHeadOn: 312/1600 holds, last 0.134 s, source twoStageRealTimeIteration
curvedHeadOn: 316/1600 holds, last 0.133 s, source twoStageRealTimeIteration
curvedHeadOn: 320/1600 holds, last 0.130 s, source twoStageRealTimeIteration
curvedHeadOn: 324/1600 holds, last 0.129 s, source twoStageRealTimeIteration
curvedHeadOn: 328/1600 holds, last 0.126 s, source twoStageRealTimeIteration
curvedHeadOn: 332/1600 holds, last 0.126 s, source twoStageRealTimeIteration
curvedHeadOn: 336/1600 holds, last 0.124 s, source twoStageRealTimeIteration
curvedHeadOn: 340/1600 holds, last 0.130 s, source twoStageRealTimeIteration
curvedHeadOn: 344/1600 holds, last 0.126 s, source twoStageRealTimeIteration
curvedHeadOn: 348/1600 holds, last 0.125 s, source twoStageRealTimeIteration
curvedHeadOn: 352/1600 holds, last 0.110 s, source twoStageRealTimeIteration
curvedHeadOn: 356/1600 holds, last 0.087 s, source twoStageRealTimeIteration
DRIVER-FAILURE speed=8 scenario=curvedHeadOn Error using save
Cannot create file "curvedHeadOn.mat" in directory
"/home/zai/.cache/collisionAvoidance/recovery-clf-20261001/campaign/speed8"
because directory
"/home/zai/.cache/collisionAvoidance/recovery-clf-20261001/campaign/speed8"
does not exist.

Error in runNonlinearPredictiveSafetyValidation (line 167)
            save(options.ContinuationFile,'continuation','-v7.3');
            ^^^^^^^^^^^^^^^^^^^^^^^^^^^^^^^^^^^^^^^^^^^^^^^^^^^^^
Error in campaign (line 16)
            report=runNonlinearPredictiveSafetyValidation(Scenarios=name,Frames=1600, ...
                   ^^^^^^^^^^^^^^^^^^^^^^^^^^^^^^^^^^^^^^^^^^^^^^^^^^^^^^^^^^^^^^^^^^^^^^
Error in run (line 100)
evalin('caller', strcat(scriptStem, ';'));
^^^^^^^^^^^^^^^^^^^^^^^^^^^^^^^^^^^^^^^^^
CASE-START speed=15 scenario=brakingLead
brakingLead: 4/1600 holds, last 0.538 s, source twoStageRealTimeIteration
brakingLead: 8/1600 holds, last 0.123 s, source twoStageRealTimeIteration
brakingLead: 12/1600 holds, last 0.159 s, source twoStageRealTimeIteration
brakingLead: 16/1600 holds, last 0.253 s, source twoStageRealTimeIteration
brakingLead: 20/1600 holds, last 0.158 s, source twoStageRealTimeIteration
brakingLead: 24/1600 holds, last 0.145 s, source twoStageRealTimeIteration
brakingLead: 28/1600 holds, last 0.147 s, source twoStageRealTimeIteration
brakingLead: 32/1600 holds, last 0.150 s, source twoStageRealTimeIteration
brakingLead: 36/1600 holds, last 0.157 s, source twoStageRealTimeIteration
brakingLead: 40/1600 holds, last 0.106 s, source twoStageRealTimeIteration
brakingLead: 44/1600 holds, last 0.115 s, source twoStageRealTimeIteration
brakingLead: 48/1600 holds, last 0.112 s, source twoStageRealTimeIteration
brakingLead: 52/1600 holds, last 0.110 s, source twoStageRealTimeIteration
brakingLead: 56/1600 holds, last 0.121 s, source twoStageRealTimeIteration
brakingLead: 60/1600 holds, last 0.110 s, source twoStageRealTimeIteration
brakingLead: 64/1600 holds, last 0.114 s, source twoStageRealTimeIteration
brakingLead: 68/1600 holds, last 0.123 s, source twoStageRealTimeIteration
brakingLead: 72/1600 holds, last 0.124 s, source twoStageRealTimeIteration
brakingLead: 76/1600 holds, last 0.170 s, source twoStageRealTimeIteration
brakingLead: 80/1600 holds, last 0.172 s, source twoStageRealTimeIteration
brakingLead: 84/1600 holds, last 0.147 s, source twoStageRealTimeIteration
brakingLead: 88/1600 holds, last 0.146 s, source twoStageRealTimeIteration
brakingLead: 92/1600 holds, last 0.150 s, source twoStageRealTimeIteration
brakingLead: 96/1600 holds, last 0.118 s, source twoStageRealTimeIteration
brakingLead: 100/1600 holds, last 0.114 s, source twoStageRealTimeIteration
Recovery at 5.00 s: e = [3.70697 -0.0115565  -0.157065   0.222902  -0.106248], W = 778.047
brakingLead: 104/1600 holds, last 0.120 s, source twoStageRealTimeIteration
brakingLead: 108/1600 holds, last 0.149 s, source twoStageRealTimeIteration
brakingLead: 112/1600 holds, last 0.192 s, source twoStageRealTimeIteration
brakingLead: 116/1600 holds, last 0.154 s, source twoStageRealTimeIteration
brakingLead: 120/1600 holds, last 0.164 s, source twoStageRealTimeIteration
brakingLead: 124/1600 holds, last 0.130 s, source twoStageRealTimeIteration
brakingLead: 128/1600 holds, last 0.125 s, source twoStageRealTimeIteration
brakingLead: 132/1600 holds, last 0.124 s, source twoStageRealTimeIteration
brakingLead: 136/1600 holds, last 0.147 s, source twoStageRealTimeIteration
brakingLead: 140/1600 holds, last 0.130 s, source twoStageRealTimeIteration
brakingLead: 144/1600 holds, last 0.134 s, source twoStageRealTimeIteration
brakingLead: 148/1600 holds, last 0.126 s, source twoStageRealTimeIteration
brakingLead: 152/1600 holds, last 0.130 s, source twoStageRealTimeIteration
brakingLead: 156/1600 holds, last 0.179 s, source twoStageRealTimeIteration
brakingLead: 160/1600 holds, last 0.111 s, source twoStageRealTimeIteration
brakingLead: 164/1600 holds, last 0.156 s, source twoStageRealTimeIteration
brakingLead: 168/1600 holds, last 0.122 s, source twoStageRealTimeIteration
brakingLead: 172/1600 holds, last 0.111 s, source twoStageRealTimeIteration
brakingLead: 176/1600 holds, last 0.113 s, source twoStageRealTimeIteration
brakingLead: 180/1600 holds, last 0.109 s, source twoStageRealTimeIteration
brakingLead: 184/1600 holds, last 0.112 s, source twoStageRealTimeIteration
brakingLead: 188/1600 holds, last 0.115 s, source twoStageRealTimeIteration
brakingLead: 192/1600 holds, last 0.088 s, source twoStageRealTimeIteration
brakingLead: 196/1600 holds, last 0.112 s, source twoStageRealTimeIteration
brakingLead: 200/1600 holds, last 0.115 s, source twoStageRealTimeIteration
Recovery at 10.00 s: e = [3.27298  0.126868  -5.78212 0.0378118 0.0707087], W = 1522.07
brakingLead: 204/1600 holds, last 0.131 s, source twoStageRealTimeIteration
brakingLead: 208/1600 holds, last 0.124 s, source twoStageRealTimeIteration
brakingLead: 212/1600 holds, last 0.115 s, source twoStageRealTimeIteration
brakingLead: 216/1600 holds, last 0.123 s, source twoStageRealTimeIteration
brakingLead: 220/1600 holds, last 0.123 s, source twoStageRealTimeIteration
brakingLead: 224/1600 holds, last 0.134 s, source twoStageRealTimeIteration
brakingLead: 228/1600 holds, last 0.150 s, source twoStageRealTimeIteration
brakingLead: 232/1600 holds, last 0.124 s, source twoStageRealTimeIteration
brakingLead: 236/1600 holds, last 0.132 s, source twoStageRealTimeIteration
brakingLead: 240/1600 holds, last 0.112 s, source twoStageRealTimeIteration
brakingLead: 244/1600 holds, last 0.111 s, source twoStageRealTimeIteration
brakingLead: 248/1600 holds, last 0.135 s, source twoStageRealTimeIteration
brakingLead: 252/1600 holds, last 0.118 s, source twoStageRealTimeIteration
brakingLead: 256/1600 holds, last 0.126 s, source twoStageRealTimeIteration
brakingLead: 260/1600 holds, last 0.128 s, source twoStageRealTimeIteration
brakingLead: 264/1600 holds, last 0.126 s, source twoStageRealTimeIteration
brakingLead: 268/1600 holds, last 0.123 s, source twoStageRealTimeIteration
brakingLead: 272/1600 holds, last 0.120 s, source twoStageRealTimeIteration
brakingLead: 276/1600 holds, last 0.132 s, source twoStageRealTimeIteration
brakingLead: 280/1600 holds, last 0.120 s, source twoStageRealTimeIteration
brakingLead: 284/1600 holds, last 0.130 s, source twoStageRealTimeIteration
brakingLead: 288/1600 holds, last 0.174 s, source twoStageRealTimeIteration
brakingLead: 292/1600 holds, last 0.146 s, source twoStageRealTimeIteration
brakingLead: 296/1600 holds, last 0.136 s, source twoStageRealTimeIteration
brakingLead: 300/1600 holds, last 0.151 s, source twoStageRealTimeIteration
Recovery at 15.00 s: e = [5.40725 0.265525  -6.6728 0.694757  1.02349], W = 3488.66
brakingLead: 304/1600 holds, last 0.137 s, source twoStageRealTimeIteration
brakingLead: 308/1600 holds, last 0.109 s, source twoStageRealTimeIteration
brakingLead: 312/1600 holds, last 0.112 s, source twoStageRealTimeIteration
brakingLead: 316/1600 holds, last 0.126 s, source twoStageRealTimeIteration
brakingLead: 320/1600 holds, last 0.127 s, source twoStageRealTimeIteration
brakingLead: 324/1600 holds, last 0.126 s, source twoStageRealTimeIteration
brakingLead: 328/1600 holds, last 0.142 s, source twoStageRealTimeIteration
brakingLead: 332/1600 holds, last 0.121 s, source twoStageRealTimeIteration
brakingLead: 336/1600 holds, last 0.107 s, source twoStageRealTimeIteration
brakingLead: 340/1600 holds, last 0.108 s, source twoStageRealTimeIteration
brakingLead: 344/1600 holds, last 0.146 s, source twoStageRealTimeIteration
brakingLead: 348/1600 holds, last 0.142 s, source twoStageRealTimeIteration
brakingLead: 352/1600 holds, last 0.125 s, source twoStageRealTimeIteration
brakingLead: 356/1600 holds, last 0.131 s, source twoStageRealTimeIteration
brakingLead: 360/1600 holds, last 0.151 s, source twoStageRealTimeIteration
brakingLead: 364/1600 holds, last 0.124 s, source twoStageRealTimeIteration
brakingLead: 368/1600 holds, last 0.121 s, source twoStageRealTimeIteration
brakingLead: 372/1600 holds, last 0.128 s, source twoStageRealTimeIteration
brakingLead: 376/1600 holds, last 0.132 s, source twoStageRealTimeIteration
brakingLead: 380/1600 holds, last 0.150 s, source twoStageRealTimeIteration
brakingLead: 384/1600 holds, last 0.147 s, source twoStageRealTimeIteration
brakingLead: 388/1600 holds, last 0.141 s, source twoStageRealTimeIteration
brakingLead: 392/1600 holds, last 0.166 s, source twoStageRealTimeIteration
brakingLead: 396/1600 holds, last 0.125 s, source twoStageRealTimeIteration
brakingLead: 400/1600 holds, last 0.145 s, source twoStageRealTimeIteration
Recovery at 20.00 s: e = [1.05722 -0.266555  -9.80368 -0.284866 -0.204405], W = 2074.88
brakingLead: 404/1600 holds, last 0.153 s, source twoStageRealTimeIteration
brakingLead: 408/1600 holds, last 0.125 s, source twoStageRealTimeIteration
brakingLead: 412/1600 holds, last 0.152 s, source twoStageRealTimeIteration
brakingLead: 416/1600 holds, last 0.128 s, source twoStageRealTimeIteration
brakingLead: 420/1600 holds, last 0.110 s, source twoStageRealTimeIteration
brakingLead: 424/1600 holds, last 0.112 s, source twoStageRealTimeIteration
brakingLead: 428/1600 holds, last 0.157 s, source twoStageRealTimeIteration
brakingLead: 432/1600 holds, last 0.133 s, source twoStageRealTimeIteration
brakingLead: 436/1600 holds, last 0.132 s, source twoStageRealTimeIteration
brakingLead: 440/1600 holds, last 0.148 s, source twoStageRealTimeIteration
brakingLead: 444/1600 holds, last 0.165 s, source twoStageRealTimeIteration
brakingLead: 448/1600 holds, last 0.136 s, source twoStageRealTimeIteration
brakingLead: 452/1600 holds, last 0.155 s, source twoStageRealTimeIteration
brakingLead: 456/1600 holds, last 0.129 s, source twoStageRealTimeIteration
brakingLead: 460/1600 holds, last 0.157 s, source twoStageRealTimeIteration
brakingLead: 464/1600 holds, last 0.132 s, source twoStageRealTimeIteration
brakingLead: 468/1600 holds, last 0.126 s, source twoStageRealTimeIteration
brakingLead: 472/1600 holds, last 0.129 s, source twoStageRealTimeIteration
brakingLead: 476/1600 holds, last 0.132 s, source twoStageRealTimeIteration
brakingLead: 480/1600 holds, last 0.184 s, source twoStageRealTimeIteration
brakingLead: 484/1600 holds, last 0.149 s, source twoStageRealTimeIteration
brakingLead: 488/1600 holds, last 0.202 s, source twoStageRealTimeIteration
brakingLead: 492/1600 holds, last 0.145 s, source twoStageRealTimeIteration
brakingLead: 496/1600 holds, last 0.130 s, source twoStageRealTimeIteration
brakingLead: 500/1600 holds, last 0.133 s, source twoStageRealTimeIteration
Recovery at 25.00 s: e = [-2.80541   0.138704   -12.2512 -0.0963584 -0.0628915], W = 3399.41
brakingLead: 504/1600 holds, last 0.090 s, source twoStageRealTimeIteration
brakingLead: 508/1600 holds, last 0.095 s, source twoStageRealTimeIteration
brakingLead: 512/1600 holds, last 0.134 s, source twoStageRealTimeIteration
brakingLead: 516/1600 holds, last 0.134 s, source twoStageRealTimeIteration
brakingLead: 520/1600 holds, last 0.132 s, source twoStageRealTimeIteration
brakingLead: 524/1600 holds, last 0.206 s, source twoStageRealTimeIteration
brakingLead: 528/1600 holds, last 0.153 s, source twoStageRealTimeIteration
brakingLead: 532/1600 holds, last 0.170 s, source twoStageRealTimeIteration
brakingLead: 536/1600 holds, last 0.161 s, source twoStageRealTimeIteration
brakingLead: 540/1600 holds, last 0.148 s, source twoStageRealTimeIteration
brakingLead: 544/1600 holds, last 0.143 s, source twoStageRealTimeIteration
brakingLead: 548/1600 holds, last 0.151 s, source twoStageRealTimeIteration
brakingLead: 552/1600 holds, last 0.137 s, source twoStageRealTimeIteration
brakingLead: 556/1600 holds, last 0.127 s, source twoStageRealTimeIteration
brakingLead: 560/1600 holds, last 0.176 s, source twoStageRealTimeIteration
brakingLead: 564/1600 holds, last 0.179 s, source twoStageRealTimeIteration
brakingLead: 568/1600 holds, last 0.089 s, source twoStageRealTimeIteration
brakingLead: 572/1600 holds, last 0.235 s, source twoStageRealTimeIteration
brakingLead: 576/1600 holds, last 0.153 s, source twoStageRealTimeIteration
brakingLead: 580/1600 holds, last 0.119 s, source twoStageRealTimeIteration
brakingLead: 584/1600 holds, last 0.120 s, source twoStageRealTimeIteration
brakingLead: 588/1600 holds, last 0.116 s, source twoStageRealTimeIteration
brakingLead: 592/1600 holds, last 0.149 s, source twoStageRealTimeIteration
brakingLead: 596/1600 holds, last 0.152 s, source twoStageRealTimeIteration
brakingLead: 600/1600 holds, last 0.104 s, source twoStageRealTimeIteration
Recovery at 30.00 s: e = [-2.75819 0.0385366  -12.8632  0.108203 0.0688766], W = 3780.76
brakingLead: 604/1600 holds, last 0.118 s, source twoStageRealTimeIteration
brakingLead: 608/1600 holds, last 0.132 s, source twoStageRealTimeIteration
brakingLead: 612/1600 holds, last 0.135 s, source twoStageRealTimeIteration
brakingLead: 616/1600 holds, last 0.122 s, source twoStageRealTimeIteration
brakingLead: 620/1600 holds, last 0.114 s, source twoStageRealTimeIteration
brakingLead: 624/1600 holds, last 0.102 s, source twoStageRealTimeIteration
brakingLead: 628/1600 holds, last 0.092 s, source twoStageRealTimeIteration
brakingLead: 632/1600 holds, last 0.110 s, source twoStageRealTimeIteration
brakingLead: 636/1600 holds, last 0.104 s, source twoStageRealTimeIteration
brakingLead: 640/1600 holds, last 0.111 s, source twoStageRealTimeIteration
brakingLead: 644/1600 holds, last 0.123 s, source twoStageRealTimeIteration
brakingLead: 648/1600 holds, last 0.125 s, source twoStageRealTimeIteration
brakingLead: 652/1600 holds, last 0.119 s, source twoStageRealTimeIteration
brakingLead: 656/1600 holds, last 0.129 s, source twoStageRealTimeIteration
brakingLead: 660/1600 holds, last 0.130 s, source twoStageRealTimeIteration
brakingLead: 664/1600 holds, last 0.149 s, source twoStageRealTimeIteration
brakingLead: 668/1600 holds, last 0.218 s, source twoStageRealTimeIteration
brakingLead: 672/1600 holds, last 0.254 s, source twoStageRealTimeIteration
brakingLead: 676/1600 holds, last 0.234 s, source twoStageRealTimeIteration
brakingLead: 680/1600 holds, last 0.286 s, source twoStageRealTimeIteration
brakingLead: 684/1600 holds, last 0.277 s, source twoStageRealTimeIteration
brakingLead: 688/1600 holds, last 0.206 s, source twoStageRealTimeIteration
brakingLead: 692/1600 holds, last 0.241 s, source twoStageRealTimeIteration
brakingLead: 696/1600 holds, last 0.213 s, source twoStageRealTimeIteration
brakingLead: 700/1600 holds, last 0.320 s, source twoStageRealTimeIteration
Recovery at 35.00 s: e = [-2.61971   0.108158 -0.0044331 0.00829119 -0.0611226], W = 473.572
brakingLead: 704/1600 holds, last 0.295 s, source twoStageRealTimeIteration
brakingLead: 708/1600 holds, last 0.217 s, source twoStageRealTimeIteration
brakingLead: 712/1600 holds, last 0.252 s, source twoStageRealTimeIteration
brakingLead: 716/1600 holds, last 0.215 s, source twoStageRealTimeIteration
brakingLead: 720/1600 holds, last 0.207 s, source twoStageRealTimeIteration
brakingLead: 724/1600 holds, last 0.271 s, source twoStageRealTimeIteration
brakingLead: 728/1600 holds, last 0.275 s, source twoStageRealTimeIteration
brakingLead: 732/1600 holds, last 0.227 s, source twoStageRealTimeIteration
brakingLead: 736/1600 holds, last 0.302 s, source twoStageRealTimeIteration
brakingLead: 740/1600 holds, last 0.225 s, source twoStageRealTimeIteration
brakingLead: 744/1600 holds, last 0.268 s, source twoStageRealTimeIteration
brakingLead: 748/1600 holds, last 0.199 s, source twoStageRealTimeIteration
brakingLead: 752/1600 holds, last 0.244 s, source twoStageRealTimeIteration
brakingLead: 756/1600 holds, last 0.222 s, source twoStageRealTimeIteration
brakingLead: 760/1600 holds, last 0.200 s, source twoStageRealTimeIteration
brakingLead: 764/1600 holds, last 0.157 s, source twoStageRealTimeIteration
brakingLead: 768/1600 holds, last 0.189 s, source twoStageRealTimeIteration
brakingLead: 772/1600 holds, last 0.187 s, source twoStageRealTimeIteration
brakingLead: 776/1600 holds, last 0.185 s, source twoStageRealTimeIteration
brakingLead: 780/1600 holds, last 0.219 s, source twoStageRealTimeIteration
brakingLead: 784/1600 holds, last 0.206 s, source twoStageRealTimeIteration
brakingLead: 788/1600 holds, last 0.197 s, source twoStageRealTimeIteration
brakingLead: 792/1600 holds, last 0.189 s, source twoStageRealTimeIteration
brakingLead: 796/1600 holds, last 0.208 s, source twoStageRealTimeIteration
brakingLead: 800/1600 holds, last 0.182 s, source twoStageRealTimeIteration
Recovery at 40.00 s: e = [-0.11592   0.00477154 -5.54527e-06  0.000581811  -0.00297597], W = 0.932031
brakingLead: 804/1600 holds, last 0.184 s, source twoStageRealTimeIteration
brakingLead: 808/1600 holds, last 0.178 s, source twoStageRealTimeIteration
brakingLead: 812/1600 holds, last 0.185 s, source twoStageRealTimeIteration
brakingLead: 816/1600 holds, last 0.176 s, source twoStageRealTimeIteration
brakingLead: 820/1600 holds, last 0.175 s, source twoStageRealTimeIteration
brakingLead: 824/1600 holds, last 0.174 s, source twoStageRealTimeIteration
brakingLead: 828/1600 holds, last 0.166 s, source twoStageRealTimeIteration
brakingLead: 832/1600 holds, last 0.175 s, source twoStageRealTimeIteration
brakingLead: 836/1600 holds, last 0.175 s, source twoStageRealTimeIteration
brakingLead: 840/1600 holds, last 0.169 s, source twoStageRealTimeIteration
brakingLead: 844/1600 holds, last 0.178 s, source twoStageRealTimeIteration
brakingLead: 848/1600 holds, last 0.175 s, source twoStageRealTimeIteration
brakingLead: 852/1600 holds, last 0.189 s, source twoStageRealTimeIteration
brakingLead: 856/1600 holds, last 0.180 s, source twoStageRealTimeIteration
brakingLead: 860/1600 holds, last 0.176 s, source twoStageRealTimeIteration
brakingLead: 864/1600 holds, last 0.170 s, source twoStageRealTimeIteration
brakingLead: 868/1600 holds, last 0.177 s, source twoStageRealTimeIteration
brakingLead: 872/1600 holds, last 0.214 s, source twoStageRealTimeIteration
brakingLead: 876/1600 holds, last 0.168 s, source twoStageRealTimeIteration
brakingLead: 880/1600 holds, last 0.167 s, source twoStageRealTimeIteration
brakingLead: 884/1600 holds, last 0.172 s, source twoStageRealTimeIteration
brakingLead: 888/1600 holds, last 0.165 s, source twoStageRealTimeIteration
brakingLead: 892/1600 holds, last 0.163 s, source twoStageRealTimeIteration
brakingLead: 896/1600 holds, last 0.161 s, source twoStageRealTimeIteration
brakingLead: 900/1600 holds, last 0.165 s, source twoStageRealTimeIteration
Recovery at 45.00 s: e = [-0.00515529 0.000212321 1.34341e-08 2.53927e-05 -0.00013246], W = 0.00184305
brakingLead: 904/1600 holds, last 0.159 s, source twoStageRealTimeIteration
brakingLead: 905/1600 frames, max 0.789 s, failure 
CASE-END speed=15 scenario=brakingLead frames=905 wall=151.396 recovered=1 max=0.788514 gap=0.709513234 failure=
CASE-START speed=15 scenario=curvedCrossing
curvedCrossing: 4/1600 holds, last 0.136 s, source twoStageRealTimeIteration
curvedCrossing: 8/1600 holds, last 0.133 s, source twoStageRealTimeIteration
curvedCrossing: 12/1600 holds, last 0.142 s, source twoStageRealTimeIteration
curvedCrossing: 16/1600 holds, last 0.129 s, source twoStageRealTimeIteration
curvedCrossing: 20/1600 holds, last 0.129 s, source twoStageRealTimeIteration
curvedCrossing: 24/1600 holds, last 0.312 s, source twoStageRealTimeIteration
curvedCrossing: 28/1600 holds, last 0.181 s, source twoStageRealTimeIteration
curvedCrossing: 32/1600 holds, last 0.135 s, source twoStageRealTimeIteration
curvedCrossing: 36/1600 holds, last 0.161 s, source twoStageRealTimeIteration
curvedCrossing: 40/1600 holds, last 0.132 s, source twoStageRealTimeIteration
curvedCrossing: 44/1600 holds, last 0.156 s, source twoStageRealTimeIteration
curvedCrossing: 48/1600 holds, last 0.120 s, source twoStageRealTimeIteration
curvedCrossing: 52/1600 holds, last 0.155 s, source twoStageRealTimeIteration
curvedCrossing: 56/1600 holds, last 0.206 s, source twoStageRealTimeIteration
curvedCrossing: 60/1600 holds, last 0.170 s, source twoStageRealTimeIteration
curvedCrossing: 64/1600 holds, last 0.165 s, source twoStageRealTimeIteration
curvedCrossing: 68/1600 holds, last 0.132 s, source twoStageRealTimeIteration
curvedCrossing: 72/1600 holds, last 0.194 s, source twoStageRealTimeIteration
curvedCrossing: 76/1600 holds, last 0.282 s, source twoStageRealTimeIteration
curvedCrossing: 80/1600 holds, last 0.163 s, source twoStageRealTimeIteration
curvedCrossing: 84/1600 holds, last 0.140 s, source twoStageRealTimeIteration
curvedCrossing: 88/1600 holds, last 0.136 s, source twoStageRealTimeIteration
curvedCrossing: 92/1600 holds, last 0.107 s, source twoStageRealTimeIteration
curvedCrossing: 96/1600 holds, last 0.143 s, source twoStageRealTimeIteration
curvedCrossing: 100/1600 holds, last 0.167 s, source twoStageRealTimeIteration
Recovery at 5.00 s: e = [-29.6019   -0.6998  -1.32427 -0.101415  0.376074], W = 61558
curvedCrossing: 104/1600 holds, last 0.170 s, source twoStageRealTimeIteration
curvedCrossing: 108/1600 holds, last 0.132 s, source twoStageRealTimeIteration
curvedCrossing: 112/1600 holds, last 0.363 s, source twoStageRealTimeIteration
curvedCrossing: 116/1600 holds, last 0.140 s, source twoStageRealTimeIteration
curvedCrossing: 120/1600 holds, last 0.147 s, source twoStageRealTimeIteration
curvedCrossing: 124/1600 holds, last 0.140 s, source twoStageRealTimeIteration
curvedCrossing: 128/1600 holds, last 0.140 s, source twoStageRealTimeIteration
curvedCrossing: 132/1600 holds, last 0.133 s, source twoStageRealTimeIteration
curvedCrossing: 136/1600 holds, last 0.140 s, source twoStageRealTimeIteration
curvedCrossing: 140/1600 holds, last 0.138 s, source twoStageRealTimeIteration
curvedCrossing: 144/1600 holds, last 0.119 s, source twoStageRealTimeIteration
curvedCrossing: 148/1600 holds, last 0.167 s, source twoStageRealTimeIteration
curvedCrossing: 152/1600 holds, last 0.160 s, source twoStageRealTimeIteration
curvedCrossing: 156/1600 holds, last 0.178 s, source twoStageRealTimeIteration
curvedCrossing: 160/1600 holds, last 0.170 s, source twoStageRealTimeIteration
curvedCrossing: 164/1600 holds, last 0.119 s, source twoStageRealTimeIteration
curvedCrossing: 168/1600 holds, last 0.145 s, source twoStageRealTimeIteration
curvedCrossing: 172/1600 holds, last 0.122 s, source twoStageRealTimeIteration
curvedCrossing: 176/1600 holds, last 0.116 s, source twoStageRealTimeIteration
curvedCrossing: 180/1600 holds, last 0.114 s, source twoStageRealTimeIteration
curvedCrossing: 184/1600 holds, last 0.110 s, source twoStageRealTimeIteration
curvedCrossing: 188/1600 holds, last 0.115 s, source twoStageRealTimeIteration
curvedCrossing: 192/1600 holds, last 0.127 s, source twoStageRealTimeIteration
curvedCrossing: 196/1600 holds, last 0.116 s, source twoStageRealTimeIteration
curvedCrossing: 200/1600 holds, last 0.119 s, source twoStageRealTimeIteration
Recovery at 10.00 s: e = [-33.432  0.705397    -1.435 -0.111702  0.315724], W = 55455.4
curvedCrossing: 204/1600 holds, last 0.113 s, source twoStageRealTimeIteration
curvedCrossing: 208/1600 holds, last 0.112 s, source twoStageRealTimeIteration
curvedCrossing: 212/1600 holds, last 0.081 s, source twoStageRealTimeIteration
curvedCrossing: 216/1600 holds, last 0.113 s, source twoStageRealTimeIteration
curvedCrossing: 220/1600 holds, last 0.116 s, source twoStageRealTimeIteration
curvedCrossing: 224/1600 holds, last 0.113 s, source twoStageRealTimeIteration
curvedCrossing: 228/1600 holds, last 0.115 s, source twoStageRealTimeIteration
curvedCrossing: 232/1600 holds, last 0.109 s, source twoStageRealTimeIteration
curvedCrossing: 236/1600 holds, last 0.129 s, source twoStageRealTimeIteration
curvedCrossing: 240/1600 holds, last 0.113 s, source twoStageRealTimeIteration
curvedCrossing: 244/1600 holds, last 0.119 s, source twoStageRealTimeIteration
curvedCrossing: 248/1600 holds, last 0.141 s, source twoStageRealTimeIteration
curvedCrossing: 252/1600 holds, last 0.141 s, source twoStageRealTimeIteration
curvedCrossing: 256/1600 holds, last 0.128 s, source twoStageRealTimeIteration
curvedCrossing: 260/1600 holds, last 0.134 s, source twoStageRealTimeIteration
curvedCrossing: 264/1600 holds, last 0.199 s, source twoStageRealTimeIteration
curvedCrossing: 268/1600 holds, last 0.147 s, source twoStageRealTimeIteration
curvedCrossing: 272/1600 holds, last 0.156 s, source twoStageRealTimeIteration
curvedCrossing: 276/1600 holds, last 0.242 s, source twoStageRealTimeIteration
curvedCrossing: 280/1600 holds, last 0.144 s, source twoStageRealTimeIteration
curvedCrossing: 284/1600 holds, last 0.305 s, source twoStageRealTimeIteration
curvedCrossing: 288/1600 holds, last 0.139 s, source twoStageRealTimeIteration
curvedCrossing: 292/1600 holds, last 0.181 s, source twoStageRealTimeIteration
curvedCrossing: 296/1600 holds, last 0.164 s, source twoStageRealTimeIteration
curvedCrossing: 300/1600 holds, last 0.153 s, source twoStageRealTimeIteration
Recovery at 15.00 s: e = [33.692   2.55109   0.59152 -0.821389  0.427064], W = 120312
curvedCrossing: 304/1600 holds, last 0.174 s, source twoStageRealTimeIteration
curvedCrossing: 308/1600 holds, last 0.131 s, source twoStageRealTimeIteration
curvedCrossing: 312/1600 holds, last 0.169 s, source twoStageRealTimeIteration
curvedCrossing: 316/1600 holds, last 0.161 s, source twoStageRealTimeIteration
curvedCrossing: 320/1600 holds, last 0.165 s, source twoStageRealTimeIteration
curvedCrossing: 324/1600 holds, last 0.162 s, source twoStageRealTimeIteration
curvedCrossing: 328/1600 holds, last 0.148 s, source twoStageRealTimeIteration
curvedCrossing: 332/1600 holds, last 0.325 s, source twoStageRealTimeIteration
curvedCrossing: 336/1600 holds, last 0.109 s, source twoStageRealTimeIteration
curvedCrossing: 340/1600 holds, last 0.107 s, source twoStageRealTimeIteration
curvedCrossing: 344/1600 holds, last 0.108 s, source twoStageRealTimeIteration
curvedCrossing: 348/1600 holds, last 0.110 s, source twoStageRealTimeIteration
curvedCrossing: 352/1600 holds, last 0.112 s, source twoStageRealTimeIteration
curvedCrossing: 356/1600 holds, last 0.115 s, source twoStageRealTimeIteration
curvedCrossing: 360/1600 holds, last 0.111 s, source twoStageRealTimeIteration
curvedCrossing: 364/1600 holds, last 0.080 s, source twoStageRealTimeIteration
curvedCrossing: 368/1600 holds, last 0.110 s, source twoStageRealTimeIteration
curvedCrossing: 372/1600 holds, last 0.113 s, source twoStageRealTimeIteration
curvedCrossing: 376/1600 holds, last 0.114 s, source twoStageRealTimeIteration
curvedCrossing: 380/1600 holds, last 0.113 s, source twoStageRealTimeIteration
curvedCrossing: 384/1600 holds, last 0.111 s, source twoStageRealTimeIteration
curvedCrossing: 388/1600 holds, last 0.269 s, source twoStageRealTimeIteration
curvedCrossing: 392/1600 holds, last 0.125 s, source twoStageRealTimeIteration
curvedCrossing: 396/1600 holds, last 0.117 s, source twoStageRealTimeIteration
curvedCrossing: 400/1600 holds, last 0.126 s, source twoStageRealTimeIteration
Recovery at 20.00 s: e = [-8.44561 -1.16721  1.49297 -2.51803 0.387896], W = 12299.8
curvedCrossing: 404/1600 holds, last 0.294 s, source twoStageRealTimeIteration
curvedCrossing: 408/1600 holds, last 0.158 s, source twoStageRealTimeIteration
curvedCrossing: 412/1600 holds, last 0.131 s, source twoStageRealTimeIteration
curvedCrossing: 416/1600 holds, last 0.149 s, source twoStageRealTimeIteration
curvedCrossing: 420/1600 holds, last 0.104 s, source twoStageRealTimeIteration
curvedCrossing: 424/1600 holds, last 0.123 s, source twoStageRealTimeIteration
curvedCrossing: 428/1600 holds, last 0.150 s, source twoStageRealTimeIteration
curvedCrossing: 432/1600 holds, last 0.150 s, source twoStageRealTimeIteration
curvedCrossing: 436/1600 holds, last 0.125 s, source twoStageRealTimeIteration
curvedCrossing: 440/1600 holds, last 0.128 s, source twoStageRealTimeIteration
curvedCrossing: 444/1600 holds, last 0.125 s, source twoStageRealTimeIteration
curvedCrossing: 448/1600 holds, last 0.143 s, source twoStageRealTimeIteration
curvedCrossing: 452/1600 holds, last 0.121 s, source twoStageRealTimeIteration
curvedCrossing: 456/1600 holds, last 0.116 s, source twoStageRealTimeIteration
curvedCrossing: 460/1600 holds, last 0.116 s, source twoStageRealTimeIteration
curvedCrossing: 464/1600 holds, last 0.114 s, source twoStageRealTimeIteration
curvedCrossing: 468/1600 holds, last 0.105 s, source twoStageRealTimeIteration
curvedCrossing: 472/1600 holds, last 0.095 s, source twoStageRealTimeIteration
curvedCrossing: 476/1600 holds, last 0.110 s, source twoStageRealTimeIteration
curvedCrossing: 480/1600 holds, last 0.111 s, source twoStageRealTimeIteration
curvedCrossing: 484/1600 holds, last 0.105 s, source twoStageRealTimeIteration
curvedCrossing: 488/1600 holds, last 0.099 s, source twoStageRealTimeIteration
curvedCrossing: 492/1600 holds, last 0.121 s, source twoStageRealTimeIteration
curvedCrossing: 496/1600 holds, last 0.122 s, source twoStageRealTimeIteration
curvedCrossing: 500/1600 holds, last 0.141 s, source twoStageRealTimeIteration
Recovery at 25.00 s: e = [-35.7533 -0.430647  0.105849   1.64187 -0.591989], W = 81160.3
curvedCrossing: 504/1600 holds, last 0.211 s, source twoStageRealTimeIteration
curvedCrossing: 508/1600 holds, last 0.091 s, source twoStageRealTimeIteration
curvedCrossing: 512/1600 holds, last 0.128 s, source twoStageRealTimeIteration
curvedCrossing: 516/1600 holds, last 0.276 s, source twoStageRealTimeIteration
curvedCrossing: 520/1600 holds, last 0.275 s, source twoStageRealTimeIteration
curvedCrossing: 524/1600 holds, last 0.268 s, source twoStageRealTimeIteration
curvedCrossing: 528/1600 holds, last 0.261 s, source twoStageRealTimeIteration
curvedCrossing: 532/1600 holds, last 0.258 s, source twoStageRealTimeIteration
curvedCrossing: 536/1600 holds, last 0.216 s, source twoStageRealTimeIteration
curvedCrossing: 540/1600 holds, last 0.179 s, source twoStageRealTimeIteration
curvedCrossing: 544/1600 holds, last 0.180 s, source twoStageRealTimeIteration
curvedCrossing: 548/1600 holds, last 0.246 s, source twoStageRealTimeIteration
curvedCrossing: 552/1600 holds, last 0.222 s, source twoStageRealTimeIteration
curvedCrossing: 556/1600 holds, last 0.273 s, source twoStageRealTimeIteration
curvedCrossing: 560/1600 holds, last 0.252 s, source twoStageRealTimeIteration
curvedCrossing: 564/1600 holds, last 0.275 s, source twoStageRealTimeIteration
curvedCrossing: 568/1600 holds, last 0.170 s, source twoStageRealTimeIteration
curvedCrossing: 572/1600 holds, last 0.242 s, source twoStageRealTimeIteration
curvedCrossing: 576/1600 holds, last 0.243 s, source twoStageRealTimeIteration
curvedCrossing: 580/1600 holds, last 0.289 s, source twoStageRealTimeIteration
curvedCrossing: 584/1600 holds, last 0.250 s, source twoStageRealTimeIteration
curvedCrossing: 588/1600 holds, last 0.186 s, source twoStageRealTimeIteration
curvedCrossing: 592/1600 holds, last 0.271 s, source twoStageRealTimeIteration
curvedCrossing: 596/1600 holds, last 0.266 s, source twoStageRealTimeIteration
curvedCrossing: 600/1600 holds, last 0.239 s, source twoStageRealTimeIteration
Recovery at 30.00 s: e = [-26.5464    0.837468 -0.00535736  -0.0205211   -0.144965], W = 58583.9
curvedCrossing: 604/1600 holds, last 0.250 s, source twoStageRealTimeIteration
curvedCrossing: 608/1600 holds, last 0.240 s, source twoStageRealTimeIteration
curvedCrossing: 612/1600 holds, last 0.234 s, source twoStageRealTimeIteration
curvedCrossing: 616/1600 holds, last 0.242 s, source twoStageRealTimeIteration
curvedCrossing: 620/1600 holds, last 0.233 s, source twoStageRealTimeIteration
curvedCrossing: 624/1600 holds, last 0.227 s, source twoStageRealTimeIteration
curvedCrossing: 628/1600 holds, last 0.237 s, source twoStageRealTimeIteration
curvedCrossing: 632/1600 holds, last 0.228 s, source twoStageRealTimeIteration
curvedCrossing: 636/1600 holds, last 0.228 s, source twoStageRealTimeIteration
curvedCrossing: 640/1600 holds, last 0.232 s, source twoStageRealTimeIteration
curvedCrossing: 644/1600 holds, last 0.231 s, source twoStageRealTimeIteration
curvedCrossing: 648/1600 holds, last 0.221 s, source twoStageRealTimeIteration
curvedCrossing: 652/1600 holds, last 0.215 s, source twoStageRealTimeIteration
curvedCrossing: 656/1600 holds, last 0.231 s, source twoStageRealTimeIteration
curvedCrossing: 660/1600 holds, last 0.249 s, source twoStageRealTimeIteration
curvedCrossing: 664/1600 holds, last 0.214 s, source twoStageRealTimeIteration
curvedCrossing: 668/1600 holds, last 0.156 s, source twoStageRealTimeIteration
curvedCrossing: 672/1600 holds, last 0.176 s, source twoStageRealTimeIteration
curvedCrossing: 676/1600 holds, last 0.228 s, source twoStageRealTimeIteration
curvedCrossing: 680/1600 holds, last 0.222 s, source twoStageRealTimeIteration
curvedCrossing: 684/1600 holds, last 0.266 s, source twoStageRealTimeIteration
curvedCrossing: 688/1600 holds, last 0.217 s, source twoStageRealTimeIteration
curvedCrossing: 692/1600 holds, last 0.212 s, source twoStageRealTimeIteration
curvedCrossing: 696/1600 holds, last 0.219 s, source twoStageRealTimeIteration
curvedCrossing: 700/1600 holds, last 0.207 s, source twoStageRealTimeIteration
Recovery at 35.00 s: e = [-1.42229  0.0581571 0.00222591  0.0123854 -0.0371074], W = 140.51
curvedCrossing: 704/1600 holds, last 0.201 s, source twoStageRealTimeIteration
curvedCrossing: 708/1600 holds, last 0.204 s, source twoStageRealTimeIteration
curvedCrossing: 712/1600 holds, last 0.204 s, source twoStageRealTimeIteration
curvedCrossing: 716/1600 holds, last 0.208 s, source twoStageRealTimeIteration
curvedCrossing: 720/1600 holds, last 0.194 s, source twoStageRealTimeIteration
curvedCrossing: 724/1600 holds, last 0.196 s, source twoStageRealTimeIteration
curvedCrossing: 728/1600 holds, last 0.189 s, source twoStageRealTimeIteration
curvedCrossing: 732/1600 holds, last 0.184 s, source twoStageRealTimeIteration
curvedCrossing: 736/1600 holds, last 0.194 s, source twoStageRealTimeIteration
curvedCrossing: 740/1600 holds, last 0.187 s, source twoStageRealTimeIteration
curvedCrossing: 744/1600 holds, last 0.185 s, source twoStageRealTimeIteration
curvedCrossing: 748/1600 holds, last 0.207 s, source twoStageRealTimeIteration
curvedCrossing: 752/1600 holds, last 0.261 s, source twoStageRealTimeIteration
curvedCrossing: 756/1600 holds, last 0.192 s, source twoStageRealTimeIteration
curvedCrossing: 760/1600 holds, last 0.183 s, source twoStageRealTimeIteration
curvedCrossing: 764/1600 holds, last 0.186 s, source twoStageRealTimeIteration
curvedCrossing: 768/1600 holds, last 0.175 s, source twoStageRealTimeIteration
curvedCrossing: 772/1600 holds, last 0.189 s, source twoStageRealTimeIteration
curvedCrossing: 776/1600 holds, last 0.168 s, source twoStageRealTimeIteration
curvedCrossing: 780/1600 holds, last 0.124 s, source twoStageRealTimeIteration
curvedCrossing: 784/1600 holds, last 0.163 s, source twoStageRealTimeIteration
curvedCrossing: 788/1600 holds, last 0.163 s, source twoStageRealTimeIteration
curvedCrossing: 792/1600 holds, last 0.164 s, source twoStageRealTimeIteration
curvedCrossing: 796/1600 holds, last 0.161 s, source twoStageRealTimeIteration
curvedCrossing: 800/1600 holds, last 0.163 s, source twoStageRealTimeIteration
Recovery at 40.00 s: e = [-0.0638531  0.00259778 0.000139769 0.000639021 -0.00163854], W = 0.283535
curvedCrossing: 804/1600 holds, last 0.154 s, source twoStageRealTimeIteration
curvedCrossing: 808/1600 holds, last 0.163 s, source twoStageRealTimeIteration
curvedCrossing: 812/1600 holds, last 0.159 s, source twoStageRealTimeIteration
curvedCrossing: 816/1600 holds, last 0.160 s, source twoStageRealTimeIteration
curvedCrossing: 820/1600 holds, last 0.158 s, source twoStageRealTimeIteration
curvedCrossing: 824/1600 holds, last 0.151 s, source twoStageRealTimeIteration
curvedCrossing: 828/1600 holds, last 0.158 s, source twoStageRealTimeIteration
curvedCrossing: 832/1600 holds, last 0.156 s, source twoStageRealTimeIteration
curvedCrossing: 836/1600 holds, last 0.160 s, source twoStageRealTimeIteration
curvedCrossing: 840/1600 holds, last 0.152 s, source twoStageRealTimeIteration
curvedCrossing: 844/1600 holds, last 0.150 s, source twoStageRealTimeIteration
curvedCrossing: 848/1600 holds, last 0.150 s, source twoStageRealTimeIteration
curvedCrossing: 852/1600 holds, last 0.147 s, source twoStageRealTimeIteration
curvedCrossing: 856/1600 holds, last 0.144 s, source twoStageRealTimeIteration
curvedCrossing: 860/1600 holds, last 0.145 s, source twoStageRealTimeIteration
curvedCrossing: 864/1600 holds, last 0.103 s, source twoStageRealTimeIteration
curvedCrossing: 868/1600 holds, last 0.101 s, source twoStageRealTimeIteration
curvedCrossing: 872/1600 holds, last 0.139 s, source twoStageRealTimeIteration
curvedCrossing: 876/1600 holds, last 0.143 s, source twoStageRealTimeIteration
curvedCrossing: 880/1600 holds, last 0.138 s, source twoStageRealTimeIteration
curvedCrossing: 884/1600 holds, last 0.138 s, source twoStageRealTimeIteration
curvedCrossing: 886/1600 frames, max 0.515 s, failure 
CASE-END speed=15 scenario=curvedCrossing frames=886 wall=156.341 recovered=1 max=0.514864 gap=0.151279639 failure=
PARTITION-COMPLETE 1
