MATLAB 26.1.0.3276743 (R2026a) Update 3, partition 3 of 4
CASE-START speed=8 scenario=crossing
crossing: 4/1600 holds, last 0.186 s, source twoStageRealTimeIteration
crossing: 8/1600 holds, last 0.141 s, source twoStageRealTimeIteration
crossing: 12/1600 holds, last 0.111 s, source twoStageRealTimeIteration
crossing: 16/1600 holds, last 0.130 s, source twoStageRealTimeIteration
crossing: 20/1600 holds, last 0.101 s, source twoStageRealTimeIteration
crossing: 24/1600 holds, last 0.094 s, source twoStageRealTimeIteration
crossing: 28/1600 holds, last 0.094 s, source twoStageRealTimeIteration
crossing: 32/1600 holds, last 0.098 s, source twoStageRealTimeIteration
crossing: 36/1600 holds, last 0.107 s, source twoStageRealTimeIteration
crossing: 40/1600 holds, last 0.097 s, source twoStageRealTimeIteration
crossing: 44/1600 holds, last 0.104 s, source twoStageRealTimeIteration
crossing: 48/1600 holds, last 0.106 s, source twoStageRealTimeIteration
crossing: 52/1600 holds, last 0.113 s, source twoStageRealTimeIteration
crossing: 56/1600 holds, last 0.100 s, source twoStageRealTimeIteration
crossing: 60/1600 holds, last 0.097 s, source twoStageRealTimeIteration
crossing: 64/1600 holds, last 0.098 s, source twoStageRealTimeIteration
crossing: 68/1600 holds, last 0.099 s, source twoStageRealTimeIteration
crossing: 72/1600 holds, last 0.098 s, source twoStageRealTimeIteration
crossing: 76/1600 holds, last 0.078 s, source twoStageRealTimeIteration
crossing: 80/1600 holds, last 0.101 s, source twoStageRealTimeIteration
crossing: 84/1600 holds, last 0.098 s, source twoStageRealTimeIteration
crossing: 88/1600 holds, last 0.111 s, source twoStageRealTimeIteration
crossing: 92/1600 holds, last 0.098 s, source twoStageRealTimeIteration
crossing: 96/1600 holds, last 0.105 s, source twoStageRealTimeIteration
crossing: 100/1600 holds, last 0.105 s, source twoStageRealTimeIteration
Recovery at 5.00 s: e = [-19.8456   -1.51303   0.181216 -0.0929567 -0.0786492], W = 42495.7
crossing: 104/1600 holds, last 0.087 s, source twoStageRealTimeIteration
crossing: 108/1600 holds, last 0.109 s, source twoStageRealTimeIteration
crossing: 112/1600 holds, last 0.110 s, source twoStageRealTimeIteration
crossing: 116/1600 holds, last 0.108 s, source twoStageRealTimeIteration
crossing: 120/1600 holds, last 0.091 s, source twoStageRealTimeIteration
crossing: 124/1600 holds, last 0.108 s, source twoStageRealTimeIteration
crossing: 128/1600 holds, last 0.128 s, source twoStageRealTimeIteration
crossing: 132/1600 holds, last 0.109 s, source twoStageRealTimeIteration
crossing: 136/1600 holds, last 0.122 s, source twoStageRealTimeIteration
crossing: 140/1600 holds, last 0.115 s, source twoStageRealTimeIteration
crossing: 144/1600 holds, last 0.116 s, source twoStageRealTimeIteration
crossing: 148/1600 holds, last 0.094 s, source twoStageRealTimeIteration
crossing: 152/1600 holds, last 0.097 s, source twoStageRealTimeIteration
crossing: 156/1600 holds, last 0.114 s, source twoStageRealTimeIteration
crossing: 160/1600 holds, last 0.110 s, source twoStageRealTimeIteration
crossing: 164/1600 holds, last 0.111 s, source twoStageRealTimeIteration
crossing: 168/1600 holds, last 0.110 s, source twoStageRealTimeIteration
crossing: 172/1600 holds, last 0.117 s, source twoStageRealTimeIteration
crossing: 176/1600 holds, last 0.110 s, source twoStageRealTimeIteration
crossing: 180/1600 holds, last 0.112 s, source twoStageRealTimeIteration
crossing: 184/1600 holds, last 0.135 s, source twoStageRealTimeIteration
crossing: 188/1600 holds, last 0.125 s, source twoStageRealTimeIteration
crossing: 192/1600 holds, last 0.232 s, source twoStageRealTimeIteration
crossing: 196/1600 holds, last 0.112 s, source twoStageRealTimeIteration
crossing: 200/1600 holds, last 0.082 s, source twoStageRealTimeIteration
Recovery at 10.00 s: e = [-60.967   -1.56227  0.0532201 -0.0270632 -0.0250583], W = 314768
crossing: 204/1600 holds, last 0.139 s, source twoStageRealTimeIteration
crossing: 208/1600 holds, last 0.111 s, source twoStageRealTimeIteration
crossing: 212/1600 holds, last 0.113 s, source twoStageRealTimeIteration
crossing: 216/1600 holds, last 0.114 s, source twoStageRealTimeIteration
crossing: 220/1600 holds, last 0.114 s, source twoStageRealTimeIteration
crossing: 224/1600 holds, last 0.109 s, source twoStageRealTimeIteration
crossing: 228/1600 holds, last 0.143 s, source twoStageRealTimeIteration
crossing: 232/1600 holds, last 0.115 s, source twoStageRealTimeIteration
crossing: 236/1600 holds, last 0.114 s, source twoStageRealTimeIteration
crossing: 240/1600 holds, last 0.114 s, source twoStageRealTimeIteration
crossing: 244/1600 holds, last 0.082 s, source twoStageRealTimeIteration
crossing: 248/1600 holds, last 0.108 s, source twoStageRealTimeIteration
crossing: 252/1600 holds, last 0.113 s, source twoStageRealTimeIteration
crossing: 256/1600 holds, last 0.115 s, source twoStageRealTimeIteration
crossing: 260/1600 holds, last 0.113 s, source twoStageRealTimeIteration
crossing: 264/1600 holds, last 0.114 s, source twoStageRealTimeIteration
crossing: 268/1600 holds, last 0.114 s, source twoStageRealTimeIteration
crossing: 272/1600 holds, last 0.115 s, source twoStageRealTimeIteration
crossing: 276/1600 holds, last 0.117 s, source twoStageRealTimeIteration
crossing: 280/1600 holds, last 0.124 s, source twoStageRealTimeIteration
crossing: 284/1600 holds, last 0.116 s, source twoStageRealTimeIteration
crossing: 288/1600 holds, last 0.114 s, source twoStageRealTimeIteration
crossing: 292/1600 holds, last 0.127 s, source twoStageRealTimeIteration
crossing: 296/1600 holds, last 0.103 s, source twoStageRealTimeIteration
crossing: 300/1600 holds, last 0.119 s, source twoStageRealTimeIteration
Recovery at 15.00 s: e = [-100.988   -1.55952  0.0115695 0.00982921 0.00880055], W = 825979
crossing: 304/1600 holds, last 0.115 s, source twoStageRealTimeIteration
crossing: 308/1600 holds, last 0.141 s, source twoStageRealTimeIteration
crossing: 312/1600 holds, last 0.116 s, source twoStageRealTimeIteration
crossing: 316/1600 holds, last 0.116 s, source twoStageRealTimeIteration
crossing: 320/1600 holds, last 0.114 s, source twoStageRealTimeIteration
crossing: 324/1600 holds, last 0.116 s, source twoStageRealTimeIteration
crossing: 328/1600 holds, last 0.117 s, source twoStageRealTimeIteration
crossing: 332/1600 holds, last 0.125 s, source twoStageRealTimeIteration
crossing: 336/1600 holds, last 0.206 s, source twoStageRealTimeIteration
crossing: 340/1600 holds, last 0.137 s, source twoStageRealTimeIteration
crossing: 344/1600 holds, last 0.187 s, source twoStageRealTimeIteration
crossing: 348/1600 holds, last 0.095 s, source twoStageRealTimeIteration
crossing: 352/1600 holds, last 0.111 s, source twoStageRealTimeIteration
crossing: 356/1600 holds, last 0.113 s, source twoStageRealTimeIteration
crossing: 360/1600 holds, last 0.113 s, source twoStageRealTimeIteration
crossing: 364/1600 holds, last 0.113 s, source twoStageRealTimeIteration
crossing: 368/1600 holds, last 0.113 s, source twoStageRealTimeIteration
crossing: 372/1600 holds, last 0.115 s, source twoStageRealTimeIteration
crossing: 376/1600 holds, last 0.119 s, source twoStageRealTimeIteration
crossing: 380/1600 holds, last 0.113 s, source twoStageRealTimeIteration
crossing: 384/1600 holds, last 0.114 s, source twoStageRealTimeIteration
crossing: 388/1600 holds, last 0.115 s, source twoStageRealTimeIteration
crossing: 392/1600 holds, last 0.082 s, source twoStageRealTimeIteration
crossing: 396/1600 holds, last 0.135 s, source twoStageRealTimeIteration
crossing: 400/1600 holds, last 0.134 s, source twoStageRealTimeIteration
Recovery at 20.00 s: e = [-141.07   -1.56883 0.00564594 0.00376823 0.00145329], W = 1.58259e+06
crossing: 404/1600 holds, last 0.113 s, source twoStageRealTimeIteration
crossing: 408/1600 holds, last 0.123 s, source twoStageRealTimeIteration
crossing: 412/1600 holds, last 0.111 s, source twoStageRealTimeIteration
crossing: 416/1600 holds, last 0.140 s, source twoStageRealTimeIteration
crossing: 420/1600 holds, last 0.116 s, source twoStageRealTimeIteration
crossing: 424/1600 holds, last 0.117 s, source twoStageRealTimeIteration
crossing: 428/1600 holds, last 0.115 s, source twoStageRealTimeIteration
crossing: 432/1600 holds, last 0.112 s, source twoStageRealTimeIteration
crossing: 436/1600 holds, last 0.115 s, source twoStageRealTimeIteration
crossing: 440/1600 holds, last 0.132 s, source twoStageRealTimeIteration
crossing: 444/1600 holds, last 0.113 s, source twoStageRealTimeIteration
crossing: 448/1600 holds, last 0.114 s, source twoStageRealTimeIteration
crossing: 452/1600 holds, last 0.133 s, source twoStageRealTimeIteration
crossing: 456/1600 holds, last 0.131 s, source twoStageRealTimeIteration
crossing: 460/1600 holds, last 0.209 s, source twoStageRealTimeIteration
crossing: 464/1600 holds, last 0.131 s, source twoStageRealTimeIteration
crossing: 468/1600 holds, last 0.123 s, source twoStageRealTimeIteration
crossing: 472/1600 holds, last 0.130 s, source twoStageRealTimeIteration
crossing: 476/1600 holds, last 0.115 s, source twoStageRealTimeIteration
crossing: 480/1600 holds, last 0.113 s, source twoStageRealTimeIteration
crossing: 484/1600 holds, last 0.114 s, source twoStageRealTimeIteration
crossing: 488/1600 holds, last 0.143 s, source twoStageRealTimeIteration
crossing: 492/1600 holds, last 0.096 s, source twoStageRealTimeIteration
crossing: 496/1600 holds, last 0.139 s, source twoStageRealTimeIteration
crossing: 500/1600 holds, last 0.158 s, source twoStageRealTimeIteration
Recovery at 25.00 s: e = [-181.071   -1.56343  0.0120166 0.00250596 0.00294426], W = 2.58053e+06
crossing: 504/1600 holds, last 0.273 s, source twoStageRealTimeIteration
crossing: 508/1600 holds, last 0.139 s, source twoStageRealTimeIteration
crossing: 512/1600 holds, last 0.148 s, source twoStageRealTimeIteration
crossing: 516/1600 holds, last 0.238 s, source twoStageRealTimeIteration
crossing: 520/1600 holds, last 0.136 s, source twoStageRealTimeIteration
crossing: 524/1600 holds, last 0.134 s, source twoStageRealTimeIteration
crossing: 528/1600 holds, last 0.136 s, source twoStageRealTimeIteration
crossing: 532/1600 holds, last 0.113 s, source twoStageRealTimeIteration
crossing: 536/1600 holds, last 0.136 s, source twoStageRealTimeIteration
crossing: 540/1600 holds, last 0.133 s, source twoStageRealTimeIteration
crossing: 544/1600 holds, last 0.123 s, source twoStageRealTimeIteration
crossing: 548/1600 holds, last 0.134 s, source twoStageRealTimeIteration
crossing: 552/1600 holds, last 0.120 s, source twoStageRealTimeIteration
crossing: 556/1600 holds, last 0.132 s, source twoStageRealTimeIteration
crossing: 560/1600 holds, last 0.096 s, source twoStageRealTimeIteration
crossing: 564/1600 holds, last 0.242 s, source twoStageRealTimeIteration
crossing: 568/1600 holds, last 0.139 s, source twoStageRealTimeIteration
crossing: 572/1600 holds, last 0.155 s, source twoStageRealTimeIteration
crossing: 576/1600 holds, last 0.219 s, source twoStageRealTimeIteration
crossing: 580/1600 holds, last 0.138 s, source twoStageRealTimeIteration
crossing: 584/1600 holds, last 0.134 s, source twoStageRealTimeIteration
crossing: 588/1600 holds, last 0.111 s, source twoStageRealTimeIteration
crossing: 592/1600 holds, last 0.136 s, source twoStageRealTimeIteration
crossing: 596/1600 holds, last 0.139 s, source twoStageRealTimeIteration
crossing: 600/1600 holds, last 0.127 s, source twoStageRealTimeIteration
Recovery at 30.00 s: e = [-221.117   -1.56532  0.0150477 0.00361628 0.00323438], W = 3.82367e+06
crossing: 604/1600 holds, last 0.141 s, source twoStageRealTimeIteration
crossing: 608/1600 holds, last 0.139 s, source twoStageRealTimeIteration
crossing: 612/1600 holds, last 0.112 s, source twoStageRealTimeIteration
crossing: 616/1600 holds, last 0.130 s, source twoStageRealTimeIteration
crossing: 620/1600 holds, last 0.132 s, source twoStageRealTimeIteration
crossing: 624/1600 holds, last 0.134 s, source twoStageRealTimeIteration
crossing: 628/1600 holds, last 0.123 s, source twoStageRealTimeIteration
crossing: 632/1600 holds, last 0.097 s, source twoStageRealTimeIteration
crossing: 636/1600 holds, last 0.138 s, source twoStageRealTimeIteration
crossing: 640/1600 holds, last 0.136 s, source twoStageRealTimeIteration
crossing: 644/1600 holds, last 0.137 s, source twoStageRealTimeIteration
crossing: 648/1600 holds, last 0.220 s, source twoStageRealTimeIteration
crossing: 652/1600 holds, last 0.125 s, source twoStageRealTimeIteration
crossing: 656/1600 holds, last 0.113 s, source twoStageRealTimeIteration
crossing: 660/1600 holds, last 0.135 s, source twoStageRealTimeIteration
crossing: 664/1600 holds, last 0.113 s, source twoStageRealTimeIteration
crossing: 668/1600 holds, last 0.119 s, source twoStageRealTimeIteration
crossing: 672/1600 holds, last 0.137 s, source twoStageRealTimeIteration
crossing: 676/1600 holds, last 0.085 s, source twoStageRealTimeIteration
crossing: 680/1600 holds, last 0.140 s, source twoStageRealTimeIteration
crossing: 684/1600 holds, last 0.133 s, source twoStageRealTimeIteration
crossing: 688/1600 holds, last 0.133 s, source twoStageRealTimeIteration
crossing: 692/1600 holds, last 0.133 s, source twoStageRealTimeIteration
crossing: 696/1600 holds, last 0.131 s, source twoStageRealTimeIteration
crossing: 700/1600 holds, last 0.113 s, source twoStageRealTimeIteration
Recovery at 35.00 s: e = [-261.107   -1.57115  0.0126846 -0.0366945 -0.0342571], W = 5.30884e+06
crossing: 704/1600 holds, last 0.125 s, source twoStageRealTimeIteration
crossing: 708/1600 holds, last 0.134 s, source twoStageRealTimeIteration
crossing: 712/1600 holds, last 0.121 s, source twoStageRealTimeIteration
crossing: 716/1600 holds, last 0.113 s, source twoStageRealTimeIteration
crossing: 720/1600 holds, last 0.247 s, source twoStageRealTimeIteration
crossing: 724/1600 holds, last 0.118 s, source twoStageRealTimeIteration
crossing: 728/1600 holds, last 0.133 s, source twoStageRealTimeIteration
crossing: 732/1600 holds, last 0.113 s, source twoStageRealTimeIteration
crossing: 736/1600 holds, last 0.132 s, source twoStageRealTimeIteration
crossing: 740/1600 holds, last 0.112 s, source twoStageRealTimeIteration
crossing: 744/1600 holds, last 0.113 s, source twoStageRealTimeIteration
crossing: 748/1600 holds, last 0.112 s, source twoStageRealTimeIteration
crossing: 752/1600 holds, last 0.133 s, source twoStageRealTimeIteration
crossing: 756/1600 holds, last 0.081 s, source twoStageRealTimeIteration
crossing: 760/1600 holds, last 0.134 s, source twoStageRealTimeIteration
crossing: 764/1600 holds, last 0.132 s, source twoStageRealTimeIteration
crossing: 768/1600 holds, last 0.112 s, source twoStageRealTimeIteration
crossing: 772/1600 holds, last 0.112 s, source twoStageRealTimeIteration
crossing: 776/1600 holds, last 0.114 s, source twoStageRealTimeIteration
crossing: 780/1600 holds, last 0.115 s, source twoStageRealTimeIteration
crossing: 784/1600 holds, last 0.114 s, source twoStageRealTimeIteration
crossing: 788/1600 holds, last 0.134 s, source twoStageRealTimeIteration
crossing: 792/1600 holds, last 0.129 s, source twoStageRealTimeIteration
crossing: 796/1600 holds, last 0.122 s, source twoStageRealTimeIteration
crossing: 800/1600 holds, last 0.113 s, source twoStageRealTimeIteration
Recovery at 40.00 s: e = [-301.06   -1.57111 -0.0136101  0.0124431  0.0123881], W = 7.03481e+06
crossing: 804/1600 holds, last 0.117 s, source twoStageRealTimeIteration
crossing: 808/1600 holds, last 0.120 s, source twoStageRealTimeIteration
crossing: 812/1600 holds, last 0.120 s, source twoStageRealTimeIteration
crossing: 816/1600 holds, last 0.117 s, source twoStageRealTimeIteration
crossing: 820/1600 holds, last 0.137 s, source twoStageRealTimeIteration
crossing: 824/1600 holds, last 0.136 s, source twoStageRealTimeIteration
crossing: 828/1600 holds, last 0.113 s, source twoStageRealTimeIteration
crossing: 832/1600 holds, last 0.134 s, source twoStageRealTimeIteration
crossing: 836/1600 holds, last 0.116 s, source twoStageRealTimeIteration
crossing: 840/1600 holds, last 0.121 s, source twoStageRealTimeIteration
crossing: 844/1600 holds, last 0.120 s, source twoStageRealTimeIteration
crossing: 848/1600 holds, last 0.153 s, source twoStageRealTimeIteration
crossing: 852/1600 holds, last 0.116 s, source twoStageRealTimeIteration
crossing: 856/1600 holds, last 0.119 s, source twoStageRealTimeIteration
crossing: 860/1600 holds, last 0.135 s, source twoStageRealTimeIteration
crossing: 864/1600 holds, last 0.115 s, source twoStageRealTimeIteration
crossing: 868/1600 holds, last 0.122 s, source twoStageRealTimeIteration
crossing: 872/1600 holds, last 0.135 s, source twoStageRealTimeIteration
crossing: 876/1600 holds, last 0.095 s, source twoStageRealTimeIteration
crossing: 880/1600 holds, last 0.085 s, source twoStageRealTimeIteration
crossing: 884/1600 holds, last 0.084 s, source twoStageRealTimeIteration
crossing: 888/1600 holds, last 0.118 s, source twoStageRealTimeIteration
crossing: 892/1600 holds, last 0.130 s, source twoStageRealTimeIteration
crossing: 896/1600 holds, last 0.111 s, source twoStageRealTimeIteration
crossing: 900/1600 holds, last 0.114 s, source twoStageRealTimeIteration
Recovery at 45.00 s: e = [-341.023     -1.57232  -0.00529479   0.00100677 -9.99239e-05], W = 9.00428e+06
crossing: 904/1600 holds, last 0.134 s, source twoStageRealTimeIteration
crossing: 908/1600 holds, last 0.134 s, source twoStageRealTimeIteration
crossing: 912/1600 holds, last 0.133 s, source twoStageRealTimeIteration
crossing: 916/1600 holds, last 0.120 s, source twoStageRealTimeIteration
crossing: 920/1600 holds, last 0.127 s, source twoStageRealTimeIteration
crossing: 924/1600 holds, last 0.148 s, source twoStageRealTimeIteration
crossing: 928/1600 holds, last 0.148 s, source twoStageRealTimeIteration
crossing: 932/1600 holds, last 0.121 s, source twoStageRealTimeIteration
crossing: 936/1600 holds, last 0.125 s, source twoStageRealTimeIteration
crossing: 940/1600 holds, last 0.116 s, source twoStageRealTimeIteration
crossing: 944/1600 holds, last 0.086 s, source twoStageRealTimeIteration
crossing: 948/1600 holds, last 0.116 s, source twoStageRealTimeIteration
crossing: 952/1600 holds, last 0.120 s, source twoStageRealTimeIteration
crossing: 956/1600 holds, last 0.125 s, source twoStageRealTimeIteration
crossing: 960/1600 holds, last 0.121 s, source twoStageRealTimeIteration
crossing: 964/1600 holds, last 0.123 s, source twoStageRealTimeIteration
crossing: 968/1600 holds, last 0.133 s, source twoStageRealTimeIteration
crossing: 972/1600 holds, last 0.121 s, source twoStageRealTimeIteration
crossing: 976/1600 holds, last 0.125 s, source twoStageRealTimeIteration
crossing: 980/1600 holds, last 0.123 s, source twoStageRealTimeIteration
crossing: 984/1600 holds, last 0.130 s, source twoStageRealTimeIteration
crossing: 988/1600 holds, last 0.121 s, source twoStageRealTimeIteration
crossing: 992/1600 holds, last 0.120 s, source twoStageRealTimeIteration
crossing: 996/1600 holds, last 0.136 s, source twoStageRealTimeIteration
crossing: 1000/1600 holds, last 0.155 s, source twoStageRealTimeIteration
Recovery at 50.00 s: e = [-381.035   -1.57355 -0.0251721  0.0275508  0.0242351], W = 1.12193e+07
crossing: 1004/1600 holds, last 0.138 s, source twoStageRealTimeIteration
crossing: 1008/1600 holds, last 0.135 s, source twoStageRealTimeIteration
crossing: 1012/1600 holds, last 0.088 s, source twoStageRealTimeIteration
crossing: 1016/1600 holds, last 0.128 s, source twoStageRealTimeIteration
crossing: 1020/1600 holds, last 0.121 s, source twoStageRealTimeIteration
crossing: 1024/1600 holds, last 0.117 s, source twoStageRealTimeIteration
crossing: 1028/1600 holds, last 0.124 s, source twoStageRealTimeIteration
crossing: 1032/1600 holds, last 0.140 s, source twoStageRealTimeIteration
crossing: 1036/1600 holds, last 0.127 s, source twoStageRealTimeIteration
crossing: 1040/1600 holds, last 0.143 s, source twoStageRealTimeIteration
crossing: 1044/1600 holds, last 0.135 s, source twoStageRealTimeIteration
crossing: 1048/1600 holds, last 0.126 s, source twoStageRealTimeIteration
crossing: 1052/1600 holds, last 0.121 s, source twoStageRealTimeIteration
crossing: 1056/1600 holds, last 0.130 s, source twoStageRealTimeIteration
crossing: 1060/1600 holds, last 0.123 s, source twoStageRealTimeIteration
crossing: 1064/1600 holds, last 0.123 s, source twoStageRealTimeIteration
crossing: 1068/1600 holds, last 0.125 s, source twoStageRealTimeIteration
crossing: 1072/1600 holds, last 0.142 s, source twoStageRealTimeIteration
crossing: 1076/1600 holds, last 0.100 s, source twoStageRealTimeIteration
crossing: 1080/1600 holds, last 0.129 s, source twoStageRealTimeIteration
crossing: 1084/1600 holds, last 0.143 s, source twoStageRealTimeIteration
crossing: 1088/1600 holds, last 0.139 s, source twoStageRealTimeIteration
crossing: 1092/1600 holds, last 0.121 s, source twoStageRealTimeIteration
crossing: 1096/1600 holds, last 0.127 s, source twoStageRealTimeIteration
crossing: 1100/1600 holds, last 0.131 s, source twoStageRealTimeIteration
Recovery at 55.00 s: e = [-421.01   -1.57086 0.00924236 -0.0157716 -0.0122128], W = 1.36751e+07
crossing: 1104/1600 holds, last 0.087 s, source twoStageRealTimeIteration
crossing: 1108/1600 holds, last 0.120 s, source twoStageRealTimeIteration
crossing: 1112/1600 holds, last 0.143 s, source twoStageRealTimeIteration
crossing: 1116/1600 holds, last 0.123 s, source twoStageRealTimeIteration
crossing: 1120/1600 holds, last 0.144 s, source twoStageRealTimeIteration
crossing: 1124/1600 holds, last 0.127 s, source twoStageRealTimeIteration
crossing: 1128/1600 holds, last 0.123 s, source twoStageRealTimeIteration
crossing: 1132/1600 holds, last 0.135 s, source twoStageRealTimeIteration
crossing: 1136/1600 holds, last 0.139 s, source twoStageRealTimeIteration
crossing: 1140/1600 holds, last 0.111 s, source twoStageRealTimeIteration
crossing: 1144/1600 holds, last 0.123 s, source twoStageRealTimeIteration
crossing: 1148/1600 holds, last 0.123 s, source twoStageRealTimeIteration
crossing: 1152/1600 holds, last 0.127 s, source twoStageRealTimeIteration
crossing: 1156/1600 holds, last 0.125 s, source twoStageRealTimeIteration
crossing: 1160/1600 holds, last 0.124 s, source twoStageRealTimeIteration
crossing: 1164/1600 holds, last 0.218 s, source twoStageRealTimeIteration
crossing: 1168/1600 holds, last 0.138 s, source twoStageRealTimeIteration
crossing: 1172/1600 holds, last 0.127 s, source twoStageRealTimeIteration
crossing: 1176/1600 holds, last 0.143 s, source twoStageRealTimeIteration
crossing: 1180/1600 holds, last 0.122 s, source twoStageRealTimeIteration
crossing: 1184/1600 holds, last 0.141 s, source twoStageRealTimeIteration
crossing: 1188/1600 holds, last 0.121 s, source twoStageRealTimeIteration
crossing: 1192/1600 holds, last 0.132 s, source twoStageRealTimeIteration
crossing: 1196/1600 holds, last 0.127 s, source twoStageRealTimeIteration
crossing: 1200/1600 holds, last 0.123 s, source twoStageRealTimeIteration
Recovery at 60.00 s: e = [-461.038    -1.57093 0.000716618  0.00324313  0.00271282], W = 1.63778e+07
crossing: 1204/1600 holds, last 0.181 s, source twoStageRealTimeIteration
crossing: 1208/1600 holds, last 0.142 s, source twoStageRealTimeIteration
crossing: 1212/1600 holds, last 0.138 s, source twoStageRealTimeIteration
crossing: 1216/1600 holds, last 0.124 s, source twoStageRealTimeIteration
crossing: 1220/1600 holds, last 0.132 s, source twoStageRealTimeIteration
crossing: 1224/1600 holds, last 0.127 s, source twoStageRealTimeIteration
crossing: 1228/1600 holds, last 0.160 s, source twoStageRealTimeIteration
crossing: 1232/1600 holds, last 0.179 s, source twoStageRealTimeIteration
crossing: 1236/1600 holds, last 0.124 s, source twoStageRealTimeIteration
crossing: 1240/1600 holds, last 0.190 s, source twoStageRealTimeIteration
crossing: 1244/1600 holds, last 0.141 s, source twoStageRealTimeIteration
crossing: 1248/1600 holds, last 0.132 s, source twoStageRealTimeIteration
crossing: 1252/1600 holds, last 0.118 s, source twoStageRealTimeIteration
crossing: 1256/1600 holds, last 0.135 s, source twoStageRealTimeIteration
crossing: 1260/1600 holds, last 0.123 s, source twoStageRealTimeIteration
crossing: 1264/1600 holds, last 0.146 s, source twoStageRealTimeIteration
crossing: 1268/1600 holds, last 0.127 s, source twoStageRealTimeIteration
crossing: 1272/1600 holds, last 0.146 s, source twoStageRealTimeIteration
crossing: 1276/1600 holds, last 0.227 s, source twoStageRealTimeIteration
crossing: 1280/1600 holds, last 0.124 s, source twoStageRealTimeIteration
crossing: 1284/1600 holds, last 0.133 s, source twoStageRealTimeIteration
crossing: 1288/1600 holds, last 0.139 s, source twoStageRealTimeIteration
crossing: 1292/1600 holds, last 0.120 s, source twoStageRealTimeIteration
crossing: 1296/1600 holds, last 0.139 s, source twoStageRealTimeIteration
crossing: 1300/1600 holds, last 0.122 s, source twoStageRealTimeIteration
Recovery at 65.00 s: e = [-501.031    -1.57052 -0.00516264  0.00790261  0.00827538], W = 1.93213e+07
crossing: 1304/1600 holds, last 0.122 s, source twoStageRealTimeIteration
crossing: 1308/1600 holds, last 0.123 s, source twoStageRealTimeIteration
crossing: 1312/1600 holds, last 0.147 s, source twoStageRealTimeIteration
crossing: 1316/1600 holds, last 0.156 s, source twoStageRealTimeIteration
crossing: 1320/1600 holds, last 0.136 s, source twoStageRealTimeIteration
crossing: 1324/1600 holds, last 0.092 s, source twoStageRealTimeIteration
crossing: 1328/1600 holds, last 0.088 s, source twoStageRealTimeIteration
crossing: 1332/1600 holds, last 0.089 s, source twoStageRealTimeIteration
crossing: 1336/1600 holds, last 0.112 s, source twoStageRealTimeIteration
crossing: 1340/1600 holds, last 0.156 s, source twoStageRealTimeIteration
crossing: 1344/1600 holds, last 0.138 s, source twoStageRealTimeIteration
crossing: 1348/1600 holds, last 0.109 s, source twoStageRealTimeIteration
crossing: 1352/1600 holds, last 0.151 s, source twoStageRealTimeIteration
crossing: 1356/1600 holds, last 0.156 s, source twoStageRealTimeIteration
crossing: 1360/1600 holds, last 0.127 s, source twoStageRealTimeIteration
crossing: 1364/1600 holds, last 0.131 s, source twoStageRealTimeIteration
crossing: 1368/1600 holds, last 0.120 s, source twoStageRealTimeIteration
crossing: 1372/1600 holds, last 0.145 s, source twoStageRealTimeIteration
crossing: 1376/1600 holds, last 0.149 s, source twoStageRealTimeIteration
crossing: 1380/1600 holds, last 0.121 s, source twoStageRealTimeIteration
crossing: 1384/1600 holds, last 0.123 s, source twoStageRealTimeIteration
crossing: 1388/1600 holds, last 0.123 s, source twoStageRealTimeIteration
crossing: 1392/1600 holds, last 0.146 s, source twoStageRealTimeIteration
crossing: 1396/1600 holds, last 0.162 s, source twoStageRealTimeIteration
crossing: 1400/1600 holds, last 0.169 s, source twoStageRealTimeIteration
Recovery at 70.00 s: e = [-541.033    -1.57123 -0.00400639  0.00419123  0.00344909], W = 2.2509e+07
crossing: 1404/1600 holds, last 0.155 s, source twoStageRealTimeIteration
crossing: 1408/1600 holds, last 0.150 s, source twoStageRealTimeIteration
crossing: 1412/1600 holds, last 0.143 s, source twoStageRealTimeIteration
crossing: 1416/1600 holds, last 0.140 s, source twoStageRealTimeIteration
crossing: 1420/1600 holds, last 0.088 s, source twoStageRealTimeIteration
crossing: 1424/1600 holds, last 0.090 s, source twoStageRealTimeIteration
crossing: 1428/1600 holds, last 0.125 s, source twoStageRealTimeIteration
crossing: 1432/1600 holds, last 0.121 s, source twoStageRealTimeIteration
crossing: 1436/1600 holds, last 0.126 s, source twoStageRealTimeIteration
crossing: 1440/1600 holds, last 0.129 s, source twoStageRealTimeIteration
crossing: 1444/1600 holds, last 0.151 s, source twoStageRealTimeIteration
crossing: 1448/1600 holds, last 0.124 s, source twoStageRealTimeIteration
crossing: 1452/1600 holds, last 0.161 s, source twoStageRealTimeIteration
crossing: 1456/1600 holds, last 0.139 s, source twoStageRealTimeIteration
crossing: 1460/1600 holds, last 0.142 s, source twoStageRealTimeIteration
crossing: 1464/1600 holds, last 0.136 s, source twoStageRealTimeIteration
crossing: 1468/1600 holds, last 0.129 s, source twoStageRealTimeIteration
crossing: 1472/1600 holds, last 0.139 s, source twoStageRealTimeIteration
crossing: 1476/1600 holds, last 0.130 s, source twoStageRealTimeIteration
crossing: 1480/1600 holds, last 0.147 s, source twoStageRealTimeIteration
crossing: 1484/1600 holds, last 0.124 s, source twoStageRealTimeIteration
crossing: 1488/1600 holds, last 0.139 s, source twoStageRealTimeIteration
crossing: 1492/1600 holds, last 0.123 s, source twoStageRealTimeIteration
crossing: 1496/1600 holds, last 0.158 s, source twoStageRealTimeIteration
crossing: 1500/1600 holds, last 0.158 s, source twoStageRealTimeIteration
Recovery at 75.00 s: e = [-581.028    -1.57111  0.00592604 -0.00202897 -0.00233218], W = 2.59392e+07
crossing: 1504/1600 holds, last 0.156 s, source twoStageRealTimeIteration
crossing: 1508/1600 holds, last 0.156 s, source twoStageRealTimeIteration
crossing: 1512/1600 holds, last 0.117 s, source twoStageRealTimeIteration
crossing: 1516/1600 holds, last 0.126 s, source twoStageRealTimeIteration
crossing: 1520/1600 holds, last 0.165 s, source twoStageRealTimeIteration
crossing: 1524/1600 holds, last 0.187 s, source twoStageRealTimeIteration
crossing: 1528/1600 holds, last 0.124 s, source twoStageRealTimeIteration
crossing: 1532/1600 holds, last 0.147 s, source twoStageRealTimeIteration
crossing: 1536/1600 holds, last 0.144 s, source twoStageRealTimeIteration
crossing: 1540/1600 holds, last 0.130 s, source twoStageRealTimeIteration
crossing: 1544/1600 holds, last 0.145 s, source twoStageRealTimeIteration
crossing: 1548/1600 holds, last 0.128 s, source twoStageRealTimeIteration
crossing: 1552/1600 holds, last 0.188 s, source twoStageRealTimeIteration
crossing: 1556/1600 holds, last 0.144 s, source twoStageRealTimeIteration
crossing: 1560/1600 holds, last 0.159 s, source twoStageRealTimeIteration
crossing: 1564/1600 holds, last 0.138 s, source twoStageRealTimeIteration
crossing: 1568/1600 holds, last 0.133 s, source twoStageRealTimeIteration
crossing: 1572/1600 holds, last 0.170 s, source twoStageRealTimeIteration
crossing: 1576/1600 holds, last 0.142 s, source twoStageRealTimeIteration
crossing: 1580/1600 holds, last 0.184 s, source twoStageRealTimeIteration
crossing: 1584/1600 holds, last 0.130 s, source twoStageRealTimeIteration
crossing: 1588/1600 holds, last 0.150 s, source twoStageRealTimeIteration
crossing: 1592/1600 holds, last 0.138 s, source twoStageRealTimeIteration
crossing: 1596/1600 holds, last 0.157 s, source twoStageRealTimeIteration
crossing: 1600/1600 holds, last 0.155 s, source twoStageRealTimeIteration
Recovery at 80.00 s: e = [-621.035    -1.57118  0.00674413  -0.0027517 -0.00260945], W = 2.96137e+07
crossing: 1600/1600 frames, max 1.281 s, failure 
CASE-END speed=8 scenario=crossing frames=1600 wall=224.722 recovered=0 max=1.281022 gap=0.741803482 failure=
CASE-START speed=15 scenario=headOn
headOn: 4/1600 holds, last 0.165 s, source twoStageRealTimeIteration
headOn: 8/1600 holds, last 0.136 s, source twoStageRealTimeIteration
headOn: 12/1600 holds, last 0.221 s, source twoStageRealTimeIteration
headOn: 16/1600 holds, last 0.194 s, source twoStageRealTimeIteration
headOn: 20/1600 holds, last 0.191 s, source twoStageRealTimeIteration
headOn: 24/1600 holds, last 0.140 s, source twoStageRealTimeIteration
headOn: 28/1600 holds, last 0.166 s, source twoStageRealTimeIteration
headOn: 32/1600 holds, last 0.165 s, source twoStageRealTimeIteration
headOn: 36/1600 holds, last 0.162 s, source twoStageRealTimeIteration
headOn: 40/1600 holds, last 0.237 s, source twoStageRealTimeIteration
headOn: 44/1600 holds, last 0.130 s, source twoStageRealTimeIteration
headOn: 48/1600 holds, last 0.117 s, source twoStageRealTimeIteration
headOn: 52/1600 holds, last 0.118 s, source twoStageRealTimeIteration
headOn: 56/1600 holds, last 0.181 s, source twoStageRealTimeIteration
headOn: 60/1600 holds, last 0.391 s, source twoStageRealTimeIteration
headOn: 64/1600 holds, last 0.237 s, source twoStageRealTimeIteration
headOn: 68/1600 holds, last 0.225 s, source twoStageRealTimeIteration
headOn: 72/1600 holds, last 0.230 s, source twoStageRealTimeIteration
headOn: 76/1600 holds, last 0.223 s, source twoStageRealTimeIteration
headOn: 80/1600 holds, last 0.204 s, source twoStageRealTimeIteration
headOn: 84/1600 holds, last 0.244 s, source twoStageRealTimeIteration
headOn: 88/1600 holds, last 0.266 s, source twoStageRealTimeIteration
headOn: 92/1600 holds, last 0.202 s, source twoStageRealTimeIteration
headOn: 96/1600 holds, last 0.200 s, source twoStageRealTimeIteration
headOn: 100/1600 holds, last 0.202 s, source twoStageRealTimeIteration
Recovery at 5.00 s: e = [1.63584  -0.0678825  -0.0060462 -0.00950273   0.0428386], W = 184.933
headOn: 104/1600 holds, last 0.203 s, source twoStageRealTimeIteration
headOn: 108/1600 holds, last 0.200 s, source twoStageRealTimeIteration
headOn: 112/1600 holds, last 0.205 s, source twoStageRealTimeIteration
headOn: 116/1600 holds, last 0.216 s, source twoStageRealTimeIteration
headOn: 120/1600 holds, last 0.210 s, source twoStageRealTimeIteration
headOn: 124/1600 holds, last 0.198 s, source twoStageRealTimeIteration
headOn: 128/1600 holds, last 0.205 s, source twoStageRealTimeIteration
headOn: 132/1600 holds, last 0.221 s, source twoStageRealTimeIteration
headOn: 136/1600 holds, last 0.221 s, source twoStageRealTimeIteration
headOn: 140/1600 holds, last 0.199 s, source twoStageRealTimeIteration
headOn: 144/1600 holds, last 0.193 s, source twoStageRealTimeIteration
headOn: 148/1600 holds, last 0.192 s, source twoStageRealTimeIteration
headOn: 152/1600 holds, last 0.254 s, source twoStageRealTimeIteration
headOn: 156/1600 holds, last 0.193 s, source twoStageRealTimeIteration
headOn: 160/1600 holds, last 0.198 s, source twoStageRealTimeIteration
headOn: 164/1600 holds, last 0.226 s, source twoStageRealTimeIteration
headOn: 168/1600 holds, last 0.191 s, source twoStageRealTimeIteration
headOn: 172/1600 holds, last 0.186 s, source twoStageRealTimeIteration
headOn: 176/1600 holds, last 0.205 s, source twoStageRealTimeIteration
headOn: 180/1600 holds, last 0.199 s, source twoStageRealTimeIteration
headOn: 184/1600 holds, last 0.188 s, source twoStageRealTimeIteration
headOn: 188/1600 holds, last 0.177 s, source twoStageRealTimeIteration
headOn: 192/1600 holds, last 0.176 s, source twoStageRealTimeIteration
headOn: 196/1600 holds, last 0.175 s, source twoStageRealTimeIteration
headOn: 200/1600 holds, last 0.184 s, source twoStageRealTimeIteration
Recovery at 10.00 s: e = [0.0725674  -0.00298736  -2.1713e-06 -0.000361556   0.00186347], W = 0.365249
headOn: 204/1600 holds, last 0.182 s, source twoStageRealTimeIteration
headOn: 208/1600 holds, last 0.177 s, source twoStageRealTimeIteration
headOn: 212/1600 holds, last 0.175 s, source twoStageRealTimeIteration
headOn: 216/1600 holds, last 0.192 s, source twoStageRealTimeIteration
headOn: 220/1600 holds, last 0.230 s, source twoStageRealTimeIteration
headOn: 224/1600 holds, last 0.175 s, source twoStageRealTimeIteration
headOn: 228/1600 holds, last 0.169 s, source twoStageRealTimeIteration
headOn: 232/1600 holds, last 0.200 s, source twoStageRealTimeIteration
headOn: 236/1600 holds, last 0.171 s, source twoStageRealTimeIteration
headOn: 240/1600 holds, last 0.173 s, source twoStageRealTimeIteration
headOn: 244/1600 holds, last 0.171 s, source twoStageRealTimeIteration
headOn: 248/1600 holds, last 0.178 s, source twoStageRealTimeIteration
headOn: 252/1600 holds, last 0.170 s, source twoStageRealTimeIteration
headOn: 256/1600 holds, last 0.152 s, source twoStageRealTimeIteration
headOn: 260/1600 holds, last 0.168 s, source twoStageRealTimeIteration
headOn: 264/1600 holds, last 0.165 s, source twoStageRealTimeIteration
headOn: 268/1600 holds, last 0.122 s, source twoStageRealTimeIteration
headOn: 272/1600 holds, last 0.120 s, source twoStageRealTimeIteration
headOn: 276/1600 holds, last 0.122 s, source twoStageRealTimeIteration
headOn: 280/1600 holds, last 0.159 s, source twoStageRealTimeIteration
headOn: 284/1600 holds, last 0.164 s, source twoStageRealTimeIteration
headOn: 288/1600 holds, last 0.166 s, source twoStageRealTimeIteration
headOn: 290/1600 frames, max 0.477 s, failure 
CASE-END speed=15 scenario=headOn frames=290 wall=57.282 recovered=1 max=0.477206 gap=0.035455577 failure=
CASE-START speed=15 scenario=turningCrossing
turningCrossing: 4/1600 holds, last 0.134 s, source twoStageRealTimeIteration
turningCrossing: 8/1600 holds, last 0.140 s, source twoStageRealTimeIteration
turningCrossing: 12/1600 holds, last 0.125 s, source twoStageRealTimeIteration
turningCrossing: 16/1600 holds, last 0.141 s, source twoStageRealTimeIteration
turningCrossing: 20/1600 holds, last 0.175 s, source twoStageRealTimeIteration
turningCrossing: 24/1600 holds, last 0.148 s, source twoStageRealTimeIteration
turningCrossing: 28/1600 holds, last 0.165 s, source twoStageRealTimeIteration
turningCrossing: 32/1600 holds, last 0.145 s, source twoStageRealTimeIteration
turningCrossing: 36/1600 holds, last 0.183 s, source twoStageRealTimeIteration
turningCrossing: 40/1600 holds, last 0.136 s, source twoStageRealTimeIteration
turningCrossing: 44/1600 holds, last 0.139 s, source twoStageRealTimeIteration
turningCrossing: 48/1600 holds, last 0.151 s, source twoStageRealTimeIteration
turningCrossing: 52/1600 holds, last 0.122 s, source twoStageRealTimeIteration
turningCrossing: 56/1600 holds, last 0.140 s, source twoStageRealTimeIteration
turningCrossing: 60/1600 holds, last 0.154 s, source twoStageRealTimeIteration
turningCrossing: 64/1600 holds, last 0.144 s, source twoStageRealTimeIteration
turningCrossing: 68/1600 holds, last 0.131 s, source twoStageRealTimeIteration
turningCrossing: 72/1600 holds, last 0.123 s, source twoStageRealTimeIteration
turningCrossing: 76/1600 holds, last 0.162 s, source twoStageRealTimeIteration
turningCrossing: 80/1600 holds, last 0.160 s, source twoStageRealTimeIteration
turningCrossing: 84/1600 holds, last 0.147 s, source twoStageRealTimeIteration
turningCrossing: 88/1600 holds, last 0.189 s, source twoStageRealTimeIteration
turningCrossing: 92/1600 holds, last 0.126 s, source twoStageRealTimeIteration
turningCrossing: 96/1600 holds, last 0.107 s, source twoStageRealTimeIteration
turningCrossing: 100/1600 holds, last 0.173 s, source twoStageRealTimeIteration
Recovery at 5.00 s: e = [-26.6029 -0.294925  0.904743 -0.428822   0.47466], W = 44271.5
turningCrossing: 104/1600 holds, last 0.176 s, source twoStageRealTimeIteration
turningCrossing: 108/1600 holds, last 0.168 s, source twoStageRealTimeIteration
turningCrossing: 112/1600 holds, last 0.152 s, source twoStageRealTimeIteration
turningCrossing: 116/1600 holds, last 0.217 s, source twoStageRealTimeIteration
turningCrossing: 120/1600 holds, last 0.174 s, source twoStageRealTimeIteration
turningCrossing: 124/1600 holds, last 0.102 s, source twoStageRealTimeIteration
turningCrossing: 128/1600 holds, last 0.116 s, source twoStageRealTimeIteration
turningCrossing: 132/1600 holds, last 0.111 s, source twoStageRealTimeIteration
turningCrossing: 136/1600 holds, last 0.111 s, source twoStageRealTimeIteration
turningCrossing: 140/1600 holds, last 0.110 s, source twoStageRealTimeIteration
turningCrossing: 144/1600 holds, last 0.120 s, source twoStageRealTimeIteration
turningCrossing: 148/1600 holds, last 0.127 s, source twoStageRealTimeIteration
turningCrossing: 152/1600 holds, last 0.112 s, source twoStageRealTimeIteration
turningCrossing: 156/1600 holds, last 0.096 s, source twoStageRealTimeIteration
turningCrossing: 160/1600 holds, last 0.114 s, source twoStageRealTimeIteration
turningCrossing: 164/1600 holds, last 0.118 s, source twoStageRealTimeIteration
turningCrossing: 168/1600 holds, last 0.097 s, source twoStageRealTimeIteration
turningCrossing: 172/1600 holds, last 0.123 s, source twoStageRealTimeIteration
turningCrossing: 176/1600 holds, last 0.139 s, source twoStageRealTimeIteration
turningCrossing: 180/1600 holds, last 0.138 s, source twoStageRealTimeIteration
turningCrossing: 184/1600 holds, last 0.135 s, source twoStageRealTimeIteration
turningCrossing: 188/1600 holds, last 0.190 s, source twoStageRealTimeIteration
turningCrossing: 192/1600 holds, last 0.188 s, source twoStageRealTimeIteration
turningCrossing: 196/1600 holds, last 0.186 s, source twoStageRealTimeIteration
turningCrossing: 200/1600 holds, last 0.134 s, source twoStageRealTimeIteration
Recovery at 10.00 s: e = [11.0568  2.15084  1.48792 -1.11076 0.469751], W = 27930.1
turningCrossing: 204/1600 holds, last 0.124 s, source twoStageRealTimeIteration
turningCrossing: 208/1600 holds, last 0.123 s, source twoStageRealTimeIteration
turningCrossing: 212/1600 holds, last 0.118 s, source twoStageRealTimeIteration
turningCrossing: 216/1600 holds, last 0.117 s, source twoStageRealTimeIteration
turningCrossing: 220/1600 holds, last 0.114 s, source twoStageRealTimeIteration
turningCrossing: 224/1600 holds, last 0.111 s, source twoStageRealTimeIteration
turningCrossing: 228/1600 holds, last 0.125 s, source twoStageRealTimeIteration
turningCrossing: 232/1600 holds, last 0.103 s, source twoStageRealTimeIteration
turningCrossing: 236/1600 holds, last 0.127 s, source twoStageRealTimeIteration
turningCrossing: 240/1600 holds, last 0.124 s, source twoStageRealTimeIteration
turningCrossing: 244/1600 holds, last 0.116 s, source twoStageRealTimeIteration
turningCrossing: 248/1600 holds, last 0.146 s, source twoStageRealTimeIteration
turningCrossing: 252/1600 holds, last 0.121 s, source twoStageRealTimeIteration
turningCrossing: 256/1600 holds, last 0.121 s, source twoStageRealTimeIteration
turningCrossing: 260/1600 holds, last 0.129 s, source twoStageRealTimeIteration
turningCrossing: 264/1600 holds, last 0.125 s, source twoStageRealTimeIteration
turningCrossing: 268/1600 holds, last 0.190 s, source twoStageRealTimeIteration
turningCrossing: 272/1600 holds, last 0.125 s, source twoStageRealTimeIteration
turningCrossing: 276/1600 holds, last 0.291 s, source twoStageRealTimeIteration
turningCrossing: 280/1600 holds, last 0.304 s, source twoStageRealTimeIteration
turningCrossing: 284/1600 holds, last 0.296 s, source twoStageRealTimeIteration
turningCrossing: 288/1600 holds, last 0.299 s, source twoStageRealTimeIteration
turningCrossing: 292/1600 holds, last 0.295 s, source twoStageRealTimeIteration
turningCrossing: 296/1600 holds, last 0.286 s, source twoStageRealTimeIteration
turningCrossing: 300/1600 holds, last 0.299 s, source twoStageRealTimeIteration
Recovery at 15.00 s: e = [40.2671  -2.98835 -0.130743 -0.404576  0.423822], W = 528611
turningCrossing: 304/1600 holds, last 0.283 s, source twoStageRealTimeIteration
turningCrossing: 308/1600 holds, last 0.283 s, source twoStageRealTimeIteration
turningCrossing: 312/1600 holds, last 0.266 s, source twoStageRealTimeIteration
turningCrossing: 316/1600 holds, last 0.291 s, source twoStageRealTimeIteration
turningCrossing: 320/1600 holds, last 0.283 s, source twoStageRealTimeIteration
turningCrossing: 324/1600 holds, last 0.298 s, source twoStageRealTimeIteration
turningCrossing: 328/1600 holds, last 0.279 s, source twoStageRealTimeIteration
turningCrossing: 332/1600 holds, last 0.276 s, source twoStageRealTimeIteration
turningCrossing: 336/1600 holds, last 0.282 s, source twoStageRealTimeIteration
turningCrossing: 340/1600 holds, last 0.280 s, source twoStageRealTimeIteration
turningCrossing: 344/1600 holds, last 0.272 s, source twoStageRealTimeIteration
turningCrossing: 348/1600 holds, last 0.269 s, source twoStageRealTimeIteration
turningCrossing: 352/1600 holds, last 0.281 s, source twoStageRealTimeIteration
turningCrossing: 356/1600 holds, last 0.263 s, source twoStageRealTimeIteration
turningCrossing: 360/1600 holds, last 0.267 s, source twoStageRealTimeIteration
turningCrossing: 364/1600 holds, last 0.263 s, source twoStageRealTimeIteration
turningCrossing: 368/1600 holds, last 0.262 s, source twoStageRealTimeIteration
turningCrossing: 372/1600 holds, last 0.255 s, source twoStageRealTimeIteration
turningCrossing: 376/1600 holds, last 0.178 s, source twoStageRealTimeIteration
turningCrossing: 380/1600 holds, last 0.182 s, source twoStageRealTimeIteration
turningCrossing: 384/1600 holds, last 0.177 s, source twoStageRealTimeIteration
turningCrossing: 388/1600 holds, last 0.179 s, source twoStageRealTimeIteration
turningCrossing: 392/1600 holds, last 0.237 s, source twoStageRealTimeIteration
turningCrossing: 396/1600 holds, last 0.252 s, source twoStageRealTimeIteration
turningCrossing: 400/1600 holds, last 0.272 s, source twoStageRealTimeIteration
Recovery at 20.00 s: e = [-16.5055 -0.874638  -0.12104 -0.402136  0.422691], W = 249492
turningCrossing: 404/1600 holds, last 0.253 s, source twoStageRealTimeIteration
turningCrossing: 408/1600 holds, last 0.253 s, source twoStageRealTimeIteration
turningCrossing: 412/1600 holds, last 0.173 s, source twoStageRealTimeIteration
turningCrossing: 416/1600 holds, last 0.246 s, source twoStageRealTimeIteration
turningCrossing: 420/1600 holds, last 0.245 s, source twoStageRealTimeIteration
turningCrossing: 424/1600 holds, last 0.277 s, source twoStageRealTimeIteration
turningCrossing: 428/1600 holds, last 0.281 s, source twoStageRealTimeIteration
turningCrossing: 432/1600 holds, last 0.173 s, source twoStageRealTimeIteration
turningCrossing: 436/1600 holds, last 0.173 s, source twoStageRealTimeIteration
turningCrossing: 440/1600 holds, last 0.159 s, source twoStageRealTimeIteration
turningCrossing: 444/1600 holds, last 0.157 s, source twoStageRealTimeIteration
turningCrossing: 448/1600 holds, last 0.135 s, source twoStageRealTimeIteration
turningCrossing: 452/1600 holds, last 0.152 s, source twoStageRealTimeIteration
turningCrossing: 456/1600 holds, last 0.138 s, source twoStageRealTimeIteration
turningCrossing: 460/1600 holds, last 0.103 s, source twoStageRealTimeIteration
turningCrossing: 464/1600 holds, last 0.096 s, source twoStageRealTimeIteration
turningCrossing: 468/1600 holds, last 0.091 s, source twoStageRealTimeIteration
turningCrossing: 472/1600 holds, last 0.096 s, source twoStageRealTimeIteration
turningCrossing: 476/1600 holds, last 0.096 s, source twoStageRealTimeIteration
turningCrossing: 480/1600 holds, last 0.101 s, source twoStageRealTimeIteration
turningCrossing: 484/1600 holds, last 0.090 s, source twoStageRealTimeIteration
turningCrossing: 488/1600 holds, last 0.088 s, source twoStageRealTimeIteration
turningCrossing: 492/1600 holds, last 0.077 s, source twoStageRealTimeIteration
turningCrossing: 496/1600 holds, last 0.081 s, source twoStageRealTimeIteration
turningCrossing: 500/1600 holds, last 0.088 s, source twoStageRealTimeIteration
Recovery at 25.00 s: e = [-21.2158   0.320492  -0.719148 -0.0393457   0.135532], W = 23052.5
turningCrossing: 504/1600 holds, last 0.223 s, source twoStageRealTimeIteration
turningCrossing: 508/1600 holds, last 0.234 s, source twoStageRealTimeIteration
turningCrossing: 512/1600 holds, last 0.227 s, source twoStageRealTimeIteration
turningCrossing: 516/1600 holds, last 0.230 s, source twoStageRealTimeIteration
turningCrossing: 520/1600 holds, last 0.223 s, source twoStageRealTimeIteration
turningCrossing: 524/1600 holds, last 0.225 s, source twoStageRealTimeIteration
turningCrossing: 528/1600 holds, last 0.236 s, source twoStageRealTimeIteration
turningCrossing: 532/1600 holds, last 0.234 s, source twoStageRealTimeIteration
turningCrossing: 536/1600 holds, last 0.231 s, source twoStageRealTimeIteration
turningCrossing: 540/1600 holds, last 0.213 s, source twoStageRealTimeIteration
turningCrossing: 544/1600 holds, last 0.155 s, source twoStageRealTimeIteration
turningCrossing: 548/1600 holds, last 0.161 s, source twoStageRealTimeIteration
turningCrossing: 552/1600 holds, last 0.233 s, source twoStageRealTimeIteration
turningCrossing: 556/1600 holds, last 0.215 s, source twoStageRealTimeIteration
turningCrossing: 560/1600 holds, last 0.224 s, source twoStageRealTimeIteration
turningCrossing: 564/1600 holds, last 0.245 s, source twoStageRealTimeIteration
turningCrossing: 568/1600 holds, last 0.230 s, source twoStageRealTimeIteration
turningCrossing: 572/1600 holds, last 0.213 s, source twoStageRealTimeIteration
turningCrossing: 576/1600 holds, last 0.215 s, source twoStageRealTimeIteration
turningCrossing: 580/1600 holds, last 0.207 s, source twoStageRealTimeIteration
turningCrossing: 584/1600 holds, last 0.207 s, source twoStageRealTimeIteration
turningCrossing: 588/1600 holds, last 0.202 s, source twoStageRealTimeIteration
turningCrossing: 592/1600 holds, last 0.217 s, source twoStageRealTimeIteration
turningCrossing: 596/1600 holds, last 0.205 s, source twoStageRealTimeIteration
turningCrossing: 600/1600 holds, last 0.220 s, source twoStageRealTimeIteration
Recovery at 30.00 s: e = [-1.33128    0.0546756 -0.000748501   0.00812564   -0.0340075], W = 122.997
turningCrossing: 604/1600 holds, last 0.191 s, source twoStageRealTimeIteration
turningCrossing: 608/1600 holds, last 0.143 s, source twoStageRealTimeIteration
turningCrossing: 612/1600 holds, last 0.195 s, source twoStageRealTimeIteration
turningCrossing: 616/1600 holds, last 0.208 s, source twoStageRealTimeIteration
turningCrossing: 620/1600 holds, last 0.200 s, source twoStageRealTimeIteration
turningCrossing: 624/1600 holds, last 0.198 s, source twoStageRealTimeIteration
turningCrossing: 628/1600 holds, last 0.203 s, source twoStageRealTimeIteration
turningCrossing: 632/1600 holds, last 0.191 s, source twoStageRealTimeIteration
turningCrossing: 636/1600 holds, last 0.196 s, source twoStageRealTimeIteration
turningCrossing: 640/1600 holds, last 0.190 s, source twoStageRealTimeIteration
turningCrossing: 644/1600 holds, last 0.182 s, source twoStageRealTimeIteration
turningCrossing: 648/1600 holds, last 0.184 s, source twoStageRealTimeIteration
turningCrossing: 652/1600 holds, last 0.178 s, source twoStageRealTimeIteration
turningCrossing: 656/1600 holds, last 0.129 s, source twoStageRealTimeIteration
turningCrossing: 660/1600 holds, last 0.177 s, source twoStageRealTimeIteration
turningCrossing: 664/1600 holds, last 0.181 s, source twoStageRealTimeIteration
turningCrossing: 668/1600 holds, last 0.179 s, source twoStageRealTimeIteration
turningCrossing: 672/1600 holds, last 0.156 s, source twoStageRealTimeIteration
turningCrossing: 676/1600 holds, last 0.143 s, source twoStageRealTimeIteration
turningCrossing: 680/1600 holds, last 0.156 s, source twoStageRealTimeIteration
turningCrossing: 684/1600 holds, last 0.171 s, source twoStageRealTimeIteration
turningCrossing: 688/1600 holds, last 0.168 s, source twoStageRealTimeIteration
turningCrossing: 692/1600 holds, last 0.177 s, source twoStageRealTimeIteration
turningCrossing: 696/1600 holds, last 0.178 s, source twoStageRealTimeIteration
turningCrossing: 700/1600 holds, last 0.168 s, source twoStageRealTimeIteration
Recovery at 35.00 s: e = [-0.0592799   0.00244044 -1.44826e-06  0.000294687  -0.00152238], W = 0.243735
turningCrossing: 704/1600 holds, last 0.167 s, source twoStageRealTimeIteration
turningCrossing: 708/1600 holds, last 0.168 s, source twoStageRealTimeIteration
turningCrossing: 712/1600 holds, last 0.171 s, source twoStageRealTimeIteration
turningCrossing: 716/1600 holds, last 0.169 s, source twoStageRealTimeIteration
turningCrossing: 720/1600 holds, last 0.171 s, source twoStageRealTimeIteration
turningCrossing: 724/1600 holds, last 0.168 s, source twoStageRealTimeIteration
turningCrossing: 728/1600 holds, last 0.170 s, source twoStageRealTimeIteration
turningCrossing: 732/1600 holds, last 0.167 s, source twoStageRealTimeIteration
turningCrossing: 736/1600 holds, last 0.118 s, source twoStageRealTimeIteration
turningCrossing: 740/1600 holds, last 0.167 s, source twoStageRealTimeIteration
turningCrossing: 744/1600 holds, last 0.167 s, source twoStageRealTimeIteration
turningCrossing: 748/1600 holds, last 0.158 s, source twoStageRealTimeIteration
turningCrossing: 752/1600 holds, last 0.167 s, source twoStageRealTimeIteration
turningCrossing: 756/1600 holds, last 0.168 s, source twoStageRealTimeIteration
turningCrossing: 760/1600 holds, last 0.164 s, source twoStageRealTimeIteration
turningCrossing: 764/1600 holds, last 0.167 s, source twoStageRealTimeIteration
turningCrossing: 768/1600 holds, last 0.160 s, source twoStageRealTimeIteration
turningCrossing: 772/1600 holds, last 0.159 s, source twoStageRealTimeIteration
turningCrossing: 776/1600 holds, last 0.167 s, source twoStageRealTimeIteration
turningCrossing: 780/1600 holds, last 0.154 s, source twoStageRealTimeIteration
turningCrossing: 784/1600 frames, max 0.317 s, failure 
CASE-END speed=15 scenario=turningCrossing frames=784 wall=147.016 recovered=1 max=0.316786 gap=0.128076054 failure=
PARTITION-COMPLETE 3
