MATLAB 26.1.0.3276743 (R2026a) Update 3, partition 0 of 4
CASE-START speed=8 scenario=headOn
headOn: 4/1600 holds, last 0.115 s, source twoStageRealTimeIteration
headOn: 8/1600 holds, last 0.076 s, source twoStageRealTimeIteration
headOn: 12/1600 holds, last 0.112 s, source twoStageRealTimeIteration
headOn: 16/1600 holds, last 0.162 s, source twoStageRealTimeIteration
headOn: 20/1600 holds, last 0.115 s, source twoStageRealTimeIteration
headOn: 24/1600 holds, last 0.152 s, source twoStageRealTimeIteration
headOn: 28/1600 holds, last 0.129 s, source twoStageRealTimeIteration
headOn: 32/1600 holds, last 0.119 s, source twoStageRealTimeIteration
headOn: 36/1600 holds, last 0.154 s, source twoStageRealTimeIteration
headOn: 40/1600 holds, last 0.130 s, source twoStageRealTimeIteration
headOn: 44/1600 holds, last 0.123 s, source twoStageRealTimeIteration
headOn: 48/1600 holds, last 0.253 s, source twoStageRealTimeIteration
headOn: 52/1600 holds, last 0.111 s, source twoStageRealTimeIteration
headOn: 56/1600 holds, last 0.099 s, source twoStageRealTimeIteration
headOn: 60/1600 holds, last 0.102 s, source twoStageRealTimeIteration
headOn: 64/1600 holds, last 0.099 s, source twoStageRealTimeIteration
headOn: 68/1600 holds, last 0.089 s, source twoStageRealTimeIteration
headOn: 72/1600 holds, last 0.071 s, source twoStageRealTimeIteration
headOn: 76/1600 holds, last 0.101 s, source twoStageRealTimeIteration
headOn: 80/1600 holds, last 0.069 s, source twoStageRealTimeIteration
headOn: 84/1600 holds, last 0.151 s, source twoStageRealTimeIteration
headOn: 88/1600 holds, last 0.124 s, source twoStageRealTimeIteration
headOn: 92/1600 holds, last 0.107 s, source twoStageRealTimeIteration
headOn: 96/1600 holds, last 0.158 s, source twoStageRealTimeIteration
headOn: 100/1600 holds, last 0.208 s, source twoStageRealTimeIteration
Recovery at 5.00 s: e = [8.31987  0.286973 -0.425846  -0.27015 -0.300663], W = 10928.8
headOn: 104/1600 holds, last 0.178 s, source twoStageRealTimeIteration
headOn: 108/1600 holds, last 0.154 s, source twoStageRealTimeIteration
headOn: 112/1600 holds, last 0.197 s, source twoStageRealTimeIteration
headOn: 116/1600 holds, last 0.194 s, source twoStageRealTimeIteration
headOn: 120/1600 holds, last 0.178 s, source twoStageRealTimeIteration
headOn: 124/1600 holds, last 0.203 s, source twoStageRealTimeIteration
headOn: 128/1600 holds, last 0.208 s, source twoStageRealTimeIteration
headOn: 132/1600 holds, last 0.208 s, source twoStageRealTimeIteration
headOn: 136/1600 holds, last 0.207 s, source twoStageRealTimeIteration
headOn: 140/1600 holds, last 0.200 s, source twoStageRealTimeIteration
headOn: 144/1600 holds, last 0.202 s, source twoStageRealTimeIteration
headOn: 148/1600 holds, last 0.200 s, source twoStageRealTimeIteration
headOn: 152/1600 holds, last 0.155 s, source twoStageRealTimeIteration
headOn: 156/1600 holds, last 0.189 s, source twoStageRealTimeIteration
headOn: 160/1600 holds, last 0.193 s, source twoStageRealTimeIteration
headOn: 164/1600 holds, last 0.190 s, source twoStageRealTimeIteration
headOn: 168/1600 holds, last 0.190 s, source twoStageRealTimeIteration
headOn: 172/1600 holds, last 0.197 s, source twoStageRealTimeIteration
headOn: 176/1600 holds, last 0.188 s, source twoStageRealTimeIteration
headOn: 180/1600 holds, last 0.133 s, source twoStageRealTimeIteration
headOn: 184/1600 holds, last 0.194 s, source twoStageRealTimeIteration
headOn: 188/1600 holds, last 0.197 s, source twoStageRealTimeIteration
headOn: 192/1600 holds, last 0.188 s, source twoStageRealTimeIteration
headOn: 196/1600 holds, last 0.184 s, source twoStageRealTimeIteration
headOn: 200/1600 holds, last 0.182 s, source twoStageRealTimeIteration
Recovery at 10.00 s: e = [0.712498   -0.0636786 -0.000151552    0.0474011    0.0410927], W = 39.6807
headOn: 204/1600 holds, last 0.182 s, source twoStageRealTimeIteration
headOn: 208/1600 holds, last 0.177 s, source twoStageRealTimeIteration
headOn: 212/1600 holds, last 0.132 s, source twoStageRealTimeIteration
headOn: 216/1600 holds, last 0.179 s, source twoStageRealTimeIteration
headOn: 220/1600 holds, last 0.176 s, source twoStageRealTimeIteration
headOn: 224/1600 holds, last 0.176 s, source twoStageRealTimeIteration
headOn: 228/1600 holds, last 0.193 s, source twoStageRealTimeIteration
headOn: 232/1600 holds, last 0.181 s, source twoStageRealTimeIteration
headOn: 236/1600 holds, last 0.183 s, source twoStageRealTimeIteration
headOn: 240/1600 holds, last 0.180 s, source twoStageRealTimeIteration
headOn: 244/1600 holds, last 0.172 s, source twoStageRealTimeIteration
headOn: 248/1600 holds, last 0.166 s, source twoStageRealTimeIteration
headOn: 252/1600 holds, last 0.121 s, source twoStageRealTimeIteration
headOn: 256/1600 holds, last 0.162 s, source twoStageRealTimeIteration
headOn: 260/1600 holds, last 0.174 s, source twoStageRealTimeIteration
headOn: 264/1600 holds, last 0.164 s, source twoStageRealTimeIteration
headOn: 268/1600 holds, last 0.170 s, source twoStageRealTimeIteration
headOn: 272/1600 holds, last 0.160 s, source twoStageRealTimeIteration
headOn: 276/1600 holds, last 0.164 s, source twoStageRealTimeIteration
headOn: 280/1600 holds, last 0.151 s, source twoStageRealTimeIteration
headOn: 284/1600 holds, last 0.138 s, source twoStageRealTimeIteration
headOn: 288/1600 holds, last 0.133 s, source twoStageRealTimeIteration
headOn: 292/1600 holds, last 0.142 s, source twoStageRealTimeIteration
headOn: 296/1600 holds, last 0.139 s, source twoStageRealTimeIteration
headOn: 300/1600 holds, last 0.140 s, source twoStageRealTimeIteration
Recovery at 15.00 s: e = [0.0276598 -0.00248143 -2.0571e-07  0.00187934  0.00161916], W = 0.0598074
headOn: 304/1600 holds, last 0.144 s, source twoStageRealTimeIteration
headOn: 308/1600 holds, last 0.143 s, source twoStageRealTimeIteration
headOn: 312/1600 holds, last 0.143 s, source twoStageRealTimeIteration
headOn: 316/1600 holds, last 0.141 s, source twoStageRealTimeIteration
headOn: 320/1600 holds, last 0.137 s, source twoStageRealTimeIteration
headOn: 324/1600 holds, last 0.134 s, source twoStageRealTimeIteration
headOn: 328/1600 holds, last 0.133 s, source twoStageRealTimeIteration
headOn: 332/1600 holds, last 0.132 s, source twoStageRealTimeIteration
headOn: 336/1600 holds, last 0.130 s, source twoStageRealTimeIteration
headOn: 340/1600 holds, last 0.139 s, source twoStageRealTimeIteration
headOn: 344/1600 holds, last 0.133 s, source twoStageRealTimeIteration
headOn: 348/1600 holds, last 0.143 s, source twoStageRealTimeIteration
headOn: 352/1600 holds, last 0.141 s, source twoStageRealTimeIteration
headOn: 356/1600 holds, last 0.134 s, source twoStageRealTimeIteration
headOn: 360/1600 holds, last 0.133 s, source twoStageRealTimeIteration
DRIVER-FAILURE speed=8 scenario=headOn Error using save
Cannot create file "headOn.mat" in directory
"/home/zai/.cache/collisionAvoidance/recovery-clf-20261001/campaign/speed8"
because directory
"/home/zai/.cache/collisionAvoidance/recovery-clf-20261001/campaign/speed8"
does not exist.

Error in runNonlinearPredictiveSafetyValidation (line 167)
            save(options.ContinuationFile,'continuation','-v7.3');
            ^^^^^^^^^^^^^^^^^^^^^^^^^^^^^^^^^^^^^^^^^^^^^^^^^^^^^
Error in campaign (line 16)
            report=runNonlinearPredictiveSafetyValidation(Scenarios=name,Frames=1600, ...
                   ^^^^^^^^^^^^^^^^^^^^^^^^^^^^^^^^^^^^^^^^^^^^^^^^^^^^^^^^^^^^^^^^^^^^^^
Error in run (line 100)
evalin('caller', strcat(scriptStem, ';'));
^^^^^^^^^^^^^^^^^^^^^^^^^^^^^^^^^^^^^^^^^
CASE-START speed=8 scenario=turningCrossing
turningCrossing: 4/1600 holds, last 0.117 s, source twoStageRealTimeIteration
turningCrossing: 8/1600 holds, last 0.149 s, source twoStageRealTimeIteration
turningCrossing: 12/1600 holds, last 0.102 s, source twoStageRealTimeIteration
turningCrossing: 16/1600 holds, last 0.118 s, source twoStageRealTimeIteration
turningCrossing: 20/1600 holds, last 0.074 s, source twoStageRealTimeIteration
turningCrossing: 24/1600 holds, last 0.108 s, source twoStageRealTimeIteration
turningCrossing: 28/1600 holds, last 0.097 s, source twoStageRealTimeIteration
turningCrossing: 32/1600 holds, last 0.104 s, source twoStageRealTimeIteration
turningCrossing: 36/1600 holds, last 0.096 s, source twoStageRealTimeIteration
turningCrossing: 40/1600 holds, last 0.117 s, source twoStageRealTimeIteration
turningCrossing: 44/1600 holds, last 0.143 s, source twoStageRealTimeIteration
turningCrossing: 48/1600 holds, last 0.110 s, source twoStageRealTimeIteration
turningCrossing: 52/1600 holds, last 0.099 s, source twoStageRealTimeIteration
turningCrossing: 56/1600 holds, last 0.146 s, source twoStageRealTimeIteration
turningCrossing: 60/1600 holds, last 0.099 s, source twoStageRealTimeIteration
turningCrossing: 64/1600 holds, last 0.099 s, source twoStageRealTimeIteration
turningCrossing: 68/1600 holds, last 0.104 s, source twoStageRealTimeIteration
turningCrossing: 72/1600 holds, last 0.106 s, source twoStageRealTimeIteration
turningCrossing: 76/1600 holds, last 0.102 s, source twoStageRealTimeIteration
turningCrossing: 80/1600 holds, last 0.102 s, source twoStageRealTimeIteration
turningCrossing: 84/1600 holds, last 0.106 s, source twoStageRealTimeIteration
turningCrossing: 88/1600 holds, last 0.115 s, source twoStageRealTimeIteration
turningCrossing: 92/1600 holds, last 0.113 s, source twoStageRealTimeIteration
turningCrossing: 96/1600 holds, last 0.108 s, source twoStageRealTimeIteration
turningCrossing: 100/1600 holds, last 0.094 s, source twoStageRealTimeIteration
Recovery at 5.00 s: e = [-24.8077  -0.387707    4.14409 -0.0236413   0.491267], W = 50175.4
turningCrossing: 104/1600 holds, last 0.107 s, source twoStageRealTimeIteration
turningCrossing: 108/1600 holds, last 0.109 s, source twoStageRealTimeIteration
turningCrossing: 112/1600 holds, last 0.114 s, source twoStageRealTimeIteration
turningCrossing: 116/1600 holds, last 0.117 s, source twoStageRealTimeIteration
turningCrossing: 120/1600 holds, last 0.107 s, source twoStageRealTimeIteration
turningCrossing: 124/1600 holds, last 0.106 s, source twoStageRealTimeIteration
turningCrossing: 128/1600 holds, last 0.095 s, source twoStageRealTimeIteration
turningCrossing: 132/1600 holds, last 0.095 s, source twoStageRealTimeIteration
turningCrossing: 136/1600 holds, last 0.091 s, source twoStageRealTimeIteration
turningCrossing: 140/1600 holds, last 0.071 s, source twoStageRealTimeIteration
turningCrossing: 144/1600 holds, last 0.091 s, source twoStageRealTimeIteration
turningCrossing: 148/1600 holds, last 0.095 s, source twoStageRealTimeIteration
turningCrossing: 152/1600 holds, last 0.093 s, source twoStageRealTimeIteration
turningCrossing: 156/1600 holds, last 0.094 s, source twoStageRealTimeIteration
turningCrossing: 160/1600 holds, last 0.094 s, source twoStageRealTimeIteration
turningCrossing: 164/1600 holds, last 0.092 s, source twoStageRealTimeIteration
turningCrossing: 168/1600 holds, last 0.093 s, source twoStageRealTimeIteration
turningCrossing: 172/1600 holds, last 0.093 s, source twoStageRealTimeIteration
turningCrossing: 176/1600 holds, last 0.110 s, source twoStageRealTimeIteration
turningCrossing: 180/1600 holds, last 0.142 s, source twoStageRealTimeIteration
turningCrossing: 184/1600 holds, last 0.119 s, source twoStageRealTimeIteration
turningCrossing: 188/1600 holds, last 0.129 s, source twoStageRealTimeIteration
turningCrossing: 192/1600 holds, last 0.136 s, source twoStageRealTimeIteration
turningCrossing: 196/1600 holds, last 0.142 s, source twoStageRealTimeIteration
turningCrossing: 200/1600 holds, last 0.140 s, source twoStageRealTimeIteration
Recovery at 10.00 s: e = [14.011   2.20443   6.64017 -0.737749  0.514709], W = 32647.7
turningCrossing: 204/1600 holds, last 0.138 s, source twoStageRealTimeIteration
turningCrossing: 208/1600 holds, last 0.159 s, source twoStageRealTimeIteration
turningCrossing: 212/1600 holds, last 0.155 s, source twoStageRealTimeIteration
turningCrossing: 216/1600 holds, last 0.141 s, source twoStageRealTimeIteration
turningCrossing: 220/1600 holds, last 0.140 s, source twoStageRealTimeIteration
turningCrossing: 224/1600 holds, last 0.147 s, source twoStageRealTimeIteration
turningCrossing: 228/1600 holds, last 0.145 s, source twoStageRealTimeIteration
turningCrossing: 232/1600 holds, last 0.148 s, source twoStageRealTimeIteration
turningCrossing: 236/1600 holds, last 0.104 s, source twoStageRealTimeIteration
turningCrossing: 240/1600 holds, last 0.075 s, source twoStageRealTimeIteration
turningCrossing: 244/1600 holds, last 0.124 s, source twoStageRealTimeIteration
turningCrossing: 248/1600 holds, last 0.105 s, source twoStageRealTimeIteration
turningCrossing: 252/1600 holds, last 0.102 s, source twoStageRealTimeIteration
turningCrossing: 256/1600 holds, last 0.097 s, source twoStageRealTimeIteration
turningCrossing: 260/1600 holds, last 0.092 s, source twoStageRealTimeIteration
turningCrossing: 264/1600 holds, last 0.089 s, source twoStageRealTimeIteration
turningCrossing: 268/1600 holds, last 0.089 s, source twoStageRealTimeIteration
turningCrossing: 272/1600 holds, last 0.094 s, source twoStageRealTimeIteration
turningCrossing: 276/1600 holds, last 0.084 s, source twoStageRealTimeIteration
turningCrossing: 280/1600 holds, last 0.080 s, source twoStageRealTimeIteration
turningCrossing: 284/1600 holds, last 0.078 s, source twoStageRealTimeIteration
turningCrossing: 288/1600 holds, last 0.078 s, source twoStageRealTimeIteration
turningCrossing: 292/1600 holds, last 0.085 s, source twoStageRealTimeIteration
turningCrossing: 296/1600 holds, last 0.082 s, source twoStageRealTimeIteration
turningCrossing: 300/1600 holds, last 0.085 s, source twoStageRealTimeIteration
Recovery at 15.00 s: e = [-5.29011 -1.55279   6.6073  -2.0347 0.194463], W = 9314.41
turningCrossing: 304/1600 holds, last 0.077 s, source twoStageRealTimeIteration
turningCrossing: 308/1600 holds, last 0.083 s, source twoStageRealTimeIteration
turningCrossing: 312/1600 holds, last 0.087 s, source twoStageRealTimeIteration
turningCrossing: 316/1600 holds, last 0.087 s, source twoStageRealTimeIteration
turningCrossing: 320/1600 holds, last 0.110 s, source twoStageRealTimeIteration
turningCrossing: 324/1600 holds, last 0.222 s, source twoStageRealTimeIteration
turningCrossing: 328/1600 holds, last 0.220 s, source twoStageRealTimeIteration
turningCrossing: 332/1600 holds, last 0.223 s, source twoStageRealTimeIteration
turningCrossing: 336/1600 holds, last 0.156 s, source twoStageRealTimeIteration
turningCrossing: 340/1600 holds, last 0.212 s, source twoStageRealTimeIteration
turningCrossing: 344/1600 holds, last 0.209 s, source twoStageRealTimeIteration
turningCrossing: 348/1600 holds, last 0.208 s, source twoStageRealTimeIteration
turningCrossing: 352/1600 holds, last 0.205 s, source twoStageRealTimeIteration
turningCrossing: 356/1600 holds, last 0.203 s, source twoStageRealTimeIteration
turningCrossing: 360/1600 holds, last 0.215 s, source twoStageRealTimeIteration
turningCrossing: 364/1600 holds, last 0.214 s, source twoStageRealTimeIteration
turningCrossing: 368/1600 holds, last 0.208 s, source twoStageRealTimeIteration
turningCrossing: 372/1600 holds, last 0.204 s, source twoStageRealTimeIteration
turningCrossing: 376/1600 holds, last 0.205 s, source twoStageRealTimeIteration
turningCrossing: 380/1600 holds, last 0.203 s, source twoStageRealTimeIteration
turningCrossing: 384/1600 holds, last 0.220 s, source twoStageRealTimeIteration
turningCrossing: 388/1600 holds, last 0.216 s, source twoStageRealTimeIteration
turningCrossing: 392/1600 holds, last 0.236 s, source twoStageRealTimeIteration
turningCrossing: 396/1600 holds, last 0.211 s, source twoStageRealTimeIteration
turningCrossing: 400/1600 holds, last 0.214 s, source twoStageRealTimeIteration
Recovery at 20.00 s: e = [-16.296     0.888221 -0.000167083   -0.0499728   -0.0500955], W = 25559.8
turningCrossing: 404/1600 holds, last 0.217 s, source twoStageRealTimeIteration
turningCrossing: 408/1600 holds, last 0.205 s, source twoStageRealTimeIteration
turningCrossing: 412/1600 holds, last 0.149 s, source twoStageRealTimeIteration
turningCrossing: 416/1600 holds, last 0.210 s, source twoStageRealTimeIteration
turningCrossing: 420/1600 holds, last 0.204 s, source twoStageRealTimeIteration
turningCrossing: 424/1600 holds, last 0.210 s, source twoStageRealTimeIteration
turningCrossing: 428/1600 holds, last 0.205 s, source twoStageRealTimeIteration
turningCrossing: 432/1600 holds, last 0.081 s, source twoStageRealTimeIteration
turningCrossing: 436/1600 holds, last 0.084 s, source twoStageRealTimeIteration
turningCrossing: 440/1600 holds, last 0.081 s, source twoStageRealTimeIteration
turningCrossing: 444/1600 holds, last 0.085 s, source twoStageRealTimeIteration
turningCrossing: 448/1600 holds, last 0.084 s, source twoStageRealTimeIteration
turningCrossing: 452/1600 holds, last 0.176 s, source twoStageRealTimeIteration
turningCrossing: 456/1600 holds, last 0.183 s, source twoStageRealTimeIteration
turningCrossing: 460/1600 holds, last 0.105 s, source twoStageRealTimeIteration
turningCrossing: 464/1600 holds, last 0.097 s, source twoStageRealTimeIteration
turningCrossing: 468/1600 holds, last 0.094 s, source twoStageRealTimeIteration
turningCrossing: 472/1600 holds, last 0.097 s, source twoStageRealTimeIteration
turningCrossing: 476/1600 holds, last 0.099 s, source twoStageRealTimeIteration
turningCrossing: 480/1600 holds, last 0.105 s, source twoStageRealTimeIteration
turningCrossing: 484/1600 holds, last 0.093 s, source twoStageRealTimeIteration
turningCrossing: 488/1600 holds, last 0.111 s, source twoStageRealTimeIteration
turningCrossing: 492/1600 holds, last 0.115 s, source twoStageRealTimeIteration
turningCrossing: 496/1600 holds, last 0.102 s, source twoStageRealTimeIteration
turningCrossing: 500/1600 holds, last 0.105 s, source twoStageRealTimeIteration
Recovery at 25.00 s: e = [3.8924 0.825096  1.25583 0.355595 0.661433], W = 3270.45
turningCrossing: 504/1600 holds, last 0.090 s, source twoStageRealTimeIteration
turningCrossing: 508/1600 holds, last 0.102 s, source twoStageRealTimeIteration
turningCrossing: 512/1600 holds, last 0.298 s, source twoStageRealTimeIteration
turningCrossing: 516/1600 holds, last 0.115 s, source twoStageRealTimeIteration
turningCrossing: 520/1600 holds, last 0.111 s, source twoStageRealTimeIteration
turningCrossing: 524/1600 holds, last 0.094 s, source twoStageRealTimeIteration
turningCrossing: 528/1600 holds, last 0.207 s, source twoStageRealTimeIteration
turningCrossing: 532/1600 holds, last 0.204 s, source twoStageRealTimeIteration
turningCrossing: 536/1600 holds, last 0.145 s, source twoStageRealTimeIteration
turningCrossing: 540/1600 holds, last 0.191 s, source twoStageRealTimeIteration
turningCrossing: 544/1600 holds, last 0.195 s, source twoStageRealTimeIteration
turningCrossing: 548/1600 holds, last 0.209 s, source twoStageRealTimeIteration
turningCrossing: 552/1600 holds, last 0.206 s, source twoStageRealTimeIteration
turningCrossing: 556/1600 holds, last 0.214 s, source twoStageRealTimeIteration
turningCrossing: 560/1600 holds, last 0.241 s, source twoStageRealTimeIteration
turningCrossing: 564/1600 holds, last 0.273 s, source twoStageRealTimeIteration
turningCrossing: 568/1600 holds, last 0.217 s, source twoStageRealTimeIteration
turningCrossing: 572/1600 holds, last 0.233 s, source twoStageRealTimeIteration
turningCrossing: 576/1600 holds, last 0.149 s, source twoStageRealTimeIteration
turningCrossing: 580/1600 holds, last 0.211 s, source twoStageRealTimeIteration
turningCrossing: 584/1600 holds, last 0.210 s, source twoStageRealTimeIteration
turningCrossing: 588/1600 holds, last 0.209 s, source twoStageRealTimeIteration
turningCrossing: 592/1600 holds, last 0.195 s, source twoStageRealTimeIteration
turningCrossing: 596/1600 holds, last 0.198 s, source twoStageRealTimeIteration
turningCrossing: 600/1600 holds, last 0.212 s, source twoStageRealTimeIteration
Recovery at 30.00 s: e = [3.6192   -0.307035 -0.00367897    0.187205    0.166862], W = 1031.85
turningCrossing: 604/1600 holds, last 0.077 s, source twoStageRealTimeIteration
turningCrossing: 608/1600 holds, last 0.055 s, source twoStageRealTimeIteration
turningCrossing: 612/1600 holds, last 0.080 s, source twoStageRealTimeIteration
turningCrossing: 616/1600 holds, last 0.206 s, source twoStageRealTimeIteration
turningCrossing: 620/1600 holds, last 0.193 s, source twoStageRealTimeIteration
turningCrossing: 624/1600 holds, last 0.179 s, source twoStageRealTimeIteration
turningCrossing: 628/1600 holds, last 0.196 s, source twoStageRealTimeIteration
turningCrossing: 632/1600 holds, last 0.191 s, source twoStageRealTimeIteration
turningCrossing: 636/1600 holds, last 0.200 s, source twoStageRealTimeIteration
turningCrossing: 640/1600 holds, last 0.242 s, source twoStageRealTimeIteration
turningCrossing: 644/1600 holds, last 0.265 s, source twoStageRealTimeIteration
turningCrossing: 648/1600 holds, last 0.200 s, source twoStageRealTimeIteration
turningCrossing: 652/1600 holds, last 0.184 s, source twoStageRealTimeIteration
turningCrossing: 656/1600 holds, last 0.187 s, source twoStageRealTimeIteration
turningCrossing: 660/1600 holds, last 0.202 s, source twoStageRealTimeIteration
turningCrossing: 664/1600 holds, last 0.220 s, source twoStageRealTimeIteration
turningCrossing: 668/1600 holds, last 0.200 s, source twoStageRealTimeIteration
turningCrossing: 672/1600 holds, last 0.188 s, source twoStageRealTimeIteration
turningCrossing: 676/1600 holds, last 0.213 s, source twoStageRealTimeIteration
turningCrossing: 680/1600 holds, last 0.199 s, source twoStageRealTimeIteration
turningCrossing: 684/1600 holds, last 0.192 s, source twoStageRealTimeIteration
turningCrossing: 688/1600 holds, last 0.191 s, source twoStageRealTimeIteration
turningCrossing: 692/1600 holds, last 0.194 s, source twoStageRealTimeIteration
turningCrossing: 696/1600 holds, last 0.170 s, source twoStageRealTimeIteration
turningCrossing: 700/1600 holds, last 0.172 s, source twoStageRealTimeIteration
Recovery at 35.00 s: e = [0.12864   -0.0115708 -4.70754e-06   0.00881297   0.00759735], W = 1.29313
turningCrossing: 704/1600 holds, last 0.174 s, source twoStageRealTimeIteration
turningCrossing: 708/1600 holds, last 0.175 s, source twoStageRealTimeIteration
turningCrossing: 712/1600 holds, last 0.212 s, source twoStageRealTimeIteration
turningCrossing: 716/1600 holds, last 0.180 s, source twoStageRealTimeIteration
turningCrossing: 720/1600 holds, last 0.181 s, source twoStageRealTimeIteration
turningCrossing: 724/1600 holds, last 0.162 s, source twoStageRealTimeIteration
turningCrossing: 728/1600 holds, last 0.161 s, source twoStageRealTimeIteration
turningCrossing: 732/1600 holds, last 0.142 s, source twoStageRealTimeIteration
turningCrossing: 736/1600 holds, last 0.146 s, source twoStageRealTimeIteration
turningCrossing: 740/1600 holds, last 0.153 s, source twoStageRealTimeIteration
turningCrossing: 744/1600 holds, last 0.162 s, source twoStageRealTimeIteration
turningCrossing: 748/1600 holds, last 0.140 s, source twoStageRealTimeIteration
turningCrossing: 752/1600 holds, last 0.149 s, source twoStageRealTimeIteration
turningCrossing: 756/1600 holds, last 0.207 s, source twoStageRealTimeIteration
turningCrossing: 760/1600 holds, last 0.164 s, source twoStageRealTimeIteration
turningCrossing: 764/1600 holds, last 0.107 s, source twoStageRealTimeIteration
turningCrossing: 768/1600 holds, last 0.152 s, source twoStageRealTimeIteration
turningCrossing: 772/1600 holds, last 0.100 s, source twoStageRealTimeIteration
turningCrossing: 776/1600 holds, last 0.145 s, source twoStageRealTimeIteration
turningCrossing: 780/1600 holds, last 0.174 s, source twoStageRealTimeIteration
turningCrossing: 784/1600 holds, last 0.143 s, source twoStageRealTimeIteration
turningCrossing: 788/1600 holds, last 0.141 s, source twoStageRealTimeIteration
turningCrossing: 792/1600 holds, last 0.163 s, source twoStageRealTimeIteration
turningCrossing: 796/1600 holds, last 0.143 s, source twoStageRealTimeIteration
turningCrossing: 800/1600 holds, last 0.155 s, source twoStageRealTimeIteration
Recovery at 40.00 s: e = [0.00498389 -0.000447101 -5.03528e-09  0.000338648  0.000291712], W = 0.00194179
turningCrossing: 804/1600 holds, last 0.139 s, source twoStageRealTimeIteration
turningCrossing: 808/1600 frames, max 0.298 s, failure 
CASE-END speed=8 scenario=turningCrossing frames=808 wall=127.246 recovered=1 max=0.298419 gap=0.440102499 failure=
CASE-START speed=15 scenario=acceleratingHeadOn
acceleratingHeadOn: 4/1600 holds, last 0.178 s, source twoStageRealTimeIteration
acceleratingHeadOn: 8/1600 holds, last 0.161 s, source twoStageRealTimeIteration
acceleratingHeadOn: 12/1600 holds, last 0.152 s, source twoStageRealTimeIteration
acceleratingHeadOn: 16/1600 holds, last 0.335 s, source twoStageRealTimeIteration
acceleratingHeadOn: 20/1600 holds, last 0.128 s, source twoStageRealTimeIteration
acceleratingHeadOn: 24/1600 holds, last 0.123 s, source twoStageRealTimeIteration
acceleratingHeadOn: 28/1600 holds, last 0.124 s, source twoStageRealTimeIteration
acceleratingHeadOn: 32/1600 holds, last 0.110 s, source twoStageRealTimeIteration
acceleratingHeadOn: 36/1600 holds, last 0.149 s, source twoStageRealTimeIteration
acceleratingHeadOn: 40/1600 holds, last 0.126 s, source twoStageRealTimeIteration
acceleratingHeadOn: 44/1600 holds, last 0.106 s, source twoStageRealTimeIteration
acceleratingHeadOn: 48/1600 holds, last 0.162 s, source twoStageRealTimeIteration
acceleratingHeadOn: 52/1600 holds, last 0.161 s, source twoStageRealTimeIteration
acceleratingHeadOn: 56/1600 holds, last 0.234 s, source twoStageRealTimeIteration
acceleratingHeadOn: 60/1600 holds, last 0.223 s, source twoStageRealTimeIteration
acceleratingHeadOn: 64/1600 holds, last 0.219 s, source twoStageRealTimeIteration
acceleratingHeadOn: 68/1600 holds, last 0.262 s, source twoStageRealTimeIteration
acceleratingHeadOn: 72/1600 holds, last 0.218 s, source twoStageRealTimeIteration
acceleratingHeadOn: 76/1600 holds, last 0.197 s, source twoStageRealTimeIteration
acceleratingHeadOn: 80/1600 holds, last 0.193 s, source twoStageRealTimeIteration
acceleratingHeadOn: 84/1600 holds, last 0.194 s, source twoStageRealTimeIteration
acceleratingHeadOn: 88/1600 holds, last 0.207 s, source twoStageRealTimeIteration
acceleratingHeadOn: 92/1600 holds, last 0.256 s, source twoStageRealTimeIteration
acceleratingHeadOn: 96/1600 holds, last 0.226 s, source twoStageRealTimeIteration
acceleratingHeadOn: 100/1600 holds, last 0.195 s, source twoStageRealTimeIteration
Recovery at 5.00 s: e = [1.32323  -0.0547801 -0.00154663  -0.0081898   0.0349295], W = 121.18
acceleratingHeadOn: 104/1600 holds, last 0.240 s, source twoStageRealTimeIteration
acceleratingHeadOn: 108/1600 holds, last 0.203 s, source twoStageRealTimeIteration
acceleratingHeadOn: 112/1600 holds, last 0.252 s, source twoStageRealTimeIteration
acceleratingHeadOn: 116/1600 holds, last 0.246 s, source twoStageRealTimeIteration
acceleratingHeadOn: 120/1600 holds, last 0.202 s, source twoStageRealTimeIteration
acceleratingHeadOn: 124/1600 holds, last 0.262 s, source twoStageRealTimeIteration
acceleratingHeadOn: 128/1600 holds, last 0.270 s, source twoStageRealTimeIteration
acceleratingHeadOn: 132/1600 holds, last 0.274 s, source twoStageRealTimeIteration
acceleratingHeadOn: 136/1600 holds, last 0.251 s, source twoStageRealTimeIteration
acceleratingHeadOn: 140/1600 holds, last 0.193 s, source twoStageRealTimeIteration
acceleratingHeadOn: 144/1600 holds, last 0.188 s, source twoStageRealTimeIteration
acceleratingHeadOn: 148/1600 holds, last 0.219 s, source twoStageRealTimeIteration
acceleratingHeadOn: 152/1600 holds, last 0.233 s, source twoStageRealTimeIteration
acceleratingHeadOn: 156/1600 holds, last 0.231 s, source twoStageRealTimeIteration
acceleratingHeadOn: 160/1600 holds, last 0.189 s, source twoStageRealTimeIteration
acceleratingHeadOn: 164/1600 holds, last 0.191 s, source twoStageRealTimeIteration
acceleratingHeadOn: 168/1600 holds, last 0.189 s, source twoStageRealTimeIteration
acceleratingHeadOn: 172/1600 holds, last 0.276 s, source twoStageRealTimeIteration
acceleratingHeadOn: 176/1600 holds, last 0.239 s, source twoStageRealTimeIteration
acceleratingHeadOn: 180/1600 holds, last 0.185 s, source twoStageRealTimeIteration
acceleratingHeadOn: 184/1600 holds, last 0.212 s, source twoStageRealTimeIteration
acceleratingHeadOn: 188/1600 holds, last 0.221 s, source twoStageRealTimeIteration
acceleratingHeadOn: 192/1600 holds, last 0.225 s, source twoStageRealTimeIteration
acceleratingHeadOn: 196/1600 holds, last 0.246 s, source twoStageRealTimeIteration
acceleratingHeadOn: 200/1600 holds, last 0.189 s, source twoStageRealTimeIteration
Recovery at 10.00 s: e = [0.0587837  -0.00242002 -1.42409e-06 -0.000292196   0.00150964], W = 0.239672
acceleratingHeadOn: 204/1600 holds, last 0.191 s, source twoStageRealTimeIteration
acceleratingHeadOn: 208/1600 holds, last 0.202 s, source twoStageRealTimeIteration
acceleratingHeadOn: 212/1600 holds, last 0.264 s, source twoStageRealTimeIteration
acceleratingHeadOn: 216/1600 holds, last 0.195 s, source twoStageRealTimeIteration
acceleratingHeadOn: 220/1600 holds, last 0.202 s, source twoStageRealTimeIteration
acceleratingHeadOn: 224/1600 holds, last 0.226 s, source twoStageRealTimeIteration
acceleratingHeadOn: 228/1600 holds, last 0.226 s, source twoStageRealTimeIteration
acceleratingHeadOn: 232/1600 holds, last 0.211 s, source twoStageRealTimeIteration
acceleratingHeadOn: 236/1600 holds, last 0.177 s, source twoStageRealTimeIteration
acceleratingHeadOn: 240/1600 holds, last 0.172 s, source twoStageRealTimeIteration
acceleratingHeadOn: 244/1600 holds, last 0.161 s, source twoStageRealTimeIteration
acceleratingHeadOn: 248/1600 holds, last 0.177 s, source twoStageRealTimeIteration
acceleratingHeadOn: 252/1600 holds, last 0.173 s, source twoStageRealTimeIteration
acceleratingHeadOn: 256/1600 holds, last 0.195 s, source twoStageRealTimeIteration
acceleratingHeadOn: 260/1600 holds, last 0.173 s, source twoStageRealTimeIteration
acceleratingHeadOn: 264/1600 holds, last 0.174 s, source twoStageRealTimeIteration
acceleratingHeadOn: 268/1600 holds, last 0.165 s, source twoStageRealTimeIteration
acceleratingHeadOn: 272/1600 holds, last 0.162 s, source twoStageRealTimeIteration
acceleratingHeadOn: 276/1600 holds, last 0.161 s, source twoStageRealTimeIteration
acceleratingHeadOn: 280/1600 holds, last 0.166 s, source twoStageRealTimeIteration
acceleratingHeadOn: 283/1600 frames, max 0.370 s, failure 
CASE-END speed=15 scenario=acceleratingHeadOn frames=283 wall=59.387 recovered=1 max=0.370264 gap=0.031405410 failure=
CASE-START speed=15 scenario=curvedHeadOn
curvedHeadOn: 4/1600 holds, last 0.138 s, source twoStageRealTimeIteration
curvedHeadOn: 8/1600 holds, last 0.123 s, source twoStageRealTimeIteration
curvedHeadOn: 12/1600 holds, last 0.113 s, source twoStageRealTimeIteration
curvedHeadOn: 16/1600 holds, last 0.117 s, source twoStageRealTimeIteration
curvedHeadOn: 20/1600 holds, last 0.156 s, source twoStageRealTimeIteration
curvedHeadOn: 24/1600 holds, last 0.153 s, source twoStageRealTimeIteration
curvedHeadOn: 28/1600 holds, last 0.131 s, source twoStageRealTimeIteration
curvedHeadOn: 32/1600 holds, last 0.132 s, source twoStageRealTimeIteration
curvedHeadOn: 36/1600 holds, last 0.123 s, source twoStageRealTimeIteration
curvedHeadOn: 40/1600 holds, last 0.132 s, source twoStageRealTimeIteration
curvedHeadOn: 44/1600 holds, last 0.116 s, source twoStageRealTimeIteration
curvedHeadOn: 48/1600 holds, last 0.100 s, source twoStageRealTimeIteration
curvedHeadOn: 52/1600 holds, last 0.102 s, source twoStageRealTimeIteration
curvedHeadOn: 56/1600 holds, last 0.104 s, source twoStageRealTimeIteration
curvedHeadOn: 60/1600 holds, last 0.098 s, source twoStageRealTimeIteration
curvedHeadOn: 64/1600 holds, last 0.098 s, source twoStageRealTimeIteration
curvedHeadOn: 68/1600 holds, last 0.095 s, source twoStageRealTimeIteration
curvedHeadOn: 72/1600 holds, last 0.084 s, source twoStageRealTimeIteration
curvedHeadOn: 76/1600 holds, last 0.089 s, source twoStageRealTimeIteration
curvedHeadOn: 80/1600 holds, last 0.320 s, source twoStageRealTimeIteration
curvedHeadOn: 84/1600 holds, last 0.254 s, source twoStageRealTimeIteration
curvedHeadOn: 88/1600 holds, last 0.233 s, source twoStageRealTimeIteration
curvedHeadOn: 92/1600 holds, last 0.260 s, source twoStageRealTimeIteration
curvedHeadOn: 96/1600 holds, last 0.225 s, source twoStageRealTimeIteration
curvedHeadOn: 100/1600 holds, last 0.215 s, source twoStageRealTimeIteration
Recovery at 5.00 s: e = [2.85005 -0.108979 -0.893227 0.0349036 0.0185985], W = 617.017
curvedHeadOn: 104/1600 holds, last 0.211 s, source twoStageRealTimeIteration
curvedHeadOn: 108/1600 holds, last 0.212 s, source twoStageRealTimeIteration
curvedHeadOn: 112/1600 holds, last 0.206 s, source twoStageRealTimeIteration
curvedHeadOn: 116/1600 holds, last 0.214 s, source twoStageRealTimeIteration
curvedHeadOn: 120/1600 holds, last 0.206 s, source twoStageRealTimeIteration
curvedHeadOn: 124/1600 holds, last 0.206 s, source twoStageRealTimeIteration
curvedHeadOn: 128/1600 holds, last 0.200 s, source twoStageRealTimeIteration
curvedHeadOn: 132/1600 holds, last 0.201 s, source twoStageRealTimeIteration
curvedHeadOn: 136/1600 holds, last 0.201 s, source twoStageRealTimeIteration
curvedHeadOn: 140/1600 holds, last 0.197 s, source twoStageRealTimeIteration
curvedHeadOn: 144/1600 holds, last 0.201 s, source twoStageRealTimeIteration
curvedHeadOn: 148/1600 holds, last 0.191 s, source twoStageRealTimeIteration
curvedHeadOn: 152/1600 holds, last 0.216 s, source twoStageRealTimeIteration
curvedHeadOn: 156/1600 holds, last 0.191 s, source twoStageRealTimeIteration
curvedHeadOn: 160/1600 holds, last 0.198 s, source twoStageRealTimeIteration
curvedHeadOn: 164/1600 holds, last 0.185 s, source twoStageRealTimeIteration
curvedHeadOn: 168/1600 holds, last 0.140 s, source twoStageRealTimeIteration
curvedHeadOn: 172/1600 holds, last 0.147 s, source twoStageRealTimeIteration
curvedHeadOn: 176/1600 holds, last 0.176 s, source twoStageRealTimeIteration
curvedHeadOn: 180/1600 holds, last 0.183 s, source twoStageRealTimeIteration
curvedHeadOn: 184/1600 holds, last 0.182 s, source twoStageRealTimeIteration
curvedHeadOn: 188/1600 holds, last 0.204 s, source twoStageRealTimeIteration
curvedHeadOn: 192/1600 holds, last 0.237 s, source twoStageRealTimeIteration
curvedHeadOn: 196/1600 holds, last 0.219 s, source twoStageRealTimeIteration
curvedHeadOn: 200/1600 holds, last 0.179 s, source twoStageRealTimeIteration
Recovery at 10.00 s: e = [0.129432  -0.00526291 -0.000294983  -0.00132057   0.00331537], W = 1.16515
curvedHeadOn: 204/1600 holds, last 0.168 s, source twoStageRealTimeIteration
curvedHeadOn: 208/1600 holds, last 0.173 s, source twoStageRealTimeIteration
curvedHeadOn: 212/1600 holds, last 0.171 s, source twoStageRealTimeIteration
curvedHeadOn: 216/1600 holds, last 0.174 s, source twoStageRealTimeIteration
curvedHeadOn: 220/1600 holds, last 0.171 s, source twoStageRealTimeIteration
curvedHeadOn: 224/1600 holds, last 0.165 s, source twoStageRealTimeIteration
curvedHeadOn: 228/1600 holds, last 0.170 s, source twoStageRealTimeIteration
curvedHeadOn: 232/1600 holds, last 0.179 s, source twoStageRealTimeIteration
curvedHeadOn: 236/1600 holds, last 0.168 s, source twoStageRealTimeIteration
curvedHeadOn: 240/1600 holds, last 0.163 s, source twoStageRealTimeIteration
curvedHeadOn: 244/1600 holds, last 0.158 s, source twoStageRealTimeIteration
curvedHeadOn: 248/1600 holds, last 0.157 s, source twoStageRealTimeIteration
curvedHeadOn: 252/1600 holds, last 0.117 s, source twoStageRealTimeIteration
curvedHeadOn: 256/1600 holds, last 0.183 s, source twoStageRealTimeIteration
curvedHeadOn: 260/1600 holds, last 0.164 s, source twoStageRealTimeIteration
curvedHeadOn: 264/1600 holds, last 0.164 s, source twoStageRealTimeIteration
curvedHeadOn: 268/1600 holds, last 0.167 s, source twoStageRealTimeIteration
curvedHeadOn: 272/1600 holds, last 0.164 s, source twoStageRealTimeIteration
curvedHeadOn: 276/1600 holds, last 0.153 s, source twoStageRealTimeIteration
curvedHeadOn: 280/1600 holds, last 0.119 s, source twoStageRealTimeIteration
curvedHeadOn: 284/1600 holds, last 0.154 s, source twoStageRealTimeIteration
curvedHeadOn: 288/1600 holds, last 0.146 s, source twoStageRealTimeIteration
curvedHeadOn: 292/1600 holds, last 0.156 s, source twoStageRealTimeIteration
curvedHeadOn: 296/1600 holds, last 0.148 s, source twoStageRealTimeIteration
curvedHeadOn: 300/1600 holds, last 0.143 s, source twoStageRealTimeIteration
Recovery at 15.00 s: e = [0.00582481 -0.000236876 -1.29143e-05    -5.87e-05  0.000149359], W = 0.00235983
curvedHeadOn: 304/1600 holds, last 0.141 s, source twoStageRealTimeIteration
curvedHeadOn: 308/1600 holds, last 0.152 s, source twoStageRealTimeIteration
curvedHeadOn: 309/1600 frames, max 0.320 s, failure 
CASE-END speed=15 scenario=curvedHeadOn frames=309 wall=55.481 recovered=1 max=0.320192 gap=0.844462548 failure=
PARTITION-COMPLETE 0
