MATLAB 26.1.0.3276743 (R2026a) Update 3, partition 2 of 4
CASE-START speed=8 scenario=brakingLead
brakingLead: 4/1600 holds, last 0.141 s, source twoStageRealTimeIteration
brakingLead: 8/1600 holds, last 0.111 s, source twoStageRealTimeIteration
brakingLead: 12/1600 holds, last 0.115 s, source twoStageRealTimeIteration
brakingLead: 16/1600 holds, last 0.144 s, source twoStageRealTimeIteration
brakingLead: 20/1600 holds, last 0.100 s, source twoStageRealTimeIteration
brakingLead: 24/1600 holds, last 0.106 s, source twoStageRealTimeIteration
brakingLead: 28/1600 holds, last 0.099 s, source twoStageRealTimeIteration
brakingLead: 32/1600 holds, last 0.258 s, source twoStageRealTimeIteration
brakingLead: 36/1600 holds, last 0.325 s, source twoStageRealTimeIteration
brakingLead: 40/1600 holds, last 0.082 s, source twoStageRealTimeIteration
brakingLead: 44/1600 holds, last 0.171 s, source twoStageRealTimeIteration
brakingLead: 48/1600 holds, last 0.316 s, source twoStageRealTimeIteration
brakingLead: 52/1600 holds, last 0.314 s, source twoStageRealTimeIteration
brakingLead: 56/1600 holds, last 0.255 s, source twoStageRealTimeIteration
brakingLead: 60/1600 holds, last 0.095 s, source twoStageRealTimeIteration
brakingLead: 64/1600 holds, last 0.113 s, source twoStageRealTimeIteration
brakingLead: 68/1600 holds, last 0.309 s, source twoStageRealTimeIteration
brakingLead: 72/1600 holds, last 0.093 s, source twoStageRealTimeIteration
brakingLead: 76/1600 holds, last 0.096 s, source twoStageRealTimeIteration
brakingLead: 80/1600 holds, last 0.098 s, source twoStageRealTimeIteration
brakingLead: 84/1600 holds, last 0.309 s, source twoStageRealTimeIteration
brakingLead: 88/1600 holds, last 0.353 s, source twoStageRealTimeIteration
brakingLead: 92/1600 holds, last 0.379 s, source twoStageRealTimeIteration
brakingLead: 96/1600 holds, last 0.109 s, source twoStageRealTimeIteration
brakingLead: 100/1600 holds, last 0.269 s, source twoStageRealTimeIteration
Recovery at 5.00 s: e = [4.01422  0.0377416 -0.0969336 -0.0149751 -0.0192235], W = 1274.4
brakingLead: 104/1600 holds, last 0.106 s, source twoStageRealTimeIteration
brakingLead: 108/1600 holds, last 0.111 s, source twoStageRealTimeIteration
brakingLead: 112/1600 holds, last 0.110 s, source twoStageRealTimeIteration
brakingLead: 116/1600 holds, last 0.102 s, source twoStageRealTimeIteration
brakingLead: 120/1600 holds, last 0.108 s, source twoStageRealTimeIteration
brakingLead: 124/1600 holds, last 0.159 s, source twoStageRealTimeIteration
brakingLead: 128/1600 holds, last 0.117 s, source twoStageRealTimeIteration
brakingLead: 132/1600 holds, last 0.126 s, source twoStageRealTimeIteration
brakingLead: 136/1600 holds, last 0.124 s, source twoStageRealTimeIteration
brakingLead: 140/1600 holds, last 0.176 s, source twoStageRealTimeIteration
brakingLead: 144/1600 holds, last 0.159 s, source twoStageRealTimeIteration
brakingLead: 148/1600 holds, last 0.080 s, source twoStageRealTimeIteration
brakingLead: 152/1600 holds, last 0.075 s, source twoStageRealTimeIteration
brakingLead: 156/1600 holds, last 0.069 s, source twoStageRealTimeIteration
brakingLead: 160/1600 holds, last 0.070 s, source twoStageRealTimeIteration
brakingLead: 164/1600 holds, last 0.069 s, source twoStageRealTimeIteration
brakingLead: 168/1600 holds, last 0.072 s, source twoStageRealTimeIteration
brakingLead: 172/1600 holds, last 0.068 s, source twoStageRealTimeIteration
brakingLead: 176/1600 holds, last 0.069 s, source twoStageRealTimeIteration
brakingLead: 180/1600 holds, last 0.067 s, source twoStageRealTimeIteration
brakingLead: 184/1600 holds, last 0.071 s, source twoStageRealTimeIteration
brakingLead: 188/1600 holds, last 0.068 s, source twoStageRealTimeIteration
brakingLead: 192/1600 holds, last 0.077 s, source twoStageRealTimeIteration
brakingLead: 196/1600 holds, last 0.075 s, source twoStageRealTimeIteration
brakingLead: 200/1600 holds, last 0.071 s, source twoStageRealTimeIteration
Recovery at 10.00 s: e = [0.446786  -0.534449   -3.64626 -0.0229407 -0.0115369], W = 664.078
brakingLead: 204/1600 holds, last 0.075 s, source twoStageRealTimeIteration
brakingLead: 208/1600 holds, last 0.072 s, source twoStageRealTimeIteration
brakingLead: 212/1600 holds, last 0.075 s, source twoStageRealTimeIteration
brakingLead: 216/1600 holds, last 0.075 s, source twoStageRealTimeIteration
brakingLead: 220/1600 holds, last 0.096 s, source twoStageRealTimeIteration
brakingLead: 224/1600 holds, last 0.075 s, source twoStageRealTimeIteration
brakingLead: 228/1600 holds, last 0.075 s, source twoStageRealTimeIteration
brakingLead: 232/1600 holds, last 0.075 s, source twoStageRealTimeIteration
brakingLead: 236/1600 holds, last 0.076 s, source twoStageRealTimeIteration
brakingLead: 240/1600 holds, last 0.076 s, source twoStageRealTimeIteration
brakingLead: 244/1600 holds, last 0.076 s, source twoStageRealTimeIteration
brakingLead: 248/1600 holds, last 0.076 s, source twoStageRealTimeIteration
brakingLead: 252/1600 holds, last 0.078 s, source twoStageRealTimeIteration
brakingLead: 256/1600 holds, last 0.077 s, source twoStageRealTimeIteration
brakingLead: 260/1600 holds, last 0.080 s, source twoStageRealTimeIteration
brakingLead: 264/1600 holds, last 0.076 s, source twoStageRealTimeIteration
brakingLead: 268/1600 holds, last 0.076 s, source twoStageRealTimeIteration
brakingLead: 272/1600 holds, last 0.076 s, source twoStageRealTimeIteration
brakingLead: 276/1600 holds, last 0.092 s, source twoStageRealTimeIteration
brakingLead: 280/1600 holds, last 0.076 s, source twoStageRealTimeIteration
brakingLead: 284/1600 holds, last 0.071 s, source twoStageRealTimeIteration
brakingLead: 288/1600 holds, last 0.072 s, source twoStageRealTimeIteration
brakingLead: 292/1600 holds, last 0.072 s, source twoStageRealTimeIteration
brakingLead: 296/1600 holds, last 0.184 s, source twoStageRealTimeIteration
brakingLead: 300/1600 holds, last 0.078 s, source twoStageRealTimeIteration
Recovery at 15.00 s: e = [-5.41378 -0.354179  -5.96302 0.0992037 0.0596284], W = 3721.98
brakingLead: 304/1600 holds, last 0.074 s, source twoStageRealTimeIteration
brakingLead: 308/1600 holds, last 0.077 s, source twoStageRealTimeIteration
brakingLead: 312/1600 holds, last 0.078 s, source twoStageRealTimeIteration
brakingLead: 316/1600 holds, last 0.076 s, source twoStageRealTimeIteration
brakingLead: 320/1600 holds, last 0.078 s, source twoStageRealTimeIteration
brakingLead: 324/1600 holds, last 0.080 s, source twoStageRealTimeIteration
brakingLead: 328/1600 holds, last 0.077 s, source twoStageRealTimeIteration
brakingLead: 332/1600 holds, last 0.077 s, source twoStageRealTimeIteration
brakingLead: 336/1600 holds, last 0.078 s, source twoStageRealTimeIteration
brakingLead: 340/1600 holds, last 0.078 s, source twoStageRealTimeIteration
brakingLead: 344/1600 holds, last 0.081 s, source twoStageRealTimeIteration
brakingLead: 348/1600 holds, last 0.077 s, source twoStageRealTimeIteration
brakingLead: 352/1600 holds, last 0.076 s, source twoStageRealTimeIteration
brakingLead: 356/1600 holds, last 0.073 s, source twoStageRealTimeIteration
brakingLead: 360/1600 holds, last 0.074 s, source twoStageRealTimeIteration
brakingLead: 364/1600 holds, last 0.068 s, source twoStageRealTimeIteration
brakingLead: 368/1600 holds, last 0.068 s, source twoStageRealTimeIteration
brakingLead: 372/1600 holds, last 0.069 s, source twoStageRealTimeIteration
brakingLead: 376/1600 holds, last 0.080 s, source twoStageRealTimeIteration
brakingLead: 380/1600 holds, last 0.076 s, source twoStageRealTimeIteration
brakingLead: 384/1600 holds, last 0.066 s, source twoStageRealTimeIteration
brakingLead: 388/1600 holds, last 0.074 s, source twoStageRealTimeIteration
brakingLead: 392/1600 holds, last 0.071 s, source twoStageRealTimeIteration
brakingLead: 396/1600 holds, last 0.062 s, source twoStageRealTimeIteration
brakingLead: 400/1600 holds, last 0.070 s, source twoStageRealTimeIteration
Recovery at 20.00 s: e = [-7.14969 -0.0512593   -3.08169  0.0312782    0.01864], W = 4194.15
brakingLead: 404/1600 holds, last 0.085 s, source twoStageRealTimeIteration
brakingLead: 408/1600 holds, last 0.065 s, source twoStageRealTimeIteration
brakingLead: 412/1600 holds, last 0.075 s, source twoStageRealTimeIteration
brakingLead: 416/1600 holds, last 0.082 s, source twoStageRealTimeIteration
brakingLead: 420/1600 holds, last 0.118 s, source twoStageRealTimeIteration
brakingLead: 424/1600 holds, last 0.049 s, source twoStageRealTimeIteration
brakingLead: 428/1600 holds, last 0.046 s, source twoStageRealTimeIteration
brakingLead: 432/1600 holds, last 0.046 s, source twoStageRealTimeIteration
brakingLead: 436/1600 holds, last 0.046 s, source twoStageRealTimeIteration
brakingLead: 440/1600 holds, last 0.046 s, source twoStageRealTimeIteration
brakingLead: 444/1600 holds, last 0.045 s, source twoStageRealTimeIteration
brakingLead: 448/1600 holds, last 0.045 s, source twoStageRealTimeIteration
brakingLead: 452/1600 holds, last 0.045 s, source twoStageRealTimeIteration
brakingLead: 456/1600 holds, last 0.045 s, source twoStageRealTimeIteration
brakingLead: 460/1600 holds, last 0.045 s, source twoStageRealTimeIteration
brakingLead: 464/1600 holds, last 0.045 s, source twoStageRealTimeIteration
brakingLead: 468/1600 holds, last 0.045 s, source twoStageRealTimeIteration
brakingLead: 472/1600 holds, last 0.045 s, source twoStageRealTimeIteration
brakingLead: 476/1600 holds, last 0.046 s, source twoStageRealTimeIteration
brakingLead: 480/1600 holds, last 0.043 s, source twoStageRealTimeIteration
brakingLead: 484/1600 holds, last 0.043 s, source twoStageRealTimeIteration
brakingLead: 488/1600 holds, last 0.043 s, source twoStageRealTimeIteration
brakingLead: 492/1600 holds, last 0.043 s, source twoStageRealTimeIteration
brakingLead: 496/1600 holds, last 0.044 s, source twoStageRealTimeIteration
brakingLead: 500/1600 holds, last 0.044 s, source twoStageRealTimeIteration
Recovery at 25.00 s: e = [-4.85031  0.0680168  -0.177451 -0.0126652 -0.0110126], W = 1698.88
brakingLead: 504/1600 holds, last 0.048 s, source twoStageRealTimeIteration
brakingLead: 508/1600 holds, last 0.045 s, source twoStageRealTimeIteration
brakingLead: 512/1600 holds, last 0.044 s, source twoStageRealTimeIteration
brakingLead: 516/1600 holds, last 0.046 s, source twoStageRealTimeIteration
brakingLead: 520/1600 holds, last 0.044 s, source twoStageRealTimeIteration
brakingLead: 524/1600 holds, last 0.044 s, source twoStageRealTimeIteration
brakingLead: 528/1600 holds, last 0.044 s, source twoStageRealTimeIteration
brakingLead: 532/1600 holds, last 0.044 s, source twoStageRealTimeIteration
brakingLead: 536/1600 holds, last 0.044 s, source twoStageRealTimeIteration
brakingLead: 540/1600 holds, last 0.045 s, source twoStageRealTimeIteration
brakingLead: 544/1600 holds, last 0.044 s, source twoStageRealTimeIteration
brakingLead: 548/1600 holds, last 0.042 s, source twoStageRealTimeIteration
brakingLead: 552/1600 holds, last 0.041 s, source twoStageRealTimeIteration
brakingLead: 556/1600 holds, last 0.041 s, source twoStageRealTimeIteration
brakingLead: 560/1600 holds, last 0.042 s, source twoStageRealTimeIteration
brakingLead: 564/1600 holds, last 0.041 s, source twoStageRealTimeIteration
brakingLead: 568/1600 holds, last 0.041 s, source twoStageRealTimeIteration
brakingLead: 572/1600 holds, last 0.043 s, source twoStageRealTimeIteration
brakingLead: 576/1600 holds, last 0.041 s, source twoStageRealTimeIteration
brakingLead: 580/1600 holds, last 0.041 s, source twoStageRealTimeIteration
brakingLead: 584/1600 holds, last 0.042 s, source twoStageRealTimeIteration
brakingLead: 588/1600 holds, last 0.041 s, source twoStageRealTimeIteration
brakingLead: 592/1600 holds, last 0.041 s, source twoStageRealTimeIteration
brakingLead: 596/1600 holds, last 0.042 s, source twoStageRealTimeIteration
brakingLead: 600/1600 holds, last 0.042 s, source twoStageRealTimeIteration
Recovery at 30.00 s: e = [-2.80265   0.0503376     -0.3938  -0.0021906 -0.00197045], W = 562.346
brakingLead: 604/1600 holds, last 0.042 s, source twoStageRealTimeIteration
brakingLead: 608/1600 holds, last 0.042 s, source twoStageRealTimeIteration
brakingLead: 612/1600 holds, last 0.041 s, source twoStageRealTimeIteration
brakingLead: 616/1600 holds, last 0.041 s, source twoStageRealTimeIteration
brakingLead: 620/1600 holds, last 0.042 s, source twoStageRealTimeIteration
brakingLead: 624/1600 holds, last 0.045 s, source twoStageRealTimeIteration
brakingLead: 628/1600 holds, last 0.042 s, source twoStageRealTimeIteration
brakingLead: 632/1600 holds, last 0.044 s, source twoStageRealTimeIteration
brakingLead: 636/1600 holds, last 0.041 s, source twoStageRealTimeIteration
brakingLead: 640/1600 holds, last 0.041 s, source twoStageRealTimeIteration
brakingLead: 644/1600 holds, last 0.041 s, source twoStageRealTimeIteration
brakingLead: 648/1600 holds, last 0.042 s, source twoStageRealTimeIteration
brakingLead: 652/1600 holds, last 0.042 s, source twoStageRealTimeIteration
brakingLead: 656/1600 holds, last 0.042 s, source twoStageRealTimeIteration
brakingLead: 660/1600 holds, last 0.041 s, source twoStageRealTimeIteration
brakingLead: 664/1600 holds, last 0.041 s, source twoStageRealTimeIteration
brakingLead: 668/1600 holds, last 0.042 s, source twoStageRealTimeIteration
brakingLead: 672/1600 holds, last 0.042 s, source twoStageRealTimeIteration
brakingLead: 676/1600 holds, last 0.043 s, source twoStageRealTimeIteration
brakingLead: 680/1600 holds, last 0.041 s, source twoStageRealTimeIteration
brakingLead: 684/1600 holds, last 0.041 s, source twoStageRealTimeIteration
brakingLead: 688/1600 holds, last 0.042 s, source twoStageRealTimeIteration
brakingLead: 692/1600 holds, last 0.041 s, source twoStageRealTimeIteration
brakingLead: 696/1600 holds, last 0.040 s, source twoStageRealTimeIteration
brakingLead: 700/1600 holds, last 0.041 s, source twoStageRealTimeIteration
Recovery at 35.00 s: e = [-0.96139   0.0492169   -0.365107 0.000913363 0.000766528], W = 62.7021
brakingLead: 704/1600 holds, last 0.041 s, source twoStageRealTimeIteration
brakingLead: 708/1600 holds, last 0.041 s, source twoStageRealTimeIteration
brakingLead: 712/1600 holds, last 0.041 s, source twoStageRealTimeIteration
brakingLead: 716/1600 holds, last 0.041 s, source twoStageRealTimeIteration
brakingLead: 720/1600 holds, last 0.045 s, source twoStageRealTimeIteration
brakingLead: 724/1600 holds, last 0.043 s, source twoStageRealTimeIteration
brakingLead: 728/1600 holds, last 0.041 s, source twoStageRealTimeIteration
brakingLead: 732/1600 holds, last 0.042 s, source twoStageRealTimeIteration
brakingLead: 736/1600 holds, last 0.041 s, source twoStageRealTimeIteration
brakingLead: 740/1600 holds, last 0.042 s, source twoStageRealTimeIteration
brakingLead: 744/1600 holds, last 0.043 s, source twoStageRealTimeIteration
brakingLead: 748/1600 holds, last 0.041 s, source twoStageRealTimeIteration
brakingLead: 752/1600 holds, last 0.041 s, source twoStageRealTimeIteration
brakingLead: 756/1600 holds, last 0.041 s, source twoStageRealTimeIteration
brakingLead: 760/1600 holds, last 0.040 s, source twoStageRealTimeIteration
brakingLead: 764/1600 holds, last 0.042 s, source twoStageRealTimeIteration
brakingLead: 768/1600 holds, last 0.040 s, source twoStageRealTimeIteration
brakingLead: 772/1600 holds, last 0.041 s, source twoStageRealTimeIteration
brakingLead: 776/1600 holds, last 0.041 s, source twoStageRealTimeIteration
brakingLead: 780/1600 holds, last 0.044 s, source twoStageRealTimeIteration
brakingLead: 784/1600 holds, last 0.042 s, source twoStageRealTimeIteration
brakingLead: 788/1600 holds, last 0.041 s, source twoStageRealTimeIteration
brakingLead: 792/1600 holds, last 0.040 s, source twoStageRealTimeIteration
brakingLead: 796/1600 holds, last 0.040 s, source twoStageRealTimeIteration
brakingLead: 800/1600 holds, last 0.040 s, source twoStageRealTimeIteration
Recovery at 40.00 s: e = [0.0389156  -0.00149243   -0.0581541 -0.000484224  -0.00036729], W = 0.170269
brakingLead: 804/1600 holds, last 0.041 s, source twoStageRealTimeIteration
brakingLead: 808/1600 holds, last 0.041 s, source twoStageRealTimeIteration
brakingLead: 812/1600 holds, last 0.042 s, source twoStageRealTimeIteration
brakingLead: 816/1600 holds, last 0.044 s, source twoStageRealTimeIteration
brakingLead: 820/1600 holds, last 0.041 s, source twoStageRealTimeIteration
brakingLead: 824/1600 holds, last 0.043 s, source twoStageRealTimeIteration
brakingLead: 828/1600 holds, last 0.042 s, source twoStageRealTimeIteration
brakingLead: 832/1600 holds, last 0.042 s, source twoStageRealTimeIteration
brakingLead: 836/1600 holds, last 0.043 s, source twoStageRealTimeIteration
brakingLead: 840/1600 holds, last 0.045 s, source twoStageRealTimeIteration
brakingLead: 844/1600 holds, last 0.045 s, source twoStageRealTimeIteration
brakingLead: 848/1600 holds, last 0.044 s, source twoStageRealTimeIteration
brakingLead: 852/1600 holds, last 0.042 s, source twoStageRealTimeIteration
brakingLead: 856/1600 holds, last 0.047 s, source twoStageRealTimeIteration
brakingLead: 860/1600 holds, last 0.047 s, source twoStageRealTimeIteration
brakingLead: 864/1600 holds, last 0.047 s, source twoStageRealTimeIteration
brakingLead: 868/1600 holds, last 0.044 s, source twoStageRealTimeIteration
brakingLead: 872/1600 holds, last 0.044 s, source twoStageRealTimeIteration
brakingLead: 876/1600 holds, last 0.044 s, source twoStageRealTimeIteration
brakingLead: 877/1600 frames, max 1.034 s, failure
CASE-END speed=8 scenario=brakingLead frames=877 wall=71.554 recovered=1 max=1.034089 gap=1.061790428 failure=
CASE-START speed=8 scenario=curvedCrossing
curvedCrossing: 4/1600 holds, last 0.086 s, source twoStageRealTimeIteration
curvedCrossing: 8/1600 holds, last 0.116 s, source twoStageRealTimeIteration
curvedCrossing: 12/1600 holds, last 0.076 s, source twoStageRealTimeIteration
curvedCrossing: 16/1600 holds, last 0.108 s, source twoStageRealTimeIteration
curvedCrossing: 20/1600 holds, last 0.079 s, source twoStageRealTimeIteration
curvedCrossing: 24/1600 holds, last 0.083 s, source twoStageRealTimeIteration
curvedCrossing: 28/1600 holds, last 0.070 s, source twoStageRealTimeIteration
curvedCrossing: 32/1600 holds, last 0.074 s, source twoStageRealTimeIteration
curvedCrossing: 36/1600 holds, last 0.080 s, source twoStageRealTimeIteration
curvedCrossing: 40/1600 holds, last 0.078 s, source twoStageRealTimeIteration
curvedCrossing: 44/1600 holds, last 0.094 s, source twoStageRealTimeIteration
curvedCrossing: 48/1600 holds, last 0.082 s, source twoStageRealTimeIteration
curvedCrossing: 52/1600 holds, last 0.080 s, source twoStageRealTimeIteration
curvedCrossing: 56/1600 holds, last 0.085 s, source twoStageRealTimeIteration
curvedCrossing: 60/1600 holds, last 0.073 s, source twoStageRealTimeIteration
curvedCrossing: 64/1600 holds, last 0.081 s, source twoStageRealTimeIteration
curvedCrossing: 68/1600 holds, last 0.078 s, source twoStageRealTimeIteration
curvedCrossing: 72/1600 holds, last 0.077 s, source twoStageRealTimeIteration
curvedCrossing: 76/1600 holds, last 0.104 s, source twoStageRealTimeIteration
curvedCrossing: 80/1600 holds, last 0.084 s, source twoStageRealTimeIteration
curvedCrossing: 84/1600 holds, last 0.080 s, source twoStageRealTimeIteration
curvedCrossing: 88/1600 holds, last 0.094 s, source twoStageRealTimeIteration
curvedCrossing: 92/1600 holds, last 0.084 s, source twoStageRealTimeIteration
curvedCrossing: 96/1600 holds, last 0.093 s, source twoStageRealTimeIteration
curvedCrossing: 100/1600 holds, last 0.082 s, source twoStageRealTimeIteration
Recovery at 5.00 s: e = [-26.3804 -0.827342   2.70863  0.136045  0.255385], W = 60643.6
curvedCrossing: 104/1600 holds, last 0.084 s, source twoStageRealTimeIteration
curvedCrossing: 108/1600 holds, last 0.083 s, source twoStageRealTimeIteration
curvedCrossing: 112/1600 holds, last 0.079 s, source twoStageRealTimeIteration
curvedCrossing: 116/1600 holds, last 0.102 s, source twoStageRealTimeIteration
curvedCrossing: 120/1600 holds, last 0.080 s, source twoStageRealTimeIteration
curvedCrossing: 124/1600 holds, last 0.083 s, source twoStageRealTimeIteration
curvedCrossing: 128/1600 holds, last 0.104 s, source twoStageRealTimeIteration
curvedCrossing: 132/1600 holds, last 0.090 s, source twoStageRealTimeIteration
curvedCrossing: 136/1600 holds, last 0.080 s, source twoStageRealTimeIteration
curvedCrossing: 140/1600 holds, last 0.085 s, source twoStageRealTimeIteration
curvedCrossing: 144/1600 holds, last 0.083 s, source twoStageRealTimeIteration
curvedCrossing: 148/1600 holds, last 0.083 s, source twoStageRealTimeIteration
curvedCrossing: 152/1600 holds, last 0.081 s, source twoStageRealTimeIteration
curvedCrossing: 156/1600 holds, last 0.106 s, source twoStageRealTimeIteration
curvedCrossing: 160/1600 holds, last 0.081 s, source twoStageRealTimeIteration
curvedCrossing: 164/1600 holds, last 0.078 s, source twoStageRealTimeIteration
curvedCrossing: 168/1600 holds, last 0.075 s, source twoStageRealTimeIteration
curvedCrossing: 172/1600 holds, last 0.075 s, source twoStageRealTimeIteration
curvedCrossing: 176/1600 holds, last 0.076 s, source twoStageRealTimeIteration
curvedCrossing: 180/1600 holds, last 0.068 s, source twoStageRealTimeIteration
curvedCrossing: 184/1600 holds, last 0.071 s, source twoStageRealTimeIteration
curvedCrossing: 188/1600 holds, last 0.071 s, source twoStageRealTimeIteration
curvedCrossing: 192/1600 holds, last 0.070 s, source twoStageRealTimeIteration
curvedCrossing: 196/1600 holds, last 0.070 s, source twoStageRealTimeIteration
curvedCrossing: 200/1600 holds, last 0.070 s, source twoStageRealTimeIteration
Recovery at 10.00 s: e = [-31.4352  0.611417   5.85351 -0.345574  0.472191], W = 70800.6
curvedCrossing: 204/1600 holds, last 0.068 s, source twoStageRealTimeIteration
curvedCrossing: 208/1600 holds, last 0.068 s, source twoStageRealTimeIteration
curvedCrossing: 212/1600 holds, last 0.070 s, source twoStageRealTimeIteration
curvedCrossing: 216/1600 holds, last 0.067 s, source twoStageRealTimeIteration
curvedCrossing: 220/1600 holds, last 0.067 s, source twoStageRealTimeIteration
curvedCrossing: 224/1600 holds, last 0.068 s, source twoStageRealTimeIteration
curvedCrossing: 228/1600 holds, last 0.070 s, source twoStageRealTimeIteration
curvedCrossing: 232/1600 holds, last 0.068 s, source twoStageRealTimeIteration
curvedCrossing: 236/1600 holds, last 0.068 s, source twoStageRealTimeIteration
curvedCrossing: 240/1600 holds, last 0.067 s, source twoStageRealTimeIteration
curvedCrossing: 244/1600 holds, last 0.069 s, source twoStageRealTimeIteration
curvedCrossing: 248/1600 holds, last 0.085 s, source twoStageRealTimeIteration
curvedCrossing: 252/1600 holds, last 0.101 s, source twoStageRealTimeIteration
curvedCrossing: 256/1600 holds, last 0.082 s, source twoStageRealTimeIteration
curvedCrossing: 260/1600 holds, last 0.088 s, source twoStageRealTimeIteration
curvedCrossing: 264/1600 holds, last 0.081 s, source twoStageRealTimeIteration
curvedCrossing: 268/1600 holds, last 0.100 s, source twoStageRealTimeIteration
curvedCrossing: 272/1600 holds, last 0.100 s, source twoStageRealTimeIteration
curvedCrossing: 276/1600 holds, last 0.103 s, source twoStageRealTimeIteration
curvedCrossing: 280/1600 holds, last 0.101 s, source twoStageRealTimeIteration
curvedCrossing: 284/1600 holds, last 0.101 s, source twoStageRealTimeIteration
curvedCrossing: 288/1600 holds, last 0.102 s, source twoStageRealTimeIteration
curvedCrossing: 292/1600 holds, last 0.097 s, source twoStageRealTimeIteration
curvedCrossing: 296/1600 holds, last 0.105 s, source twoStageRealTimeIteration
curvedCrossing: 300/1600 holds, last 0.100 s, source twoStageRealTimeIteration
Recovery at 15.00 s: e = [27.984   2.65278   6.66989 -0.341275  0.376688], W = 93701.6
curvedCrossing: 304/1600 holds, last 0.107 s, source twoStageRealTimeIteration
curvedCrossing: 308/1600 holds, last 0.106 s, source twoStageRealTimeIteration
curvedCrossing: 312/1600 holds, last 0.097 s, source twoStageRealTimeIteration
curvedCrossing: 316/1600 holds, last 0.106 s, source twoStageRealTimeIteration
curvedCrossing: 320/1600 holds, last 0.069 s, source twoStageRealTimeIteration
curvedCrossing: 324/1600 holds, last 0.081 s, source twoStageRealTimeIteration
curvedCrossing: 328/1600 holds, last 0.076 s, source twoStageRealTimeIteration
curvedCrossing: 332/1600 holds, last 0.069 s, source twoStageRealTimeIteration
curvedCrossing: 336/1600 holds, last 0.070 s, source twoStageRealTimeIteration
curvedCrossing: 340/1600 holds, last 0.071 s, source twoStageRealTimeIteration
curvedCrossing: 344/1600 holds, last 0.069 s, source twoStageRealTimeIteration
curvedCrossing: 348/1600 holds, last 0.069 s, source twoStageRealTimeIteration
curvedCrossing: 352/1600 holds, last 0.069 s, source twoStageRealTimeIteration
curvedCrossing: 356/1600 holds, last 0.068 s, source twoStageRealTimeIteration
curvedCrossing: 360/1600 holds, last 0.072 s, source twoStageRealTimeIteration
curvedCrossing: 364/1600 holds, last 0.069 s, source twoStageRealTimeIteration
curvedCrossing: 368/1600 holds, last 0.068 s, source twoStageRealTimeIteration
curvedCrossing: 372/1600 holds, last 0.068 s, source twoStageRealTimeIteration
curvedCrossing: 376/1600 holds, last 0.068 s, source twoStageRealTimeIteration
curvedCrossing: 380/1600 holds, last 0.091 s, source twoStageRealTimeIteration
curvedCrossing: 384/1600 holds, last 0.181 s, source twoStageRealTimeIteration
curvedCrossing: 388/1600 holds, last 0.078 s, source twoStageRealTimeIteration
curvedCrossing: 392/1600 holds, last 0.110 s, source twoStageRealTimeIteration
curvedCrossing: 396/1600 holds, last 0.100 s, source twoStageRealTimeIteration
curvedCrossing: 400/1600 holds, last 0.100 s, source twoStageRealTimeIteration
Recovery at 20.00 s: e = [-15.3106 -1.00419  7.84222  -1.8132 0.527564], W = 25429
curvedCrossing: 404/1600 holds, last 0.101 s, source twoStageRealTimeIteration
curvedCrossing: 408/1600 holds, last 0.101 s, source twoStageRealTimeIteration
curvedCrossing: 412/1600 holds, last 0.106 s, source twoStageRealTimeIteration
curvedCrossing: 416/1600 holds, last 0.104 s, source twoStageRealTimeIteration
curvedCrossing: 420/1600 holds, last 0.104 s, source twoStageRealTimeIteration
curvedCrossing: 424/1600 holds, last 0.117 s, source twoStageRealTimeIteration
curvedCrossing: 428/1600 holds, last 0.100 s, source twoStageRealTimeIteration
curvedCrossing: 432/1600 holds, last 0.076 s, source twoStageRealTimeIteration
curvedCrossing: 436/1600 holds, last 0.075 s, source twoStageRealTimeIteration
curvedCrossing: 440/1600 holds, last 0.076 s, source twoStageRealTimeIteration
curvedCrossing: 444/1600 holds, last 0.076 s, source twoStageRealTimeIteration
curvedCrossing: 448/1600 holds, last 0.079 s, source twoStageRealTimeIteration
curvedCrossing: 452/1600 holds, last 0.076 s, source twoStageRealTimeIteration
curvedCrossing: 456/1600 holds, last 0.076 s, source twoStageRealTimeIteration
curvedCrossing: 460/1600 holds, last 0.075 s, source twoStageRealTimeIteration
curvedCrossing: 464/1600 holds, last 0.077 s, source twoStageRealTimeIteration
curvedCrossing: 468/1600 holds, last 0.068 s, source twoStageRealTimeIteration
curvedCrossing: 472/1600 holds, last 0.070 s, source twoStageRealTimeIteration
curvedCrossing: 476/1600 holds, last 0.069 s, source twoStageRealTimeIteration
curvedCrossing: 480/1600 holds, last 0.068 s, source twoStageRealTimeIteration
curvedCrossing: 484/1600 holds, last 0.066 s, source twoStageRealTimeIteration
curvedCrossing: 488/1600 holds, last 0.067 s, source twoStageRealTimeIteration
curvedCrossing: 492/1600 holds, last 0.067 s, source twoStageRealTimeIteration
curvedCrossing: 496/1600 holds, last 0.073 s, source twoStageRealTimeIteration
curvedCrossing: 500/1600 holds, last 0.073 s, source twoStageRealTimeIteration
Recovery at 25.00 s: e = [-20.4753  1.08746   8.7461 -2.97171 0.554469], W = 29148.3
curvedCrossing: 504/1600 holds, last 0.075 s, source twoStageRealTimeIteration
curvedCrossing: 508/1600 holds, last 0.072 s, source twoStageRealTimeIteration
curvedCrossing: 512/1600 holds, last 0.076 s, source twoStageRealTimeIteration
curvedCrossing: 516/1600 holds, last 0.073 s, source twoStageRealTimeIteration
curvedCrossing: 520/1600 holds, last 0.073 s, source twoStageRealTimeIteration
curvedCrossing: 524/1600 holds, last 0.089 s, source twoStageRealTimeIteration
curvedCrossing: 528/1600 holds, last 0.089 s, source twoStageRealTimeIteration
curvedCrossing: 532/1600 holds, last 0.091 s, source twoStageRealTimeIteration
curvedCrossing: 536/1600 holds, last 0.079 s, source twoStageRealTimeIteration
curvedCrossing: 540/1600 holds, last 0.080 s, source twoStageRealTimeIteration
curvedCrossing: 544/1600 holds, last 0.072 s, source twoStageRealTimeIteration
curvedCrossing: 548/1600 holds, last 0.070 s, source twoStageRealTimeIteration
curvedCrossing: 552/1600 holds, last 0.086 s, source twoStageRealTimeIteration
curvedCrossing: 556/1600 holds, last 0.067 s, source twoStageRealTimeIteration
curvedCrossing: 560/1600 holds, last 0.062 s, source twoStageRealTimeIteration
curvedCrossing: 564/1600 holds, last 0.078 s, source twoStageRealTimeIteration
curvedCrossing: 568/1600 holds, last 0.075 s, source twoStageRealTimeIteration
curvedCrossing: 572/1600 holds, last 0.114 s, source twoStageRealTimeIteration
curvedCrossing: 576/1600 holds, last 0.056 s, source twoStageRealTimeIteration
curvedCrossing: 580/1600 holds, last 0.066 s, source twoStageRealTimeIteration
curvedCrossing: 584/1600 holds, last 0.154 s, source twoStageRealTimeIteration
curvedCrossing: 588/1600 holds, last 0.081 s, source twoStageRealTimeIteration
curvedCrossing: 592/1600 holds, last 0.065 s, source twoStageRealTimeIteration
curvedCrossing: 596/1600 holds, last 0.078 s, source twoStageRealTimeIteration
curvedCrossing: 600/1600 holds, last 0.047 s, source twoStageRealTimeIteration
Recovery at 30.00 s: e = [39.6352   2.75486  0.864365 0.0528123 0.0512613], W = 164062
curvedCrossing: 604/1600 holds, last 0.049 s, source twoStageRealTimeIteration
curvedCrossing: 608/1600 holds, last 0.049 s, source twoStageRealTimeIteration
curvedCrossing: 612/1600 holds, last 0.050 s, source twoStageRealTimeIteration
curvedCrossing: 616/1600 holds, last 0.046 s, source twoStageRealTimeIteration
curvedCrossing: 620/1600 holds, last 0.046 s, source twoStageRealTimeIteration
curvedCrossing: 624/1600 holds, last 0.046 s, source twoStageRealTimeIteration
curvedCrossing: 628/1600 holds, last 0.048 s, source twoStageRealTimeIteration
curvedCrossing: 632/1600 holds, last 0.049 s, source twoStageRealTimeIteration
curvedCrossing: 636/1600 holds, last 0.049 s, source twoStageRealTimeIteration
curvedCrossing: 640/1600 holds, last 0.049 s, source twoStageRealTimeIteration
curvedCrossing: 644/1600 holds, last 0.052 s, source twoStageRealTimeIteration
curvedCrossing: 648/1600 holds, last 0.049 s, source twoStageRealTimeIteration
curvedCrossing: 652/1600 holds, last 0.050 s, source twoStageRealTimeIteration
curvedCrossing: 656/1600 holds, last 0.050 s, source twoStageRealTimeIteration
curvedCrossing: 660/1600 holds, last 0.049 s, source twoStageRealTimeIteration
curvedCrossing: 664/1600 holds, last 0.050 s, source twoStageRealTimeIteration
curvedCrossing: 668/1600 holds, last 0.049 s, source twoStageRealTimeIteration
curvedCrossing: 672/1600 holds, last 0.049 s, source twoStageRealTimeIteration
curvedCrossing: 676/1600 holds, last 0.050 s, source twoStageRealTimeIteration
curvedCrossing: 680/1600 holds, last 0.049 s, source twoStageRealTimeIteration
curvedCrossing: 684/1600 holds, last 0.049 s, source twoStageRealTimeIteration
curvedCrossing: 688/1600 holds, last 0.051 s, source twoStageRealTimeIteration
curvedCrossing: 692/1600 holds, last 0.050 s, source twoStageRealTimeIteration
curvedCrossing: 696/1600 holds, last 0.051 s, source twoStageRealTimeIteration
curvedCrossing: 700/1600 holds, last 0.050 s, source twoStageRealTimeIteration
Recovery at 35.00 s: e = [56.9867    2.63009   -1.23396  -0.086149 -0.0715771], W = 302664
curvedCrossing: 704/1600 holds, last 0.050 s, source twoStageRealTimeIteration
curvedCrossing: 708/1600 holds, last 0.050 s, source twoStageRealTimeIteration
curvedCrossing: 712/1600 holds, last 0.049 s, source twoStageRealTimeIteration
curvedCrossing: 716/1600 holds, last 0.050 s, source twoStageRealTimeIteration
curvedCrossing: 720/1600 holds, last 0.049 s, source twoStageRealTimeIteration
curvedCrossing: 724/1600 holds, last 0.049 s, source twoStageRealTimeIteration
curvedCrossing: 728/1600 holds, last 0.049 s, source twoStageRealTimeIteration
curvedCrossing: 732/1600 holds, last 0.049 s, source twoStageRealTimeIteration
curvedCrossing: 736/1600 holds, last 0.049 s, source twoStageRealTimeIteration
curvedCrossing: 740/1600 holds, last 0.051 s, source twoStageRealTimeIteration
curvedCrossing: 744/1600 holds, last 0.048 s, source twoStageRealTimeIteration
curvedCrossing: 748/1600 holds, last 0.049 s, source twoStageRealTimeIteration
curvedCrossing: 752/1600 holds, last 0.049 s, source twoStageRealTimeIteration
curvedCrossing: 756/1600 holds, last 0.049 s, source twoStageRealTimeIteration
curvedCrossing: 760/1600 holds, last 0.049 s, source twoStageRealTimeIteration
curvedCrossing: 764/1600 holds, last 0.050 s, source twoStageRealTimeIteration
curvedCrossing: 768/1600 holds, last 0.049 s, source twoStageRealTimeIteration
curvedCrossing: 772/1600 holds, last 0.050 s, source twoStageRealTimeIteration
curvedCrossing: 776/1600 holds, last 0.050 s, source twoStageRealTimeIteration
curvedCrossing: 780/1600 holds, last 0.050 s, source twoStageRealTimeIteration
curvedCrossing: 784/1600 holds, last 0.050 s, source twoStageRealTimeIteration
curvedCrossing: 788/1600 holds, last 0.050 s, source twoStageRealTimeIteration
curvedCrossing: 792/1600 holds, last 0.049 s, source twoStageRealTimeIteration
curvedCrossing: 796/1600 holds, last 0.050 s, source twoStageRealTimeIteration
curvedCrossing: 800/1600 holds, last 0.049 s, source twoStageRealTimeIteration
Recovery at 40.00 s: e = [73.1632    2.68316   -1.24492 -0.0924567 -0.0764943], W = 477153
curvedCrossing: 804/1600 holds, last 0.050 s, source twoStageRealTimeIteration
curvedCrossing: 808/1600 holds, last 0.049 s, source twoStageRealTimeIteration
curvedCrossing: 812/1600 holds, last 0.049 s, source twoStageRealTimeIteration
curvedCrossing: 816/1600 holds, last 0.049 s, source twoStageRealTimeIteration
curvedCrossing: 820/1600 holds, last 0.049 s, source twoStageRealTimeIteration
curvedCrossing: 824/1600 holds, last 0.051 s, source twoStageRealTimeIteration
curvedCrossing: 828/1600 holds, last 0.052 s, source twoStageRealTimeIteration
curvedCrossing: 832/1600 holds, last 0.050 s, source twoStageRealTimeIteration
curvedCrossing: 836/1600 holds, last 0.050 s, source twoStageRealTimeIteration
curvedCrossing: 840/1600 holds, last 0.050 s, source twoStageRealTimeIteration
curvedCrossing: 844/1600 holds, last 0.050 s, source twoStageRealTimeIteration
curvedCrossing: 848/1600 holds, last 0.050 s, source twoStageRealTimeIteration
curvedCrossing: 852/1600 holds, last 0.052 s, source twoStageRealTimeIteration
curvedCrossing: 856/1600 holds, last 0.050 s, source twoStageRealTimeIteration
curvedCrossing: 860/1600 holds, last 0.051 s, source twoStageRealTimeIteration
curvedCrossing: 864/1600 holds, last 0.052 s, source twoStageRealTimeIteration
curvedCrossing: 868/1600 holds, last 0.050 s, source twoStageRealTimeIteration
curvedCrossing: 872/1600 holds, last 0.050 s, source twoStageRealTimeIteration
curvedCrossing: 876/1600 holds, last 0.049 s, source twoStageRealTimeIteration
curvedCrossing: 880/1600 holds, last 0.049 s, source twoStageRealTimeIteration
curvedCrossing: 884/1600 holds, last 0.051 s, source twoStageRealTimeIteration
curvedCrossing: 888/1600 holds, last 0.049 s, source twoStageRealTimeIteration
curvedCrossing: 892/1600 holds, last 0.050 s, source twoStageRealTimeIteration
curvedCrossing: 896/1600 holds, last 0.051 s, source twoStageRealTimeIteration
curvedCrossing: 900/1600 holds, last 0.052 s, source twoStageRealTimeIteration
Recovery at 45.00 s: e = [87.1836    2.77314   -1.25103 -0.0852042 -0.0707885], W = 662554
curvedCrossing: 904/1600 holds, last 0.050 s, source twoStageRealTimeIteration
curvedCrossing: 908/1600 holds, last 0.060 s, source twoStageRealTimeIteration
curvedCrossing: 912/1600 holds, last 0.051 s, source twoStageRealTimeIteration
curvedCrossing: 916/1600 holds, last 0.051 s, source twoStageRealTimeIteration
curvedCrossing: 920/1600 holds, last 0.051 s, source twoStageRealTimeIteration
curvedCrossing: 924/1600 holds, last 0.051 s, source twoStageRealTimeIteration
curvedCrossing: 928/1600 holds, last 0.050 s, source twoStageRealTimeIteration
curvedCrossing: 932/1600 holds, last 0.051 s, source twoStageRealTimeIteration
curvedCrossing: 936/1600 holds, last 0.050 s, source twoStageRealTimeIteration
curvedCrossing: 940/1600 holds, last 0.050 s, source twoStageRealTimeIteration
curvedCrossing: 944/1600 holds, last 0.050 s, source twoStageRealTimeIteration
curvedCrossing: 948/1600 holds, last 0.049 s, source twoStageRealTimeIteration
curvedCrossing: 952/1600 holds, last 0.053 s, source twoStageRealTimeIteration
curvedCrossing: 956/1600 holds, last 0.050 s, source twoStageRealTimeIteration
curvedCrossing: 960/1600 holds, last 0.049 s, source twoStageRealTimeIteration
curvedCrossing: 964/1600 holds, last 0.052 s, source twoStageRealTimeIteration
curvedCrossing: 968/1600 holds, last 0.050 s, source twoStageRealTimeIteration
curvedCrossing: 972/1600 holds, last 0.050 s, source twoStageRealTimeIteration
curvedCrossing: 976/1600 holds, last 0.050 s, source twoStageRealTimeIteration
curvedCrossing: 980/1600 holds, last 0.050 s, source twoStageRealTimeIteration
curvedCrossing: 984/1600 holds, last 0.049 s, source twoStageRealTimeIteration
curvedCrossing: 988/1600 holds, last 0.051 s, source twoStageRealTimeIteration
curvedCrossing: 992/1600 holds, last 0.049 s, source twoStageRealTimeIteration
curvedCrossing: 996/1600 holds, last 0.054 s, source twoStageRealTimeIteration
curvedCrossing: 1000/1600 holds, last 0.050 s, source twoStageRealTimeIteration
Recovery at 50.00 s: e = [97.7191    2.90645   -1.23945 -0.0862869 -0.0717247], W = 824570
curvedCrossing: 1004/1600 holds, last 0.051 s, source twoStageRealTimeIteration
curvedCrossing: 1008/1600 holds, last 0.051 s, source twoStageRealTimeIteration
curvedCrossing: 1012/1600 holds, last 0.049 s, source twoStageRealTimeIteration
curvedCrossing: 1016/1600 holds, last 0.050 s, source twoStageRealTimeIteration
curvedCrossing: 1020/1600 holds, last 0.050 s, source twoStageRealTimeIteration
curvedCrossing: 1024/1600 holds, last 0.050 s, source twoStageRealTimeIteration
curvedCrossing: 1028/1600 holds, last 0.050 s, source twoStageRealTimeIteration
curvedCrossing: 1032/1600 holds, last 0.050 s, source twoStageRealTimeIteration
curvedCrossing: 1036/1600 holds, last 0.050 s, source twoStageRealTimeIteration
curvedCrossing: 1040/1600 holds, last 0.052 s, source twoStageRealTimeIteration
curvedCrossing: 1044/1600 holds, last 0.049 s, source twoStageRealTimeIteration
curvedCrossing: 1048/1600 holds, last 0.050 s, source twoStageRealTimeIteration
curvedCrossing: 1052/1600 holds, last 0.050 s, source twoStageRealTimeIteration
curvedCrossing: 1056/1600 holds, last 0.050 s, source twoStageRealTimeIteration
curvedCrossing: 1060/1600 holds, last 0.050 s, source twoStageRealTimeIteration
curvedCrossing: 1064/1600 holds, last 0.050 s, source twoStageRealTimeIteration
curvedCrossing: 1068/1600 holds, last 0.049 s, source twoStageRealTimeIteration
curvedCrossing: 1072/1600 holds, last 0.049 s, source twoStageRealTimeIteration
curvedCrossing: 1076/1600 holds, last 0.050 s, source twoStageRealTimeIteration
curvedCrossing: 1080/1600 holds, last 0.049 s, source twoStageRealTimeIteration
curvedCrossing: 1084/1600 holds, last 0.050 s, source twoStageRealTimeIteration
curvedCrossing: 1088/1600 holds, last 0.050 s, source twoStageRealTimeIteration
curvedCrossing: 1092/1600 holds, last 0.049 s, source twoStageRealTimeIteration
curvedCrossing: 1096/1600 holds, last 0.051 s, source twoStageRealTimeIteration
curvedCrossing: 1100/1600 holds, last 0.050 s, source twoStageRealTimeIteration
Recovery at 55.00 s: e = [103.278    3.07737   -1.21619 -0.0878084  -0.072977], W = 921280
curvedCrossing: 1104/1600 holds, last 0.049 s, source twoStageRealTimeIteration
curvedCrossing: 1108/1600 holds, last 0.050 s, source twoStageRealTimeIteration
curvedCrossing: 1112/1600 holds, last 0.049 s, source twoStageRealTimeIteration
curvedCrossing: 1116/1600 holds, last 0.052 s, source twoStageRealTimeIteration
curvedCrossing: 1120/1600 holds, last 0.052 s, source twoStageRealTimeIteration
curvedCrossing: 1124/1600 holds, last 0.050 s, source twoStageRealTimeIteration
curvedCrossing: 1128/1600 holds, last 0.050 s, source twoStageRealTimeIteration
curvedCrossing: 1132/1600 holds, last 0.053 s, source twoStageRealTimeIteration
curvedCrossing: 1136/1600 holds, last 0.050 s, source twoStageRealTimeIteration
curvedCrossing: 1140/1600 holds, last 0.060 s, source twoStageRealTimeIteration
curvedCrossing: 1144/1600 holds, last 0.052 s, source twoStageRealTimeIteration
curvedCrossing: 1148/1600 holds, last 0.050 s, source twoStageRealTimeIteration
curvedCrossing: 1152/1600 holds, last 0.046 s, source twoStageRealTimeIteration
curvedCrossing: 1156/1600 holds, last 0.046 s, source twoStageRealTimeIteration
curvedCrossing: 1160/1600 holds, last 0.049 s, source twoStageRealTimeIteration
curvedCrossing: 1164/1600 holds, last 0.049 s, source twoStageRealTimeIteration
curvedCrossing: 1168/1600 holds, last 0.049 s, source twoStageRealTimeIteration
curvedCrossing: 1172/1600 holds, last 0.049 s, source twoStageRealTimeIteration
curvedCrossing: 1176/1600 holds, last 0.048 s, source twoStageRealTimeIteration
curvedCrossing: 1180/1600 holds, last 0.049 s, source twoStageRealTimeIteration
curvedCrossing: 1184/1600 holds, last 0.049 s, source twoStageRealTimeIteration
curvedCrossing: 1188/1600 holds, last 0.049 s, source twoStageRealTimeIteration
curvedCrossing: 1192/1600 holds, last 0.051 s, source twoStageRealTimeIteration
curvedCrossing: 1196/1600 holds, last 0.050 s, source twoStageRealTimeIteration
curvedCrossing: 1200/1600 holds, last 0.050 s, source twoStageRealTimeIteration
Recovery at 60.00 s: e = [102.127   -2.99583    0.29916 -0.0906927 -0.0810235], W = 716329
curvedCrossing: 1204/1600 holds, last 0.050 s, source twoStageRealTimeIteration
curvedCrossing: 1208/1600 holds, last 0.050 s, source twoStageRealTimeIteration
curvedCrossing: 1212/1600 holds, last 0.050 s, source twoStageRealTimeIteration
curvedCrossing: 1216/1600 holds, last 0.050 s, source twoStageRealTimeIteration
curvedCrossing: 1220/1600 holds, last 0.050 s, source twoStageRealTimeIteration
curvedCrossing: 1224/1600 holds, last 0.050 s, source twoStageRealTimeIteration
curvedCrossing: 1228/1600 holds, last 0.050 s, source twoStageRealTimeIteration
curvedCrossing: 1232/1600 holds, last 0.050 s, source twoStageRealTimeIteration
curvedCrossing: 1236/1600 holds, last 0.049 s, source twoStageRealTimeIteration
curvedCrossing: 1240/1600 holds, last 0.049 s, source twoStageRealTimeIteration
curvedCrossing: 1244/1600 holds, last 0.049 s, source twoStageRealTimeIteration
curvedCrossing: 1248/1600 holds, last 0.050 s, source twoStageRealTimeIteration
curvedCrossing: 1252/1600 holds, last 0.051 s, source twoStageRealTimeIteration
curvedCrossing: 1256/1600 holds, last 0.050 s, source twoStageRealTimeIteration
curvedCrossing: 1260/1600 holds, last 0.051 s, source twoStageRealTimeIteration
curvedCrossing: 1264/1600 holds, last 0.050 s, source twoStageRealTimeIteration
curvedCrossing: 1268/1600 holds, last 0.051 s, source twoStageRealTimeIteration
curvedCrossing: 1272/1600 holds, last 0.050 s, source twoStageRealTimeIteration
curvedCrossing: 1276/1600 holds, last 0.049 s, source twoStageRealTimeIteration
curvedCrossing: 1280/1600 holds, last 0.049 s, source twoStageRealTimeIteration
curvedCrossing: 1284/1600 holds, last 0.049 s, source twoStageRealTimeIteration
curvedCrossing: 1288/1600 holds, last 0.049 s, source twoStageRealTimeIteration
curvedCrossing: 1292/1600 holds, last 0.049 s, source twoStageRealTimeIteration
curvedCrossing: 1296/1600 holds, last 0.049 s, source twoStageRealTimeIteration
curvedCrossing: 1300/1600 holds, last 0.049 s, source twoStageRealTimeIteration
Recovery at 65.00 s: e = [91.6849  -2.78034  0.610542 -0.082276 -0.074768], W = 575637
curvedCrossing: 1304/1600 holds, last 0.049 s, source twoStageRealTimeIteration
curvedCrossing: 1308/1600 holds, last 0.048 s, source twoStageRealTimeIteration
curvedCrossing: 1312/1600 holds, last 0.050 s, source twoStageRealTimeIteration
curvedCrossing: 1316/1600 holds, last 0.051 s, source twoStageRealTimeIteration
curvedCrossing: 1320/1600 holds, last 0.048 s, source twoStageRealTimeIteration
curvedCrossing: 1324/1600 holds, last 0.052 s, source twoStageRealTimeIteration
curvedCrossing: 1328/1600 holds, last 0.049 s, source twoStageRealTimeIteration
curvedCrossing: 1332/1600 holds, last 0.050 s, source twoStageRealTimeIteration
curvedCrossing: 1336/1600 holds, last 0.049 s, source twoStageRealTimeIteration
curvedCrossing: 1340/1600 holds, last 0.049 s, source twoStageRealTimeIteration
curvedCrossing: 1344/1600 holds, last 0.049 s, source twoStageRealTimeIteration
curvedCrossing: 1348/1600 holds, last 0.049 s, source twoStageRealTimeIteration
curvedCrossing: 1352/1600 holds, last 0.049 s, source twoStageRealTimeIteration
curvedCrossing: 1356/1600 holds, last 0.049 s, source twoStageRealTimeIteration
curvedCrossing: 1360/1600 holds, last 0.048 s, source twoStageRealTimeIteration
curvedCrossing: 1364/1600 holds, last 0.049 s, source twoStageRealTimeIteration
curvedCrossing: 1368/1600 holds, last 0.049 s, source twoStageRealTimeIteration
curvedCrossing: 1372/1600 holds, last 0.049 s, source twoStageRealTimeIteration
curvedCrossing: 1376/1600 holds, last 0.049 s, source twoStageRealTimeIteration
curvedCrossing: 1380/1600 holds, last 0.049 s, source twoStageRealTimeIteration
curvedCrossing: 1384/1600 holds, last 0.051 s, source twoStageRealTimeIteration
curvedCrossing: 1388/1600 holds, last 0.049 s, source twoStageRealTimeIteration
curvedCrossing: 1392/1600 holds, last 0.051 s, source twoStageRealTimeIteration
curvedCrossing: 1396/1600 holds, last 0.049 s, source twoStageRealTimeIteration
curvedCrossing: 1400/1600 holds, last 0.048 s, source twoStageRealTimeIteration
Recovery at 70.00 s: e = [73.634   -2.62322    0.46797  -0.084606 -0.0762721], W = 365670
curvedCrossing: 1404/1600 holds, last 0.049 s, source twoStageRealTimeIteration
curvedCrossing: 1408/1600 holds, last 0.049 s, source twoStageRealTimeIteration
curvedCrossing: 1412/1600 holds, last 0.049 s, source twoStageRealTimeIteration
curvedCrossing: 1416/1600 holds, last 0.049 s, source twoStageRealTimeIteration
curvedCrossing: 1420/1600 holds, last 0.049 s, source twoStageRealTimeIteration
curvedCrossing: 1424/1600 holds, last 0.049 s, source twoStageRealTimeIteration
curvedCrossing: 1428/1600 holds, last 0.049 s, source twoStageRealTimeIteration
curvedCrossing: 1432/1600 holds, last 0.049 s, source twoStageRealTimeIteration
curvedCrossing: 1436/1600 holds, last 0.050 s, source twoStageRealTimeIteration
curvedCrossing: 1440/1600 holds, last 0.050 s, source twoStageRealTimeIteration
curvedCrossing: 1444/1600 holds, last 0.053 s, source twoStageRealTimeIteration
curvedCrossing: 1448/1600 holds, last 0.050 s, source twoStageRealTimeIteration
curvedCrossing: 1452/1600 holds, last 0.050 s, source twoStageRealTimeIteration
curvedCrossing: 1456/1600 holds, last 0.048 s, source twoStageRealTimeIteration
curvedCrossing: 1460/1600 holds, last 0.049 s, source twoStageRealTimeIteration
curvedCrossing: 1464/1600 holds, last 0.049 s, source twoStageRealTimeIteration
curvedCrossing: 1468/1600 holds, last 0.050 s, source twoStageRealTimeIteration
curvedCrossing: 1472/1600 holds, last 0.049 s, source twoStageRealTimeIteration
curvedCrossing: 1476/1600 holds, last 0.049 s, source twoStageRealTimeIteration
curvedCrossing: 1480/1600 holds, last 0.049 s, source twoStageRealTimeIteration
curvedCrossing: 1484/1600 holds, last 0.049 s, source twoStageRealTimeIteration
curvedCrossing: 1488/1600 holds, last 0.049 s, source twoStageRealTimeIteration
curvedCrossing: 1492/1600 holds, last 0.049 s, source twoStageRealTimeIteration
curvedCrossing: 1496/1600 holds, last 0.049 s, source twoStageRealTimeIteration
curvedCrossing: 1500/1600 holds, last 0.048 s, source twoStageRealTimeIteration
Recovery at 75.00 s: e = [51.477   -2.54834   0.425201 -0.0942672 -0.0850044], W = 172628
curvedCrossing: 1504/1600 holds, last 0.053 s, source twoStageRealTimeIteration
curvedCrossing: 1508/1600 holds, last 0.054 s, source twoStageRealTimeIteration
curvedCrossing: 1512/1600 holds, last 0.056 s, source twoStageRealTimeIteration
curvedCrossing: 1516/1600 holds, last 0.049 s, source twoStageRealTimeIteration
curvedCrossing: 1520/1600 holds, last 0.042 s, source twoStageRealTimeIteration
curvedCrossing: 1524/1600 holds, last 0.042 s, source twoStageRealTimeIteration
curvedCrossing: 1528/1600 holds, last 0.042 s, source twoStageRealTimeIteration
curvedCrossing: 1532/1600 holds, last 0.042 s, source twoStageRealTimeIteration
curvedCrossing: 1536/1600 holds, last 0.043 s, source twoStageRealTimeIteration
curvedCrossing: 1540/1600 holds, last 0.045 s, source twoStageRealTimeIteration
curvedCrossing: 1544/1600 holds, last 0.043 s, source twoStageRealTimeIteration
curvedCrossing: 1548/1600 holds, last 0.043 s, source twoStageRealTimeIteration
curvedCrossing: 1552/1600 holds, last 0.043 s, source twoStageRealTimeIteration
curvedCrossing: 1556/1600 holds, last 0.043 s, source twoStageRealTimeIteration
curvedCrossing: 1560/1600 holds, last 0.043 s, source twoStageRealTimeIteration
curvedCrossing: 1564/1600 holds, last 0.043 s, source twoStageRealTimeIteration
curvedCrossing: 1568/1600 holds, last 0.046 s, source twoStageRealTimeIteration
curvedCrossing: 1572/1600 holds, last 0.043 s, source twoStageRealTimeIteration
curvedCrossing: 1576/1600 holds, last 0.043 s, source twoStageRealTimeIteration
curvedCrossing: 1580/1600 holds, last 0.043 s, source twoStageRealTimeIteration
curvedCrossing: 1584/1600 holds, last 0.043 s, source twoStageRealTimeIteration
curvedCrossing: 1588/1600 holds, last 0.044 s, source twoStageRealTimeIteration
curvedCrossing: 1592/1600 holds, last 0.046 s, source twoStageRealTimeIteration
curvedCrossing: 1596/1600 holds, last 0.043 s, source twoStageRealTimeIteration
curvedCrossing: 1600/1600 holds, last 0.043 s, source twoStageRealTimeIteration
Recovery at 80.00 s: e = [25.4359   -2.29871  -0.388195 -0.0453649 -0.0398599], W = 40047.3
curvedCrossing: 1600/1600 frames, max 0.288 s, failure
CASE-END speed=8 scenario=curvedCrossing frames=1600 wall=109.318 recovered=0 max=0.287516 gap=0.588906159 failure=
CASE-START speed=15 scenario=crossing
crossing: 4/1600 holds, last 0.114 s, source twoStageRealTimeIteration
crossing: 8/1600 holds, last 0.086 s, source twoStageRealTimeIteration
crossing: 12/1600 holds, last 0.084 s, source twoStageRealTimeIteration
crossing: 16/1600 holds, last 0.089 s, source twoStageRealTimeIteration
crossing: 20/1600 holds, last 0.100 s, source twoStageRealTimeIteration
crossing: 24/1600 holds, last 0.132 s, source twoStageRealTimeIteration
crossing: 28/1600 holds, last 0.099 s, source twoStageRealTimeIteration
crossing: 32/1600 holds, last 0.102 s, source twoStageRealTimeIteration
crossing: 36/1600 holds, last 0.090 s, source twoStageRealTimeIteration
crossing: 40/1600 holds, last 0.091 s, source twoStageRealTimeIteration
crossing: 44/1600 holds, last 0.093 s, source twoStageRealTimeIteration
crossing: 48/1600 holds, last 0.119 s, source twoStageRealTimeIteration
crossing: 52/1600 holds, last 0.084 s, source twoStageRealTimeIteration
crossing: 56/1600 holds, last 0.087 s, source twoStageRealTimeIteration
crossing: 60/1600 holds, last 0.086 s, source twoStageRealTimeIteration
crossing: 64/1600 holds, last 0.105 s, source twoStageRealTimeIteration
crossing: 68/1600 holds, last 0.097 s, source twoStageRealTimeIteration
crossing: 72/1600 holds, last 0.090 s, source twoStageRealTimeIteration
crossing: 76/1600 holds, last 0.091 s, source twoStageRealTimeIteration
crossing: 80/1600 holds, last 0.120 s, source twoStageRealTimeIteration
crossing: 84/1600 holds, last 0.128 s, source twoStageRealTimeIteration
crossing: 88/1600 holds, last 0.174 s, source twoStageRealTimeIteration
crossing: 92/1600 holds, last 0.119 s, source twoStageRealTimeIteration
crossing: 96/1600 holds, last 0.093 s, source twoStageRealTimeIteration
crossing: 100/1600 holds, last 0.133 s, source twoStageRealTimeIteration
Recovery at 5.00 s: e = [-25.5885  -1.55572  -4.26342 0.0469027 0.0653284], W = 60891.3
crossing: 104/1600 holds, last 0.101 s, source twoStageRealTimeIteration
crossing: 108/1600 holds, last 0.103 s, source twoStageRealTimeIteration
crossing: 112/1600 holds, last 0.095 s, source twoStageRealTimeIteration
crossing: 116/1600 holds, last 0.104 s, source twoStageRealTimeIteration
crossing: 120/1600 holds, last 0.088 s, source twoStageRealTimeIteration
crossing: 124/1600 holds, last 0.094 s, source twoStageRealTimeIteration
crossing: 128/1600 holds, last 0.124 s, source twoStageRealTimeIteration
crossing: 132/1600 holds, last 0.103 s, source twoStageRealTimeIteration
crossing: 136/1600 holds, last 0.107 s, source twoStageRealTimeIteration
crossing: 140/1600 holds, last 0.103 s, source twoStageRealTimeIteration
crossing: 144/1600 holds, last 0.104 s, source twoStageRealTimeIteration
crossing: 148/1600 holds, last 0.098 s, source twoStageRealTimeIteration
crossing: 152/1600 holds, last 0.099 s, source twoStageRealTimeIteration
crossing: 156/1600 holds, last 0.094 s, source twoStageRealTimeIteration
crossing: 160/1600 holds, last 0.095 s, source twoStageRealTimeIteration
crossing: 164/1600 holds, last 0.115 s, source twoStageRealTimeIteration
crossing: 168/1600 holds, last 0.096 s, source twoStageRealTimeIteration
crossing: 172/1600 holds, last 0.089 s, source twoStageRealTimeIteration
crossing: 176/1600 holds, last 0.094 s, source twoStageRealTimeIteration
crossing: 180/1600 holds, last 0.101 s, source twoStageRealTimeIteration
crossing: 184/1600 holds, last 0.225 s, source twoStageRealTimeIteration
crossing: 188/1600 holds, last 0.095 s, source twoStageRealTimeIteration
crossing: 192/1600 holds, last 0.110 s, source twoStageRealTimeIteration
crossing: 196/1600 holds, last 0.115 s, source twoStageRealTimeIteration
crossing: 200/1600 holds, last 0.101 s, source twoStageRealTimeIteration
Recovery at 10.00 s: e = [-69.3666  -1.61619  -7.06459 0.0948111  0.104123], W = 331825
crossing: 204/1600 holds, last 0.130 s, source twoStageRealTimeIteration
crossing: 208/1600 holds, last 0.099 s, source twoStageRealTimeIteration
crossing: 212/1600 holds, last 0.090 s, source twoStageRealTimeIteration
crossing: 216/1600 holds, last 0.112 s, source twoStageRealTimeIteration
crossing: 220/1600 holds, last 0.093 s, source twoStageRealTimeIteration
crossing: 224/1600 holds, last 0.104 s, source twoStageRealTimeIteration
crossing: 228/1600 holds, last 0.112 s, source twoStageRealTimeIteration
crossing: 232/1600 holds, last 0.101 s, source twoStageRealTimeIteration
crossing: 236/1600 holds, last 0.098 s, source twoStageRealTimeIteration
crossing: 240/1600 holds, last 0.180 s, source twoStageRealTimeIteration
crossing: 244/1600 holds, last 0.087 s, source twoStageRealTimeIteration
crossing: 248/1600 holds, last 0.094 s, source twoStageRealTimeIteration
crossing: 252/1600 holds, last 0.090 s, source twoStageRealTimeIteration
crossing: 256/1600 holds, last 0.091 s, source twoStageRealTimeIteration
crossing: 260/1600 holds, last 0.093 s, source twoStageRealTimeIteration
crossing: 264/1600 holds, last 0.098 s, source twoStageRealTimeIteration
crossing: 268/1600 holds, last 0.095 s, source twoStageRealTimeIteration
crossing: 272/1600 holds, last 0.089 s, source twoStageRealTimeIteration
crossing: 276/1600 holds, last 0.107 s, source twoStageRealTimeIteration
crossing: 280/1600 holds, last 0.094 s, source twoStageRealTimeIteration
crossing: 284/1600 holds, last 0.087 s, source twoStageRealTimeIteration
crossing: 288/1600 holds, last 0.121 s, source twoStageRealTimeIteration
crossing: 292/1600 holds, last 0.208 s, source twoStageRealTimeIteration
crossing: 296/1600 holds, last 0.088 s, source twoStageRealTimeIteration
crossing: 300/1600 holds, last 0.100 s, source twoStageRealTimeIteration
Recovery at 15.00 s: e = [-108.608   -1.53747   -7.25487 0.00270869  -0.017266], W = 755690
crossing: 304/1600 holds, last 0.086 s, source twoStageRealTimeIteration
crossing: 308/1600 holds, last 0.107 s, source twoStageRealTimeIteration
crossing: 312/1600 holds, last 0.096 s, source twoStageRealTimeIteration
crossing: 316/1600 holds, last 0.200 s, source twoStageRealTimeIteration
crossing: 320/1600 holds, last 0.090 s, source twoStageRealTimeIteration
crossing: 324/1600 holds, last 0.151 s, source twoStageRealTimeIteration
crossing: 328/1600 holds, last 0.090 s, source twoStageRealTimeIteration
crossing: 332/1600 holds, last 0.105 s, source twoStageRealTimeIteration
crossing: 336/1600 holds, last 0.114 s, source twoStageRealTimeIteration
crossing: 340/1600 holds, last 0.117 s, source twoStageRealTimeIteration
crossing: 344/1600 holds, last 0.116 s, source twoStageRealTimeIteration
crossing: 348/1600 holds, last 0.117 s, source twoStageRealTimeIteration
crossing: 352/1600 holds, last 0.106 s, source twoStageRealTimeIteration
crossing: 356/1600 holds, last 0.112 s, source twoStageRealTimeIteration
crossing: 360/1600 holds, last 0.193 s, source twoStageRealTimeIteration
crossing: 364/1600 holds, last 0.111 s, source twoStageRealTimeIteration
crossing: 368/1600 holds, last 0.087 s, source twoStageRealTimeIteration
crossing: 372/1600 holds, last 0.087 s, source twoStageRealTimeIteration
crossing: 376/1600 holds, last 0.118 s, source twoStageRealTimeIteration
crossing: 380/1600 holds, last 0.122 s, source twoStageRealTimeIteration
crossing: 384/1600 holds, last 0.236 s, source twoStageRealTimeIteration
crossing: 388/1600 holds, last 0.091 s, source twoStageRealTimeIteration
crossing: 392/1600 holds, last 0.196 s, source twoStageRealTimeIteration
crossing: 396/1600 holds, last 0.105 s, source twoStageRealTimeIteration
crossing: 400/1600 holds, last 0.108 s, source twoStageRealTimeIteration
Recovery at 20.00 s: e = [-147.692  -1.52132  -7.08057 0.0256966 0.0139636], W = 1.35476e+06
crossing: 404/1600 holds, last 0.107 s, source twoStageRealTimeIteration
crossing: 408/1600 holds, last 0.088 s, source twoStageRealTimeIteration
crossing: 412/1600 holds, last 0.117 s, source twoStageRealTimeIteration
crossing: 416/1600 holds, last 0.118 s, source twoStageRealTimeIteration
crossing: 420/1600 holds, last 0.135 s, source twoStageRealTimeIteration
crossing: 424/1600 holds, last 0.204 s, source twoStageRealTimeIteration
crossing: 428/1600 holds, last 0.111 s, source twoStageRealTimeIteration
crossing: 432/1600 holds, last 0.120 s, source twoStageRealTimeIteration
crossing: 436/1600 holds, last 0.089 s, source twoStageRealTimeIteration
crossing: 440/1600 holds, last 0.116 s, source twoStageRealTimeIteration
crossing: 444/1600 holds, last 0.114 s, source twoStageRealTimeIteration
crossing: 448/1600 holds, last 0.108 s, source twoStageRealTimeIteration
crossing: 452/1600 holds, last 0.107 s, source twoStageRealTimeIteration
crossing: 456/1600 holds, last 0.107 s, source twoStageRealTimeIteration
crossing: 460/1600 holds, last 0.120 s, source twoStageRealTimeIteration
crossing: 464/1600 holds, last 0.123 s, source twoStageRealTimeIteration
crossing: 468/1600 holds, last 0.119 s, source twoStageRealTimeIteration
crossing: 472/1600 holds, last 0.105 s, source twoStageRealTimeIteration
crossing: 476/1600 holds, last 0.102 s, source twoStageRealTimeIteration
crossing: 480/1600 holds, last 0.116 s, source twoStageRealTimeIteration
crossing: 484/1600 holds, last 0.112 s, source twoStageRealTimeIteration
crossing: 488/1600 holds, last 0.107 s, source twoStageRealTimeIteration
crossing: 492/1600 holds, last 0.236 s, source twoStageRealTimeIteration
crossing: 496/1600 holds, last 0.108 s, source twoStageRealTimeIteration
crossing: 500/1600 holds, last 0.106 s, source twoStageRealTimeIteration
Recovery at 25.00 s: e = [-187.591  -1.55116  -7.07862 0.0935867 0.0788574], W = 2.15038e+06
crossing: 504/1600 holds, last 0.111 s, source twoStageRealTimeIteration
crossing: 508/1600 holds, last 0.106 s, source twoStageRealTimeIteration
crossing: 512/1600 holds, last 0.104 s, source twoStageRealTimeIteration
crossing: 516/1600 holds, last 0.116 s, source twoStageRealTimeIteration
crossing: 520/1600 holds, last 0.186 s, source twoStageRealTimeIteration
crossing: 524/1600 holds, last 0.110 s, source twoStageRealTimeIteration
crossing: 528/1600 holds, last 0.109 s, source twoStageRealTimeIteration
crossing: 532/1600 holds, last 0.118 s, source twoStageRealTimeIteration
crossing: 536/1600 holds, last 0.105 s, source twoStageRealTimeIteration
crossing: 540/1600 holds, last 0.120 s, source twoStageRealTimeIteration
crossing: 544/1600 holds, last 0.108 s, source twoStageRealTimeIteration
crossing: 548/1600 holds, last 0.115 s, source twoStageRealTimeIteration
crossing: 552/1600 holds, last 0.115 s, source twoStageRealTimeIteration
crossing: 556/1600 holds, last 0.171 s, source twoStageRealTimeIteration
crossing: 560/1600 holds, last 0.119 s, source twoStageRealTimeIteration
crossing: 564/1600 holds, last 0.118 s, source twoStageRealTimeIteration
crossing: 568/1600 holds, last 0.111 s, source twoStageRealTimeIteration
crossing: 572/1600 holds, last 0.103 s, source twoStageRealTimeIteration
crossing: 576/1600 holds, last 0.103 s, source twoStageRealTimeIteration
crossing: 580/1600 holds, last 0.115 s, source twoStageRealTimeIteration
crossing: 584/1600 holds, last 0.118 s, source twoStageRealTimeIteration
crossing: 588/1600 holds, last 0.110 s, source twoStageRealTimeIteration
crossing: 592/1600 holds, last 0.121 s, source twoStageRealTimeIteration
crossing: 596/1600 holds, last 0.124 s, source twoStageRealTimeIteration
crossing: 600/1600 holds, last 0.108 s, source twoStageRealTimeIteration
Recovery at 30.00 s: e = [-227.566  -1.56727  -7.00789 0.0564674 0.0508518], W = 3.13021e+06
crossing: 604/1600 holds, last 0.114 s, source twoStageRealTimeIteration
crossing: 608/1600 holds, last 0.107 s, source twoStageRealTimeIteration
crossing: 612/1600 holds, last 0.109 s, source twoStageRealTimeIteration
crossing: 616/1600 holds, last 0.106 s, source twoStageRealTimeIteration
crossing: 620/1600 holds, last 0.112 s, source twoStageRealTimeIteration
crossing: 624/1600 holds, last 0.111 s, source twoStageRealTimeIteration
crossing: 628/1600 holds, last 0.150 s, source twoStageRealTimeIteration
crossing: 632/1600 holds, last 0.118 s, source twoStageRealTimeIteration
crossing: 636/1600 holds, last 0.117 s, source twoStageRealTimeIteration
crossing: 640/1600 holds, last 0.118 s, source twoStageRealTimeIteration
crossing: 644/1600 holds, last 0.118 s, source twoStageRealTimeIteration
crossing: 648/1600 holds, last 0.110 s, source twoStageRealTimeIteration
crossing: 652/1600 holds, last 0.117 s, source twoStageRealTimeIteration
crossing: 656/1600 holds, last 0.184 s, source twoStageRealTimeIteration
crossing: 660/1600 holds, last 0.107 s, source twoStageRealTimeIteration
crossing: 664/1600 holds, last 0.116 s, source twoStageRealTimeIteration
crossing: 668/1600 holds, last 0.085 s, source twoStageRealTimeIteration
crossing: 672/1600 holds, last 0.103 s, source twoStageRealTimeIteration
crossing: 676/1600 holds, last 0.116 s, source twoStageRealTimeIteration
crossing: 680/1600 holds, last 0.105 s, source twoStageRealTimeIteration
crossing: 684/1600 holds, last 0.118 s, source twoStageRealTimeIteration
crossing: 688/1600 holds, last 0.118 s, source twoStageRealTimeIteration
crossing: 692/1600 holds, last 0.110 s, source twoStageRealTimeIteration
crossing: 696/1600 holds, last 0.120 s, source twoStageRealTimeIteration
crossing: 700/1600 holds, last 0.218 s, source twoStageRealTimeIteration
Recovery at 35.00 s: e = [-267.591  -1.57648  -7.00927 0.0664313 0.0607315], W = 4.29434e+06
crossing: 704/1600 holds, last 0.104 s, source twoStageRealTimeIteration
crossing: 708/1600 holds, last 0.108 s, source twoStageRealTimeIteration
crossing: 712/1600 holds, last 0.106 s, source twoStageRealTimeIteration
crossing: 716/1600 holds, last 0.089 s, source twoStageRealTimeIteration
crossing: 720/1600 holds, last 0.088 s, source twoStageRealTimeIteration
crossing: 724/1600 holds, last 0.120 s, source twoStageRealTimeIteration
crossing: 728/1600 holds, last 0.113 s, source twoStageRealTimeIteration
crossing: 732/1600 holds, last 0.218 s, source twoStageRealTimeIteration
crossing: 736/1600 holds, last 0.109 s, source twoStageRealTimeIteration
crossing: 740/1600 holds, last 0.124 s, source twoStageRealTimeIteration
crossing: 744/1600 holds, last 0.107 s, source twoStageRealTimeIteration
crossing: 748/1600 holds, last 0.211 s, source twoStageRealTimeIteration
crossing: 752/1600 holds, last 0.121 s, source twoStageRealTimeIteration
crossing: 756/1600 holds, last 0.106 s, source twoStageRealTimeIteration
crossing: 760/1600 holds, last 0.107 s, source twoStageRealTimeIteration
crossing: 764/1600 holds, last 0.092 s, source twoStageRealTimeIteration
crossing: 768/1600 holds, last 0.105 s, source twoStageRealTimeIteration
crossing: 772/1600 holds, last 0.120 s, source twoStageRealTimeIteration
crossing: 776/1600 holds, last 0.201 s, source twoStageRealTimeIteration
crossing: 780/1600 holds, last 0.111 s, source twoStageRealTimeIteration
crossing: 784/1600 holds, last 0.106 s, source twoStageRealTimeIteration
crossing: 788/1600 holds, last 0.108 s, source twoStageRealTimeIteration
crossing: 792/1600 holds, last 0.108 s, source twoStageRealTimeIteration
crossing: 796/1600 holds, last 0.108 s, source twoStageRealTimeIteration
crossing: 800/1600 holds, last 0.126 s, source twoStageRealTimeIteration
Recovery at 40.00 s: e = [-307.595   -1.5807  -7.01709 0.0293938 0.0293727], W = 5.64107e+06
crossing: 804/1600 holds, last 0.107 s, source twoStageRealTimeIteration
crossing: 808/1600 holds, last 0.114 s, source twoStageRealTimeIteration
crossing: 812/1600 holds, last 0.106 s, source twoStageRealTimeIteration
crossing: 816/1600 holds, last 0.118 s, source twoStageRealTimeIteration
crossing: 820/1600 holds, last 0.119 s, source twoStageRealTimeIteration
crossing: 824/1600 holds, last 0.180 s, source twoStageRealTimeIteration
crossing: 828/1600 holds, last 0.119 s, source twoStageRealTimeIteration
crossing: 832/1600 holds, last 0.117 s, source twoStageRealTimeIteration
crossing: 836/1600 holds, last 0.119 s, source twoStageRealTimeIteration
crossing: 840/1600 holds, last 0.113 s, source twoStageRealTimeIteration
crossing: 844/1600 holds, last 0.106 s, source twoStageRealTimeIteration
crossing: 848/1600 holds, last 0.116 s, source twoStageRealTimeIteration
crossing: 852/1600 holds, last 0.107 s, source twoStageRealTimeIteration
crossing: 856/1600 holds, last 0.123 s, source twoStageRealTimeIteration
crossing: 860/1600 holds, last 0.108 s, source twoStageRealTimeIteration
crossing: 864/1600 holds, last 0.106 s, source twoStageRealTimeIteration
crossing: 868/1600 holds, last 0.119 s, source twoStageRealTimeIteration
crossing: 872/1600 holds, last 0.120 s, source twoStageRealTimeIteration
crossing: 876/1600 holds, last 0.121 s, source twoStageRealTimeIteration
crossing: 880/1600 holds, last 0.119 s, source twoStageRealTimeIteration
crossing: 884/1600 holds, last 0.118 s, source twoStageRealTimeIteration
crossing: 888/1600 holds, last 0.112 s, source twoStageRealTimeIteration
crossing: 892/1600 holds, last 0.119 s, source twoStageRealTimeIteration
crossing: 896/1600 holds, last 0.186 s, source twoStageRealTimeIteration
crossing: 900/1600 holds, last 0.121 s, source twoStageRealTimeIteration
Recovery at 45.00 s: e = [-347.614   -1.57198   -6.99756 -0.0189775 -0.0151027], W = 7.16996e+06
crossing: 904/1600 holds, last 0.149 s, source twoStageRealTimeIteration
crossing: 908/1600 holds, last 0.117 s, source twoStageRealTimeIteration
crossing: 912/1600 holds, last 0.103 s, source twoStageRealTimeIteration
crossing: 916/1600 holds, last 0.118 s, source twoStageRealTimeIteration
crossing: 920/1600 holds, last 0.184 s, source twoStageRealTimeIteration
crossing: 924/1600 holds, last 0.123 s, source twoStageRealTimeIteration
crossing: 928/1600 holds, last 0.120 s, source twoStageRealTimeIteration
crossing: 932/1600 holds, last 0.112 s, source twoStageRealTimeIteration
crossing: 936/1600 holds, last 0.112 s, source twoStageRealTimeIteration
crossing: 940/1600 holds, last 0.105 s, source twoStageRealTimeIteration
crossing: 944/1600 holds, last 0.204 s, source twoStageRealTimeIteration
crossing: 948/1600 holds, last 0.114 s, source twoStageRealTimeIteration
crossing: 952/1600 holds, last 0.113 s, source twoStageRealTimeIteration
crossing: 956/1600 holds, last 0.231 s, source twoStageRealTimeIteration
crossing: 960/1600 holds, last 0.140 s, source twoStageRealTimeIteration
crossing: 964/1600 holds, last 0.118 s, source twoStageRealTimeIteration
crossing: 968/1600 holds, last 0.106 s, source twoStageRealTimeIteration
crossing: 972/1600 holds, last 0.118 s, source twoStageRealTimeIteration
crossing: 976/1600 holds, last 0.119 s, source twoStageRealTimeIteration
crossing: 980/1600 holds, last 0.187 s, source twoStageRealTimeIteration
crossing: 984/1600 holds, last 0.109 s, source twoStageRealTimeIteration
crossing: 988/1600 holds, last 0.117 s, source twoStageRealTimeIteration
crossing: 992/1600 holds, last 0.107 s, source twoStageRealTimeIteration
crossing: 996/1600 holds, last 0.106 s, source twoStageRealTimeIteration
crossing: 1000/1600 holds, last 0.108 s, source twoStageRealTimeIteration
Recovery at 50.00 s: e = [-387.605   -1.57636   -7.01901 -0.0128569 -0.0114749], W = 8.88287e+06
crossing: 1004/1600 holds, last 0.108 s, source twoStageRealTimeIteration
crossing: 1008/1600 holds, last 0.121 s, source twoStageRealTimeIteration
crossing: 1012/1600 holds, last 0.180 s, source twoStageRealTimeIteration
crossing: 1016/1600 holds, last 0.118 s, source twoStageRealTimeIteration
crossing: 1020/1600 holds, last 0.108 s, source twoStageRealTimeIteration
crossing: 1024/1600 holds, last 0.117 s, source twoStageRealTimeIteration
crossing: 1028/1600 holds, last 0.107 s, source twoStageRealTimeIteration
crossing: 1032/1600 holds, last 0.109 s, source twoStageRealTimeIteration
crossing: 1036/1600 holds, last 0.107 s, source twoStageRealTimeIteration
crossing: 1040/1600 holds, last 0.120 s, source twoStageRealTimeIteration
crossing: 1044/1600 holds, last 0.118 s, source twoStageRealTimeIteration
crossing: 1048/1600 holds, last 0.160 s, source twoStageRealTimeIteration
crossing: 1052/1600 holds, last 0.117 s, source twoStageRealTimeIteration
crossing: 1056/1600 holds, last 0.117 s, source twoStageRealTimeIteration
crossing: 1060/1600 holds, last 0.189 s, source twoStageRealTimeIteration
crossing: 1064/1600 holds, last 0.118 s, source twoStageRealTimeIteration
crossing: 1068/1600 holds, last 0.106 s, source twoStageRealTimeIteration
crossing: 1072/1600 holds, last 0.119 s, source twoStageRealTimeIteration
crossing: 1076/1600 holds, last 0.106 s, source twoStageRealTimeIteration
crossing: 1080/1600 holds, last 0.212 s, source twoStageRealTimeIteration
crossing: 1084/1600 holds, last 0.110 s, source twoStageRealTimeIteration
crossing: 1088/1600 holds, last 0.108 s, source twoStageRealTimeIteration
crossing: 1092/1600 holds, last 0.123 s, source twoStageRealTimeIteration
crossing: 1096/1600 holds, last 0.124 s, source twoStageRealTimeIteration
crossing: 1100/1600 holds, last 0.195 s, source twoStageRealTimeIteration
Recovery at 55.00 s: e = [-427.637   -1.55332    -6.9896 0.00970711 0.00534506], W = 1.07758e+07
crossing: 1104/1600 holds, last 0.118 s, source twoStageRealTimeIteration
crossing: 1108/1600 holds, last 0.116 s, source twoStageRealTimeIteration
crossing: 1112/1600 holds, last 0.122 s, source twoStageRealTimeIteration
crossing: 1116/1600 holds, last 0.088 s, source twoStageRealTimeIteration
crossing: 1120/1600 holds, last 0.123 s, source twoStageRealTimeIteration
crossing: 1124/1600 holds, last 0.121 s, source twoStageRealTimeIteration
crossing: 1128/1600 holds, last 0.118 s, source twoStageRealTimeIteration
crossing: 1132/1600 holds, last 0.108 s, source twoStageRealTimeIteration
crossing: 1136/1600 holds, last 0.118 s, source twoStageRealTimeIteration
crossing: 1140/1600 holds, last 0.119 s, source twoStageRealTimeIteration
crossing: 1144/1600 holds, last 0.121 s, source twoStageRealTimeIteration
crossing: 1148/1600 holds, last 0.126 s, source twoStageRealTimeIteration
crossing: 1152/1600 holds, last 0.213 s, source twoStageRealTimeIteration
crossing: 1156/1600 holds, last 0.154 s, source twoStageRealTimeIteration
crossing: 1160/1600 holds, last 0.121 s, source twoStageRealTimeIteration
crossing: 1164/1600 holds, last 0.118 s, source twoStageRealTimeIteration
crossing: 1168/1600 holds, last 0.122 s, source twoStageRealTimeIteration
crossing: 1172/1600 holds, last 0.121 s, source twoStageRealTimeIteration
crossing: 1176/1600 holds, last 0.108 s, source twoStageRealTimeIteration
crossing: 1180/1600 holds, last 0.124 s, source twoStageRealTimeIteration
crossing: 1184/1600 holds, last 0.108 s, source twoStageRealTimeIteration
crossing: 1188/1600 holds, last 0.122 s, source twoStageRealTimeIteration
crossing: 1192/1600 holds, last 0.092 s, source twoStageRealTimeIteration
crossing: 1196/1600 holds, last 0.120 s, source twoStageRealTimeIteration
crossing: 1200/1600 holds, last 0.141 s, source twoStageRealTimeIteration
Recovery at 60.00 s: e = [-467.648   -1.57617   -7.00963 -0.0275446 -0.0204758], W = 1.28605e+07
crossing: 1204/1600 holds, last 0.107 s, source twoStageRealTimeIteration
crossing: 1208/1600 holds, last 0.110 s, source twoStageRealTimeIteration
crossing: 1212/1600 holds, last 0.113 s, source twoStageRealTimeIteration
crossing: 1216/1600 holds, last 0.119 s, source twoStageRealTimeIteration
crossing: 1220/1600 holds, last 0.130 s, source twoStageRealTimeIteration
crossing: 1224/1600 holds, last 0.107 s, source twoStageRealTimeIteration
crossing: 1228/1600 holds, last 0.109 s, source twoStageRealTimeIteration
crossing: 1232/1600 holds, last 0.117 s, source twoStageRealTimeIteration
crossing: 1236/1600 holds, last 0.091 s, source twoStageRealTimeIteration
crossing: 1240/1600 holds, last 0.200 s, source twoStageRealTimeIteration
crossing: 1244/1600 holds, last 0.197 s, source twoStageRealTimeIteration
crossing: 1248/1600 holds, last 0.110 s, source twoStageRealTimeIteration
crossing: 1252/1600 holds, last 0.119 s, source twoStageRealTimeIteration
crossing: 1256/1600 holds, last 0.112 s, source twoStageRealTimeIteration
crossing: 1260/1600 holds, last 0.112 s, source twoStageRealTimeIteration
crossing: 1264/1600 holds, last 0.124 s, source twoStageRealTimeIteration
crossing: 1268/1600 holds, last 0.113 s, source twoStageRealTimeIteration
crossing: 1272/1600 holds, last 0.113 s, source twoStageRealTimeIteration
crossing: 1276/1600 holds, last 0.104 s, source twoStageRealTimeIteration
crossing: 1280/1600 holds, last 0.121 s, source twoStageRealTimeIteration
crossing: 1284/1600 holds, last 0.125 s, source twoStageRealTimeIteration
crossing: 1288/1600 holds, last 0.186 s, source twoStageRealTimeIteration
crossing: 1292/1600 holds, last 0.131 s, source twoStageRealTimeIteration
crossing: 1296/1600 holds, last 0.170 s, source twoStageRealTimeIteration
crossing: 1300/1600 holds, last 0.119 s, source twoStageRealTimeIteration
Recovery at 65.00 s: e = [-507.679    -1.5634   -7.01326  0.0187012 0.00999165], W = 1.5122e+07
crossing: 1304/1600 holds, last 0.090 s, source twoStageRealTimeIteration
crossing: 1308/1600 holds, last 0.127 s, source twoStageRealTimeIteration
crossing: 1312/1600 holds, last 0.120 s, source twoStageRealTimeIteration
crossing: 1316/1600 holds, last 0.122 s, source twoStageRealTimeIteration
crossing: 1320/1600 holds, last 0.120 s, source twoStageRealTimeIteration
crossing: 1324/1600 holds, last 0.131 s, source twoStageRealTimeIteration
crossing: 1328/1600 holds, last 0.195 s, source twoStageRealTimeIteration
crossing: 1332/1600 holds, last 0.104 s, source twoStageRealTimeIteration
crossing: 1336/1600 holds, last 0.119 s, source twoStageRealTimeIteration
crossing: 1340/1600 holds, last 0.106 s, source twoStageRealTimeIteration
crossing: 1344/1600 holds, last 0.089 s, source twoStageRealTimeIteration
crossing: 1348/1600 holds, last 0.121 s, source twoStageRealTimeIteration
crossing: 1352/1600 holds, last 0.119 s, source twoStageRealTimeIteration
crossing: 1356/1600 holds, last 0.121 s, source twoStageRealTimeIteration
crossing: 1360/1600 holds, last 0.118 s, source twoStageRealTimeIteration
crossing: 1364/1600 holds, last 0.108 s, source twoStageRealTimeIteration
crossing: 1368/1600 holds, last 0.119 s, source twoStageRealTimeIteration
crossing: 1372/1600 holds, last 0.120 s, source twoStageRealTimeIteration
crossing: 1376/1600 holds, last 0.119 s, source twoStageRealTimeIteration
crossing: 1380/1600 holds, last 0.112 s, source twoStageRealTimeIteration
crossing: 1384/1600 holds, last 0.106 s, source twoStageRealTimeIteration
crossing: 1388/1600 holds, last 0.087 s, source twoStageRealTimeIteration
crossing: 1392/1600 holds, last 0.181 s, source twoStageRealTimeIteration
crossing: 1396/1600 holds, last 0.123 s, source twoStageRealTimeIteration
crossing: 1400/1600 holds, last 0.101 s, source twoStageRealTimeIteration
Recovery at 70.00 s: e = [-547.718   -1.56962    -6.9552  -0.030097 -0.0236409], W = 1.75723e+07
crossing: 1404/1600 holds, last 0.124 s, source twoStageRealTimeIteration
crossing: 1408/1600 holds, last 0.122 s, source twoStageRealTimeIteration
crossing: 1412/1600 holds, last 0.089 s, source twoStageRealTimeIteration
crossing: 1416/1600 holds, last 0.094 s, source twoStageRealTimeIteration
crossing: 1420/1600 holds, last 0.090 s, source twoStageRealTimeIteration
crossing: 1424/1600 holds, last 0.087 s, source twoStageRealTimeIteration
crossing: 1428/1600 holds, last 0.120 s, source twoStageRealTimeIteration
crossing: 1432/1600 holds, last 0.118 s, source twoStageRealTimeIteration
crossing: 1436/1600 holds, last 0.120 s, source twoStageRealTimeIteration
crossing: 1440/1600 holds, last 0.089 s, source twoStageRealTimeIteration
crossing: 1444/1600 holds, last 0.088 s, source twoStageRealTimeIteration
crossing: 1448/1600 holds, last 0.091 s, source twoStageRealTimeIteration
crossing: 1452/1600 holds, last 0.092 s, source twoStageRealTimeIteration
crossing: 1456/1600 holds, last 0.092 s, source twoStageRealTimeIteration
crossing: 1460/1600 holds, last 0.191 s, source twoStageRealTimeIteration
crossing: 1464/1600 holds, last 0.114 s, source twoStageRealTimeIteration
crossing: 1468/1600 holds, last 0.205 s, source twoStageRealTimeIteration
crossing: 1472/1600 holds, last 0.107 s, source twoStageRealTimeIteration
crossing: 1476/1600 holds, last 0.088 s, source twoStageRealTimeIteration
crossing: 1480/1600 holds, last 0.089 s, source twoStageRealTimeIteration
crossing: 1484/1600 holds, last 0.089 s, source twoStageRealTimeIteration
crossing: 1488/1600 holds, last 0.090 s, source twoStageRealTimeIteration
crossing: 1492/1600 holds, last 0.140 s, source twoStageRealTimeIteration
crossing: 1496/1600 holds, last 0.130 s, source twoStageRealTimeIteration
crossing: 1500/1600 holds, last 0.117 s, source twoStageRealTimeIteration
Recovery at 75.00 s: e = [-588.933  -1.60693  -7.03331 -0.354454 -0.323955], W = 2.0297e+07
crossing: 1504/1600 holds, last 0.089 s, source twoStageRealTimeIteration
crossing: 1508/1600 holds, last 0.094 s, source twoStageRealTimeIteration
crossing: 1512/1600 holds, last 0.092 s, source twoStageRealTimeIteration
crossing: 1516/1600 holds, last 0.095 s, source twoStageRealTimeIteration
crossing: 1520/1600 holds, last 0.089 s, source twoStageRealTimeIteration
crossing: 1524/1600 holds, last 0.110 s, source twoStageRealTimeIteration
crossing: 1528/1600 holds, last 0.138 s, source twoStageRealTimeIteration
crossing: 1532/1600 holds, last 0.126 s, source twoStageRealTimeIteration
crossing: 1536/1600 holds, last 0.089 s, source twoStageRealTimeIteration
crossing: 1540/1600 holds, last 0.095 s, source twoStageRealTimeIteration
crossing: 1544/1600 holds, last 0.089 s, source twoStageRealTimeIteration
crossing: 1548/1600 holds, last 0.094 s, source twoStageRealTimeIteration
crossing: 1552/1600 holds, last 0.093 s, source twoStageRealTimeIteration
crossing: 1556/1600 holds, last 0.111 s, source twoStageRealTimeIteration
crossing: 1560/1600 holds, last 0.120 s, source twoStageRealTimeIteration
crossing: 1564/1600 holds, last 0.119 s, source twoStageRealTimeIteration
crossing: 1568/1600 holds, last 0.123 s, source twoStageRealTimeIteration
crossing: 1572/1600 holds, last 0.089 s, source twoStageRealTimeIteration
crossing: 1576/1600 holds, last 0.090 s, source twoStageRealTimeIteration
crossing: 1580/1600 holds, last 0.095 s, source twoStageRealTimeIteration
crossing: 1584/1600 holds, last 0.092 s, source twoStageRealTimeIteration
crossing: 1588/1600 holds, last 0.115 s, source twoStageRealTimeIteration
crossing: 1592/1600 holds, last 0.102 s, source twoStageRealTimeIteration
crossing: 1596/1600 holds, last 0.096 s, source twoStageRealTimeIteration
crossing: 1600/1600 holds, last 0.089 s, source twoStageRealTimeIteration
Recovery at 80.00 s: e = [-629.007   -1.65671   -7.29838 -0.0622525 -0.0373807], W = 2.31337e+07
crossing: 1600/1600 frames, max 0.376 s, failure
CASE-END speed=15 scenario=crossing frames=1600 wall=200.302 recovered=0 max=0.375686 gap=0.409106651 failure=
PARTITION-COMPLETE 2
