EARLY 8 acceleratingHeadOn t=2.00 base valid=1 flag=1 slack=9.668734e-08 u=[-0.21318 -0.0003113] predDV=27.356 realDV=20.138 gap=1.2138
EARLY 8 acceleratingHeadOn t=2.00 zeroSlack valid=1 flag=1 slack=0 u=[-0.21318 -0.00031152] predDV=27.356 realDV=20.138 gap=1.2138
EARLY 8 acceleratingHeadOn t=2.00 noFirstInputTrust valid=1 flag=1 slack=9.349378e-08 u=[-0.26795 0.75466] predDV=-45.664 realDV=-64.326 gap=1.2138
EARLY 8 acceleratingHeadOn t=2.00 noInputTrust valid=1 flag=1 slack=6.903101e-08 u=[-0.24834 0.81188] predDV=-49.514 realDV=-69.14 gap=1.2138
EARLY 8 acceleratingHeadOn t=2.00 rerollAnchor valid=1 flag=1 slack=9.579032e-08 u=[-0.21319 -0.00031111] predDV=26.377 realDV=20.138 gap=1.2138
EARLY 8 acceleratingHeadOn t=2.00 coldSeed valid=1 flag=1 slack=1.097996e-07 u=[-0.51746 0.3303] predDV=-57.539 realDV=-48.261 gap=1.2138
EARLY 8 acceleratingHeadOn t=5.00 base valid=1 flag=1 slack=3.122645e-10 u=[0.019159 -0.015402] predDV=531.39 realDV=522.49 gap=47.4301
EARLY 8 acceleratingHeadOn t=5.00 zeroSlack valid=1 flag=1 slack=0 u=[0.019159 -0.015402] predDV=531.39 realDV=522.49 gap=47.4301
EARLY 8 acceleratingHeadOn t=5.00 noFirstInputTrust valid=1 flag=1 slack=5.287397e-10 u=[-0.38381 -0.99997] predDV=316.94 realDV=551.69 gap=47.4301
EARLY 8 acceleratingHeadOn t=5.00 noInputTrust valid=1 flag=1 slack=1.675079e-08 u=[-0.38381 -0.99999] predDV=316.94 realDV=551.95 gap=47.4301
EARLY 8 acceleratingHeadOn t=5.00 rerollAnchor valid=1 flag=1 slack=2.693395e-10 u=[0.019159 -0.015402] predDV=532.53 realDV=522.49 gap=47.4301
EARLY 8 acceleratingHeadOn t=5.00 coldSeed valid=1 flag=1 slack=3.011198e-10 u=[-0.14519 0.17591] predDV=435.27 realDV=445.73 gap=47.4301
EARLY 8 acceleratingHeadOn t=10.00 base valid=1 flag=1 slack=2.92054e-10 u=[0.0013436 0.0048002] predDV=1278.8 realDV=1259.4 gap=155.929
EARLY 8 acceleratingHeadOn t=10.00 zeroSlack valid=1 flag=1 slack=0 u=[0.0013436 0.0048002] predDV=1278.8 realDV=1259.4 gap=155.929
EARLY 8 acceleratingHeadOn t=10.00 noFirstInputTrust valid=1 flag=1 slack=4.906249e-10 u=[-0.41876 -0.99999] predDV=763.82 realDV=1325.9 gap=155.929
EARLY 8 acceleratingHeadOn t=10.00 noInputTrust valid=1 flag=1 slack=1.678211e-08 u=[-0.41876 -1] predDV=763.82 realDV=1326.9 gap=155.929
EARLY 8 acceleratingHeadOn t=10.00 rerollAnchor valid=1 flag=1 slack=2.64648e-10 u=[0.0013432 0.0047949] predDV=1280.7 realDV=1259.4 gap=155.929
EARLY 8 acceleratingHeadOn t=10.00 coldSeed valid=1 flag=1 slack=3.012349e-10 u=[-0.16423 0.22504] predDV=1056.2 realDV=1079.7 gap=155.929
EARLY 15 headOn t=0.95 base valid=1 flag=1 slack=0.02294651 u=[0.40597 -0.006525] predDV=214.2 realDV=213.21 gap=0.436312
EARLY 15 headOn t=0.95 zeroSlack valid=1 flag=-2 slack=NaN
EARLY 15 headOn t=0.95 noFirstInputTrust valid=1 flag=1 slack=0.01906739 u=[-0.69812 -0.92331] predDV=230.65 realDV=235.11 gap=0.430883
EARLY 15 headOn t=0.95 noInputTrust valid=1 flag=1 slack=0.01588102 u=[-0.69813 -0.99138] predDV=233.26 realDV=255.25 gap=0.430384
EARLY 15 headOn t=0.95 rerollAnchor valid=1 flag=1 slack=0.01916299 u=[0.40556 -0.0065363] predDV=214.21 realDV=213.21 gap=0.436313
EARLY 15 headOn t=0.95 coldSeed valid=1 flag=1 slack=6.422553e-08 u=[0.07824 0.475] predDV=162.25 realDV=155.26 gap=0.433112
EARLY 15 headOn t=1.00 base valid=1 flag=1 slack=0.02326959 u=[0.38747 -0.1168] predDV=245.09 realDV=244.03 gap=0.230244
EARLY 15 headOn t=1.00 zeroSlack valid=1 flag=-2 slack=NaN
EARLY 15 headOn t=1.00 noFirstInputTrust valid=1 flag=1 slack=0.02258349 u=[-0.69813 -0.99737] predDV=263.81 realDV=289.3 gap=0.220357
EARLY 15 headOn t=1.00 noInputTrust valid=1 flag=1 slack=0.02239333 u=[-0.69805 -0.99805] predDV=263.84 realDV=290.02 gap=0.220192
EARLY 15 headOn t=1.00 rerollAnchor valid=1 flag=1 slack=0.02190023 u=[0.38782 -0.11666] predDV=245.09 realDV=244.03 gap=0.230244
EARLY 15 headOn t=1.00 coldSeed valid=1 flag=1 slack=7.863247e-08 u=[-0.055641 0.475] predDV=123.9 realDV=129.18 gap=0.233911
EARLY 15 headOn t=1.05 base valid=1 flag=1 slack=0.02341096 u=[0.13028 0.023977] predDV=244.6 realDV=244.5 gap=0
EARLY 15 headOn t=1.05 zeroSlack valid=1 flag=-2 slack=NaN
EARLY 15 headOn t=1.05 noFirstInputTrust valid=1 flag=1 slack=0.02315717 u=[0.1177 0.99999] predDV=199.14 realDV=197.75 gap=0
EARLY 15 headOn t=1.05 noInputTrust valid=1 flag=1 slack=0.02315717 u=[0.1177 1] predDV=199.14 realDV=197.7 gap=0
EARLY 15 headOn t=1.05 rerollAnchor valid=1 flag=1 slack=0.02251026 u=[0.11593 0.023977] predDV=239.3 realDV=239.36 gap=0
EARLY 15 headOn t=1.05 coldSeed valid=1 flag=1 slack=0.01121239 u=[-0.0221 0.22562] predDV=168.63 realDV=168.81 gap=0
EARLY 15 acceleratingHeadOn t=0.90 base valid=1 flag=1 slack=0.006377132 u=[0.37887 0.057498] predDV=207.28 realDV=206.94 gap=0.511025
EARLY 15 acceleratingHeadOn t=0.90 zeroSlack valid=1 flag=-2 slack=NaN
EARLY 15 acceleratingHeadOn t=0.90 noFirstInputTrust valid=1 flag=1 slack=0.005576725 u=[-0.31084 -0.54637] predDV=217.38 realDV=155.88 gap=0.501179
EARLY 15 acceleratingHeadOn t=0.90 noInputTrust valid=1 flag=1 slack=0.004572801 u=[-0.69811 -0.99774] predDV=224.85 realDV=248.68 gap=0.505225
EARLY 15 acceleratingHeadOn t=0.90 rerollAnchor valid=1 flag=1 slack=0.003740806 u=[0.37895 -0.10303] predDV=209.26 realDV=209.35 gap=0.510675
EARLY 15 acceleratingHeadOn t=0.90 coldSeed valid=1 flag=1 slack=0.002246184 u=[0.19362 0.225] predDV=206.32 realDV=199.84 gap=0.511092
EARLY 15 acceleratingHeadOn t=0.95 base valid=1 flag=1 slack=0.006414167 u=[0.34949 0.011555] predDV=235.61 realDV=235.68 gap=0.269213
EARLY 15 acceleratingHeadOn t=0.95 zeroSlack valid=1 flag=-2 slack=NaN
EARLY 15 acceleratingHeadOn t=0.95 noFirstInputTrust valid=1 flag=1 slack=0.005529618 u=[0.69813 0.71683] predDV=224.03 realDV=227.74 gap=0.266096
EARLY 15 acceleratingHeadOn t=0.95 noInputTrust valid=1 flag=1 slack=0.004558352 u=[0.69811 0.99997] predDV=220.7 realDV=220.89 gap=0.257974
EARLY 15 acceleratingHeadOn t=0.95 rerollAnchor valid=1 flag=1 slack=0.005592319 u=[0.35801 0.011537] predDV=235.59 realDV=235.68 gap=0.26922
EARLY 15 acceleratingHeadOn t=0.95 coldSeed valid=1 flag=1 slack=0.006408577 u=[0.16882 0.225] predDV=227.94 realDV=225.03 gap=0.268949
EARLY 15 acceleratingHeadOn t=1.00 base valid=1 flag=1 slack=0.006588147 u=[-0.10273 0.0043975] predDV=168.14 realDV=168.14 gap=0
EARLY 15 acceleratingHeadOn t=1.00 zeroSlack valid=1 flag=-2 slack=NaN
EARLY 15 acceleratingHeadOn t=1.00 noFirstInputTrust valid=1 flag=1 slack=0.006588065 u=[-0.10273 0.0043947] predDV=168.14 realDV=168.14 gap=0
EARLY 15 acceleratingHeadOn t=1.00 noInputTrust valid=1 flag=1 slack=0.006584008 u=[-0.10567 -0.099145] predDV=171.98 realDV=172.14 gap=0
EARLY 15 acceleratingHeadOn t=1.00 rerollAnchor valid=1 flag=1 slack=0.006776517 u=[-0.097192 0.016712] predDV=168.57 realDV=168.56 gap=0
EARLY 15 acceleratingHeadOn t=1.00 coldSeed valid=1 flag=1 slack=0.009016761 u=[-0.053441 0.22549] predDV=171.27 realDV=171.5 gap=0
